****************************************
Report : design
Design : CSS_Transmitter_Top
Version: O-2018.06-SP1
Date   : Fri Sep 18 13:41:22 2026
****************************************

Total number of std cells in library : 223
Total number of dont_use lib cells   : 8
Total number of dont_touch lib cells : 8
Total number of buffers              : 11
Total number of inverters            : 15
Total number of flip-flops           : 46
Total number of latches              : 12
Total number of ICGs                 : 0

Cell Instance Type  Count         Area
--------------------------------------
TOTAL LEAF CELLS    15441   117920.563
Standard cells      15441   117920.563
Hard macro cells        0        0.000
Soft macro cells        0        0.000
Always on cells         0        0.000
Physical only        9494    32842.138
Fixed cells             0        0.000
Moveable cells      15441   117920.563
Sequential           1321    41019.494
Buffer/inverter      1294     7234.560
ICG cells               0        0.000

Logic Hierarchies                    : 56
Design Masters count                 : 51
Total Flat nets count                : 7367
Total FloatingNets count             : 3
Total no of Ports                    : 57
Number of Master Clocks in design    : 1
Number of Generated Clocks in design : 0
Number of Path Groups in design      : 7 (1 of them Non Default)
Number of Scan Chains in design      : 0
List of Modes                        : default
List of Corners                      : default
List of Scenarios                    : default

Core Area                            : 149551.718
Chip Area                            : 165420.518
Total Site Row Area                  : 149551.718
Number of Blockages                  : 0
Total area of Blockages              : 0.000
Number of Power Domains              : 1
Number of Voltage Areas              : 1
Number of Group Bounds               : 0
Number of Exclusive MoveBounds       : 0
Number of Hard or Soft MoveBounds    : 0
Number of Multibit Registers         : 0
Number of Multibit LS/ISO Cells      : 0
Number of Top Level RP Groups        : 0
Number of Tech Layers                : 66 (57 of them have unknown routing dir.)

Total wire length                    : 283435.62 micron
Total number of wires                : 68841
Total number of contacts             : 83836
1
