****************************************
Report : timing
        -path_type full
        -delay_type max
        -max_paths 20
        -report_by design
Design : CSS_Transmitter_Top
Version: O-2018.06-SP1
Date   : Fri Sep 18 13:41:22 2026
****************************************
Information: Timer using 'SI, Timing Window Analysis, CRPR'. (TIM-050)

  Startpoint: start_Tx (input port clocked by SYS_CLK)
  Endpoint: u_framer/u_ctrl/bits_left_reg_10_ (rising edge-triggered flip-flop clocked by SYS_CLK)
  Mode: default
  Corner: default
  Scenario: default
  Path Group: SYS_CLK
  Path Type: max

  Point                                            Incr      Path  
  ------------------------------------------------------------------------
  clock SYS_CLK (rise edge)                        0.00      0.00
  clock network delay (ideal)                      1.51      1.51
  input external delay                             6.25      7.76

  start_Tx (in)                                    0.06      7.82 r
  u_framer/u_ctrl/U131/ZN (INVX0)                  0.11      7.93 f
  u_framer/u_ctrl/U71/QN (NOR4X0)                  0.38      8.31 r
  u_framer/u_ctrl/U118/ZN (INVX0)                  0.33      8.64 f
  u_framer/u_ctrl/U49/QN (NAND2X1)                 0.30      8.94 r
  u_framer/u_ctrl/PLACE_HFSINV_301_961/ZN (INVX0)
                                                   0.26      9.20 f
  u_framer/u_ctrl/U248/Q (AND2X1)                  0.38      9.58 f
  u_framer/u_ctrl/PLACE_HFSBUF_92_582/Z (NBUFFX2)
                                                   0.25      9.83 f
  u_framer/u_ctrl/U58/QN (NOR2X0)                  0.49     10.33 r
  u_framer/u_ctrl/U245/Q (AND2X1)                  0.50     10.83 r
  u_framer/u_ctrl/U243/Q (AO222X1)                 0.34     11.17 r
  u_framer/u_ctrl/bits_left_reg_10_/D (SDFFX1)     0.00     11.18 r
  data arrival time                                         11.18

  clock SYS_CLK (rise edge)                       31.25     31.25
  clock network delay (propagated)                 1.40     32.65
  clock reconvergence pessimism                    0.00     32.65
  u_framer/u_ctrl/bits_left_reg_10_/CLK (SDFFX1)   0.00     32.65 r
  clock uncertainty                               -0.45     32.20
  library setup time                              -0.43     31.77
  data required time                                        31.77
  ------------------------------------------------------------------------
  data required time                                        31.77
  data arrival time                                        -11.18
  ------------------------------------------------------------------------
  slack (MET)                                               20.59



  Startpoint: start_Tx (input port clocked by SYS_CLK)
  Endpoint: u_framer/u_ctrl/bits_left_reg_6_ (rising edge-triggered flip-flop clocked by SYS_CLK)
  Mode: default
  Corner: default
  Scenario: default
  Path Group: SYS_CLK
  Path Type: max

  Point                                            Incr      Path  
  ------------------------------------------------------------------------
  clock SYS_CLK (rise edge)                        0.00      0.00
  clock network delay (ideal)                      1.51      1.51
  input external delay                             6.25      7.76

  start_Tx (in)                                    0.06      7.82 r
  u_framer/u_ctrl/U131/ZN (INVX0)                  0.11      7.93 f
  u_framer/u_ctrl/U71/QN (NOR4X0)                  0.38      8.31 r
  u_framer/u_ctrl/U118/ZN (INVX0)                  0.33      8.64 f
  u_framer/u_ctrl/U49/QN (NAND2X1)                 0.30      8.94 r
  u_framer/u_ctrl/PLACE_HFSINV_301_961/ZN (INVX0)
                                                   0.26      9.20 f
  u_framer/u_ctrl/U248/Q (AND2X1)                  0.38      9.58 f
  u_framer/u_ctrl/PLACE_HFSBUF_92_582/Z (NBUFFX2)
                                                   0.25      9.83 f
  u_framer/u_ctrl/U58/QN (NOR2X0)                  0.49     10.33 r
  u_framer/u_ctrl/U231/Q (AO222X1)                 0.77     11.10 r
  u_framer/u_ctrl/bits_left_reg_6_/D (SDFFX1)      0.00     11.10 r
  data arrival time                                         11.10

  clock SYS_CLK (rise edge)                       31.25     31.25
  clock network delay (propagated)                 1.40     32.65
  clock reconvergence pessimism                    0.00     32.65
  u_framer/u_ctrl/bits_left_reg_6_/CLK (SDFFX1)    0.00     32.65 r
  clock uncertainty                               -0.45     32.20
  library setup time                              -0.44     31.76
  data required time                                        31.76
  ------------------------------------------------------------------------
  data required time                                        31.76
  data arrival time                                        -11.10
  ------------------------------------------------------------------------
  slack (MET)                                               20.66



  Startpoint: start_Tx (input port clocked by SYS_CLK)
  Endpoint: u_framer/u_ctrl/bits_left_reg_8_ (rising edge-triggered flip-flop clocked by SYS_CLK)
  Mode: default
  Corner: default
  Scenario: default
  Path Group: SYS_CLK
  Path Type: max

  Point                                            Incr      Path  
  ------------------------------------------------------------------------
  clock SYS_CLK (rise edge)                        0.00      0.00
  clock network delay (ideal)                      1.51      1.51
  input external delay                             6.25      7.76

  start_Tx (in)                                    0.06      7.82 r
  u_framer/u_ctrl/U131/ZN (INVX0)                  0.11      7.93 f
  u_framer/u_ctrl/U71/QN (NOR4X0)                  0.38      8.31 r
  u_framer/u_ctrl/U118/ZN (INVX0)                  0.33      8.64 f
  u_framer/u_ctrl/U49/QN (NAND2X1)                 0.30      8.94 r
  u_framer/u_ctrl/PLACE_HFSINV_301_961/ZN (INVX0)
                                                   0.26      9.20 f
  u_framer/u_ctrl/U248/Q (AND2X1)                  0.38      9.58 f
  u_framer/u_ctrl/PLACE_HFSBUF_92_582/Z (NBUFFX2)
                                                   0.25      9.83 f
  u_framer/u_ctrl/U58/QN (NOR2X0)                  0.49     10.33 r
  u_framer/u_ctrl/U237/Q (AO222X1)                 0.76     11.08 r
  u_framer/u_ctrl/bits_left_reg_8_/D (SDFFX1)      0.00     11.08 r
  data arrival time                                         11.08

  clock SYS_CLK (rise edge)                       31.25     31.25
  clock network delay (propagated)                 1.40     32.65
  clock reconvergence pessimism                    0.00     32.65
  u_framer/u_ctrl/bits_left_reg_8_/CLK (SDFFX1)    0.00     32.65 r
  clock uncertainty                               -0.45     32.20
  library setup time                              -0.44     31.76
  data required time                                        31.76
  ------------------------------------------------------------------------
  data required time                                        31.76
  data arrival time                                        -11.08
  ------------------------------------------------------------------------
  slack (MET)                                               20.68



  Startpoint: start_Tx (input port clocked by SYS_CLK)
  Endpoint: u_framer/u_ctrl/bits_left_reg_4_ (rising edge-triggered flip-flop clocked by SYS_CLK)
  Mode: default
  Corner: default
  Scenario: default
  Path Group: SYS_CLK
  Path Type: max

  Point                                            Incr      Path  
  ------------------------------------------------------------------------
  clock SYS_CLK (rise edge)                        0.00      0.00
  clock network delay (ideal)                      1.51      1.51
  input external delay                             6.25      7.76

  start_Tx (in)                                    0.06      7.82 r
  u_framer/u_ctrl/U131/ZN (INVX0)                  0.11      7.93 f
  u_framer/u_ctrl/U71/QN (NOR4X0)                  0.38      8.31 r
  u_framer/u_ctrl/U118/ZN (INVX0)                  0.33      8.64 f
  u_framer/u_ctrl/U49/QN (NAND2X1)                 0.30      8.94 r
  u_framer/u_ctrl/PLACE_HFSINV_301_961/ZN (INVX0)
                                                   0.26      9.20 f
  u_framer/u_ctrl/U248/Q (AND2X1)                  0.38      9.58 f
  u_framer/u_ctrl/PLACE_HFSBUF_92_582/Z (NBUFFX2)
                                                   0.25      9.83 f
  u_framer/u_ctrl/U58/QN (NOR2X0)                  0.49     10.33 r
  u_framer/u_ctrl/U225/Q (AO222X1)                 0.77     11.10 r
  u_framer/u_ctrl/bits_left_reg_4_/D (SDFFX1)      0.00     11.10 r
  data arrival time                                         11.10

  clock SYS_CLK (rise edge)                       31.25     31.25
  clock network delay (propagated)                 1.44     32.69
  clock reconvergence pessimism                    0.00     32.69
  u_framer/u_ctrl/bits_left_reg_4_/CLK (SDFFX1)    0.00     32.69 r
  clock uncertainty                               -0.45     32.24
  library setup time                              -0.44     31.79
  data required time                                        31.79
  ------------------------------------------------------------------------
  data required time                                        31.79
  data arrival time                                        -11.10
  ------------------------------------------------------------------------
  slack (MET)                                               20.69



  Startpoint: start_Tx (input port clocked by SYS_CLK)
  Endpoint: u_framer/u_ctrl/bits_left_reg_5_ (rising edge-triggered flip-flop clocked by SYS_CLK)
  Mode: default
  Corner: default
  Scenario: default
  Path Group: SYS_CLK
  Path Type: max

  Point                                            Incr      Path  
  ------------------------------------------------------------------------
  clock SYS_CLK (rise edge)                        0.00      0.00
  clock network delay (ideal)                      1.51      1.51
  input external delay                             6.25      7.76

  start_Tx (in)                                    0.06      7.82 r
  u_framer/u_ctrl/U131/ZN (INVX0)                  0.11      7.93 f
  u_framer/u_ctrl/U71/QN (NOR4X0)                  0.38      8.31 r
  u_framer/u_ctrl/U118/ZN (INVX0)                  0.33      8.64 f
  u_framer/u_ctrl/U49/QN (NAND2X1)                 0.30      8.94 r
  u_framer/u_ctrl/PLACE_HFSINV_301_961/ZN (INVX0)
                                                   0.26      9.20 f
  u_framer/u_ctrl/U248/Q (AND2X1)                  0.38      9.58 f
  u_framer/u_ctrl/PLACE_HFSBUF_92_582/Z (NBUFFX2)
                                                   0.25      9.83 f
  u_framer/u_ctrl/U58/QN (NOR2X0)                  0.49     10.33 r
  u_framer/u_ctrl/U228/Q (AO222X1)                 0.71     11.04 r
  u_framer/u_ctrl/bits_left_reg_5_/D (SDFFX1)      0.01     11.04 r
  data arrival time                                         11.04

  clock SYS_CLK (rise edge)                       31.25     31.25
  clock network delay (propagated)                 1.40     32.65
  clock reconvergence pessimism                    0.00     32.65
  u_framer/u_ctrl/bits_left_reg_5_/CLK (SDFFX1)    0.00     32.65 r
  clock uncertainty                               -0.45     32.20
  library setup time                              -0.44     31.76
  data required time                                        31.76
  ------------------------------------------------------------------------
  data required time                                        31.76
  data arrival time                                        -11.04
  ------------------------------------------------------------------------
  slack (MET)                                               20.72



  Startpoint: start_Tx (input port clocked by SYS_CLK)
  Endpoint: u_framer/u_ctrl/bits_left_reg_3_ (rising edge-triggered flip-flop clocked by SYS_CLK)
  Mode: default
  Corner: default
  Scenario: default
  Path Group: SYS_CLK
  Path Type: max

  Point                                            Incr      Path  
  ------------------------------------------------------------------------
  clock SYS_CLK (rise edge)                        0.00      0.00
  clock network delay (ideal)                      1.51      1.51
  input external delay                             6.25      7.76

  start_Tx (in)                                    0.06      7.82 r
  u_framer/u_ctrl/U131/ZN (INVX0)                  0.11      7.93 f
  u_framer/u_ctrl/U71/QN (NOR4X0)                  0.38      8.31 r
  u_framer/u_ctrl/U118/ZN (INVX0)                  0.33      8.64 f
  u_framer/u_ctrl/U49/QN (NAND2X1)                 0.30      8.94 r
  u_framer/u_ctrl/PLACE_HFSINV_301_961/ZN (INVX0)
                                                   0.26      9.20 f
  u_framer/u_ctrl/U248/Q (AND2X1)                  0.38      9.58 f
  u_framer/u_ctrl/PLACE_HFSBUF_92_582/Z (NBUFFX2)
                                                   0.25      9.83 f
  u_framer/u_ctrl/U58/QN (NOR2X0)                  0.49     10.33 r
  u_framer/u_ctrl/U224/Q (AO222X1)                 0.71     11.04 r
  u_framer/u_ctrl/bits_left_reg_3_/D (SDFFX1)      0.00     11.04 r
  data arrival time                                         11.04

  clock SYS_CLK (rise edge)                       31.25     31.25
  clock network delay (propagated)                 1.40     32.65
  clock reconvergence pessimism                    0.00     32.65
  u_framer/u_ctrl/bits_left_reg_3_/CLK (SDFFX1)    0.00     32.65 r
  clock uncertainty                               -0.45     32.20
  library setup time                              -0.44     31.76
  data required time                                        31.76
  ------------------------------------------------------------------------
  data required time                                        31.76
  data arrival time                                        -11.04
  ------------------------------------------------------------------------
  slack (MET)                                               20.72



  Startpoint: start_Tx (input port clocked by SYS_CLK)
  Endpoint: u_framer/u_ctrl/bits_left_reg_7_ (rising edge-triggered flip-flop clocked by SYS_CLK)
  Mode: default
  Corner: default
  Scenario: default
  Path Group: SYS_CLK
  Path Type: max

  Point                                            Incr      Path  
  ------------------------------------------------------------------------
  clock SYS_CLK (rise edge)                        0.00      0.00
  clock network delay (ideal)                      1.51      1.51
  input external delay                             6.25      7.76

  start_Tx (in)                                    0.06      7.82 r
  u_framer/u_ctrl/U131/ZN (INVX0)                  0.11      7.93 f
  u_framer/u_ctrl/U71/QN (NOR4X0)                  0.38      8.31 r
  u_framer/u_ctrl/U118/ZN (INVX0)                  0.33      8.64 f
  u_framer/u_ctrl/U49/QN (NAND2X1)                 0.30      8.94 r
  u_framer/u_ctrl/PLACE_HFSINV_301_961/ZN (INVX0)
                                                   0.26      9.20 f
  u_framer/u_ctrl/U248/Q (AND2X1)                  0.38      9.58 f
  u_framer/u_ctrl/PLACE_HFSBUF_92_582/Z (NBUFFX2)
                                                   0.25      9.83 f
  u_framer/u_ctrl/U58/QN (NOR2X0)                  0.49     10.33 r
  u_framer/u_ctrl/U234/Q (AO222X1)                 0.71     11.03 r
  u_framer/u_ctrl/bits_left_reg_7_/D (SDFFX1)      0.00     11.03 r
  data arrival time                                         11.03

  clock SYS_CLK (rise edge)                       31.25     31.25
  clock network delay (propagated)                 1.40     32.65
  clock reconvergence pessimism                    0.00     32.65
  u_framer/u_ctrl/bits_left_reg_7_/CLK (SDFFX1)    0.00     32.65 r
  clock uncertainty                               -0.45     32.20
  library setup time                              -0.44     31.76
  data required time                                        31.76
  ------------------------------------------------------------------------
  data required time                                        31.76
  data arrival time                                        -11.03
  ------------------------------------------------------------------------
  slack (MET)                                               20.73



  Startpoint: start_Tx (input port clocked by SYS_CLK)
  Endpoint: u_framer/u_ctrl/bits_left_reg_9_ (rising edge-triggered flip-flop clocked by SYS_CLK)
  Mode: default
  Corner: default
  Scenario: default
  Path Group: SYS_CLK
  Path Type: max

  Point                                            Incr      Path  
  ------------------------------------------------------------------------
  clock SYS_CLK (rise edge)                        0.00      0.00
  clock network delay (ideal)                      1.51      1.51
  input external delay                             6.25      7.76

  start_Tx (in)                                    0.06      7.82 r
  u_framer/u_ctrl/U131/ZN (INVX0)                  0.11      7.93 f
  u_framer/u_ctrl/U71/QN (NOR4X0)                  0.38      8.31 r
  u_framer/u_ctrl/U118/ZN (INVX0)                  0.33      8.64 f
  u_framer/u_ctrl/U49/QN (NAND2X1)                 0.30      8.94 r
  u_framer/u_ctrl/PLACE_HFSINV_301_961/ZN (INVX0)
                                                   0.26      9.20 f
  u_framer/u_ctrl/U248/Q (AND2X1)                  0.38      9.58 f
  u_framer/u_ctrl/PLACE_HFSBUF_92_582/Z (NBUFFX2)
                                                   0.25      9.83 f
  u_framer/u_ctrl/U58/QN (NOR2X0)                  0.49     10.33 r
  u_framer/u_ctrl/U240/Q (AO222X1)                 0.70     11.03 r
  u_framer/u_ctrl/bits_left_reg_9_/D (SDFFX1)      0.00     11.03 r
  data arrival time                                         11.03

  clock SYS_CLK (rise edge)                       31.25     31.25
  clock network delay (propagated)                 1.40     32.65
  clock reconvergence pessimism                    0.00     32.65
  u_framer/u_ctrl/bits_left_reg_9_/CLK (SDFFX1)    0.00     32.65 r
  clock uncertainty                               -0.45     32.20
  library setup time                              -0.44     31.76
  data required time                                        31.76
  ------------------------------------------------------------------------
  data required time                                        31.76
  data arrival time                                        -11.03
  ------------------------------------------------------------------------
  slack (MET)                                               20.73



  Startpoint: start_Tx (input port clocked by SYS_CLK)
  Endpoint: u_framer/u_ctrl/bits_left_reg_2_ (rising edge-triggered flip-flop clocked by SYS_CLK)
  Mode: default
  Corner: default
  Scenario: default
  Path Group: SYS_CLK
  Path Type: max

  Point                                            Incr      Path  
  ------------------------------------------------------------------------
  clock SYS_CLK (rise edge)                        0.00      0.00
  clock network delay (ideal)                      1.51      1.51
  input external delay                             6.25      7.76

  start_Tx (in)                                    0.06      7.82 r
  u_framer/u_ctrl/U131/ZN (INVX0)                  0.11      7.93 f
  u_framer/u_ctrl/U71/QN (NOR4X0)                  0.38      8.31 r
  u_framer/u_ctrl/U118/ZN (INVX0)                  0.33      8.64 f
  u_framer/u_ctrl/U49/QN (NAND2X1)                 0.30      8.94 r
  u_framer/u_ctrl/PLACE_HFSINV_301_961/ZN (INVX0)
                                                   0.26      9.20 f
  u_framer/u_ctrl/U248/Q (AND2X1)                  0.38      9.58 f
  u_framer/u_ctrl/PLACE_HFSBUF_92_582/Z (NBUFFX2)
                                                   0.25      9.83 f
  u_framer/u_ctrl/U58/QN (NOR2X0)                  0.49     10.33 r
  u_framer/u_ctrl/U222/Q (AO221X1)                 0.58     10.91 r
  u_framer/u_ctrl/bits_left_reg_2_/D (SDFFX1)      0.00     10.91 r
  data arrival time                                         10.91

  clock SYS_CLK (rise edge)                       31.25     31.25
  clock network delay (propagated)                 1.44     32.69
  clock reconvergence pessimism                    0.00     32.69
  u_framer/u_ctrl/bits_left_reg_2_/CLK (SDFFX1)    0.00     32.69 r
  clock uncertainty                               -0.45     32.24
  library setup time                              -0.43     31.80
  data required time                                        31.80
  ------------------------------------------------------------------------
  data required time                                        31.80
  data arrival time                                        -10.91
  ------------------------------------------------------------------------
  slack (MET)                                               20.90



  Startpoint: start_Tx (input port clocked by SYS_CLK)
  Endpoint: u_framer/u_acc/acc_reg_2_ (rising edge-triggered flip-flop clocked by SYS_CLK)
  Mode: default
  Corner: default
  Scenario: default
  Path Group: SYS_CLK
  Path Type: max

  Point                                            Incr      Path  
  ------------------------------------------------------------------------
  clock SYS_CLK (rise edge)                        0.00      0.00
  clock network delay (ideal)                      1.51      1.51
  input external delay                             6.25      7.76

  start_Tx (in)                                    0.06      7.82 r
  u_framer/u_ctrl/U131/ZN (INVX0)                  0.11      7.93 f
  u_framer/u_ctrl/U71/QN (NOR4X0)                  0.38      8.31 r
  u_framer/u_acc/U66/QN (NOR2X0)                   0.45      8.76 f
  u_framer/u_acc/U62/QN (NAND4X0)                  0.36      9.13 r
  u_framer/u_acc/U8/Q (AND4X1)                     0.67      9.80 r
  u_framer/u_acc/PLACE_HFSBUF_163_579/Z (NBUFFX2)
                                                   0.29     10.09 r
  u_framer/u_acc/U56/Q (AO222X1)                   0.39     10.48 r
  u_framer/u_acc/U55/Q (AO221X1)                   0.30     10.78 r
  u_framer/u_acc/acc_reg_2_/D (SDFFX1)             0.00     10.78 r
  data arrival time                                         10.78

  clock SYS_CLK (rise edge)                       31.25     31.25
  clock network delay (propagated)                 1.39     32.64
  clock reconvergence pessimism                    0.00     32.64
  u_framer/u_acc/acc_reg_2_/CLK (SDFFX1)           0.00     32.64 r
  clock uncertainty                               -0.45     32.19
  library setup time                              -0.47     31.73
  data required time                                        31.73
  ------------------------------------------------------------------------
  data required time                                        31.73
  data arrival time                                        -10.78
  ------------------------------------------------------------------------
  slack (MET)                                               20.95



  Startpoint: start_Tx (input port clocked by SYS_CLK)
  Endpoint: u_framer/u_ctrl/win_reg_1_ (rising edge-triggered flip-flop clocked by SYS_CLK)
  Mode: default
  Corner: default
  Scenario: default
  Path Group: SYS_CLK
  Path Type: max

  Point                                            Incr      Path  
  ------------------------------------------------------------------------
  clock SYS_CLK (rise edge)                        0.00      0.00
  clock network delay (ideal)                      1.51      1.51
  input external delay                             6.25      7.76

  start_Tx (in)                                    0.06      7.82 r
  u_framer/u_ctrl/U131/ZN (INVX0)                  0.11      7.93 f
  u_framer/u_ctrl/U71/QN (NOR4X0)                  0.38      8.31 r
  u_framer/u_ctrl/U118/ZN (INVX0)                  0.33      8.64 f
  u_framer/u_ctrl/U49/QN (NAND2X1)                 0.30      8.94 r
  u_framer/u_ctrl/U59/QN (NOR2X0)                  0.29      9.23 f
  u_framer/u_ctrl/PLACE_HFSINV_111_666/ZN (INVX0)
                                                   0.10      9.33 r
  u_framer/u_ctrl/U82/Q (OA21X1)                   0.27      9.60 r
  u_framer/u_ctrl/U68/ZN (INVX0)                   0.12      9.72 f
  u_framer/u_ctrl/U81/Q (OA21X1)                   0.27      9.98 f
  u_framer/u_ctrl/U67/ZN (INVX0)                   0.14     10.13 r
  u_framer/u_ctrl/U112/Q (OA21X1)                  0.29     10.42 r
  u_framer/u_ctrl/U142/QN (OAI21X1)                0.36     10.78 f
  u_framer/u_ctrl/win_reg_1_/D (SDFFX1)            0.00     10.78 f
  data arrival time                                         10.78

  clock SYS_CLK (rise edge)                       31.25     31.25
  clock network delay (propagated)                 1.44     32.69
  clock reconvergence pessimism                    0.00     32.69
  u_framer/u_ctrl/win_reg_1_/CLK (SDFFX1)          0.00     32.69 r
  clock uncertainty                               -0.45     32.24
  library setup time                              -0.47     31.77
  data required time                                        31.77
  ------------------------------------------------------------------------
  data required time                                        31.77
  data arrival time                                        -10.78
  ------------------------------------------------------------------------
  slack (MET)                                               20.98



  Startpoint: start_Tx (input port clocked by SYS_CLK)
  Endpoint: u_framer/u_acc/acc_reg_3_ (rising edge-triggered flip-flop clocked by SYS_CLK)
  Mode: default
  Corner: default
  Scenario: default
  Path Group: SYS_CLK
  Path Type: max

  Point                                            Incr      Path  
  ------------------------------------------------------------------------
  clock SYS_CLK (rise edge)                        0.00      0.00
  clock network delay (ideal)                      1.51      1.51
  input external delay                             6.25      7.76

  start_Tx (in)                                    0.06      7.82 r
  u_framer/u_ctrl/U131/ZN (INVX0)                  0.11      7.93 f
  u_framer/u_ctrl/U71/QN (NOR4X0)                  0.38      8.31 r
  u_framer/u_acc/U66/QN (NOR2X0)                   0.45      8.76 f
  u_framer/u_acc/U62/QN (NAND4X0)                  0.36      9.13 r
  u_framer/u_acc/U8/Q (AND4X1)                     0.67      9.80 r
  u_framer/u_acc/PLACE_HFSBUF_163_579/Z (NBUFFX2)
                                                   0.29     10.09 r
  u_framer/u_acc/U54/Q (AO222X1)                   0.39     10.48 r
  u_framer/u_acc/U4/Q (AO221X1)                    0.26     10.74 r
  u_framer/u_acc/acc_reg_3_/D (SDFFX1)             0.00     10.74 r
  data arrival time                                         10.74

  clock SYS_CLK (rise edge)                       31.25     31.25
  clock network delay (propagated)                 1.40     32.65
  clock reconvergence pessimism                    0.00     32.65
  u_framer/u_acc/acc_reg_3_/CLK (SDFFX1)           0.00     32.65 r
  clock uncertainty                               -0.45     32.20
  library setup time                              -0.44     31.76
  data required time                                        31.76
  ------------------------------------------------------------------------
  data required time                                        31.76
  data arrival time                                        -10.74
  ------------------------------------------------------------------------
  slack (MET)                                               21.02



  Startpoint: start_Tx (input port clocked by SYS_CLK)
  Endpoint: u_framer/u_acc/acc_reg_1_ (rising edge-triggered flip-flop clocked by SYS_CLK)
  Mode: default
  Corner: default
  Scenario: default
  Path Group: SYS_CLK
  Path Type: max

  Point                                            Incr      Path  
  ------------------------------------------------------------------------
  clock SYS_CLK (rise edge)                        0.00      0.00
  clock network delay (ideal)                      1.51      1.51
  input external delay                             6.25      7.76

  start_Tx (in)                                    0.06      7.82 r
  u_framer/u_ctrl/U131/ZN (INVX0)                  0.11      7.93 f
  u_framer/u_ctrl/U71/QN (NOR4X0)                  0.38      8.31 r
  u_framer/u_acc/U66/QN (NOR2X0)                   0.45      8.76 f
  u_framer/u_acc/U62/QN (NAND4X0)                  0.36      9.13 r
  u_framer/u_acc/U8/Q (AND4X1)                     0.67      9.80 r
  u_framer/u_acc/PLACE_HFSBUF_163_579/Z (NBUFFX2)
                                                   0.29     10.09 r
  u_framer/u_acc/U58/Q (AO222X1)                   0.39     10.48 r
  u_framer/u_acc/U57/Q (AO221X1)                   0.25     10.73 r
  u_framer/u_acc/acc_reg_1_/D (SDFFX1)             0.00     10.74 r
  data arrival time                                         10.74

  clock SYS_CLK (rise edge)                       31.25     31.25
  clock network delay (propagated)                 1.40     32.65
  clock reconvergence pessimism                    0.00     32.65
  u_framer/u_acc/acc_reg_1_/CLK (SDFFX1)           0.00     32.65 r
  clock uncertainty                               -0.45     32.20
  library setup time                              -0.44     31.76
  data required time                                        31.76
  ------------------------------------------------------------------------
  data required time                                        31.76
  data arrival time                                        -10.74
  ------------------------------------------------------------------------
  slack (MET)                                               21.02



  Startpoint: start_Tx (input port clocked by SYS_CLK)
  Endpoint: u_framer/u_acc/acc_reg_4_ (rising edge-triggered flip-flop clocked by SYS_CLK)
  Mode: default
  Corner: default
  Scenario: default
  Path Group: SYS_CLK
  Path Type: max

  Point                                            Incr      Path  
  ------------------------------------------------------------------------
  clock SYS_CLK (rise edge)                        0.00      0.00
  clock network delay (ideal)                      1.51      1.51
  input external delay                             6.25      7.76

  start_Tx (in)                                    0.06      7.82 r
  u_framer/u_ctrl/U131/ZN (INVX0)                  0.11      7.93 f
  u_framer/u_ctrl/U71/QN (NOR4X0)                  0.38      8.31 r
  u_framer/u_acc/U66/QN (NOR2X0)                   0.45      8.76 f
  u_framer/u_acc/U62/QN (NAND4X0)                  0.36      9.13 r
  u_framer/u_acc/U8/Q (AND4X1)                     0.67      9.80 r
  u_framer/u_acc/PLACE_HFSBUF_163_579/Z (NBUFFX2)
                                                   0.29     10.09 r
  u_framer/u_acc/U52/Q (AO222X1)                   0.39     10.48 r
  u_framer/u_acc/U6/Q (AO221X1)                    0.25     10.74 r
  u_framer/u_acc/acc_reg_4_/D (SDFFX1)             0.00     10.74 r
  data arrival time                                         10.74

  clock SYS_CLK (rise edge)                       31.25     31.25
  clock network delay (propagated)                 1.40     32.65
  clock reconvergence pessimism                    0.00     32.65
  u_framer/u_acc/acc_reg_4_/CLK (SDFFX1)           0.00     32.65 r
  clock uncertainty                               -0.45     32.20
  library setup time                              -0.43     31.76
  data required time                                        31.76
  ------------------------------------------------------------------------
  data required time                                        31.76
  data arrival time                                        -10.74
  ------------------------------------------------------------------------
  slack (MET)                                               21.03



  Startpoint: start_Tx (input port clocked by SYS_CLK)
  Endpoint: u_framer/u_acc/acc_reg_5_ (rising edge-triggered flip-flop clocked by SYS_CLK)
  Mode: default
  Corner: default
  Scenario: default
  Path Group: SYS_CLK
  Path Type: max

  Point                                            Incr      Path  
  ------------------------------------------------------------------------
  clock SYS_CLK (rise edge)                        0.00      0.00
  clock network delay (ideal)                      1.51      1.51
  input external delay                             6.25      7.76

  start_Tx (in)                                    0.06      7.82 r
  u_framer/u_ctrl/U131/ZN (INVX0)                  0.11      7.93 f
  u_framer/u_ctrl/U71/QN (NOR4X0)                  0.38      8.31 r
  u_framer/u_acc/U66/QN (NOR2X0)                   0.45      8.76 f
  u_framer/u_acc/U62/QN (NAND4X0)                  0.36      9.13 r
  u_framer/u_acc/U8/Q (AND4X1)                     0.67      9.80 r
  u_framer/u_acc/PLACE_HFSBUF_163_579/Z (NBUFFX2)
                                                   0.29     10.09 r
  u_framer/u_acc/U50/Q (AO222X1)                   0.39     10.47 r
  u_framer/u_acc/U49/Q (AO221X1)                   0.24     10.72 r
  u_framer/u_acc/acc_reg_5_/D (SDFFX1)             0.01     10.72 r
  data arrival time                                         10.72

  clock SYS_CLK (rise edge)                       31.25     31.25
  clock network delay (propagated)                 1.39     32.64
  clock reconvergence pessimism                    0.00     32.64
  u_framer/u_acc/acc_reg_5_/CLK (SDFFX1)           0.00     32.64 r
  clock uncertainty                               -0.45     32.19
  library setup time                              -0.43     31.76
  data required time                                        31.76
  ------------------------------------------------------------------------
  data required time                                        31.76
  data arrival time                                        -10.72
  ------------------------------------------------------------------------
  slack (MET)                                               21.03



  Startpoint: start_Tx (input port clocked by SYS_CLK)
  Endpoint: u_framer/u_il/hold_i_reg_25_ (rising edge-triggered flip-flop clocked by SYS_CLK)
  Mode: default
  Corner: default
  Scenario: default
  Path Group: SYS_CLK
  Path Type: max

  Point                                            Incr      Path  
  ------------------------------------------------------------------------
  clock SYS_CLK (rise edge)                        0.00      0.00
  clock network delay (ideal)                      1.51      1.51
  input external delay                             6.25      7.76

  start_Tx (in)                                    0.06      7.82 r
  u_framer/u_ctrl/U131/ZN (INVX0)                  0.11      7.93 f
  u_framer/u_ctrl/U71/QN (NOR4X0)                  0.38      8.31 r
  u_framer/u_il/U298/QN (NOR3X1)                   0.70      9.01 f
  u_framer/u_il/U297/QN (NOR3X1)                   0.63      9.63 r
  u_framer/u_il/PLACE_HFSBUF_331_252/Z (NBUFFX2)   0.34      9.97 r
  u_framer/u_il/PLACE_HFSBUF_220_249/Z (NBUFFX2)   0.19     10.17 r
  u_framer/u_il/U272/Q (AO22X1)                    0.23     10.40 r
  u_framer/u_il/hold_i_reg_25_/D (SDFFX1)          0.01     10.41 r
  data arrival time                                         10.41

  clock SYS_CLK (rise edge)                       31.25     31.25
  clock network delay (propagated)                 1.08     32.33
  clock reconvergence pessimism                    0.00     32.33
  u_framer/u_il/hold_i_reg_25_/CLK (SDFFX1)        0.00     32.33 r
  clock uncertainty                               -0.45     31.88
  library setup time                              -0.43     31.45
  data required time                                        31.45
  ------------------------------------------------------------------------
  data required time                                        31.45
  data arrival time                                        -10.41
  ------------------------------------------------------------------------
  slack (MET)                                               21.05



  Startpoint: start_Tx (input port clocked by SYS_CLK)
  Endpoint: u_framer/u_acc/acc_reg_0_ (rising edge-triggered flip-flop clocked by SYS_CLK)
  Mode: default
  Corner: default
  Scenario: default
  Path Group: SYS_CLK
  Path Type: max

  Point                                            Incr      Path  
  ------------------------------------------------------------------------
  clock SYS_CLK (rise edge)                        0.00      0.00
  clock network delay (ideal)                      1.51      1.51
  input external delay                             6.25      7.76

  start_Tx (in)                                    0.06      7.82 r
  u_framer/u_ctrl/U131/ZN (INVX0)                  0.11      7.93 f
  u_framer/u_ctrl/U71/QN (NOR4X0)                  0.38      8.31 r
  u_framer/u_acc/U66/QN (NOR2X0)                   0.45      8.76 f
  u_framer/u_acc/U62/QN (NAND4X0)                  0.36      9.13 r
  u_framer/u_acc/U8/Q (AND4X1)                     0.67      9.80 r
  u_framer/u_acc/PLACE_HFSBUF_163_579/Z (NBUFFX2)
                                                   0.29     10.09 r
  u_framer/u_acc/U60/Q (AO222X1)                   0.39     10.48 r
  u_framer/u_acc/U59/Q (AO221X1)                   0.24     10.71 r
  u_framer/u_acc/acc_reg_0_/D (SDFFX1)             0.00     10.71 r
  data arrival time                                         10.71

  clock SYS_CLK (rise edge)                       31.25     31.25
  clock network delay (propagated)                 1.40     32.65
  clock reconvergence pessimism                    0.00     32.65
  u_framer/u_acc/acc_reg_0_/CLK (SDFFX1)           0.00     32.65 r
  clock uncertainty                               -0.45     32.20
  library setup time                              -0.43     31.77
  data required time                                        31.77
  ------------------------------------------------------------------------
  data required time                                        31.77
  data arrival time                                        -10.71
  ------------------------------------------------------------------------
  slack (MET)                                               21.05



  Startpoint: start_Tx (input port clocked by SYS_CLK)
  Endpoint: u_framer/u_acc/acc_reg_6_ (rising edge-triggered flip-flop clocked by SYS_CLK)
  Mode: default
  Corner: default
  Scenario: default
  Path Group: SYS_CLK
  Path Type: max

  Point                                            Incr      Path  
  ------------------------------------------------------------------------
  clock SYS_CLK (rise edge)                        0.00      0.00
  clock network delay (ideal)                      1.51      1.51
  input external delay                             6.25      7.76

  start_Tx (in)                                    0.06      7.82 r
  u_framer/u_ctrl/U131/ZN (INVX0)                  0.11      7.93 f
  u_framer/u_ctrl/U71/QN (NOR4X0)                  0.38      8.31 r
  u_framer/u_acc/U66/QN (NOR2X0)                   0.45      8.76 f
  u_framer/u_acc/U62/QN (NAND4X0)                  0.36      9.13 r
  u_framer/u_acc/U8/Q (AND4X1)                     0.67      9.80 r
  u_framer/u_acc/PLACE_HFSBUF_163_579/Z (NBUFFX2)
                                                   0.29     10.09 r
  u_framer/u_acc/U25/Q (AO222X1)                   0.38     10.47 r
  u_framer/u_acc/U24/Q (AO221X1)                   0.24     10.71 r
  u_framer/u_acc/acc_reg_6_/D (SDFFX1)             0.00     10.71 r
  data arrival time                                         10.71

  clock SYS_CLK (rise edge)                       31.25     31.25
  clock network delay (propagated)                 1.39     32.64
  clock reconvergence pessimism                    0.00     32.64
  u_framer/u_acc/acc_reg_6_/CLK (SDFFX1)           0.00     32.64 r
  clock uncertainty                               -0.45     32.19
  library setup time                              -0.43     31.76
  data required time                                        31.76
  ------------------------------------------------------------------------
  data required time                                        31.76
  data arrival time                                        -10.71
  ------------------------------------------------------------------------
  slack (MET)                                               21.05



  Startpoint: start_Tx (input port clocked by SYS_CLK)
  Endpoint: u_framer/u_il/hold_i_reg_29_ (rising edge-triggered flip-flop clocked by SYS_CLK)
  Mode: default
  Corner: default
  Scenario: default
  Path Group: SYS_CLK
  Path Type: max

  Point                                            Incr      Path  
  ------------------------------------------------------------------------
  clock SYS_CLK (rise edge)                        0.00      0.00
  clock network delay (ideal)                      1.51      1.51
  input external delay                             6.25      7.76

  start_Tx (in)                                    0.06      7.82 r
  u_framer/u_ctrl/U131/ZN (INVX0)                  0.11      7.93 f
  u_framer/u_ctrl/U71/QN (NOR4X0)                  0.38      8.31 r
  u_framer/u_il/U298/QN (NOR3X1)                   0.70      9.01 f
  u_framer/u_il/U297/QN (NOR3X1)                   0.63      9.63 r
  u_framer/u_il/PLACE_HFSBUF_331_252/Z (NBUFFX2)   0.34      9.97 r
  u_framer/u_il/PLACE_HFSBUF_173_250/Z (NBUFFX2)   0.19     10.16 r
  u_framer/u_il/U268/Q (AO22X1)                    0.23     10.40 r
  u_framer/u_il/hold_i_reg_29_/D (SDFFX1)          0.00     10.40 r
  data arrival time                                         10.40

  clock SYS_CLK (rise edge)                       31.25     31.25
  clock network delay (propagated)                 1.08     32.33
  clock reconvergence pessimism                    0.00     32.33
  u_framer/u_il/hold_i_reg_29_/CLK (SDFFX1)        0.00     32.33 r
  clock uncertainty                               -0.45     31.88
  library setup time                              -0.43     31.45
  data required time                                        31.45
  ------------------------------------------------------------------------
  data required time                                        31.45
  data arrival time                                        -10.40
  ------------------------------------------------------------------------
  slack (MET)                                               21.06



  Startpoint: start_Tx (input port clocked by SYS_CLK)
  Endpoint: u_framer/u_il/hold_i_reg_27_ (rising edge-triggered flip-flop clocked by SYS_CLK)
  Mode: default
  Corner: default
  Scenario: default
  Path Group: SYS_CLK
  Path Type: max

  Point                                            Incr      Path  
  ------------------------------------------------------------------------
  clock SYS_CLK (rise edge)                        0.00      0.00
  clock network delay (ideal)                      1.51      1.51
  input external delay                             6.25      7.76

  start_Tx (in)                                    0.06      7.82 r
  u_framer/u_ctrl/U131/ZN (INVX0)                  0.11      7.93 f
  u_framer/u_ctrl/U71/QN (NOR4X0)                  0.38      8.31 r
  u_framer/u_il/U298/QN (NOR3X1)                   0.70      9.01 f
  u_framer/u_il/U297/QN (NOR3X1)                   0.63      9.63 r
  u_framer/u_il/PLACE_HFSBUF_331_252/Z (NBUFFX2)   0.34      9.97 r
  u_framer/u_il/PLACE_HFSBUF_220_249/Z (NBUFFX2)   0.19     10.17 r
  u_framer/u_il/U270/Q (AO22X1)                    0.23     10.39 r
  u_framer/u_il/hold_i_reg_27_/D (SDFFX1)          0.00     10.39 r
  data arrival time                                         10.39

  clock SYS_CLK (rise edge)                       31.25     31.25
  clock network delay (propagated)                 1.08     32.33
  clock reconvergence pessimism                    0.00     32.33
  u_framer/u_il/hold_i_reg_27_/CLK (SDFFX1)        0.00     32.33 r
  clock uncertainty                               -0.45     31.88
  library setup time                              -0.42     31.45
  data required time                                        31.45
  ------------------------------------------------------------------------
  data required time                                        31.45
  data arrival time                                        -10.39
  ------------------------------------------------------------------------
  slack (MET)                                               21.06


1
