Copyright 1986-2020 Xilinx, Inc. All Rights Reserved.
-----------------------------------------------------------------------------------------------------------------
| Tool Version : Vivado v.2020.1 (win64) Build 2902540 Wed May 27 19:54:49 MDT 2020
| Date         : Fri Sep 18 01:49:46 2026
| Host         : MSI running 64-bit major release  (build 9200)
| Command      : report_drc -file C:/Users/iamth/AppData/Roaming/Xilinx/Vivado/polar_final_reports/polar_drc.rpt
| Design       : zedboard_polar_final_hw_top
| Device       : xc7z020clg484-1
| Speed File   : -1
| Design State : Fully Routed
-----------------------------------------------------------------------------------------------------------------

Report DRC

Table of Contents
-----------------
1. REPORT SUMMARY
2. REPORT DETAILS

1. REPORT SUMMARY
-----------------
            Netlist: netlist
          Floorplan: impl_1
      Design limits: <entire design considered>
           Ruledeck: default
             Max violations: <unlimited>
             Violations found: 5
+-----------+----------+----------------------------+------------+
| Rule      | Severity | Description                | Violations |
+-----------+----------+----------------------------+------------+
| REQP-1840 | Warning  | RAMB18 async control check | 4          |
| ZPS7-1    | Warning  | PS7 block required         | 1          |
+-----------+----------+----------------------------+------------+

2. REPORT DETAILS
-----------------
REQP-1840#1 Warning
RAMB18 async control check  
The RAMB18E1 u_css_tx/u_framer/u_payload_ram/mem_reg has an input control pin u_css_tx/u_framer/u_payload_ram/mem_reg/ADDRARDADDR[4] (net: u_css_tx/u_framer/u_payload_ram/payload_addr[0]) which is driven by a register (payload_index_r_reg[0]) that has an active asychronous set or reset. This may cause corruption of the memory contents and/or read values when the set/reset is asserted and is not analyzed by the default static timing analysis. It is suggested to eliminate the use of a set/reset to registers driving this RAMB pin or else use a synchronous reset in which the assertion of the reset is timed by default.
Related violations: <none>

REQP-1840#2 Warning
RAMB18 async control check  
The RAMB18E1 u_css_tx/u_framer/u_payload_ram/mem_reg has an input control pin u_css_tx/u_framer/u_payload_ram/mem_reg/ADDRARDADDR[5] (net: u_css_tx/u_framer/u_payload_ram/payload_addr[1]) which is driven by a register (payload_index_r_reg[1]) that has an active asychronous set or reset. This may cause corruption of the memory contents and/or read values when the set/reset is asserted and is not analyzed by the default static timing analysis. It is suggested to eliminate the use of a set/reset to registers driving this RAMB pin or else use a synchronous reset in which the assertion of the reset is timed by default.
Related violations: <none>

REQP-1840#3 Warning
RAMB18 async control check  
The RAMB18E1 u_css_tx/u_framer/u_payload_ram/mem_reg has an input control pin u_css_tx/u_framer/u_payload_ram/mem_reg/ENARDEN (net: u_css_tx/u_framer/u_payload_ram/payload_we) which is driven by a register (payload_loaded_r_reg) that has an active asychronous set or reset. This may cause corruption of the memory contents and/or read values when the set/reset is asserted and is not analyzed by the default static timing analysis. It is suggested to eliminate the use of a set/reset to registers driving this RAMB pin or else use a synchronous reset in which the assertion of the reset is timed by default.
Related violations: <none>

REQP-1840#4 Warning
RAMB18 async control check  
The RAMB18E1 u_css_tx/u_framer/u_payload_ram/mem_reg has an input control pin u_css_tx/u_framer/u_payload_ram/mem_reg/ENBWREN (net: u_css_tx/u_framer/u_payload_ram/mem_reg_ENBWREN_cooolgate_en_sig_1) which is driven by a register (u_css_tx/u_modulator/control_unit/FSM_onehot_state_reg_reg[1]) that has an active asychronous set or reset. This may cause corruption of the memory contents and/or read values when the set/reset is asserted and is not analyzed by the default static timing analysis. It is suggested to eliminate the use of a set/reset to registers driving this RAMB pin or else use a synchronous reset in which the assertion of the reset is timed by default.
Related violations: <none>

ZPS7-1#1 Warning
PS7 block required  
The PS7 cell must be used in this Zynq design in order to enable correct default configuration.
Related violations: <none>


