Copyright 1986-2020 Xilinx, Inc. All Rights Reserved.
----------------------------------------------------------------------------------------------------------------------------------------------------------------
| Tool Version : Vivado v.2020.1 (win64) Build 2902540 Wed May 27 19:54:49 MDT 2020
| Date         : Fri Sep 18 01:49:45 2026
| Host         : MSI running 64-bit major release  (build 9200)
| Command      : report_timing -delay_type max -max_paths 10 -file C:/Users/iamth/AppData/Roaming/Xilinx/Vivado/polar_final_reports/polar_worst_setup_paths.rpt
| Design       : zedboard_polar_final_hw_top
| Device       : 7z020-clg484
| Speed File   : -1  PRODUCTION 1.12 2019-11-22
----------------------------------------------------------------------------------------------------------------------------------------------------------------

Timing Report

Slack (MET) :             23.634ns  (required time - arrival time)
  Source:                 u_css_tx/u_framer/u_ctrl/rate_q_reg/C
                            (rising edge-triggered cell FDRE clocked by core_clk_mmcm_w  {rise@0.000ns fall@15.625ns period=31.250ns})
  Destination:            u_css_tx/u_framer/u_ctrl/FSM_onehot_state_reg[0]/CE
                            (rising edge-triggered cell FDSE clocked by core_clk_mmcm_w  {rise@0.000ns fall@15.625ns period=31.250ns})
  Path Group:             core_clk_mmcm_w
  Path Type:              Setup (Max at Slow Process Corner)
  Requirement:            31.250ns  (core_clk_mmcm_w rise@31.250ns - core_clk_mmcm_w rise@0.000ns)
  Data Path Delay:        7.331ns  (logic 2.891ns (39.434%)  route 4.440ns (60.566%))
  Logic Levels:           8  (CARRY4=4 LUT2=1 LUT3=1 LUT6=2)
  Clock Path Skew:        0.016ns (DCD - SCD + CPR)
    Destination Clock Delay (DCD):    -1.418ns = ( 29.832 - 31.250 ) 
    Source Clock Delay      (SCD):    -0.858ns
    Clock Pessimism Removal (CPR):    0.577ns
  Clock Uncertainty:      0.096ns  ((TSJ^2 + DJ^2)^1/2) / 2 + PE
    Total System Jitter     (TSJ):    0.071ns
    Discrete Jitter          (DJ):    0.179ns
    Phase Error              (PE):    0.000ns

    Location             Delay type                Incr(ns)  Path(ns)    Netlist Resource(s)
  -------------------------------------------------------------------    -------------------
                         (clock core_clk_mmcm_w rise edge)
                                                      0.000     0.000 r  
    Y9                                                0.000     0.000 r  gclk_i (IN)
                         net (fo=0)                   0.000     0.000    gclk_i
    Y9                   IBUF (Prop_ibuf_I_O)         1.490     1.490 r  gclk_i_IBUF_inst/O
                         net (fo=1, routed)           1.285     2.775    gclk_i_IBUF
    MMCME2_ADV_X0Y0      MMCME2_ADV (Prop_mmcme2_adv_CLKIN1_CLKOUT0)
                                                     -7.343    -4.568 r  u_mmcm/CLKOUT0
                         net (fo=1, routed)           1.855    -2.713    core_clk_mmcm_w
    BUFGCTRL_X0Y0        BUFG (Prop_bufg_I_O)         0.101    -2.612 r  u_core_clk_buf/O
                         net (fo=249, routed)         1.754    -0.858    u_css_tx/u_framer/u_ctrl/clk
    SLICE_X10Y44         FDRE                                         r  u_css_tx/u_framer/u_ctrl/rate_q_reg/C
  -------------------------------------------------------------------    -------------------
    SLICE_X10Y44         FDRE (Prop_fdre_C_Q)         0.518    -0.340 r  u_css_tx/u_framer/u_ctrl/rate_q_reg/Q
                         net (fo=115, routed)         1.693     1.354    u_css_tx/u_framer/u_ctrl/rate_q
    SLICE_X9Y41          LUT3 (Prop_lut3_I0_O)        0.124     1.478 r  u_css_tx/u_framer/u_ctrl/left_next_carry_i_3/O
                         net (fo=1, routed)           0.000     1.478    u_css_tx/u_framer/u_ctrl/left_next_carry_i_3_n_0
    SLICE_X9Y41          CARRY4 (Prop_carry4_S[1]_CO[3])
                                                      0.550     2.028 r  u_css_tx/u_framer/u_ctrl/left_next_carry/CO[3]
                         net (fo=1, routed)           0.000     2.028    u_css_tx/u_framer/u_ctrl/left_next_carry_n_0
    SLICE_X9Y42          CARRY4 (Prop_carry4_CI_CO[3])
                                                      0.114     2.142 r  u_css_tx/u_framer/u_ctrl/left_next_carry__0/CO[3]
                         net (fo=1, routed)           0.000     2.142    u_css_tx/u_framer/u_ctrl/left_next_carry__0_n_0
    SLICE_X9Y43          CARRY4 (Prop_carry4_CI_O[1])
                                                      0.334     2.476 f  u_css_tx/u_framer/u_ctrl/left_next_carry__1/O[1]
                         net (fo=5, routed)           0.825     3.300    u_css_tx/u_framer/u_ctrl/in20[10]
    SLICE_X8Y43          LUT2 (Prop_lut2_I1_O)        0.303     3.603 r  u_css_tx/u_framer/u_ctrl/more0_carry__0_i_3/O
                         net (fo=1, routed)           0.000     3.603    u_css_tx/u_framer/u_ctrl/more0_carry__0_i_3_n_0
    SLICE_X8Y43          CARRY4 (Prop_carry4_S[1]_CO[1])
                                                      0.492     4.095 f  u_css_tx/u_framer/u_ctrl/more0_carry__0/CO[1]
                         net (fo=3, routed)           1.061     5.157    u_css_tx/u_framer/u_ctrl/more0_carry__0_n_2
    SLICE_X7Y43          LUT6 (Prop_lut6_I1_O)        0.332     5.489 r  u_css_tx/u_framer/u_ctrl/FSM_onehot_state[5]_i_4/O
                         net (fo=3, routed)           0.274     5.762    u_css_tx/u_framer/u_ctrl/FSM_onehot_state[5]_i_4_n_0
    SLICE_X7Y43          LUT6 (Prop_lut6_I4_O)        0.124     5.886 r  u_css_tx/u_framer/u_ctrl/FSM_onehot_state[5]_i_1/O
                         net (fo=6, routed)           0.587     6.474    u_css_tx/u_framer/u_ctrl/FSM_onehot_state[5]_i_1_n_0
    SLICE_X7Y43          FDSE                                         r  u_css_tx/u_framer/u_ctrl/FSM_onehot_state_reg[0]/CE
  -------------------------------------------------------------------    -------------------

                         (clock core_clk_mmcm_w rise edge)
                                                     31.250    31.250 r  
    Y9                                                0.000    31.250 r  gclk_i (IN)
                         net (fo=0)                   0.000    31.250    gclk_i
    Y9                   IBUF (Prop_ibuf_I_O)         1.420    32.670 r  gclk_i_IBUF_inst/O
                         net (fo=1, routed)           1.162    33.832    gclk_i_IBUF
    MMCME2_ADV_X0Y0      MMCME2_ADV (Prop_mmcme2_adv_CLKIN1_CLKOUT0)
                                                     -7.438    26.394 r  u_mmcm/CLKOUT0
                         net (fo=1, routed)           1.691    28.085    core_clk_mmcm_w
    BUFGCTRL_X0Y0        BUFG (Prop_bufg_I_O)         0.091    28.176 r  u_core_clk_buf/O
                         net (fo=249, routed)         1.655    29.832    u_css_tx/u_framer/u_ctrl/clk
    SLICE_X7Y43          FDSE                                         r  u_css_tx/u_framer/u_ctrl/FSM_onehot_state_reg[0]/C
                         clock pessimism              0.577    30.408    
                         clock uncertainty           -0.096    30.312    
    SLICE_X7Y43          FDSE (Setup_fdse_C_CE)      -0.205    30.107    u_css_tx/u_framer/u_ctrl/FSM_onehot_state_reg[0]
  -------------------------------------------------------------------
                         required time                         30.107    
                         arrival time                          -6.474    
  -------------------------------------------------------------------
                         slack                                 23.634    

Slack (MET) :             23.634ns  (required time - arrival time)
  Source:                 u_css_tx/u_framer/u_ctrl/rate_q_reg/C
                            (rising edge-triggered cell FDRE clocked by core_clk_mmcm_w  {rise@0.000ns fall@15.625ns period=31.250ns})
  Destination:            u_css_tx/u_framer/u_ctrl/FSM_onehot_state_reg[1]/CE
                            (rising edge-triggered cell FDRE clocked by core_clk_mmcm_w  {rise@0.000ns fall@15.625ns period=31.250ns})
  Path Group:             core_clk_mmcm_w
  Path Type:              Setup (Max at Slow Process Corner)
  Requirement:            31.250ns  (core_clk_mmcm_w rise@31.250ns - core_clk_mmcm_w rise@0.000ns)
  Data Path Delay:        7.331ns  (logic 2.891ns (39.434%)  route 4.440ns (60.566%))
  Logic Levels:           8  (CARRY4=4 LUT2=1 LUT3=1 LUT6=2)
  Clock Path Skew:        0.016ns (DCD - SCD + CPR)
    Destination Clock Delay (DCD):    -1.418ns = ( 29.832 - 31.250 ) 
    Source Clock Delay      (SCD):    -0.858ns
    Clock Pessimism Removal (CPR):    0.577ns
  Clock Uncertainty:      0.096ns  ((TSJ^2 + DJ^2)^1/2) / 2 + PE
    Total System Jitter     (TSJ):    0.071ns
    Discrete Jitter          (DJ):    0.179ns
    Phase Error              (PE):    0.000ns

    Location             Delay type                Incr(ns)  Path(ns)    Netlist Resource(s)
  -------------------------------------------------------------------    -------------------
                         (clock core_clk_mmcm_w rise edge)
                                                      0.000     0.000 r  
    Y9                                                0.000     0.000 r  gclk_i (IN)
                         net (fo=0)                   0.000     0.000    gclk_i
    Y9                   IBUF (Prop_ibuf_I_O)         1.490     1.490 r  gclk_i_IBUF_inst/O
                         net (fo=1, routed)           1.285     2.775    gclk_i_IBUF
    MMCME2_ADV_X0Y0      MMCME2_ADV (Prop_mmcme2_adv_CLKIN1_CLKOUT0)
                                                     -7.343    -4.568 r  u_mmcm/CLKOUT0
                         net (fo=1, routed)           1.855    -2.713    core_clk_mmcm_w
    BUFGCTRL_X0Y0        BUFG (Prop_bufg_I_O)         0.101    -2.612 r  u_core_clk_buf/O
                         net (fo=249, routed)         1.754    -0.858    u_css_tx/u_framer/u_ctrl/clk
    SLICE_X10Y44         FDRE                                         r  u_css_tx/u_framer/u_ctrl/rate_q_reg/C
  -------------------------------------------------------------------    -------------------
    SLICE_X10Y44         FDRE (Prop_fdre_C_Q)         0.518    -0.340 r  u_css_tx/u_framer/u_ctrl/rate_q_reg/Q
                         net (fo=115, routed)         1.693     1.354    u_css_tx/u_framer/u_ctrl/rate_q
    SLICE_X9Y41          LUT3 (Prop_lut3_I0_O)        0.124     1.478 r  u_css_tx/u_framer/u_ctrl/left_next_carry_i_3/O
                         net (fo=1, routed)           0.000     1.478    u_css_tx/u_framer/u_ctrl/left_next_carry_i_3_n_0
    SLICE_X9Y41          CARRY4 (Prop_carry4_S[1]_CO[3])
                                                      0.550     2.028 r  u_css_tx/u_framer/u_ctrl/left_next_carry/CO[3]
                         net (fo=1, routed)           0.000     2.028    u_css_tx/u_framer/u_ctrl/left_next_carry_n_0
    SLICE_X9Y42          CARRY4 (Prop_carry4_CI_CO[3])
                                                      0.114     2.142 r  u_css_tx/u_framer/u_ctrl/left_next_carry__0/CO[3]
                         net (fo=1, routed)           0.000     2.142    u_css_tx/u_framer/u_ctrl/left_next_carry__0_n_0
    SLICE_X9Y43          CARRY4 (Prop_carry4_CI_O[1])
                                                      0.334     2.476 f  u_css_tx/u_framer/u_ctrl/left_next_carry__1/O[1]
                         net (fo=5, routed)           0.825     3.300    u_css_tx/u_framer/u_ctrl/in20[10]
    SLICE_X8Y43          LUT2 (Prop_lut2_I1_O)        0.303     3.603 r  u_css_tx/u_framer/u_ctrl/more0_carry__0_i_3/O
                         net (fo=1, routed)           0.000     3.603    u_css_tx/u_framer/u_ctrl/more0_carry__0_i_3_n_0
    SLICE_X8Y43          CARRY4 (Prop_carry4_S[1]_CO[1])
                                                      0.492     4.095 f  u_css_tx/u_framer/u_ctrl/more0_carry__0/CO[1]
                         net (fo=3, routed)           1.061     5.157    u_css_tx/u_framer/u_ctrl/more0_carry__0_n_2
    SLICE_X7Y43          LUT6 (Prop_lut6_I1_O)        0.332     5.489 r  u_css_tx/u_framer/u_ctrl/FSM_onehot_state[5]_i_4/O
                         net (fo=3, routed)           0.274     5.762    u_css_tx/u_framer/u_ctrl/FSM_onehot_state[5]_i_4_n_0
    SLICE_X7Y43          LUT6 (Prop_lut6_I4_O)        0.124     5.886 r  u_css_tx/u_framer/u_ctrl/FSM_onehot_state[5]_i_1/O
                         net (fo=6, routed)           0.587     6.474    u_css_tx/u_framer/u_ctrl/FSM_onehot_state[5]_i_1_n_0
    SLICE_X7Y43          FDRE                                         r  u_css_tx/u_framer/u_ctrl/FSM_onehot_state_reg[1]/CE
  -------------------------------------------------------------------    -------------------

                         (clock core_clk_mmcm_w rise edge)
                                                     31.250    31.250 r  
    Y9                                                0.000    31.250 r  gclk_i (IN)
                         net (fo=0)                   0.000    31.250    gclk_i
    Y9                   IBUF (Prop_ibuf_I_O)         1.420    32.670 r  gclk_i_IBUF_inst/O
                         net (fo=1, routed)           1.162    33.832    gclk_i_IBUF
    MMCME2_ADV_X0Y0      MMCME2_ADV (Prop_mmcme2_adv_CLKIN1_CLKOUT0)
                                                     -7.438    26.394 r  u_mmcm/CLKOUT0
                         net (fo=1, routed)           1.691    28.085    core_clk_mmcm_w
    BUFGCTRL_X0Y0        BUFG (Prop_bufg_I_O)         0.091    28.176 r  u_core_clk_buf/O
                         net (fo=249, routed)         1.655    29.832    u_css_tx/u_framer/u_ctrl/clk
    SLICE_X7Y43          FDRE                                         r  u_css_tx/u_framer/u_ctrl/FSM_onehot_state_reg[1]/C
                         clock pessimism              0.577    30.408    
                         clock uncertainty           -0.096    30.312    
    SLICE_X7Y43          FDRE (Setup_fdre_C_CE)      -0.205    30.107    u_css_tx/u_framer/u_ctrl/FSM_onehot_state_reg[1]
  -------------------------------------------------------------------
                         required time                         30.107    
                         arrival time                          -6.474    
  -------------------------------------------------------------------
                         slack                                 23.634    

Slack (MET) :             23.634ns  (required time - arrival time)
  Source:                 u_css_tx/u_framer/u_ctrl/rate_q_reg/C
                            (rising edge-triggered cell FDRE clocked by core_clk_mmcm_w  {rise@0.000ns fall@15.625ns period=31.250ns})
  Destination:            u_css_tx/u_framer/u_ctrl/FSM_onehot_state_reg[2]/CE
                            (rising edge-triggered cell FDRE clocked by core_clk_mmcm_w  {rise@0.000ns fall@15.625ns period=31.250ns})
  Path Group:             core_clk_mmcm_w
  Path Type:              Setup (Max at Slow Process Corner)
  Requirement:            31.250ns  (core_clk_mmcm_w rise@31.250ns - core_clk_mmcm_w rise@0.000ns)
  Data Path Delay:        7.331ns  (logic 2.891ns (39.434%)  route 4.440ns (60.566%))
  Logic Levels:           8  (CARRY4=4 LUT2=1 LUT3=1 LUT6=2)
  Clock Path Skew:        0.016ns (DCD - SCD + CPR)
    Destination Clock Delay (DCD):    -1.418ns = ( 29.832 - 31.250 ) 
    Source Clock Delay      (SCD):    -0.858ns
    Clock Pessimism Removal (CPR):    0.577ns
  Clock Uncertainty:      0.096ns  ((TSJ^2 + DJ^2)^1/2) / 2 + PE
    Total System Jitter     (TSJ):    0.071ns
    Discrete Jitter          (DJ):    0.179ns
    Phase Error              (PE):    0.000ns

    Location             Delay type                Incr(ns)  Path(ns)    Netlist Resource(s)
  -------------------------------------------------------------------    -------------------
                         (clock core_clk_mmcm_w rise edge)
                                                      0.000     0.000 r  
    Y9                                                0.000     0.000 r  gclk_i (IN)
                         net (fo=0)                   0.000     0.000    gclk_i
    Y9                   IBUF (Prop_ibuf_I_O)         1.490     1.490 r  gclk_i_IBUF_inst/O
                         net (fo=1, routed)           1.285     2.775    gclk_i_IBUF
    MMCME2_ADV_X0Y0      MMCME2_ADV (Prop_mmcme2_adv_CLKIN1_CLKOUT0)
                                                     -7.343    -4.568 r  u_mmcm/CLKOUT0
                         net (fo=1, routed)           1.855    -2.713    core_clk_mmcm_w
    BUFGCTRL_X0Y0        BUFG (Prop_bufg_I_O)         0.101    -2.612 r  u_core_clk_buf/O
                         net (fo=249, routed)         1.754    -0.858    u_css_tx/u_framer/u_ctrl/clk
    SLICE_X10Y44         FDRE                                         r  u_css_tx/u_framer/u_ctrl/rate_q_reg/C
  -------------------------------------------------------------------    -------------------
    SLICE_X10Y44         FDRE (Prop_fdre_C_Q)         0.518    -0.340 r  u_css_tx/u_framer/u_ctrl/rate_q_reg/Q
                         net (fo=115, routed)         1.693     1.354    u_css_tx/u_framer/u_ctrl/rate_q
    SLICE_X9Y41          LUT3 (Prop_lut3_I0_O)        0.124     1.478 r  u_css_tx/u_framer/u_ctrl/left_next_carry_i_3/O
                         net (fo=1, routed)           0.000     1.478    u_css_tx/u_framer/u_ctrl/left_next_carry_i_3_n_0
    SLICE_X9Y41          CARRY4 (Prop_carry4_S[1]_CO[3])
                                                      0.550     2.028 r  u_css_tx/u_framer/u_ctrl/left_next_carry/CO[3]
                         net (fo=1, routed)           0.000     2.028    u_css_tx/u_framer/u_ctrl/left_next_carry_n_0
    SLICE_X9Y42          CARRY4 (Prop_carry4_CI_CO[3])
                                                      0.114     2.142 r  u_css_tx/u_framer/u_ctrl/left_next_carry__0/CO[3]
                         net (fo=1, routed)           0.000     2.142    u_css_tx/u_framer/u_ctrl/left_next_carry__0_n_0
    SLICE_X9Y43          CARRY4 (Prop_carry4_CI_O[1])
                                                      0.334     2.476 f  u_css_tx/u_framer/u_ctrl/left_next_carry__1/O[1]
                         net (fo=5, routed)           0.825     3.300    u_css_tx/u_framer/u_ctrl/in20[10]
    SLICE_X8Y43          LUT2 (Prop_lut2_I1_O)        0.303     3.603 r  u_css_tx/u_framer/u_ctrl/more0_carry__0_i_3/O
                         net (fo=1, routed)           0.000     3.603    u_css_tx/u_framer/u_ctrl/more0_carry__0_i_3_n_0
    SLICE_X8Y43          CARRY4 (Prop_carry4_S[1]_CO[1])
                                                      0.492     4.095 f  u_css_tx/u_framer/u_ctrl/more0_carry__0/CO[1]
                         net (fo=3, routed)           1.061     5.157    u_css_tx/u_framer/u_ctrl/more0_carry__0_n_2
    SLICE_X7Y43          LUT6 (Prop_lut6_I1_O)        0.332     5.489 r  u_css_tx/u_framer/u_ctrl/FSM_onehot_state[5]_i_4/O
                         net (fo=3, routed)           0.274     5.762    u_css_tx/u_framer/u_ctrl/FSM_onehot_state[5]_i_4_n_0
    SLICE_X7Y43          LUT6 (Prop_lut6_I4_O)        0.124     5.886 r  u_css_tx/u_framer/u_ctrl/FSM_onehot_state[5]_i_1/O
                         net (fo=6, routed)           0.587     6.474    u_css_tx/u_framer/u_ctrl/FSM_onehot_state[5]_i_1_n_0
    SLICE_X7Y43          FDRE                                         r  u_css_tx/u_framer/u_ctrl/FSM_onehot_state_reg[2]/CE
  -------------------------------------------------------------------    -------------------

                         (clock core_clk_mmcm_w rise edge)
                                                     31.250    31.250 r  
    Y9                                                0.000    31.250 r  gclk_i (IN)
                         net (fo=0)                   0.000    31.250    gclk_i
    Y9                   IBUF (Prop_ibuf_I_O)         1.420    32.670 r  gclk_i_IBUF_inst/O
                         net (fo=1, routed)           1.162    33.832    gclk_i_IBUF
    MMCME2_ADV_X0Y0      MMCME2_ADV (Prop_mmcme2_adv_CLKIN1_CLKOUT0)
                                                     -7.438    26.394 r  u_mmcm/CLKOUT0
                         net (fo=1, routed)           1.691    28.085    core_clk_mmcm_w
    BUFGCTRL_X0Y0        BUFG (Prop_bufg_I_O)         0.091    28.176 r  u_core_clk_buf/O
                         net (fo=249, routed)         1.655    29.832    u_css_tx/u_framer/u_ctrl/clk
    SLICE_X7Y43          FDRE                                         r  u_css_tx/u_framer/u_ctrl/FSM_onehot_state_reg[2]/C
                         clock pessimism              0.577    30.408    
                         clock uncertainty           -0.096    30.312    
    SLICE_X7Y43          FDRE (Setup_fdre_C_CE)      -0.205    30.107    u_css_tx/u_framer/u_ctrl/FSM_onehot_state_reg[2]
  -------------------------------------------------------------------
                         required time                         30.107    
                         arrival time                          -6.474    
  -------------------------------------------------------------------
                         slack                                 23.634    

Slack (MET) :             23.634ns  (required time - arrival time)
  Source:                 u_css_tx/u_framer/u_ctrl/rate_q_reg/C
                            (rising edge-triggered cell FDRE clocked by core_clk_mmcm_w  {rise@0.000ns fall@15.625ns period=31.250ns})
  Destination:            u_css_tx/u_framer/u_ctrl/FSM_onehot_state_reg[3]/CE
                            (rising edge-triggered cell FDRE clocked by core_clk_mmcm_w  {rise@0.000ns fall@15.625ns period=31.250ns})
  Path Group:             core_clk_mmcm_w
  Path Type:              Setup (Max at Slow Process Corner)
  Requirement:            31.250ns  (core_clk_mmcm_w rise@31.250ns - core_clk_mmcm_w rise@0.000ns)
  Data Path Delay:        7.331ns  (logic 2.891ns (39.434%)  route 4.440ns (60.566%))
  Logic Levels:           8  (CARRY4=4 LUT2=1 LUT3=1 LUT6=2)
  Clock Path Skew:        0.016ns (DCD - SCD + CPR)
    Destination Clock Delay (DCD):    -1.418ns = ( 29.832 - 31.250 ) 
    Source Clock Delay      (SCD):    -0.858ns
    Clock Pessimism Removal (CPR):    0.577ns
  Clock Uncertainty:      0.096ns  ((TSJ^2 + DJ^2)^1/2) / 2 + PE
    Total System Jitter     (TSJ):    0.071ns
    Discrete Jitter          (DJ):    0.179ns
    Phase Error              (PE):    0.000ns

    Location             Delay type                Incr(ns)  Path(ns)    Netlist Resource(s)
  -------------------------------------------------------------------    -------------------
                         (clock core_clk_mmcm_w rise edge)
                                                      0.000     0.000 r  
    Y9                                                0.000     0.000 r  gclk_i (IN)
                         net (fo=0)                   0.000     0.000    gclk_i
    Y9                   IBUF (Prop_ibuf_I_O)         1.490     1.490 r  gclk_i_IBUF_inst/O
                         net (fo=1, routed)           1.285     2.775    gclk_i_IBUF
    MMCME2_ADV_X0Y0      MMCME2_ADV (Prop_mmcme2_adv_CLKIN1_CLKOUT0)
                                                     -7.343    -4.568 r  u_mmcm/CLKOUT0
                         net (fo=1, routed)           1.855    -2.713    core_clk_mmcm_w
    BUFGCTRL_X0Y0        BUFG (Prop_bufg_I_O)         0.101    -2.612 r  u_core_clk_buf/O
                         net (fo=249, routed)         1.754    -0.858    u_css_tx/u_framer/u_ctrl/clk
    SLICE_X10Y44         FDRE                                         r  u_css_tx/u_framer/u_ctrl/rate_q_reg/C
  -------------------------------------------------------------------    -------------------
    SLICE_X10Y44         FDRE (Prop_fdre_C_Q)         0.518    -0.340 r  u_css_tx/u_framer/u_ctrl/rate_q_reg/Q
                         net (fo=115, routed)         1.693     1.354    u_css_tx/u_framer/u_ctrl/rate_q
    SLICE_X9Y41          LUT3 (Prop_lut3_I0_O)        0.124     1.478 r  u_css_tx/u_framer/u_ctrl/left_next_carry_i_3/O
                         net (fo=1, routed)           0.000     1.478    u_css_tx/u_framer/u_ctrl/left_next_carry_i_3_n_0
    SLICE_X9Y41          CARRY4 (Prop_carry4_S[1]_CO[3])
                                                      0.550     2.028 r  u_css_tx/u_framer/u_ctrl/left_next_carry/CO[3]
                         net (fo=1, routed)           0.000     2.028    u_css_tx/u_framer/u_ctrl/left_next_carry_n_0
    SLICE_X9Y42          CARRY4 (Prop_carry4_CI_CO[3])
                                                      0.114     2.142 r  u_css_tx/u_framer/u_ctrl/left_next_carry__0/CO[3]
                         net (fo=1, routed)           0.000     2.142    u_css_tx/u_framer/u_ctrl/left_next_carry__0_n_0
    SLICE_X9Y43          CARRY4 (Prop_carry4_CI_O[1])
                                                      0.334     2.476 f  u_css_tx/u_framer/u_ctrl/left_next_carry__1/O[1]
                         net (fo=5, routed)           0.825     3.300    u_css_tx/u_framer/u_ctrl/in20[10]
    SLICE_X8Y43          LUT2 (Prop_lut2_I1_O)        0.303     3.603 r  u_css_tx/u_framer/u_ctrl/more0_carry__0_i_3/O
                         net (fo=1, routed)           0.000     3.603    u_css_tx/u_framer/u_ctrl/more0_carry__0_i_3_n_0
    SLICE_X8Y43          CARRY4 (Prop_carry4_S[1]_CO[1])
                                                      0.492     4.095 f  u_css_tx/u_framer/u_ctrl/more0_carry__0/CO[1]
                         net (fo=3, routed)           1.061     5.157    u_css_tx/u_framer/u_ctrl/more0_carry__0_n_2
    SLICE_X7Y43          LUT6 (Prop_lut6_I1_O)        0.332     5.489 r  u_css_tx/u_framer/u_ctrl/FSM_onehot_state[5]_i_4/O
                         net (fo=3, routed)           0.274     5.762    u_css_tx/u_framer/u_ctrl/FSM_onehot_state[5]_i_4_n_0
    SLICE_X7Y43          LUT6 (Prop_lut6_I4_O)        0.124     5.886 r  u_css_tx/u_framer/u_ctrl/FSM_onehot_state[5]_i_1/O
                         net (fo=6, routed)           0.587     6.474    u_css_tx/u_framer/u_ctrl/FSM_onehot_state[5]_i_1_n_0
    SLICE_X7Y43          FDRE                                         r  u_css_tx/u_framer/u_ctrl/FSM_onehot_state_reg[3]/CE
  -------------------------------------------------------------------    -------------------

                         (clock core_clk_mmcm_w rise edge)
                                                     31.250    31.250 r  
    Y9                                                0.000    31.250 r  gclk_i (IN)
                         net (fo=0)                   0.000    31.250    gclk_i
    Y9                   IBUF (Prop_ibuf_I_O)         1.420    32.670 r  gclk_i_IBUF_inst/O
                         net (fo=1, routed)           1.162    33.832    gclk_i_IBUF
    MMCME2_ADV_X0Y0      MMCME2_ADV (Prop_mmcme2_adv_CLKIN1_CLKOUT0)
                                                     -7.438    26.394 r  u_mmcm/CLKOUT0
                         net (fo=1, routed)           1.691    28.085    core_clk_mmcm_w
    BUFGCTRL_X0Y0        BUFG (Prop_bufg_I_O)         0.091    28.176 r  u_core_clk_buf/O
                         net (fo=249, routed)         1.655    29.832    u_css_tx/u_framer/u_ctrl/clk
    SLICE_X7Y43          FDRE                                         r  u_css_tx/u_framer/u_ctrl/FSM_onehot_state_reg[3]/C
                         clock pessimism              0.577    30.408    
                         clock uncertainty           -0.096    30.312    
    SLICE_X7Y43          FDRE (Setup_fdre_C_CE)      -0.205    30.107    u_css_tx/u_framer/u_ctrl/FSM_onehot_state_reg[3]
  -------------------------------------------------------------------
                         required time                         30.107    
                         arrival time                          -6.474    
  -------------------------------------------------------------------
                         slack                                 23.634    

Slack (MET) :             23.634ns  (required time - arrival time)
  Source:                 u_css_tx/u_framer/u_ctrl/rate_q_reg/C
                            (rising edge-triggered cell FDRE clocked by core_clk_mmcm_w  {rise@0.000ns fall@15.625ns period=31.250ns})
  Destination:            u_css_tx/u_framer/u_ctrl/FSM_onehot_state_reg[4]/CE
                            (rising edge-triggered cell FDRE clocked by core_clk_mmcm_w  {rise@0.000ns fall@15.625ns period=31.250ns})
  Path Group:             core_clk_mmcm_w
  Path Type:              Setup (Max at Slow Process Corner)
  Requirement:            31.250ns  (core_clk_mmcm_w rise@31.250ns - core_clk_mmcm_w rise@0.000ns)
  Data Path Delay:        7.331ns  (logic 2.891ns (39.434%)  route 4.440ns (60.566%))
  Logic Levels:           8  (CARRY4=4 LUT2=1 LUT3=1 LUT6=2)
  Clock Path Skew:        0.016ns (DCD - SCD + CPR)
    Destination Clock Delay (DCD):    -1.418ns = ( 29.832 - 31.250 ) 
    Source Clock Delay      (SCD):    -0.858ns
    Clock Pessimism Removal (CPR):    0.577ns
  Clock Uncertainty:      0.096ns  ((TSJ^2 + DJ^2)^1/2) / 2 + PE
    Total System Jitter     (TSJ):    0.071ns
    Discrete Jitter          (DJ):    0.179ns
    Phase Error              (PE):    0.000ns

    Location             Delay type                Incr(ns)  Path(ns)    Netlist Resource(s)
  -------------------------------------------------------------------    -------------------
                         (clock core_clk_mmcm_w rise edge)
                                                      0.000     0.000 r  
    Y9                                                0.000     0.000 r  gclk_i (IN)
                         net (fo=0)                   0.000     0.000    gclk_i
    Y9                   IBUF (Prop_ibuf_I_O)         1.490     1.490 r  gclk_i_IBUF_inst/O
                         net (fo=1, routed)           1.285     2.775    gclk_i_IBUF
    MMCME2_ADV_X0Y0      MMCME2_ADV (Prop_mmcme2_adv_CLKIN1_CLKOUT0)
                                                     -7.343    -4.568 r  u_mmcm/CLKOUT0
                         net (fo=1, routed)           1.855    -2.713    core_clk_mmcm_w
    BUFGCTRL_X0Y0        BUFG (Prop_bufg_I_O)         0.101    -2.612 r  u_core_clk_buf/O
                         net (fo=249, routed)         1.754    -0.858    u_css_tx/u_framer/u_ctrl/clk
    SLICE_X10Y44         FDRE                                         r  u_css_tx/u_framer/u_ctrl/rate_q_reg/C
  -------------------------------------------------------------------    -------------------
    SLICE_X10Y44         FDRE (Prop_fdre_C_Q)         0.518    -0.340 r  u_css_tx/u_framer/u_ctrl/rate_q_reg/Q
                         net (fo=115, routed)         1.693     1.354    u_css_tx/u_framer/u_ctrl/rate_q
    SLICE_X9Y41          LUT3 (Prop_lut3_I0_O)        0.124     1.478 r  u_css_tx/u_framer/u_ctrl/left_next_carry_i_3/O
                         net (fo=1, routed)           0.000     1.478    u_css_tx/u_framer/u_ctrl/left_next_carry_i_3_n_0
    SLICE_X9Y41          CARRY4 (Prop_carry4_S[1]_CO[3])
                                                      0.550     2.028 r  u_css_tx/u_framer/u_ctrl/left_next_carry/CO[3]
                         net (fo=1, routed)           0.000     2.028    u_css_tx/u_framer/u_ctrl/left_next_carry_n_0
    SLICE_X9Y42          CARRY4 (Prop_carry4_CI_CO[3])
                                                      0.114     2.142 r  u_css_tx/u_framer/u_ctrl/left_next_carry__0/CO[3]
                         net (fo=1, routed)           0.000     2.142    u_css_tx/u_framer/u_ctrl/left_next_carry__0_n_0
    SLICE_X9Y43          CARRY4 (Prop_carry4_CI_O[1])
                                                      0.334     2.476 f  u_css_tx/u_framer/u_ctrl/left_next_carry__1/O[1]
                         net (fo=5, routed)           0.825     3.300    u_css_tx/u_framer/u_ctrl/in20[10]
    SLICE_X8Y43          LUT2 (Prop_lut2_I1_O)        0.303     3.603 r  u_css_tx/u_framer/u_ctrl/more0_carry__0_i_3/O
                         net (fo=1, routed)           0.000     3.603    u_css_tx/u_framer/u_ctrl/more0_carry__0_i_3_n_0
    SLICE_X8Y43          CARRY4 (Prop_carry4_S[1]_CO[1])
                                                      0.492     4.095 f  u_css_tx/u_framer/u_ctrl/more0_carry__0/CO[1]
                         net (fo=3, routed)           1.061     5.157    u_css_tx/u_framer/u_ctrl/more0_carry__0_n_2
    SLICE_X7Y43          LUT6 (Prop_lut6_I1_O)        0.332     5.489 r  u_css_tx/u_framer/u_ctrl/FSM_onehot_state[5]_i_4/O
                         net (fo=3, routed)           0.274     5.762    u_css_tx/u_framer/u_ctrl/FSM_onehot_state[5]_i_4_n_0
    SLICE_X7Y43          LUT6 (Prop_lut6_I4_O)        0.124     5.886 r  u_css_tx/u_framer/u_ctrl/FSM_onehot_state[5]_i_1/O
                         net (fo=6, routed)           0.587     6.474    u_css_tx/u_framer/u_ctrl/FSM_onehot_state[5]_i_1_n_0
    SLICE_X7Y43          FDRE                                         r  u_css_tx/u_framer/u_ctrl/FSM_onehot_state_reg[4]/CE
  -------------------------------------------------------------------    -------------------

                         (clock core_clk_mmcm_w rise edge)
                                                     31.250    31.250 r  
    Y9                                                0.000    31.250 r  gclk_i (IN)
                         net (fo=0)                   0.000    31.250    gclk_i
    Y9                   IBUF (Prop_ibuf_I_O)         1.420    32.670 r  gclk_i_IBUF_inst/O
                         net (fo=1, routed)           1.162    33.832    gclk_i_IBUF
    MMCME2_ADV_X0Y0      MMCME2_ADV (Prop_mmcme2_adv_CLKIN1_CLKOUT0)
                                                     -7.438    26.394 r  u_mmcm/CLKOUT0
                         net (fo=1, routed)           1.691    28.085    core_clk_mmcm_w
    BUFGCTRL_X0Y0        BUFG (Prop_bufg_I_O)         0.091    28.176 r  u_core_clk_buf/O
                         net (fo=249, routed)         1.655    29.832    u_css_tx/u_framer/u_ctrl/clk
    SLICE_X7Y43          FDRE                                         r  u_css_tx/u_framer/u_ctrl/FSM_onehot_state_reg[4]/C
                         clock pessimism              0.577    30.408    
                         clock uncertainty           -0.096    30.312    
    SLICE_X7Y43          FDRE (Setup_fdre_C_CE)      -0.205    30.107    u_css_tx/u_framer/u_ctrl/FSM_onehot_state_reg[4]
  -------------------------------------------------------------------
                         required time                         30.107    
                         arrival time                          -6.474    
  -------------------------------------------------------------------
                         slack                                 23.634    

Slack (MET) :             23.634ns  (required time - arrival time)
  Source:                 u_css_tx/u_framer/u_ctrl/rate_q_reg/C
                            (rising edge-triggered cell FDRE clocked by core_clk_mmcm_w  {rise@0.000ns fall@15.625ns period=31.250ns})
  Destination:            u_css_tx/u_framer/u_ctrl/FSM_onehot_state_reg[5]/CE
                            (rising edge-triggered cell FDRE clocked by core_clk_mmcm_w  {rise@0.000ns fall@15.625ns period=31.250ns})
  Path Group:             core_clk_mmcm_w
  Path Type:              Setup (Max at Slow Process Corner)
  Requirement:            31.250ns  (core_clk_mmcm_w rise@31.250ns - core_clk_mmcm_w rise@0.000ns)
  Data Path Delay:        7.331ns  (logic 2.891ns (39.434%)  route 4.440ns (60.566%))
  Logic Levels:           8  (CARRY4=4 LUT2=1 LUT3=1 LUT6=2)
  Clock Path Skew:        0.016ns (DCD - SCD + CPR)
    Destination Clock Delay (DCD):    -1.418ns = ( 29.832 - 31.250 ) 
    Source Clock Delay      (SCD):    -0.858ns
    Clock Pessimism Removal (CPR):    0.577ns
  Clock Uncertainty:      0.096ns  ((TSJ^2 + DJ^2)^1/2) / 2 + PE
    Total System Jitter     (TSJ):    0.071ns
    Discrete Jitter          (DJ):    0.179ns
    Phase Error              (PE):    0.000ns

    Location             Delay type                Incr(ns)  Path(ns)    Netlist Resource(s)
  -------------------------------------------------------------------    -------------------
                         (clock core_clk_mmcm_w rise edge)
                                                      0.000     0.000 r  
    Y9                                                0.000     0.000 r  gclk_i (IN)
                         net (fo=0)                   0.000     0.000    gclk_i
    Y9                   IBUF (Prop_ibuf_I_O)         1.490     1.490 r  gclk_i_IBUF_inst/O
                         net (fo=1, routed)           1.285     2.775    gclk_i_IBUF
    MMCME2_ADV_X0Y0      MMCME2_ADV (Prop_mmcme2_adv_CLKIN1_CLKOUT0)
                                                     -7.343    -4.568 r  u_mmcm/CLKOUT0
                         net (fo=1, routed)           1.855    -2.713    core_clk_mmcm_w
    BUFGCTRL_X0Y0        BUFG (Prop_bufg_I_O)         0.101    -2.612 r  u_core_clk_buf/O
                         net (fo=249, routed)         1.754    -0.858    u_css_tx/u_framer/u_ctrl/clk
    SLICE_X10Y44         FDRE                                         r  u_css_tx/u_framer/u_ctrl/rate_q_reg/C
  -------------------------------------------------------------------    -------------------
    SLICE_X10Y44         FDRE (Prop_fdre_C_Q)         0.518    -0.340 r  u_css_tx/u_framer/u_ctrl/rate_q_reg/Q
                         net (fo=115, routed)         1.693     1.354    u_css_tx/u_framer/u_ctrl/rate_q
    SLICE_X9Y41          LUT3 (Prop_lut3_I0_O)        0.124     1.478 r  u_css_tx/u_framer/u_ctrl/left_next_carry_i_3/O
                         net (fo=1, routed)           0.000     1.478    u_css_tx/u_framer/u_ctrl/left_next_carry_i_3_n_0
    SLICE_X9Y41          CARRY4 (Prop_carry4_S[1]_CO[3])
                                                      0.550     2.028 r  u_css_tx/u_framer/u_ctrl/left_next_carry/CO[3]
                         net (fo=1, routed)           0.000     2.028    u_css_tx/u_framer/u_ctrl/left_next_carry_n_0
    SLICE_X9Y42          CARRY4 (Prop_carry4_CI_CO[3])
                                                      0.114     2.142 r  u_css_tx/u_framer/u_ctrl/left_next_carry__0/CO[3]
                         net (fo=1, routed)           0.000     2.142    u_css_tx/u_framer/u_ctrl/left_next_carry__0_n_0
    SLICE_X9Y43          CARRY4 (Prop_carry4_CI_O[1])
                                                      0.334     2.476 f  u_css_tx/u_framer/u_ctrl/left_next_carry__1/O[1]
                         net (fo=5, routed)           0.825     3.300    u_css_tx/u_framer/u_ctrl/in20[10]
    SLICE_X8Y43          LUT2 (Prop_lut2_I1_O)        0.303     3.603 r  u_css_tx/u_framer/u_ctrl/more0_carry__0_i_3/O
                         net (fo=1, routed)           0.000     3.603    u_css_tx/u_framer/u_ctrl/more0_carry__0_i_3_n_0
    SLICE_X8Y43          CARRY4 (Prop_carry4_S[1]_CO[1])
                                                      0.492     4.095 f  u_css_tx/u_framer/u_ctrl/more0_carry__0/CO[1]
                         net (fo=3, routed)           1.061     5.157    u_css_tx/u_framer/u_ctrl/more0_carry__0_n_2
    SLICE_X7Y43          LUT6 (Prop_lut6_I1_O)        0.332     5.489 r  u_css_tx/u_framer/u_ctrl/FSM_onehot_state[5]_i_4/O
                         net (fo=3, routed)           0.274     5.762    u_css_tx/u_framer/u_ctrl/FSM_onehot_state[5]_i_4_n_0
    SLICE_X7Y43          LUT6 (Prop_lut6_I4_O)        0.124     5.886 r  u_css_tx/u_framer/u_ctrl/FSM_onehot_state[5]_i_1/O
                         net (fo=6, routed)           0.587     6.474    u_css_tx/u_framer/u_ctrl/FSM_onehot_state[5]_i_1_n_0
    SLICE_X7Y43          FDRE                                         r  u_css_tx/u_framer/u_ctrl/FSM_onehot_state_reg[5]/CE
  -------------------------------------------------------------------    -------------------

                         (clock core_clk_mmcm_w rise edge)
                                                     31.250    31.250 r  
    Y9                                                0.000    31.250 r  gclk_i (IN)
                         net (fo=0)                   0.000    31.250    gclk_i
    Y9                   IBUF (Prop_ibuf_I_O)         1.420    32.670 r  gclk_i_IBUF_inst/O
                         net (fo=1, routed)           1.162    33.832    gclk_i_IBUF
    MMCME2_ADV_X0Y0      MMCME2_ADV (Prop_mmcme2_adv_CLKIN1_CLKOUT0)
                                                     -7.438    26.394 r  u_mmcm/CLKOUT0
                         net (fo=1, routed)           1.691    28.085    core_clk_mmcm_w
    BUFGCTRL_X0Y0        BUFG (Prop_bufg_I_O)         0.091    28.176 r  u_core_clk_buf/O
                         net (fo=249, routed)         1.655    29.832    u_css_tx/u_framer/u_ctrl/clk
    SLICE_X7Y43          FDRE                                         r  u_css_tx/u_framer/u_ctrl/FSM_onehot_state_reg[5]/C
                         clock pessimism              0.577    30.408    
                         clock uncertainty           -0.096    30.312    
    SLICE_X7Y43          FDRE (Setup_fdre_C_CE)      -0.205    30.107    u_css_tx/u_framer/u_ctrl/FSM_onehot_state_reg[5]
  -------------------------------------------------------------------
                         required time                         30.107    
                         arrival time                          -6.474    
  -------------------------------------------------------------------
                         slack                                 23.634    

Slack (MET) :             24.018ns  (required time - arrival time)
  Source:                 u_css_tx/u_modulator/control_unit/FSM_onehot_state_reg_reg[1]/C
                            (rising edge-triggered cell FDCE clocked by core_clk_mmcm_w  {rise@0.000ns fall@15.625ns period=31.250ns})
  Destination:            u_css_tx/u_framer/u_acc/acc_reg[0]/R
                            (rising edge-triggered cell FDRE clocked by core_clk_mmcm_w  {rise@0.000ns fall@15.625ns period=31.250ns})
  Path Group:             core_clk_mmcm_w
  Path Type:              Setup (Max at Slow Process Corner)
  Requirement:            31.250ns  (core_clk_mmcm_w rise@31.250ns - core_clk_mmcm_w rise@0.000ns)
  Data Path Delay:        6.546ns  (logic 1.598ns (24.410%)  route 4.948ns (75.590%))
  Logic Levels:           5  (LUT2=1 LUT4=2 LUT5=1 LUT6=1)
  Clock Path Skew:        -0.065ns (DCD - SCD + CPR)
    Destination Clock Delay (DCD):    -1.418ns = ( 29.832 - 31.250 ) 
    Source Clock Delay      (SCD):    -0.777ns
    Clock Pessimism Removal (CPR):    0.577ns
  Clock Uncertainty:      0.096ns  ((TSJ^2 + DJ^2)^1/2) / 2 + PE
    Total System Jitter     (TSJ):    0.071ns
    Discrete Jitter          (DJ):    0.179ns
    Phase Error              (PE):    0.000ns

    Location             Delay type                Incr(ns)  Path(ns)    Netlist Resource(s)
  -------------------------------------------------------------------    -------------------
                         (clock core_clk_mmcm_w rise edge)
                                                      0.000     0.000 r  
    Y9                                                0.000     0.000 r  gclk_i (IN)
                         net (fo=0)                   0.000     0.000    gclk_i
    Y9                   IBUF (Prop_ibuf_I_O)         1.490     1.490 r  gclk_i_IBUF_inst/O
                         net (fo=1, routed)           1.285     2.775    gclk_i_IBUF
    MMCME2_ADV_X0Y0      MMCME2_ADV (Prop_mmcme2_adv_CLKIN1_CLKOUT0)
                                                     -7.343    -4.568 r  u_mmcm/CLKOUT0
                         net (fo=1, routed)           1.855    -2.713    core_clk_mmcm_w
    BUFGCTRL_X0Y0        BUFG (Prop_bufg_I_O)         0.101    -2.612 r  u_core_clk_buf/O
                         net (fo=249, routed)         1.835    -0.777    u_css_tx/u_modulator/control_unit/clk
    SLICE_X2Y44          FDCE                                         r  u_css_tx/u_modulator/control_unit/FSM_onehot_state_reg_reg[1]/C
  -------------------------------------------------------------------    -------------------
    SLICE_X2Y44          FDCE (Prop_fdce_C_Q)         0.518    -0.259 f  u_css_tx/u_modulator/control_unit/FSM_onehot_state_reg_reg[1]/Q
                         net (fo=22, routed)          0.818     0.560    u_css_tx/u_modulator/control_unit/FSM_onehot_state_reg_reg[1]_1
    SLICE_X4Y42          LUT2 (Prop_lut2_I0_O)        0.150     0.710 f  u_css_tx/u_modulator/control_unit/system_busy_INST_0/O
                         net (fo=6, routed)           1.268     1.977    system_busy_debug_w
    SLICE_X10Y42         LUT4 (Prop_lut4_I1_O)        0.328     2.305 r  u_css_tx_i_1/O
                         net (fo=13, routed)          0.618     2.923    u_css_tx/u_framer/u_ctrl/start_Tx
    SLICE_X10Y44         LUT4 (Prop_lut4_I0_O)        0.150     3.073 r  u_css_tx/u_framer/u_ctrl/hold_i[31]_i_1/O
                         net (fo=71, routed)          0.845     3.919    u_css_tx/u_framer/u_ctrl/FSM_onehot_state_reg[0]_0
    SLICE_X7Y44          LUT5 (Prop_lut5_I3_O)        0.328     4.247 r  u_css_tx/u_framer/u_ctrl/acc[17]_i_1/O
                         net (fo=26, routed)          0.575     4.822    u_css_tx/u_framer/u_acc/acc_reg[17]_0
    SLICE_X10Y44         LUT6 (Prop_lut6_I5_O)        0.124     4.946 r  u_css_tx/u_framer/u_acc/acc[11]_i_1/O
                         net (fo=11, routed)          0.824     5.770    u_css_tx/u_framer/u_acc/acc[11]_i_1_n_0
    SLICE_X6Y46          FDRE                                         r  u_css_tx/u_framer/u_acc/acc_reg[0]/R
  -------------------------------------------------------------------    -------------------

                         (clock core_clk_mmcm_w rise edge)
                                                     31.250    31.250 r  
    Y9                                                0.000    31.250 r  gclk_i (IN)
                         net (fo=0)                   0.000    31.250    gclk_i
    Y9                   IBUF (Prop_ibuf_I_O)         1.420    32.670 r  gclk_i_IBUF_inst/O
                         net (fo=1, routed)           1.162    33.832    gclk_i_IBUF
    MMCME2_ADV_X0Y0      MMCME2_ADV (Prop_mmcme2_adv_CLKIN1_CLKOUT0)
                                                     -7.438    26.394 r  u_mmcm/CLKOUT0
                         net (fo=1, routed)           1.691    28.085    core_clk_mmcm_w
    BUFGCTRL_X0Y0        BUFG (Prop_bufg_I_O)         0.091    28.176 r  u_core_clk_buf/O
                         net (fo=249, routed)         1.655    29.832    u_css_tx/u_framer/u_acc/clk
    SLICE_X6Y46          FDRE                                         r  u_css_tx/u_framer/u_acc/acc_reg[0]/C
                         clock pessimism              0.577    30.408    
                         clock uncertainty           -0.096    30.312    
    SLICE_X6Y46          FDRE (Setup_fdre_C_R)       -0.524    29.788    u_css_tx/u_framer/u_acc/acc_reg[0]
  -------------------------------------------------------------------
                         required time                         29.788    
                         arrival time                          -5.770    
  -------------------------------------------------------------------
                         slack                                 24.018    

Slack (MET) :             24.018ns  (required time - arrival time)
  Source:                 u_css_tx/u_modulator/control_unit/FSM_onehot_state_reg_reg[1]/C
                            (rising edge-triggered cell FDCE clocked by core_clk_mmcm_w  {rise@0.000ns fall@15.625ns period=31.250ns})
  Destination:            u_css_tx/u_framer/u_acc/acc_reg[1]/R
                            (rising edge-triggered cell FDRE clocked by core_clk_mmcm_w  {rise@0.000ns fall@15.625ns period=31.250ns})
  Path Group:             core_clk_mmcm_w
  Path Type:              Setup (Max at Slow Process Corner)
  Requirement:            31.250ns  (core_clk_mmcm_w rise@31.250ns - core_clk_mmcm_w rise@0.000ns)
  Data Path Delay:        6.546ns  (logic 1.598ns (24.410%)  route 4.948ns (75.590%))
  Logic Levels:           5  (LUT2=1 LUT4=2 LUT5=1 LUT6=1)
  Clock Path Skew:        -0.065ns (DCD - SCD + CPR)
    Destination Clock Delay (DCD):    -1.418ns = ( 29.832 - 31.250 ) 
    Source Clock Delay      (SCD):    -0.777ns
    Clock Pessimism Removal (CPR):    0.577ns
  Clock Uncertainty:      0.096ns  ((TSJ^2 + DJ^2)^1/2) / 2 + PE
    Total System Jitter     (TSJ):    0.071ns
    Discrete Jitter          (DJ):    0.179ns
    Phase Error              (PE):    0.000ns

    Location             Delay type                Incr(ns)  Path(ns)    Netlist Resource(s)
  -------------------------------------------------------------------    -------------------
                         (clock core_clk_mmcm_w rise edge)
                                                      0.000     0.000 r  
    Y9                                                0.000     0.000 r  gclk_i (IN)
                         net (fo=0)                   0.000     0.000    gclk_i
    Y9                   IBUF (Prop_ibuf_I_O)         1.490     1.490 r  gclk_i_IBUF_inst/O
                         net (fo=1, routed)           1.285     2.775    gclk_i_IBUF
    MMCME2_ADV_X0Y0      MMCME2_ADV (Prop_mmcme2_adv_CLKIN1_CLKOUT0)
                                                     -7.343    -4.568 r  u_mmcm/CLKOUT0
                         net (fo=1, routed)           1.855    -2.713    core_clk_mmcm_w
    BUFGCTRL_X0Y0        BUFG (Prop_bufg_I_O)         0.101    -2.612 r  u_core_clk_buf/O
                         net (fo=249, routed)         1.835    -0.777    u_css_tx/u_modulator/control_unit/clk
    SLICE_X2Y44          FDCE                                         r  u_css_tx/u_modulator/control_unit/FSM_onehot_state_reg_reg[1]/C
  -------------------------------------------------------------------    -------------------
    SLICE_X2Y44          FDCE (Prop_fdce_C_Q)         0.518    -0.259 f  u_css_tx/u_modulator/control_unit/FSM_onehot_state_reg_reg[1]/Q
                         net (fo=22, routed)          0.818     0.560    u_css_tx/u_modulator/control_unit/FSM_onehot_state_reg_reg[1]_1
    SLICE_X4Y42          LUT2 (Prop_lut2_I0_O)        0.150     0.710 f  u_css_tx/u_modulator/control_unit/system_busy_INST_0/O
                         net (fo=6, routed)           1.268     1.977    system_busy_debug_w
    SLICE_X10Y42         LUT4 (Prop_lut4_I1_O)        0.328     2.305 r  u_css_tx_i_1/O
                         net (fo=13, routed)          0.618     2.923    u_css_tx/u_framer/u_ctrl/start_Tx
    SLICE_X10Y44         LUT4 (Prop_lut4_I0_O)        0.150     3.073 r  u_css_tx/u_framer/u_ctrl/hold_i[31]_i_1/O
                         net (fo=71, routed)          0.845     3.919    u_css_tx/u_framer/u_ctrl/FSM_onehot_state_reg[0]_0
    SLICE_X7Y44          LUT5 (Prop_lut5_I3_O)        0.328     4.247 r  u_css_tx/u_framer/u_ctrl/acc[17]_i_1/O
                         net (fo=26, routed)          0.575     4.822    u_css_tx/u_framer/u_acc/acc_reg[17]_0
    SLICE_X10Y44         LUT6 (Prop_lut6_I5_O)        0.124     4.946 r  u_css_tx/u_framer/u_acc/acc[11]_i_1/O
                         net (fo=11, routed)          0.824     5.770    u_css_tx/u_framer/u_acc/acc[11]_i_1_n_0
    SLICE_X6Y46          FDRE                                         r  u_css_tx/u_framer/u_acc/acc_reg[1]/R
  -------------------------------------------------------------------    -------------------

                         (clock core_clk_mmcm_w rise edge)
                                                     31.250    31.250 r  
    Y9                                                0.000    31.250 r  gclk_i (IN)
                         net (fo=0)                   0.000    31.250    gclk_i
    Y9                   IBUF (Prop_ibuf_I_O)         1.420    32.670 r  gclk_i_IBUF_inst/O
                         net (fo=1, routed)           1.162    33.832    gclk_i_IBUF
    MMCME2_ADV_X0Y0      MMCME2_ADV (Prop_mmcme2_adv_CLKIN1_CLKOUT0)
                                                     -7.438    26.394 r  u_mmcm/CLKOUT0
                         net (fo=1, routed)           1.691    28.085    core_clk_mmcm_w
    BUFGCTRL_X0Y0        BUFG (Prop_bufg_I_O)         0.091    28.176 r  u_core_clk_buf/O
                         net (fo=249, routed)         1.655    29.832    u_css_tx/u_framer/u_acc/clk
    SLICE_X6Y46          FDRE                                         r  u_css_tx/u_framer/u_acc/acc_reg[1]/C
                         clock pessimism              0.577    30.408    
                         clock uncertainty           -0.096    30.312    
    SLICE_X6Y46          FDRE (Setup_fdre_C_R)       -0.524    29.788    u_css_tx/u_framer/u_acc/acc_reg[1]
  -------------------------------------------------------------------
                         required time                         29.788    
                         arrival time                          -5.770    
  -------------------------------------------------------------------
                         slack                                 24.018    

Slack (MET) :             24.018ns  (required time - arrival time)
  Source:                 u_css_tx/u_modulator/control_unit/FSM_onehot_state_reg_reg[1]/C
                            (rising edge-triggered cell FDCE clocked by core_clk_mmcm_w  {rise@0.000ns fall@15.625ns period=31.250ns})
  Destination:            u_css_tx/u_framer/u_acc/acc_reg[3]/R
                            (rising edge-triggered cell FDRE clocked by core_clk_mmcm_w  {rise@0.000ns fall@15.625ns period=31.250ns})
  Path Group:             core_clk_mmcm_w
  Path Type:              Setup (Max at Slow Process Corner)
  Requirement:            31.250ns  (core_clk_mmcm_w rise@31.250ns - core_clk_mmcm_w rise@0.000ns)
  Data Path Delay:        6.546ns  (logic 1.598ns (24.410%)  route 4.948ns (75.590%))
  Logic Levels:           5  (LUT2=1 LUT4=2 LUT5=1 LUT6=1)
  Clock Path Skew:        -0.065ns (DCD - SCD + CPR)
    Destination Clock Delay (DCD):    -1.418ns = ( 29.832 - 31.250 ) 
    Source Clock Delay      (SCD):    -0.777ns
    Clock Pessimism Removal (CPR):    0.577ns
  Clock Uncertainty:      0.096ns  ((TSJ^2 + DJ^2)^1/2) / 2 + PE
    Total System Jitter     (TSJ):    0.071ns
    Discrete Jitter          (DJ):    0.179ns
    Phase Error              (PE):    0.000ns

    Location             Delay type                Incr(ns)  Path(ns)    Netlist Resource(s)
  -------------------------------------------------------------------    -------------------
                         (clock core_clk_mmcm_w rise edge)
                                                      0.000     0.000 r  
    Y9                                                0.000     0.000 r  gclk_i (IN)
                         net (fo=0)                   0.000     0.000    gclk_i
    Y9                   IBUF (Prop_ibuf_I_O)         1.490     1.490 r  gclk_i_IBUF_inst/O
                         net (fo=1, routed)           1.285     2.775    gclk_i_IBUF
    MMCME2_ADV_X0Y0      MMCME2_ADV (Prop_mmcme2_adv_CLKIN1_CLKOUT0)
                                                     -7.343    -4.568 r  u_mmcm/CLKOUT0
                         net (fo=1, routed)           1.855    -2.713    core_clk_mmcm_w
    BUFGCTRL_X0Y0        BUFG (Prop_bufg_I_O)         0.101    -2.612 r  u_core_clk_buf/O
                         net (fo=249, routed)         1.835    -0.777    u_css_tx/u_modulator/control_unit/clk
    SLICE_X2Y44          FDCE                                         r  u_css_tx/u_modulator/control_unit/FSM_onehot_state_reg_reg[1]/C
  -------------------------------------------------------------------    -------------------
    SLICE_X2Y44          FDCE (Prop_fdce_C_Q)         0.518    -0.259 f  u_css_tx/u_modulator/control_unit/FSM_onehot_state_reg_reg[1]/Q
                         net (fo=22, routed)          0.818     0.560    u_css_tx/u_modulator/control_unit/FSM_onehot_state_reg_reg[1]_1
    SLICE_X4Y42          LUT2 (Prop_lut2_I0_O)        0.150     0.710 f  u_css_tx/u_modulator/control_unit/system_busy_INST_0/O
                         net (fo=6, routed)           1.268     1.977    system_busy_debug_w
    SLICE_X10Y42         LUT4 (Prop_lut4_I1_O)        0.328     2.305 r  u_css_tx_i_1/O
                         net (fo=13, routed)          0.618     2.923    u_css_tx/u_framer/u_ctrl/start_Tx
    SLICE_X10Y44         LUT4 (Prop_lut4_I0_O)        0.150     3.073 r  u_css_tx/u_framer/u_ctrl/hold_i[31]_i_1/O
                         net (fo=71, routed)          0.845     3.919    u_css_tx/u_framer/u_ctrl/FSM_onehot_state_reg[0]_0
    SLICE_X7Y44          LUT5 (Prop_lut5_I3_O)        0.328     4.247 r  u_css_tx/u_framer/u_ctrl/acc[17]_i_1/O
                         net (fo=26, routed)          0.575     4.822    u_css_tx/u_framer/u_acc/acc_reg[17]_0
    SLICE_X10Y44         LUT6 (Prop_lut6_I5_O)        0.124     4.946 r  u_css_tx/u_framer/u_acc/acc[11]_i_1/O
                         net (fo=11, routed)          0.824     5.770    u_css_tx/u_framer/u_acc/acc[11]_i_1_n_0
    SLICE_X6Y46          FDRE                                         r  u_css_tx/u_framer/u_acc/acc_reg[3]/R
  -------------------------------------------------------------------    -------------------

                         (clock core_clk_mmcm_w rise edge)
                                                     31.250    31.250 r  
    Y9                                                0.000    31.250 r  gclk_i (IN)
                         net (fo=0)                   0.000    31.250    gclk_i
    Y9                   IBUF (Prop_ibuf_I_O)         1.420    32.670 r  gclk_i_IBUF_inst/O
                         net (fo=1, routed)           1.162    33.832    gclk_i_IBUF
    MMCME2_ADV_X0Y0      MMCME2_ADV (Prop_mmcme2_adv_CLKIN1_CLKOUT0)
                                                     -7.438    26.394 r  u_mmcm/CLKOUT0
                         net (fo=1, routed)           1.691    28.085    core_clk_mmcm_w
    BUFGCTRL_X0Y0        BUFG (Prop_bufg_I_O)         0.091    28.176 r  u_core_clk_buf/O
                         net (fo=249, routed)         1.655    29.832    u_css_tx/u_framer/u_acc/clk
    SLICE_X6Y46          FDRE                                         r  u_css_tx/u_framer/u_acc/acc_reg[3]/C
                         clock pessimism              0.577    30.408    
                         clock uncertainty           -0.096    30.312    
    SLICE_X6Y46          FDRE (Setup_fdre_C_R)       -0.524    29.788    u_css_tx/u_framer/u_acc/acc_reg[3]
  -------------------------------------------------------------------
                         required time                         29.788    
                         arrival time                          -5.770    
  -------------------------------------------------------------------
                         slack                                 24.018    

Slack (MET) :             24.034ns  (required time - arrival time)
  Source:                 u_css_tx/u_modulator/control_unit/FSM_onehot_state_reg_reg[1]/C
                            (rising edge-triggered cell FDCE clocked by core_clk_mmcm_w  {rise@0.000ns fall@15.625ns period=31.250ns})
  Destination:            u_css_tx/u_framer/u_acc/acc_reg[18]/R
                            (rising edge-triggered cell FDRE clocked by core_clk_mmcm_w  {rise@0.000ns fall@15.625ns period=31.250ns})
  Path Group:             core_clk_mmcm_w
  Path Type:              Setup (Max at Slow Process Corner)
  Requirement:            31.250ns  (core_clk_mmcm_w rise@31.250ns - core_clk_mmcm_w rise@0.000ns)
  Data Path Delay:        6.451ns  (logic 1.598ns (24.769%)  route 4.853ns (75.231%))
  Logic Levels:           5  (LUT2=1 LUT4=2 LUT5=2)
  Clock Path Skew:        -0.144ns (DCD - SCD + CPR)
    Destination Clock Delay (DCD):    -1.497ns = ( 29.753 - 31.250 ) 
    Source Clock Delay      (SCD):    -0.777ns
    Clock Pessimism Removal (CPR):    0.577ns
  Clock Uncertainty:      0.096ns  ((TSJ^2 + DJ^2)^1/2) / 2 + PE
    Total System Jitter     (TSJ):    0.071ns
    Discrete Jitter          (DJ):    0.179ns
    Phase Error              (PE):    0.000ns

    Location             Delay type                Incr(ns)  Path(ns)    Netlist Resource(s)
  -------------------------------------------------------------------    -------------------
                         (clock core_clk_mmcm_w rise edge)
                                                      0.000     0.000 r  
    Y9                                                0.000     0.000 r  gclk_i (IN)
                         net (fo=0)                   0.000     0.000    gclk_i
    Y9                   IBUF (Prop_ibuf_I_O)         1.490     1.490 r  gclk_i_IBUF_inst/O
                         net (fo=1, routed)           1.285     2.775    gclk_i_IBUF
    MMCME2_ADV_X0Y0      MMCME2_ADV (Prop_mmcme2_adv_CLKIN1_CLKOUT0)
                                                     -7.343    -4.568 r  u_mmcm/CLKOUT0
                         net (fo=1, routed)           1.855    -2.713    core_clk_mmcm_w
    BUFGCTRL_X0Y0        BUFG (Prop_bufg_I_O)         0.101    -2.612 r  u_core_clk_buf/O
                         net (fo=249, routed)         1.835    -0.777    u_css_tx/u_modulator/control_unit/clk
    SLICE_X2Y44          FDCE                                         r  u_css_tx/u_modulator/control_unit/FSM_onehot_state_reg_reg[1]/C
  -------------------------------------------------------------------    -------------------
    SLICE_X2Y44          FDCE (Prop_fdce_C_Q)         0.518    -0.259 f  u_css_tx/u_modulator/control_unit/FSM_onehot_state_reg_reg[1]/Q
                         net (fo=22, routed)          0.818     0.560    u_css_tx/u_modulator/control_unit/FSM_onehot_state_reg_reg[1]_1
    SLICE_X4Y42          LUT2 (Prop_lut2_I0_O)        0.150     0.710 f  u_css_tx/u_modulator/control_unit/system_busy_INST_0/O
                         net (fo=6, routed)           1.268     1.977    system_busy_debug_w
    SLICE_X10Y42         LUT4 (Prop_lut4_I1_O)        0.328     2.305 r  u_css_tx_i_1/O
                         net (fo=13, routed)          0.618     2.923    u_css_tx/u_framer/u_ctrl/start_Tx
    SLICE_X10Y44         LUT4 (Prop_lut4_I0_O)        0.150     3.073 r  u_css_tx/u_framer/u_ctrl/hold_i[31]_i_1/O
                         net (fo=71, routed)          0.845     3.919    u_css_tx/u_framer/u_ctrl/FSM_onehot_state_reg[0]_0
    SLICE_X7Y44          LUT5 (Prop_lut5_I3_O)        0.328     4.247 r  u_css_tx/u_framer/u_ctrl/acc[17]_i_1/O
                         net (fo=26, routed)          0.446     4.693    u_css_tx/u_framer/u_ctrl/FSM_onehot_state_reg[3]_1
    SLICE_X7Y44          LUT5 (Prop_lut5_I0_O)        0.124     4.817 r  u_css_tx/u_framer/u_ctrl/acc[23]_i_1/O
                         net (fo=6, routed)           0.858     5.675    u_css_tx/u_framer/u_acc/acc_reg[18]_1
    SLICE_X8Y42          FDRE                                         r  u_css_tx/u_framer/u_acc/acc_reg[18]/R
  -------------------------------------------------------------------    -------------------

                         (clock core_clk_mmcm_w rise edge)
                                                     31.250    31.250 r  
    Y9                                                0.000    31.250 r  gclk_i (IN)
                         net (fo=0)                   0.000    31.250    gclk_i
    Y9                   IBUF (Prop_ibuf_I_O)         1.420    32.670 r  gclk_i_IBUF_inst/O
                         net (fo=1, routed)           1.162    33.832    gclk_i_IBUF
    MMCME2_ADV_X0Y0      MMCME2_ADV (Prop_mmcme2_adv_CLKIN1_CLKOUT0)
                                                     -7.438    26.394 r  u_mmcm/CLKOUT0
                         net (fo=1, routed)           1.691    28.085    core_clk_mmcm_w
    BUFGCTRL_X0Y0        BUFG (Prop_bufg_I_O)         0.091    28.176 r  u_core_clk_buf/O
                         net (fo=249, routed)         1.576    29.753    u_css_tx/u_framer/u_acc/clk
    SLICE_X8Y42          FDRE                                         r  u_css_tx/u_framer/u_acc/acc_reg[18]/C
                         clock pessimism              0.577    30.329    
                         clock uncertainty           -0.096    30.233    
    SLICE_X8Y42          FDRE (Setup_fdre_C_R)       -0.524    29.709    u_css_tx/u_framer/u_acc/acc_reg[18]
  -------------------------------------------------------------------
                         required time                         29.709    
                         arrival time                          -5.675    
  -------------------------------------------------------------------
                         slack                                 24.034    




