Copyright 1986-2020 Xilinx, Inc. All Rights Reserved.
-------------------------------------------------------------------------------------------------------------------------------------------------------------------------------------------------------
| Tool Version : Vivado v.2020.1 (win64) Build 2902540 Wed May 27 19:54:49 MDT 2020
| Date         : Fri Sep 18 01:49:45 2026
| Host         : MSI running 64-bit major release  (build 9200)
| Command      : report_timing_summary -delay_type min_max -report_unconstrained -check_timing_verbose -file C:/Users/iamth/AppData/Roaming/Xilinx/Vivado/polar_final_reports/polar_timing_summary.rpt
| Design       : zedboard_polar_final_hw_top
| Device       : 7z020-clg484
| Speed File   : -1  PRODUCTION 1.12 2019-11-22
-------------------------------------------------------------------------------------------------------------------------------------------------------------------------------------------------------

Timing Summary Report

------------------------------------------------------------------------------------------------
| Timer Settings
| --------------
------------------------------------------------------------------------------------------------

  Enable Multi Corner Analysis               :  Yes
  Enable Pessimism Removal                   :  Yes
  Pessimism Removal Resolution               :  Nearest Common Node
  Enable Input Delay Default Clock           :  No
  Enable Preset / Clear Arcs                 :  No
  Disable Flight Delays                      :  No
  Ignore I/O Paths                           :  No
  Timing Early Launch at Borrowing Latches   :  No
  Borrow Time for Max Delay Exceptions       :  Yes
  Merge Timing Exceptions                    :  Yes

  Corner  Analyze    Analyze    
  Name    Max Paths  Min Paths  
  ------  ---------  ---------  
  Slow    Yes        Yes        
  Fast    Yes        Yes        



check_timing report

Table of Contents
-----------------
1. checking no_clock (0)
2. checking constant_clock (0)
3. checking pulse_width_clock (0)
4. checking unconstrained_internal_endpoints (0)
5. checking no_input_delay (3)
6. checking no_output_delay (18)
7. checking multiple_clock (0)
8. checking generated_clocks (0)
9. checking loops (0)
10. checking partial_input_delay (0)
11. checking partial_output_delay (0)
12. checking latch_loops (0)

1. checking no_clock (0)
------------------------
 There are 0 register/latch pins with no clock.


2. checking constant_clock (0)
------------------------------
 There are 0 register/latch pins with constant_clock.


3. checking pulse_width_clock (0)
---------------------------------
 There are 0 register/latch pins which need pulse_width check


4. checking unconstrained_internal_endpoints (0)
------------------------------------------------
 There are 0 pins that are not constrained for maximum delay.

 There are 0 pins that are not constrained for maximum delay due to constant clock.


5. checking no_input_delay (3)
------------------------------
 There are 0 input ports with no input delay specified.

 There are 3 input ports with no input delay but user has a false path constraint. (MEDIUM)

rate_i
reset_btn_i
start_btn_i


6. checking no_output_delay (18)
--------------------------------
 There are 18 ports with no output delay specified. (HIGH)

led_o[1]
led_o[2]
led_o[4]
led_o[5]
led_o[6]
led_o[7]
tx_imag_o[0]
tx_imag_o[1]
tx_imag_o[2]
tx_imag_o[3]
tx_imag_o[4]
tx_imag_o[5]
tx_real_o[0]
tx_real_o[1]
tx_real_o[2]
tx_real_o[3]
tx_real_o[4]
tx_real_o[5]

 There are 0 ports with no output delay but user has a false path constraint

 There are 0 ports with no output delay but with a timing clock defined on it or propagating through it


7. checking multiple_clock (0)
------------------------------
 There are 0 register/latch pins with multiple clocks.


8. checking generated_clocks (0)
--------------------------------
 There are 0 generated clocks that are not connected to a clock source.


9. checking loops (0)
---------------------
 There are 0 combinational loops in the design.


10. checking partial_input_delay (0)
------------------------------------
 There are 0 input ports with partial input delay specified.


11. checking partial_output_delay (0)
-------------------------------------
 There are 0 ports with partial output delay specified.


12. checking latch_loops (0)
----------------------------
 There are 0 combinational latch loops in the design through latch input



------------------------------------------------------------------------------------------------
| Design Timing Summary
| ---------------------
------------------------------------------------------------------------------------------------

    WNS(ns)      TNS(ns)  TNS Failing Endpoints  TNS Total Endpoints      WHS(ns)      THS(ns)  THS Failing Endpoints  THS Total Endpoints     WPWS(ns)     TPWS(ns)  TPWS Failing Endpoints  TPWS Total Endpoints  
    -------      -------  ---------------------  -------------------      -------      -------  ---------------------  -------------------     --------     --------  ----------------------  --------------------  
     23.634        0.000                      0                  654        0.122        0.000                      0                  654        3.000        0.000                       0                   255  


All user specified timing constraints are met.


------------------------------------------------------------------------------------------------
| Clock Summary
| -------------
------------------------------------------------------------------------------------------------

Clock              Waveform(ns)       Period(ns)      Frequency(MHz)
-----              ------------       ----------      --------------
board_clk_100      {0.000 5.000}      10.000          100.000         
  clkfb_mmcm_w     {0.000 5.000}      10.000          100.000         
  core_clk_mmcm_w  {0.000 15.625}     31.250          32.000          


------------------------------------------------------------------------------------------------
| Intra Clock Table
| -----------------
------------------------------------------------------------------------------------------------

Clock                  WNS(ns)      TNS(ns)  TNS Failing Endpoints  TNS Total Endpoints      WHS(ns)      THS(ns)  THS Failing Endpoints  THS Total Endpoints     WPWS(ns)     TPWS(ns)  TPWS Failing Endpoints  TPWS Total Endpoints  
-----                  -------      -------  ---------------------  -------------------      -------      -------  ---------------------  -------------------     --------     --------  ----------------------  --------------------  
board_clk_100                                                                                                                                                        3.000        0.000                       0                     1  
  clkfb_mmcm_w                                                                                                                                                       7.845        0.000                       0                     3  
  core_clk_mmcm_w       23.634        0.000                      0                  541        0.122        0.000                      0                  541       15.125        0.000                       0                   251  


------------------------------------------------------------------------------------------------
| Inter Clock Table
| -----------------
------------------------------------------------------------------------------------------------

From Clock    To Clock          WNS(ns)      TNS(ns)  TNS Failing Endpoints  TNS Total Endpoints      WHS(ns)      THS(ns)  THS Failing Endpoints  THS Total Endpoints  
----------    --------          -------      -------  ---------------------  -------------------      -------      -------  ---------------------  -------------------  


------------------------------------------------------------------------------------------------
| Other Path Groups Table
| -----------------------
------------------------------------------------------------------------------------------------

Path Group         From Clock         To Clock               WNS(ns)      TNS(ns)  TNS Failing Endpoints  TNS Total Endpoints      WHS(ns)      THS(ns)  THS Failing Endpoints  THS Total Endpoints  
----------         ----------         --------               -------      -------  ---------------------  -------------------      -------      -------  ---------------------  -------------------  
**async_default**  core_clk_mmcm_w    core_clk_mmcm_w         25.289        0.000                      0                  113        0.640        0.000                      0                  113  


------------------------------------------------------------------------------------------------
| User Ignored Path Table
| -----------------------
------------------------------------------------------------------------------------------------

Path Group       From Clock       To Clock       
----------       ----------       --------       
(none)                            core_clk_mmcm_w  


------------------------------------------------------------------------------------------------
| Unconstrained Path Table
| ------------------------
------------------------------------------------------------------------------------------------

Path Group       From Clock       To Clock       
----------       ----------       --------       
(none)           clkfb_mmcm_w                      
(none)           core_clk_mmcm_w                   
(none)                            core_clk_mmcm_w  


------------------------------------------------------------------------------------------------
| Timing Details
| --------------
------------------------------------------------------------------------------------------------


---------------------------------------------------------------------------------------------------
From Clock:  board_clk_100
  To Clock:  board_clk_100

Setup :           NA  Failing Endpoints,  Worst Slack           NA  ,  Total Violation           NA
Hold  :           NA  Failing Endpoints,  Worst Slack           NA  ,  Total Violation           NA
PW    :            0  Failing Endpoints,  Worst Slack        3.000ns,  Total Violation        0.000ns
---------------------------------------------------------------------------------------------------


Pulse Width Checks
--------------------------------------------------------------------------------------
Clock Name:         board_clk_100
Waveform(ns):       { 0.000 5.000 }
Period(ns):         10.000
Sources:            { gclk_i }

Check Type        Corner  Lib Pin            Reference Pin  Required(ns)  Actual(ns)  Slack(ns)  Location         Pin
Min Period        n/a     MMCME2_ADV/CLKIN1  n/a            1.249         10.000      8.751      MMCME2_ADV_X0Y0  u_mmcm/CLKIN1
Max Period        n/a     MMCME2_ADV/CLKIN1  n/a            100.000       10.000      90.000     MMCME2_ADV_X0Y0  u_mmcm/CLKIN1
Low Pulse Width   Slow    MMCME2_ADV/CLKIN1  n/a            2.000         5.000       3.000      MMCME2_ADV_X0Y0  u_mmcm/CLKIN1
High Pulse Width  Slow    MMCME2_ADV/CLKIN1  n/a            2.000         5.000       3.000      MMCME2_ADV_X0Y0  u_mmcm/CLKIN1



---------------------------------------------------------------------------------------------------
From Clock:  clkfb_mmcm_w
  To Clock:  clkfb_mmcm_w

Setup :           NA  Failing Endpoints,  Worst Slack           NA  ,  Total Violation           NA
Hold  :           NA  Failing Endpoints,  Worst Slack           NA  ,  Total Violation           NA
PW    :            0  Failing Endpoints,  Worst Slack        7.845ns,  Total Violation        0.000ns
---------------------------------------------------------------------------------------------------


Pulse Width Checks
--------------------------------------------------------------------------------------
Clock Name:         clkfb_mmcm_w
Waveform(ns):       { 0.000 5.000 }
Period(ns):         10.000
Sources:            { u_mmcm/CLKFBOUT }

Check Type  Corner  Lib Pin             Reference Pin  Required(ns)  Actual(ns)  Slack(ns)  Location         Pin
Min Period  n/a     BUFG/I              n/a            2.155         10.000      7.845      BUFGCTRL_X0Y1    u_mmcm_fb_buf/I
Max Period  n/a     MMCME2_ADV/CLKFBIN  n/a            100.000       10.000      90.000     MMCME2_ADV_X0Y0  u_mmcm/CLKFBIN



---------------------------------------------------------------------------------------------------
From Clock:  core_clk_mmcm_w
  To Clock:  core_clk_mmcm_w

Setup :            0  Failing Endpoints,  Worst Slack       23.634ns,  Total Violation        0.000ns
Hold  :            0  Failing Endpoints,  Worst Slack        0.122ns,  Total Violation        0.000ns
PW    :            0  Failing Endpoints,  Worst Slack       15.125ns,  Total Violation        0.000ns
---------------------------------------------------------------------------------------------------


Max Delay Paths
--------------------------------------------------------------------------------------
Slack (MET) :             23.634ns  (required time - arrival time)
  Source:                 u_css_tx/u_framer/u_ctrl/rate_q_reg/C
                            (rising edge-triggered cell FDRE clocked by core_clk_mmcm_w  {rise@0.000ns fall@15.625ns period=31.250ns})
  Destination:            u_css_tx/u_framer/u_ctrl/FSM_onehot_state_reg[0]/CE
                            (rising edge-triggered cell FDSE clocked by core_clk_mmcm_w  {rise@0.000ns fall@15.625ns period=31.250ns})
  Path Group:             core_clk_mmcm_w
  Path Type:              Setup (Max at Slow Process Corner)
  Requirement:            31.250ns  (core_clk_mmcm_w rise@31.250ns - core_clk_mmcm_w rise@0.000ns)
  Data Path Delay:        7.331ns  (logic 2.891ns (39.434%)  route 4.440ns (60.566%))
  Logic Levels:           8  (CARRY4=4 LUT2=1 LUT3=1 LUT6=2)
  Clock Path Skew:        0.016ns (DCD - SCD + CPR)
    Destination Clock Delay (DCD):    -1.418ns = ( 29.832 - 31.250 ) 
    Source Clock Delay      (SCD):    -0.858ns
    Clock Pessimism Removal (CPR):    0.577ns
  Clock Uncertainty:      0.096ns  ((TSJ^2 + DJ^2)^1/2) / 2 + PE
    Total System Jitter     (TSJ):    0.071ns
    Discrete Jitter          (DJ):    0.179ns
    Phase Error              (PE):    0.000ns

    Location             Delay type                Incr(ns)  Path(ns)    Netlist Resource(s)
  -------------------------------------------------------------------    -------------------
                         (clock core_clk_mmcm_w rise edge)
                                                      0.000     0.000 r  
    Y9                                                0.000     0.000 r  gclk_i (IN)
                         net (fo=0)                   0.000     0.000    gclk_i
    Y9                   IBUF (Prop_ibuf_I_O)         1.490     1.490 r  gclk_i_IBUF_inst/O
                         net (fo=1, routed)           1.285     2.775    gclk_i_IBUF
    MMCME2_ADV_X0Y0      MMCME2_ADV (Prop_mmcme2_adv_CLKIN1_CLKOUT0)
                                                     -7.343    -4.568 r  u_mmcm/CLKOUT0
                         net (fo=1, routed)           1.855    -2.713    core_clk_mmcm_w
    BUFGCTRL_X0Y0        BUFG (Prop_bufg_I_O)         0.101    -2.612 r  u_core_clk_buf/O
                         net (fo=249, routed)         1.754    -0.858    u_css_tx/u_framer/u_ctrl/clk
    SLICE_X10Y44         FDRE                                         r  u_css_tx/u_framer/u_ctrl/rate_q_reg/C
  -------------------------------------------------------------------    -------------------
    SLICE_X10Y44         FDRE (Prop_fdre_C_Q)         0.518    -0.340 r  u_css_tx/u_framer/u_ctrl/rate_q_reg/Q
                         net (fo=115, routed)         1.693     1.354    u_css_tx/u_framer/u_ctrl/rate_q
    SLICE_X9Y41          LUT3 (Prop_lut3_I0_O)        0.124     1.478 r  u_css_tx/u_framer/u_ctrl/left_next_carry_i_3/O
                         net (fo=1, routed)           0.000     1.478    u_css_tx/u_framer/u_ctrl/left_next_carry_i_3_n_0
    SLICE_X9Y41          CARRY4 (Prop_carry4_S[1]_CO[3])
                                                      0.550     2.028 r  u_css_tx/u_framer/u_ctrl/left_next_carry/CO[3]
                         net (fo=1, routed)           0.000     2.028    u_css_tx/u_framer/u_ctrl/left_next_carry_n_0
    SLICE_X9Y42          CARRY4 (Prop_carry4_CI_CO[3])
                                                      0.114     2.142 r  u_css_tx/u_framer/u_ctrl/left_next_carry__0/CO[3]
                         net (fo=1, routed)           0.000     2.142    u_css_tx/u_framer/u_ctrl/left_next_carry__0_n_0
    SLICE_X9Y43          CARRY4 (Prop_carry4_CI_O[1])
                                                      0.334     2.476 f  u_css_tx/u_framer/u_ctrl/left_next_carry__1/O[1]
                         net (fo=5, routed)           0.825     3.300    u_css_tx/u_framer/u_ctrl/in20[10]
    SLICE_X8Y43          LUT2 (Prop_lut2_I1_O)        0.303     3.603 r  u_css_tx/u_framer/u_ctrl/more0_carry__0_i_3/O
                         net (fo=1, routed)           0.000     3.603    u_css_tx/u_framer/u_ctrl/more0_carry__0_i_3_n_0
    SLICE_X8Y43          CARRY4 (Prop_carry4_S[1]_CO[1])
                                                      0.492     4.095 f  u_css_tx/u_framer/u_ctrl/more0_carry__0/CO[1]
                         net (fo=3, routed)           1.061     5.157    u_css_tx/u_framer/u_ctrl/more0_carry__0_n_2
    SLICE_X7Y43          LUT6 (Prop_lut6_I1_O)        0.332     5.489 r  u_css_tx/u_framer/u_ctrl/FSM_onehot_state[5]_i_4/O
                         net (fo=3, routed)           0.274     5.762    u_css_tx/u_framer/u_ctrl/FSM_onehot_state[5]_i_4_n_0
    SLICE_X7Y43          LUT6 (Prop_lut6_I4_O)        0.124     5.886 r  u_css_tx/u_framer/u_ctrl/FSM_onehot_state[5]_i_1/O
                         net (fo=6, routed)           0.587     6.474    u_css_tx/u_framer/u_ctrl/FSM_onehot_state[5]_i_1_n_0
    SLICE_X7Y43          FDSE                                         r  u_css_tx/u_framer/u_ctrl/FSM_onehot_state_reg[0]/CE
  -------------------------------------------------------------------    -------------------

                         (clock core_clk_mmcm_w rise edge)
                                                     31.250    31.250 r  
    Y9                                                0.000    31.250 r  gclk_i (IN)
                         net (fo=0)                   0.000    31.250    gclk_i
    Y9                   IBUF (Prop_ibuf_I_O)         1.420    32.670 r  gclk_i_IBUF_inst/O
                         net (fo=1, routed)           1.162    33.832    gclk_i_IBUF
    MMCME2_ADV_X0Y0      MMCME2_ADV (Prop_mmcme2_adv_CLKIN1_CLKOUT0)
                                                     -7.438    26.394 r  u_mmcm/CLKOUT0
                         net (fo=1, routed)           1.691    28.085    core_clk_mmcm_w
    BUFGCTRL_X0Y0        BUFG (Prop_bufg_I_O)         0.091    28.176 r  u_core_clk_buf/O
                         net (fo=249, routed)         1.655    29.832    u_css_tx/u_framer/u_ctrl/clk
    SLICE_X7Y43          FDSE                                         r  u_css_tx/u_framer/u_ctrl/FSM_onehot_state_reg[0]/C
                         clock pessimism              0.577    30.408    
                         clock uncertainty           -0.096    30.312    
    SLICE_X7Y43          FDSE (Setup_fdse_C_CE)      -0.205    30.107    u_css_tx/u_framer/u_ctrl/FSM_onehot_state_reg[0]
  -------------------------------------------------------------------
                         required time                         30.107    
                         arrival time                          -6.474    
  -------------------------------------------------------------------
                         slack                                 23.634    





Min Delay Paths
--------------------------------------------------------------------------------------
Slack (MET) :             0.122ns  (arrival time - required time)
  Source:                 rst_sync_r_reg[0]/C
                            (rising edge-triggered cell FDCE clocked by core_clk_mmcm_w  {rise@0.000ns fall@15.625ns period=31.250ns})
  Destination:            rst_sync_r_reg[1]/D
                            (rising edge-triggered cell FDCE clocked by core_clk_mmcm_w  {rise@0.000ns fall@15.625ns period=31.250ns})
  Path Group:             core_clk_mmcm_w
  Path Type:              Hold (Min at Fast Process Corner)
  Requirement:            0.000ns  (core_clk_mmcm_w rise@0.000ns - core_clk_mmcm_w rise@0.000ns)
  Data Path Delay:        0.197ns  (logic 0.141ns (71.611%)  route 0.056ns (28.389%))
  Logic Levels:           0  
  Clock Path Skew:        0.000ns (DCD - SCD - CPR)
    Destination Clock Delay (DCD):    -0.794ns
    Source Clock Delay      (SCD):    -0.557ns
    Clock Pessimism Removal (CPR):    -0.237ns

    Location             Delay type                Incr(ns)  Path(ns)    Netlist Resource(s)
  -------------------------------------------------------------------    -------------------
                         (clock core_clk_mmcm_w rise edge)
                                                      0.000     0.000 r  
    Y9                                                0.000     0.000 r  gclk_i (IN)
                         net (fo=0)                   0.000     0.000    gclk_i
    Y9                   IBUF (Prop_ibuf_I_O)         0.258     0.258 r  gclk_i_IBUF_inst/O
                         net (fo=1, routed)           0.440     0.698    gclk_i_IBUF
    MMCME2_ADV_X0Y0      MMCME2_ADV (Prop_mmcme2_adv_CLKIN1_CLKOUT0)
                                                     -2.421    -1.722 r  u_mmcm/CLKOUT0
                         net (fo=1, routed)           0.518    -1.204    core_clk_mmcm_w
    BUFGCTRL_X0Y0        BUFG (Prop_bufg_I_O)         0.026    -1.178 r  u_core_clk_buf/O
                         net (fo=249, routed)         0.622    -0.557    core_clk_w
    SLICE_X5Y42          FDCE                                         r  rst_sync_r_reg[0]/C
  -------------------------------------------------------------------    -------------------
    SLICE_X5Y42          FDCE (Prop_fdce_C_Q)         0.141    -0.416 r  rst_sync_r_reg[0]/Q
                         net (fo=1, routed)           0.056    -0.360    rst_sync_r[0]
    SLICE_X5Y42          FDCE                                         r  rst_sync_r_reg[1]/D
  -------------------------------------------------------------------    -------------------

                         (clock core_clk_mmcm_w rise edge)
                                                      0.000     0.000 r  
    Y9                                                0.000     0.000 r  gclk_i (IN)
                         net (fo=0)                   0.000     0.000    gclk_i
    Y9                   IBUF (Prop_ibuf_I_O)         0.446     0.446 r  gclk_i_IBUF_inst/O
                         net (fo=1, routed)           0.480     0.926    gclk_i_IBUF
    MMCME2_ADV_X0Y0      MMCME2_ADV (Prop_mmcme2_adv_CLKIN1_CLKOUT0)
                                                     -3.204    -2.278 r  u_mmcm/CLKOUT0
                         net (fo=1, routed)           0.564    -1.714    core_clk_mmcm_w
    BUFGCTRL_X0Y0        BUFG (Prop_bufg_I_O)         0.029    -1.685 r  u_core_clk_buf/O
                         net (fo=249, routed)         0.891    -0.794    core_clk_w
    SLICE_X5Y42          FDCE                                         r  rst_sync_r_reg[1]/C
                         clock pessimism              0.237    -0.557    
    SLICE_X5Y42          FDCE (Hold_fdce_C_D)         0.075    -0.482    rst_sync_r_reg[1]
  -------------------------------------------------------------------
                         required time                          0.482    
                         arrival time                          -0.360    
  -------------------------------------------------------------------
                         slack                                  0.122    





Pulse Width Checks
--------------------------------------------------------------------------------------
Clock Name:         core_clk_mmcm_w
Waveform(ns):       { 0.000 15.625 }
Period(ns):         31.250
Sources:            { u_mmcm/CLKOUT0 }

Check Type        Corner  Lib Pin             Reference Pin  Required(ns)  Actual(ns)  Slack(ns)  Location         Pin
Min Period        n/a     RAMB18E1/CLKARDCLK  n/a            2.944         31.250      28.306     RAMB18_X0Y16     u_css_tx/u_framer/u_payload_ram/mem_reg/CLKARDCLK
Max Period        n/a     MMCME2_ADV/CLKOUT0  n/a            213.360       31.250      182.110    MMCME2_ADV_X0Y0  u_mmcm/CLKOUT0
Low Pulse Width   Slow    FDCE/C              n/a            0.500         15.625      15.125     SLICE_X58Y41     heartbeat_r_reg[10]/C
High Pulse Width  Slow    FDCE/C              n/a            0.500         15.625      15.125     SLICE_X3Y39      u_css_tx/u_modulator/CSK_GEN/Phase_integrator/OUT_reg[1]/C



---------------------------------------------------------------------------------------------------
Path Group:  **async_default**
From Clock:  core_clk_mmcm_w
  To Clock:  core_clk_mmcm_w

Setup :            0  Failing Endpoints,  Worst Slack       25.289ns,  Total Violation        0.000ns
Hold  :            0  Failing Endpoints,  Worst Slack        0.640ns,  Total Violation        0.000ns
---------------------------------------------------------------------------------------------------


Max Delay Paths
--------------------------------------------------------------------------------------
Slack (MET) :             25.289ns  (required time - arrival time)
  Source:                 rst_sync_r_reg[1]/C
                            (rising edge-triggered cell FDCE clocked by core_clk_mmcm_w  {rise@0.000ns fall@15.625ns period=31.250ns})
  Destination:            packet_toggle_r_reg/CLR
                            (recovery check against rising-edge clock core_clk_mmcm_w  {rise@0.000ns fall@15.625ns period=31.250ns})
  Path Group:             **async_default**
  Path Type:              Recovery (Max at Slow Process Corner)
  Requirement:            31.250ns  (core_clk_mmcm_w rise@31.250ns - core_clk_mmcm_w rise@0.000ns)
  Data Path Delay:        4.985ns  (logic 0.747ns (14.985%)  route 4.238ns (85.015%))
  Logic Levels:           1  (LUT1=1)
  Clock Path Skew:        -0.268ns (DCD - SCD + CPR)
    Destination Clock Delay (DCD):    -1.522ns = ( 29.728 - 31.250 ) 
    Source Clock Delay      (SCD):    -0.779ns
    Clock Pessimism Removal (CPR):    0.476ns
  Clock Uncertainty:      0.096ns  ((TSJ^2 + DJ^2)^1/2) / 2 + PE
    Total System Jitter     (TSJ):    0.071ns
    Discrete Jitter          (DJ):    0.179ns
    Phase Error              (PE):    0.000ns

    Location             Delay type                Incr(ns)  Path(ns)    Netlist Resource(s)
  -------------------------------------------------------------------    -------------------
                         (clock core_clk_mmcm_w rise edge)
                                                      0.000     0.000 r  
    Y9                                                0.000     0.000 r  gclk_i (IN)
                         net (fo=0)                   0.000     0.000    gclk_i
    Y9                   IBUF (Prop_ibuf_I_O)         1.490     1.490 r  gclk_i_IBUF_inst/O
                         net (fo=1, routed)           1.285     2.775    gclk_i_IBUF
    MMCME2_ADV_X0Y0      MMCME2_ADV (Prop_mmcme2_adv_CLKIN1_CLKOUT0)
                                                     -7.343    -4.568 r  u_mmcm/CLKOUT0
                         net (fo=1, routed)           1.855    -2.713    core_clk_mmcm_w
    BUFGCTRL_X0Y0        BUFG (Prop_bufg_I_O)         0.101    -2.612 r  u_core_clk_buf/O
                         net (fo=249, routed)         1.833    -0.779    core_clk_w
    SLICE_X5Y42          FDCE                                         r  rst_sync_r_reg[1]/C
  -------------------------------------------------------------------    -------------------
    SLICE_X5Y42          FDCE (Prop_fdce_C_Q)         0.419    -0.360 r  rst_sync_r_reg[1]/Q
                         net (fo=6, routed)           1.098     0.738    rst_sync_r[1]
    SLICE_X10Y43         LUT1 (Prop_lut1_I0_O)        0.328     1.066 f  payload_index_r[1]_i_3/O
                         net (fo=35, routed)          3.140     4.206    payload_index_r[1]_i_3_n_0
    SLICE_X59Y44         FDCE                                         f  packet_toggle_r_reg/CLR
  -------------------------------------------------------------------    -------------------

                         (clock core_clk_mmcm_w rise edge)
                                                     31.250    31.250 r  
    Y9                                                0.000    31.250 r  gclk_i (IN)
                         net (fo=0)                   0.000    31.250    gclk_i
    Y9                   IBUF (Prop_ibuf_I_O)         1.420    32.670 r  gclk_i_IBUF_inst/O
                         net (fo=1, routed)           1.162    33.832    gclk_i_IBUF
    MMCME2_ADV_X0Y0      MMCME2_ADV (Prop_mmcme2_adv_CLKIN1_CLKOUT0)
                                                     -7.438    26.394 r  u_mmcm/CLKOUT0
                         net (fo=1, routed)           1.691    28.085    core_clk_mmcm_w
    BUFGCTRL_X0Y0        BUFG (Prop_bufg_I_O)         0.091    28.176 r  u_core_clk_buf/O
                         net (fo=249, routed)         1.551    29.728    core_clk_w
    SLICE_X59Y44         FDCE                                         r  packet_toggle_r_reg/C
                         clock pessimism              0.476    30.204    
                         clock uncertainty           -0.096    30.108    
    SLICE_X59Y44         FDCE (Recov_fdce_C_CLR)     -0.612    29.496    packet_toggle_r_reg
  -------------------------------------------------------------------
                         required time                         29.496    
                         arrival time                          -4.206    
  -------------------------------------------------------------------
                         slack                                 25.289    





Min Delay Paths
--------------------------------------------------------------------------------------
Slack (MET) :             0.640ns  (arrival time - required time)
  Source:                 u_css_tx/u_modulator/control_unit/FSM_onehot_state_reg_reg[0]/C
                            (rising edge-triggered cell FDPE clocked by core_clk_mmcm_w  {rise@0.000ns fall@15.625ns period=31.250ns})
  Destination:            u_css_tx/u_modulator/feedback_memory/mem_reg[2][10]/CLR
                            (removal check against rising-edge clock core_clk_mmcm_w  {rise@0.000ns fall@15.625ns period=31.250ns})
  Path Group:             **async_default**
  Path Type:              Removal (Min at Fast Process Corner)
  Requirement:            0.000ns  (core_clk_mmcm_w rise@0.000ns - core_clk_mmcm_w rise@0.000ns)
  Data Path Delay:        0.561ns  (logic 0.209ns (37.261%)  route 0.352ns (62.739%))
  Logic Levels:           1  (LUT6=1)
  Clock Path Skew:        0.013ns (DCD - SCD - CPR)
    Destination Clock Delay (DCD):    -0.793ns
    Source Clock Delay      (SCD):    -0.557ns
    Clock Pessimism Removal (CPR):    -0.249ns

    Location             Delay type                Incr(ns)  Path(ns)    Netlist Resource(s)
  -------------------------------------------------------------------    -------------------
                         (clock core_clk_mmcm_w rise edge)
                                                      0.000     0.000 r  
    Y9                                                0.000     0.000 r  gclk_i (IN)
                         net (fo=0)                   0.000     0.000    gclk_i
    Y9                   IBUF (Prop_ibuf_I_O)         0.258     0.258 r  gclk_i_IBUF_inst/O
                         net (fo=1, routed)           0.440     0.698    gclk_i_IBUF
    MMCME2_ADV_X0Y0      MMCME2_ADV (Prop_mmcme2_adv_CLKIN1_CLKOUT0)
                                                     -2.421    -1.722 r  u_mmcm/CLKOUT0
                         net (fo=1, routed)           0.518    -1.204    core_clk_mmcm_w
    BUFGCTRL_X0Y0        BUFG (Prop_bufg_I_O)         0.026    -1.178 r  u_core_clk_buf/O
                         net (fo=249, routed)         0.622    -0.557    u_css_tx/u_modulator/control_unit/clk
    SLICE_X2Y42          FDPE                                         r  u_css_tx/u_modulator/control_unit/FSM_onehot_state_reg_reg[0]/C
  -------------------------------------------------------------------    -------------------
    SLICE_X2Y42          FDPE (Prop_fdpe_C_Q)         0.164    -0.393 f  u_css_tx/u_modulator/control_unit/FSM_onehot_state_reg_reg[0]/Q
                         net (fo=17, routed)          0.163    -0.229    u_css_tx/u_framer/u_ctrl/mem_reg[0][10]
    SLICE_X5Y43          LUT6 (Prop_lut6_I4_O)        0.045    -0.184 f  u_css_tx/u_framer/u_ctrl/mem[3][11]_i_2/O
                         net (fo=12, routed)          0.189     0.004    u_css_tx/u_modulator/feedback_memory/AR[0]
    SLICE_X3Y42          FDCE                                         f  u_css_tx/u_modulator/feedback_memory/mem_reg[2][10]/CLR
  -------------------------------------------------------------------    -------------------

                         (clock core_clk_mmcm_w rise edge)
                                                      0.000     0.000 r  
    Y9                                                0.000     0.000 r  gclk_i (IN)
                         net (fo=0)                   0.000     0.000    gclk_i
    Y9                   IBUF (Prop_ibuf_I_O)         0.446     0.446 r  gclk_i_IBUF_inst/O
                         net (fo=1, routed)           0.480     0.926    gclk_i_IBUF
    MMCME2_ADV_X0Y0      MMCME2_ADV (Prop_mmcme2_adv_CLKIN1_CLKOUT0)
                                                     -3.204    -2.278 r  u_mmcm/CLKOUT0
                         net (fo=1, routed)           0.564    -1.714    core_clk_mmcm_w
    BUFGCTRL_X0Y0        BUFG (Prop_bufg_I_O)         0.029    -1.685 r  u_core_clk_buf/O
                         net (fo=249, routed)         0.892    -0.793    u_css_tx/u_modulator/feedback_memory/clk
    SLICE_X3Y42          FDCE                                         r  u_css_tx/u_modulator/feedback_memory/mem_reg[2][10]/C
                         clock pessimism              0.249    -0.544    
    SLICE_X3Y42          FDCE (Remov_fdce_C_CLR)     -0.092    -0.636    u_css_tx/u_modulator/feedback_memory/mem_reg[2][10]
  -------------------------------------------------------------------
                         required time                          0.636    
                         arrival time                           0.004    
  -------------------------------------------------------------------
                         slack                                  0.640    





--------------------------------------------------------------------------------------
Path Group:  (none)
From Clock:  
  To Clock:  core_clk_mmcm_w

Max Delay             4 Endpoints
Min Delay             4 Endpoints
--------------------------------------------------------------------------------------


Max Delay Paths
--------------------------------------------------------------------------------------
Slack:                    inf
  Source:                 reset_btn_i
                            (input port)
  Destination:            rst_sync_r_reg[0]/CLR
                            (recovery check against rising-edge clock core_clk_mmcm_w  {rise@0.000ns fall@15.625ns period=31.250ns})
  Path Group:             (none)
  Path Type:              Recovery (Max at Slow Process Corner)
  Data Path Delay:        6.674ns  (logic 1.057ns (15.838%)  route 5.617ns (84.162%))
  Logic Levels:           2  (IBUF=1 LUT2=1)
  Clock Path Skew:        -1.419ns (DCD - SCD + CPR)
    Destination Clock Delay (DCD):    -1.419ns
    Source Clock Delay      (SCD):    0.000ns
    Clock Pessimism Removal (CPR):    0.000ns
  Timing Exception:       False Path

    Location             Delay type                Incr(ns)  Path(ns)    Netlist Resource(s)
  -------------------------------------------------------------------    -------------------
    P16                                               0.000     0.000 f  reset_btn_i (IN)
                         net (fo=0)                   0.000     0.000    reset_btn_i
    P16                  IBUF (Prop_ibuf_I_O)         0.933     0.933 f  reset_btn_i_IBUF_inst/O
                         net (fo=2, routed)           5.048     5.982    reset_btn_i_IBUF
    SLICE_X5Y42          LUT2 (Prop_lut2_I0_O)        0.124     6.106 f  rst_sync_r[1]_i_1/O
                         net (fo=2, routed)           0.569     6.674    rst_async_w
    SLICE_X5Y42          FDCE                                         f  rst_sync_r_reg[0]/CLR
  -------------------------------------------------------------------    -------------------

                         (clock core_clk_mmcm_w rise edge)
                                                      0.000     0.000 r  
    Y9                                                0.000     0.000 r  gclk_i (IN)
                         net (fo=0)                   0.000     0.000    gclk_i
    Y9                   IBUF (Prop_ibuf_I_O)         1.420     1.420 r  gclk_i_IBUF_inst/O
                         net (fo=1, routed)           1.162     2.582    gclk_i_IBUF
    MMCME2_ADV_X0Y0      MMCME2_ADV (Prop_mmcme2_adv_CLKIN1_CLKOUT0)
                                                     -7.438    -4.856 r  u_mmcm/CLKOUT0
                         net (fo=1, routed)           1.691    -3.165    core_clk_mmcm_w
    BUFGCTRL_X0Y0        BUFG (Prop_bufg_I_O)         0.091    -3.074 r  u_core_clk_buf/O
                         net (fo=249, routed)         1.654    -1.419    core_clk_w
    SLICE_X5Y42          FDCE                                         r  rst_sync_r_reg[0]/C





Min Delay Paths
--------------------------------------------------------------------------------------
Slack:                    inf
  Source:                 rate_i
                            (input port)
  Destination:            rate_sync_r_reg[0]/D
                            (rising edge-triggered cell FDCE clocked by core_clk_mmcm_w  {rise@0.000ns fall@15.625ns period=31.250ns})
  Path Group:             (none)
  Path Type:              Hold (Min at Fast Process Corner)
  Data Path Delay:        2.141ns  (logic 0.201ns (9.369%)  route 1.940ns (90.631%))
  Logic Levels:           1  (IBUF=1)
  Clock Path Skew:        -0.835ns (DCD - SCD - CPR)
    Destination Clock Delay (DCD):    -0.835ns
    Source Clock Delay      (SCD):    0.000ns
    Clock Pessimism Removal (CPR):    -0.000ns
  Timing Exception:       False Path

    Location             Delay type                Incr(ns)  Path(ns)    Netlist Resource(s)
  -------------------------------------------------------------------    -------------------
    F22                                               0.000     0.000 r  rate_i (IN)
                         net (fo=0)                   0.000     0.000    rate_i
    F22                  IBUF (Prop_ibuf_I_O)         0.201     0.201 r  rate_i_IBUF_inst/O
                         net (fo=1, routed)           1.940     2.141    rate_i_IBUF
    SLICE_X59Y44         FDCE                                         r  rate_sync_r_reg[0]/D
  -------------------------------------------------------------------    -------------------

                         (clock core_clk_mmcm_w rise edge)
                                                      0.000     0.000 r  
    Y9                                                0.000     0.000 r  gclk_i (IN)
                         net (fo=0)                   0.000     0.000    gclk_i
    Y9                   IBUF (Prop_ibuf_I_O)         0.446     0.446 r  gclk_i_IBUF_inst/O
                         net (fo=1, routed)           0.480     0.926    gclk_i_IBUF
    MMCME2_ADV_X0Y0      MMCME2_ADV (Prop_mmcme2_adv_CLKIN1_CLKOUT0)
                                                     -3.204    -2.278 r  u_mmcm/CLKOUT0
                         net (fo=1, routed)           0.564    -1.714    core_clk_mmcm_w
    BUFGCTRL_X0Y0        BUFG (Prop_bufg_I_O)         0.029    -1.685 r  u_core_clk_buf/O
                         net (fo=249, routed)         0.850    -0.835    core_clk_w
    SLICE_X59Y44         FDCE                                         r  rate_sync_r_reg[0]/C





--------------------------------------------------------------------------------------
Path Group:  (none)
From Clock:  clkfb_mmcm_w
  To Clock:  

Max Delay             1 Endpoint
Min Delay             1 Endpoint
--------------------------------------------------------------------------------------


Max Delay Paths
--------------------------------------------------------------------------------------
Slack:                    inf
  Source:                 u_mmcm/CLKFBOUT
                            (clock source 'clkfb_mmcm_w'  {rise@0.000ns fall@5.000ns period=10.000ns})
  Destination:            u_mmcm/CLKFBIN
  Path Group:             (none)
  Path Type:              Max at Fast Process Corner
  Data Path Delay:        1.437ns  (logic 0.029ns (2.018%)  route 1.408ns (97.982%))
  Logic Levels:           1  (BUFG=1)
  Clock Uncertainty:      0.168ns  ((TSJ^2 + DJ^2)^1/2) / 2 + PE
    Total System Jitter     (TSJ):    0.050ns
    Discrete Jitter          (DJ):    0.096ns
    Phase Error              (PE):    0.114ns

    Location             Delay type                Incr(ns)  Path(ns)    Netlist Resource(s)
  -------------------------------------------------------------------    -------------------
                         (clock clkfb_mmcm_w fall edge)
                                                      5.000     5.000 f  
    Y9                                                0.000     5.000 f  gclk_i (IN)
                         net (fo=0)                   0.000     5.000    gclk_i
    Y9                   IBUF (Prop_ibuf_I_O)         0.446     5.446 f  gclk_i_IBUF_inst/O
                         net (fo=1, routed)           0.480     5.926    gclk_i_IBUF
  -------------------------------------------------------------------    -------------------
    MMCME2_ADV_X0Y0      MMCME2_ADV (Prop_mmcme2_adv_CLKIN1_CLKFBOUT)
                                                     -3.204     2.722 f  u_mmcm/CLKFBOUT
                         net (fo=1, routed)           0.564     3.286    clkfb_mmcm_w
    BUFGCTRL_X0Y1        BUFG (Prop_bufg_I_O)         0.029     3.315 f  u_mmcm_fb_buf/O
                         net (fo=1, routed)           0.844     4.159    clkfb_w
    MMCME2_ADV_X0Y0      MMCME2_ADV                                   f  u_mmcm/CLKFBIN
  -------------------------------------------------------------------    -------------------





Min Delay Paths
--------------------------------------------------------------------------------------
Slack:                    inf
  Source:                 u_mmcm/CLKFBOUT
                            (clock source 'clkfb_mmcm_w'  {rise@0.000ns fall@5.000ns period=10.000ns})
  Destination:            u_mmcm/CLKFBIN
  Path Group:             (none)
  Path Type:              Min at Slow Process Corner
  Data Path Delay:        3.349ns  (logic 0.091ns (2.717%)  route 3.258ns (97.283%))
  Logic Levels:           1  (BUFG=1)
  Clock Uncertainty:      0.168ns  ((TSJ^2 + DJ^2)^1/2) / 2 + PE
    Total System Jitter     (TSJ):    0.050ns
    Discrete Jitter          (DJ):    0.096ns
    Phase Error              (PE):    0.114ns

    Location             Delay type                Incr(ns)  Path(ns)    Netlist Resource(s)
  -------------------------------------------------------------------    -------------------
                         (clock clkfb_mmcm_w rise edge)
                                                      0.000     0.000 r  
    Y9                                                0.000     0.000 r  gclk_i (IN)
                         net (fo=0)                   0.000     0.000    gclk_i
    Y9                   IBUF (Prop_ibuf_I_O)         1.420     1.420 r  gclk_i_IBUF_inst/O
                         net (fo=1, routed)           1.162     2.582    gclk_i_IBUF
  -------------------------------------------------------------------    -------------------
    MMCME2_ADV_X0Y0      MMCME2_ADV (Prop_mmcme2_adv_CLKIN1_CLKFBOUT)
                                                     -7.438    -4.856 r  u_mmcm/CLKFBOUT
                         net (fo=1, routed)           1.691    -3.165    clkfb_mmcm_w
    BUFGCTRL_X0Y1        BUFG (Prop_bufg_I_O)         0.091    -3.074 r  u_mmcm_fb_buf/O
                         net (fo=1, routed)           1.567    -1.506    clkfb_w
    MMCME2_ADV_X0Y0      MMCME2_ADV                                   r  u_mmcm/CLKFBIN
  -------------------------------------------------------------------    -------------------





--------------------------------------------------------------------------------------
Path Group:  (none)
From Clock:  core_clk_mmcm_w
  To Clock:  

Max Delay            18 Endpoints
Min Delay            18 Endpoints
--------------------------------------------------------------------------------------


Max Delay Paths
--------------------------------------------------------------------------------------
Slack:                    inf
  Source:                 u_css_tx/u_modulator/control_unit/FSM_onehot_state_reg_reg[1]/C
                            (rising edge-triggered cell FDCE clocked by core_clk_mmcm_w  {rise@0.000ns fall@15.625ns period=31.250ns})
  Destination:            led_o[2]
                            (output port)
  Path Group:             (none)
  Path Type:              Max at Slow Process Corner
  Data Path Delay:        11.209ns  (logic 4.840ns (43.181%)  route 6.369ns (56.819%))
  Logic Levels:           2  (LUT2=1 OBUF=1)
  Clock Uncertainty:      0.207ns  ((TSJ^2 + DJ^2)^1/2) / 2 + PE
    Total System Jitter     (TSJ):    0.050ns
    Discrete Jitter          (DJ):    0.179ns
    Phase Error              (PE):    0.114ns

    Location             Delay type                Incr(ns)  Path(ns)    Netlist Resource(s)
  -------------------------------------------------------------------    -------------------
                         (clock core_clk_mmcm_w rise edge)
                                                      0.000     0.000 r  
    Y9                                                0.000     0.000 r  gclk_i (IN)
                         net (fo=0)                   0.000     0.000    gclk_i
    Y9                   IBUF (Prop_ibuf_I_O)         1.490     1.490 r  gclk_i_IBUF_inst/O
                         net (fo=1, routed)           1.285     2.775    gclk_i_IBUF
    MMCME2_ADV_X0Y0      MMCME2_ADV (Prop_mmcme2_adv_CLKIN1_CLKOUT0)
                                                     -7.343    -4.568 r  u_mmcm/CLKOUT0
                         net (fo=1, routed)           1.855    -2.713    core_clk_mmcm_w
    BUFGCTRL_X0Y0        BUFG (Prop_bufg_I_O)         0.101    -2.612 r  u_core_clk_buf/O
                         net (fo=249, routed)         1.835    -0.777    u_css_tx/u_modulator/control_unit/clk
    SLICE_X2Y44          FDCE                                         r  u_css_tx/u_modulator/control_unit/FSM_onehot_state_reg_reg[1]/C
  -------------------------------------------------------------------    -------------------
    SLICE_X2Y44          FDCE (Prop_fdce_C_Q)         0.518    -0.259 r  u_css_tx/u_modulator/control_unit/FSM_onehot_state_reg_reg[1]/Q
                         net (fo=22, routed)          0.818     0.560    u_css_tx/u_modulator/control_unit/FSM_onehot_state_reg_reg[1]_1
    SLICE_X4Y42          LUT2 (Prop_lut2_I0_O)        0.150     0.710 r  u_css_tx/u_modulator/control_unit/system_busy_INST_0/O
                         net (fo=6, routed)           5.550     6.260    system_busy_debug_w
    U22                  OBUF (Prop_obuf_I_O)         4.172    10.432 r  led_o_OBUF[2]_inst/O
                         net (fo=0)                   0.000    10.432    led_o[2]
    U22                                                               r  led_o[2] (OUT)
  -------------------------------------------------------------------    -------------------





Min Delay Paths
--------------------------------------------------------------------------------------
Slack:                    inf
  Source:                 u_css_tx/u_modulator/CSK_GEN/complex_exp_LUT/cos_reg[2]/C
                            (rising edge-triggered cell FDCE clocked by core_clk_mmcm_w  {rise@0.000ns fall@15.625ns period=31.250ns})
  Destination:            tx_real_o[2]
                            (output port)
  Path Group:             (none)
  Path Type:              Min at Fast Process Corner
  Data Path Delay:        2.550ns  (logic 2.175ns (85.294%)  route 0.375ns (14.706%))
  Logic Levels:           1  (OBUF=1)
  Clock Uncertainty:      0.207ns  ((TSJ^2 + DJ^2)^1/2) / 2 + PE
    Total System Jitter     (TSJ):    0.050ns
    Discrete Jitter          (DJ):    0.179ns
    Phase Error              (PE):    0.114ns

    Location             Delay type                Incr(ns)  Path(ns)    Netlist Resource(s)
  -------------------------------------------------------------------    -------------------
                         (clock core_clk_mmcm_w rise edge)
                                                      0.000     0.000 r  
    Y9                                                0.000     0.000 r  gclk_i (IN)
                         net (fo=0)                   0.000     0.000    gclk_i
    Y9                   IBUF (Prop_ibuf_I_O)         0.258     0.258 r  gclk_i_IBUF_inst/O
                         net (fo=1, routed)           0.440     0.698    gclk_i_IBUF
    MMCME2_ADV_X0Y0      MMCME2_ADV (Prop_mmcme2_adv_CLKIN1_CLKOUT0)
                                                     -2.421    -1.722 r  u_mmcm/CLKOUT0
                         net (fo=1, routed)           0.518    -1.204    core_clk_mmcm_w
    BUFGCTRL_X0Y0        BUFG (Prop_bufg_I_O)         0.026    -1.178 r  u_core_clk_buf/O
                         net (fo=249, routed)         0.619    -0.560    u_css_tx/u_modulator/CSK_GEN/complex_exp_LUT/clk
    SLICE_X1Y35          FDCE                                         r  u_css_tx/u_modulator/CSK_GEN/complex_exp_LUT/cos_reg[2]/C
  -------------------------------------------------------------------    -------------------
    SLICE_X1Y35          FDCE (Prop_fdce_C_Q)         0.141    -0.419 r  u_css_tx/u_modulator/CSK_GEN/complex_exp_LUT/cos_reg[2]/Q
                         net (fo=2, routed)           0.375    -0.044    dac_real_polar_w[2]
    Y10                  OBUF (Prop_obuf_I_O)         2.034     1.990 r  tx_real_o_OBUF[2]_inst/O
                         net (fo=0)                   0.000     1.990    tx_real_o[2]
    Y10                                                               r  tx_real_o[2] (OUT)
  -------------------------------------------------------------------    -------------------





--------------------------------------------------------------------------------------
Path Group:  (none)
From Clock:  
  To Clock:  core_clk_mmcm_w

Max Delay             2 Endpoints
Min Delay             2 Endpoints
--------------------------------------------------------------------------------------


Max Delay Paths
--------------------------------------------------------------------------------------
Slack:                    inf
  Source:                 u_mmcm/LOCKED
                            (internal pin)
  Destination:            rst_sync_r_reg[0]/CLR
                            (recovery check against rising-edge clock core_clk_mmcm_w  {rise@0.000ns fall@15.625ns period=31.250ns})
  Path Group:             (none)
  Path Type:              Recovery (Max at Slow Process Corner)
  Data Path Delay:        2.967ns  (logic 0.124ns (4.180%)  route 2.843ns (95.820%))
  Logic Levels:           1  (LUT2=1)
  Clock Uncertainty:      0.207ns  ((TSJ^2 + DJ^2)^1/2) / 2 + PE
    Total System Jitter     (TSJ):    0.050ns
    Discrete Jitter          (DJ):    0.179ns
    Phase Error              (PE):    0.114ns

    Location             Delay type                Incr(ns)  Path(ns)    Netlist Resource(s)
  -------------------------------------------------------------------    -------------------
    MMCME2_ADV_X0Y0      MMCME2_ADV                   0.000     0.000 r  u_mmcm/LOCKED
                         net (fo=2, routed)           2.274     2.274    led_o_OBUF[0]
    SLICE_X5Y42          LUT2 (Prop_lut2_I1_O)        0.124     2.398 f  rst_sync_r[1]_i_1/O
                         net (fo=2, routed)           0.569     2.967    rst_async_w
    SLICE_X5Y42          FDCE                                         f  rst_sync_r_reg[0]/CLR
  -------------------------------------------------------------------    -------------------

                         (clock core_clk_mmcm_w rise edge)
                                                      0.000     0.000 r  
    Y9                                                0.000     0.000 r  gclk_i (IN)
                         net (fo=0)                   0.000     0.000    gclk_i
    Y9                   IBUF (Prop_ibuf_I_O)         1.420     1.420 r  gclk_i_IBUF_inst/O
                         net (fo=1, routed)           1.162     2.582    gclk_i_IBUF
    MMCME2_ADV_X0Y0      MMCME2_ADV (Prop_mmcme2_adv_CLKIN1_CLKOUT0)
                                                     -7.438    -4.856 r  u_mmcm/CLKOUT0
                         net (fo=1, routed)           1.691    -3.165    core_clk_mmcm_w
    BUFGCTRL_X0Y0        BUFG (Prop_bufg_I_O)         0.091    -3.074 r  u_core_clk_buf/O
                         net (fo=249, routed)         1.654    -1.419    core_clk_w
    SLICE_X5Y42          FDCE                                         r  rst_sync_r_reg[0]/C





Min Delay Paths
--------------------------------------------------------------------------------------
Slack:                    inf
  Source:                 u_mmcm/LOCKED
                            (internal pin)
  Destination:            rst_sync_r_reg[0]/CLR
                            (removal check against rising-edge clock core_clk_mmcm_w  {rise@0.000ns fall@15.625ns period=31.250ns})
  Path Group:             (none)
  Path Type:              Removal (Min at Fast Process Corner)
  Data Path Delay:        1.128ns  (logic 0.045ns (3.991%)  route 1.083ns (96.009%))
  Logic Levels:           1  (LUT2=1)
  Clock Uncertainty:      0.207ns  ((TSJ^2 + DJ^2)^1/2) / 2 + PE
    Total System Jitter     (TSJ):    0.050ns
    Discrete Jitter          (DJ):    0.179ns
    Phase Error              (PE):    0.114ns

    Location             Delay type                Incr(ns)  Path(ns)    Netlist Resource(s)
  -------------------------------------------------------------------    -------------------
    MMCME2_ADV_X0Y0      MMCME2_ADV                   0.000     0.000 r  u_mmcm/LOCKED
                         net (fo=2, routed)           0.893     0.893    led_o_OBUF[0]
    SLICE_X5Y42          LUT2 (Prop_lut2_I1_O)        0.045     0.938 f  rst_sync_r[1]_i_1/O
                         net (fo=2, routed)           0.190     1.128    rst_async_w
    SLICE_X5Y42          FDCE                                         f  rst_sync_r_reg[0]/CLR
  -------------------------------------------------------------------    -------------------

                         (clock core_clk_mmcm_w rise edge)
                                                      0.000     0.000 r  
    Y9                                                0.000     0.000 r  gclk_i (IN)
                         net (fo=0)                   0.000     0.000    gclk_i
    Y9                   IBUF (Prop_ibuf_I_O)         0.446     0.446 r  gclk_i_IBUF_inst/O
                         net (fo=1, routed)           0.480     0.926    gclk_i_IBUF
    MMCME2_ADV_X0Y0      MMCME2_ADV (Prop_mmcme2_adv_CLKIN1_CLKOUT0)
                                                     -3.204    -2.278 r  u_mmcm/CLKOUT0
                         net (fo=1, routed)           0.564    -1.714    core_clk_mmcm_w
    BUFGCTRL_X0Y0        BUFG (Prop_bufg_I_O)         0.029    -1.685 r  u_core_clk_buf/O
                         net (fo=249, routed)         0.891    -0.794    core_clk_w
    SLICE_X5Y42          FDCE                                         r  rst_sync_r_reg[0]/C





