****************************************
Report : report_utilization
Design : CSS_Transmitter_Top
Version: O-2018.06-SP1
Date   : Fri Sep 18 13:27:43 2026
****************************************
Utilization Ratio:			0.5625
Utilization options:
 - Area calculation based on:		site_row of block polar_tx_placement
 - Categories of objects excluded:	hard_macros macro_keepouts soft_macros io_cells hard_blockages 
Total Area:				149551.7184
Total Capacity Area:			149551.7184
Total Area of cells:			84119.0400
Area of excluded objects:
 - hard_macros         :		0.0000
 - macro_keepouts      :		0.0000
 - soft_macros         :		0.0000
 - io_cells            :		0.0000
 - hard_blockages      :		0.0000

Utilization of site-rows with:
 - Site 'unit':				0.5625

0.5625
