Copyright 1986-2020 Xilinx, Inc. All Rights Reserved.
----------------------------------------------------------------------------------------------------------------------------------------------------------------------------------------------------------
| Tool Version : Vivado v.2020.1 (win64) Build 2902540 Wed May 27 19:54:49 MDT 2020
| Date         : Thu Sep 17 20:47:24 2026
| Host         : MSI running 64-bit major release  (build 9200)
| Command      : report_timing_summary -delay_type min_max -report_unconstrained -check_timing_verbose -file C:/Users/iamth/AppData/Roaming/Xilinx/Vivado/cartesian_final_reports/cart_timing_summary.rpt
| Design       : zedboard_cartesian_final_hw_top
| Device       : 7z020-clg484
| Speed File   : -1  PRODUCTION 1.12 2019-11-22
----------------------------------------------------------------------------------------------------------------------------------------------------------------------------------------------------------

Timing Summary Report

------------------------------------------------------------------------------------------------
| Timer Settings
| --------------
------------------------------------------------------------------------------------------------

  Enable Multi Corner Analysis               :  Yes
  Enable Pessimism Removal                   :  Yes
  Pessimism Removal Resolution               :  Nearest Common Node
  Enable Input Delay Default Clock           :  No
  Enable Preset / Clear Arcs                 :  No
  Disable Flight Delays                      :  No
  Ignore I/O Paths                           :  No
  Timing Early Launch at Borrowing Latches   :  No
  Borrow Time for Max Delay Exceptions       :  Yes
  Merge Timing Exceptions                    :  Yes

  Corner  Analyze    Analyze    
  Name    Max Paths  Min Paths  
  ------  ---------  ---------  
  Slow    Yes        Yes        
  Fast    Yes        Yes        



check_timing report

Table of Contents
-----------------
1. checking no_clock (0)
2. checking constant_clock (0)
3. checking pulse_width_clock (0)
4. checking unconstrained_internal_endpoints (0)
5. checking no_input_delay (3)
6. checking no_output_delay (18)
7. checking multiple_clock (0)
8. checking generated_clocks (0)
9. checking loops (0)
10. checking partial_input_delay (0)
11. checking partial_output_delay (0)
12. checking latch_loops (0)

1. checking no_clock (0)
------------------------
 There are 0 register/latch pins with no clock.


2. checking constant_clock (0)
------------------------------
 There are 0 register/latch pins with constant_clock.


3. checking pulse_width_clock (0)
---------------------------------
 There are 0 register/latch pins which need pulse_width check


4. checking unconstrained_internal_endpoints (0)
------------------------------------------------
 There are 0 pins that are not constrained for maximum delay.

 There are 0 pins that are not constrained for maximum delay due to constant clock.


5. checking no_input_delay (3)
------------------------------
 There are 0 input ports with no input delay specified.

 There are 3 input ports with no input delay but user has a false path constraint. (MEDIUM)

rate_i
reset_btn_i
start_btn_i


6. checking no_output_delay (18)
--------------------------------
 There are 18 ports with no output delay specified. (HIGH)

led_o[1]
led_o[2]
led_o[4]
led_o[5]
led_o[6]
led_o[7]
tx_imag_o[0]
tx_imag_o[1]
tx_imag_o[2]
tx_imag_o[3]
tx_imag_o[4]
tx_imag_o[5]
tx_real_o[0]
tx_real_o[1]
tx_real_o[2]
tx_real_o[3]
tx_real_o[4]
tx_real_o[5]

 There are 0 ports with no output delay but user has a false path constraint

 There are 0 ports with no output delay but with a timing clock defined on it or propagating through it


7. checking multiple_clock (0)
------------------------------
 There are 0 register/latch pins with multiple clocks.


8. checking generated_clocks (0)
--------------------------------
 There are 0 generated clocks that are not connected to a clock source.


9. checking loops (0)
---------------------
 There are 0 combinational loops in the design.


10. checking partial_input_delay (0)
------------------------------------
 There are 0 input ports with partial input delay specified.


11. checking partial_output_delay (0)
-------------------------------------
 There are 0 ports with partial output delay specified.


12. checking latch_loops (0)
----------------------------
 There are 0 combinational latch loops in the design through latch input



------------------------------------------------------------------------------------------------
| Design Timing Summary
| ---------------------
------------------------------------------------------------------------------------------------

    WNS(ns)      TNS(ns)  TNS Failing Endpoints  TNS Total Endpoints      WHS(ns)      THS(ns)  THS Failing Endpoints  THS Total Endpoints     WPWS(ns)     TPWS(ns)  TPWS Failing Endpoints  TPWS Total Endpoints  
    -------      -------  ---------------------  -------------------      -------      -------  ---------------------  -------------------     --------     --------  ----------------------  --------------------  
     18.624        0.000                      0                  640        0.118        0.000                      0                  640        3.000        0.000                       0                   239  


All user specified timing constraints are met.


------------------------------------------------------------------------------------------------
| Clock Summary
| -------------
------------------------------------------------------------------------------------------------

Clock              Waveform(ns)       Period(ns)      Frequency(MHz)
-----              ------------       ----------      --------------
board_clk_100      {0.000 5.000}      10.000          100.000         
  clkfb_mmcm_w     {0.000 5.000}      10.000          100.000         
  core_clk_mmcm_w  {0.000 15.625}     31.250          32.000          


------------------------------------------------------------------------------------------------
| Intra Clock Table
| -----------------
------------------------------------------------------------------------------------------------

Clock                  WNS(ns)      TNS(ns)  TNS Failing Endpoints  TNS Total Endpoints      WHS(ns)      THS(ns)  THS Failing Endpoints  THS Total Endpoints     WPWS(ns)     TPWS(ns)  TPWS Failing Endpoints  TPWS Total Endpoints  
-----                  -------      -------  ---------------------  -------------------      -------      -------  ---------------------  -------------------     --------     --------  ----------------------  --------------------  
board_clk_100                                                                                                                                                        3.000        0.000                       0                     1  
  clkfb_mmcm_w                                                                                                                                                       7.845        0.000                       0                     3  
  core_clk_mmcm_w       18.624        0.000                      0                  526        0.118        0.000                      0                  526       15.125        0.000                       0                   235  


------------------------------------------------------------------------------------------------
| Inter Clock Table
| -----------------
------------------------------------------------------------------------------------------------

From Clock    To Clock          WNS(ns)      TNS(ns)  TNS Failing Endpoints  TNS Total Endpoints      WHS(ns)      THS(ns)  THS Failing Endpoints  THS Total Endpoints  
----------    --------          -------      -------  ---------------------  -------------------      -------      -------  ---------------------  -------------------  


------------------------------------------------------------------------------------------------
| Other Path Groups Table
| -----------------------
------------------------------------------------------------------------------------------------

Path Group         From Clock         To Clock               WNS(ns)      TNS(ns)  TNS Failing Endpoints  TNS Total Endpoints      WHS(ns)      THS(ns)  THS Failing Endpoints  THS Total Endpoints  
----------         ----------         --------               -------      -------  ---------------------  -------------------      -------      -------  ---------------------  -------------------  
**async_default**  core_clk_mmcm_w    core_clk_mmcm_w         25.246        0.000                      0                  114        0.839        0.000                      0                  114  


------------------------------------------------------------------------------------------------
| User Ignored Path Table
| -----------------------
------------------------------------------------------------------------------------------------

Path Group       From Clock       To Clock       
----------       ----------       --------       
(none)                            core_clk_mmcm_w  


------------------------------------------------------------------------------------------------
| Unconstrained Path Table
| ------------------------
------------------------------------------------------------------------------------------------

Path Group       From Clock       To Clock       
----------       ----------       --------       
(none)           clkfb_mmcm_w                      
(none)           core_clk_mmcm_w                   
(none)                            core_clk_mmcm_w  


------------------------------------------------------------------------------------------------
| Timing Details
| --------------
------------------------------------------------------------------------------------------------


---------------------------------------------------------------------------------------------------
From Clock:  board_clk_100
  To Clock:  board_clk_100

Setup :           NA  Failing Endpoints,  Worst Slack           NA  ,  Total Violation           NA
Hold  :           NA  Failing Endpoints,  Worst Slack           NA  ,  Total Violation           NA
PW    :            0  Failing Endpoints,  Worst Slack        3.000ns,  Total Violation        0.000ns
---------------------------------------------------------------------------------------------------


Pulse Width Checks
--------------------------------------------------------------------------------------
Clock Name:         board_clk_100
Waveform(ns):       { 0.000 5.000 }
Period(ns):         10.000
Sources:            { gclk_i }

Check Type        Corner  Lib Pin            Reference Pin  Required(ns)  Actual(ns)  Slack(ns)  Location         Pin
Min Period        n/a     MMCME2_ADV/CLKIN1  n/a            1.249         10.000      8.751      MMCME2_ADV_X0Y0  u_mmcm/CLKIN1
Max Period        n/a     MMCME2_ADV/CLKIN1  n/a            100.000       10.000      90.000     MMCME2_ADV_X0Y0  u_mmcm/CLKIN1
Low Pulse Width   Slow    MMCME2_ADV/CLKIN1  n/a            2.000         5.000       3.000      MMCME2_ADV_X0Y0  u_mmcm/CLKIN1
High Pulse Width  Slow    MMCME2_ADV/CLKIN1  n/a            2.000         5.000       3.000      MMCME2_ADV_X0Y0  u_mmcm/CLKIN1



---------------------------------------------------------------------------------------------------
From Clock:  clkfb_mmcm_w
  To Clock:  clkfb_mmcm_w

Setup :           NA  Failing Endpoints,  Worst Slack           NA  ,  Total Violation           NA
Hold  :           NA  Failing Endpoints,  Worst Slack           NA  ,  Total Violation           NA
PW    :            0  Failing Endpoints,  Worst Slack        7.845ns,  Total Violation        0.000ns
---------------------------------------------------------------------------------------------------


Pulse Width Checks
--------------------------------------------------------------------------------------
Clock Name:         clkfb_mmcm_w
Waveform(ns):       { 0.000 5.000 }
Period(ns):         10.000
Sources:            { u_mmcm/CLKFBOUT }

Check Type  Corner  Lib Pin             Reference Pin  Required(ns)  Actual(ns)  Slack(ns)  Location         Pin
Min Period  n/a     BUFG/I              n/a            2.155         10.000      7.845      BUFGCTRL_X0Y1    u_mmcm_fb_buf/I
Max Period  n/a     MMCME2_ADV/CLKFBIN  n/a            100.000       10.000      90.000     MMCME2_ADV_X0Y0  u_mmcm/CLKFBIN



---------------------------------------------------------------------------------------------------
From Clock:  core_clk_mmcm_w
  To Clock:  core_clk_mmcm_w

Setup :            0  Failing Endpoints,  Worst Slack       18.624ns,  Total Violation        0.000ns
Hold  :            0  Failing Endpoints,  Worst Slack        0.118ns,  Total Violation        0.000ns
PW    :            0  Failing Endpoints,  Worst Slack       15.125ns,  Total Violation        0.000ns
---------------------------------------------------------------------------------------------------


Max Delay Paths
--------------------------------------------------------------------------------------
Slack (MET) :             18.624ns  (required time - arrival time)
  Source:                 u_css_tx/Modulation_system_cart/Address_C/address_reg_rep[1]/C
                            (rising edge-triggered cell FDCE clocked by core_clk_mmcm_w  {rise@0.000ns fall@15.625ns period=31.250ns})
  Destination:            tx_activity_seen_r_reg/CE
                            (rising edge-triggered cell FDCE clocked by core_clk_mmcm_w  {rise@0.000ns fall@15.625ns period=31.250ns})
  Path Group:             core_clk_mmcm_w
  Path Type:              Setup (Max at Slow Process Corner)
  Requirement:            31.250ns  (core_clk_mmcm_w rise@31.250ns - core_clk_mmcm_w rise@0.000ns)
  Data Path Delay:        12.231ns  (logic 2.604ns (21.291%)  route 9.627ns (78.709%))
  Logic Levels:           8  (CARRY4=1 LUT4=1 LUT5=1 LUT6=4 MUXF7=1)
  Clock Path Skew:        -0.130ns (DCD - SCD + CPR)
    Destination Clock Delay (DCD):    -1.496ns = ( 29.754 - 31.250 ) 
    Source Clock Delay      (SCD):    -0.790ns
    Clock Pessimism Removal (CPR):    0.577ns
  Clock Uncertainty:      0.096ns  ((TSJ^2 + DJ^2)^1/2) / 2 + PE
    Total System Jitter     (TSJ):    0.071ns
    Discrete Jitter          (DJ):    0.179ns
    Phase Error              (PE):    0.000ns

    Location             Delay type                Incr(ns)  Path(ns)    Netlist Resource(s)
  -------------------------------------------------------------------    -------------------
                         (clock core_clk_mmcm_w rise edge)
                                                      0.000     0.000 r  
    Y9                                                0.000     0.000 r  gclk_i (IN)
                         net (fo=0)                   0.000     0.000    gclk_i
    Y9                   IBUF (Prop_ibuf_I_O)         1.490     1.490 r  gclk_i_IBUF_inst/O
                         net (fo=1, routed)           1.285     2.775    gclk_i_IBUF
    MMCME2_ADV_X0Y0      MMCME2_ADV (Prop_mmcme2_adv_CLKIN1_CLKOUT0)
                                                     -7.343    -4.568 r  u_mmcm/CLKOUT0
                         net (fo=1, routed)           1.855    -2.713    core_clk_mmcm_w
    BUFGCTRL_X0Y0        BUFG (Prop_bufg_I_O)         0.101    -2.612 r  u_core_clk_buf/O
                         net (fo=233, routed)         1.822    -0.790    u_css_tx/Modulation_system_cart/Address_C/clk
    SLICE_X4Y30          FDCE                                         r  u_css_tx/Modulation_system_cart/Address_C/address_reg_rep[1]/C
  -------------------------------------------------------------------    -------------------
    SLICE_X4Y30          FDCE (Prop_fdce_C_Q)         0.518    -0.272 r  u_css_tx/Modulation_system_cart/Address_C/address_reg_rep[1]/Q
                         net (fo=97, routed)          3.023     2.751    u_css_tx/Modulation_system_cart/Address_C/address_reg_rep_n_0_[1]
    SLICE_X10Y34         LUT6 (Prop_lut6_I1_O)        0.124     2.875 r  u_css_tx/Modulation_system_cart/Address_C/g19_b0/O
                         net (fo=2, routed)           0.992     3.867    u_css_tx/Modulation_system_cart/Address_C/g19_b0_n_0
    SLICE_X10Y33         LUT6 (Prop_lut6_I0_O)        0.124     3.991 r  u_css_tx/Modulation_system_cart/Address_C/P_real_carry_i_71/O
                         net (fo=1, routed)           0.000     3.991    u_css_tx/Modulation_system_cart/Address_C/P_real_carry_i_71_n_0
    SLICE_X10Y33         MUXF7 (Prop_muxf7_I0_O)      0.209     4.200 r  u_css_tx/Modulation_system_cart/Address_C/P_real_carry_i_33/O
                         net (fo=2, routed)           0.865     5.065    u_css_tx/Modulation_system_cart/Address_C/P_real_carry_i_33_n_0
    SLICE_X6Y33          LUT5 (Prop_lut5_I0_O)        0.297     5.362 r  u_css_tx/Modulation_system_cart/Address_C/P_real_carry_i_17/O
                         net (fo=10, routed)          0.989     6.351    u_css_tx/Modulation_system_cart/CSK_GEN/complex_multiplier_c/P_imag_carry_1
    SLICE_X3Y34          LUT4 (Prop_lut4_I3_O)        0.152     6.503 r  u_css_tx/Modulation_system_cart/CSK_GEN/complex_multiplier_c/P_imag_carry_i_3/O
                         net (fo=2, routed)           0.675     7.178    u_css_tx/Modulation_system_cart/CSK_GEN/complex_multiplier_c/P_imag_carry_i_3_n_0
    SLICE_X2Y35          CARRY4 (Prop_carry4_DI[1]_O[2])
                                                      0.755     7.933 r  u_css_tx/Modulation_system_cart/CSK_GEN/complex_multiplier_c/P_imag_carry/O[2]
                         net (fo=2, routed)           1.205     9.138    dac_imag_cart_w[2]
    SLICE_X2Y41          LUT6 (Prop_lut6_I1_O)        0.301     9.439 r  tx_activity_seen_r_i_4/O
                         net (fo=2, routed)           1.282    10.721    tx_activity_seen_r2
    SLICE_X18Y43         LUT6 (Prop_lut6_I1_O)        0.124    10.845 r  tx_activity_seen_r_i_1/O
                         net (fo=1, routed)           0.596    11.441    tx_activity_seen_r_i_1_n_0
    SLICE_X18Y43         FDCE                                         r  tx_activity_seen_r_reg/CE
  -------------------------------------------------------------------    -------------------

                         (clock core_clk_mmcm_w rise edge)
                                                     31.250    31.250 r  
    Y9                                                0.000    31.250 r  gclk_i (IN)
                         net (fo=0)                   0.000    31.250    gclk_i
    Y9                   IBUF (Prop_ibuf_I_O)         1.420    32.670 r  gclk_i_IBUF_inst/O
                         net (fo=1, routed)           1.162    33.832    gclk_i_IBUF
    MMCME2_ADV_X0Y0      MMCME2_ADV (Prop_mmcme2_adv_CLKIN1_CLKOUT0)
                                                     -7.438    26.394 r  u_mmcm/CLKOUT0
                         net (fo=1, routed)           1.691    28.085    core_clk_mmcm_w
    BUFGCTRL_X0Y0        BUFG (Prop_bufg_I_O)         0.091    28.176 r  u_core_clk_buf/O
                         net (fo=233, routed)         1.577    29.754    core_clk_w
    SLICE_X18Y43         FDCE                                         r  tx_activity_seen_r_reg/C
                         clock pessimism              0.577    30.330    
                         clock uncertainty           -0.096    30.234    
    SLICE_X18Y43         FDCE (Setup_fdce_C_CE)      -0.169    30.065    tx_activity_seen_r_reg
  -------------------------------------------------------------------
                         required time                         30.065    
                         arrival time                         -11.441    
  -------------------------------------------------------------------
                         slack                                 18.624    





Min Delay Paths
--------------------------------------------------------------------------------------
Slack (MET) :             0.118ns  (arrival time - required time)
  Source:                 u_css_tx/u_framer/u_acc/acc_reg[15]/C
                            (rising edge-triggered cell FDRE clocked by core_clk_mmcm_w  {rise@0.000ns fall@15.625ns period=31.250ns})
  Destination:            u_css_tx/u_framer/u_acc/acc_reg[9]/D
                            (rising edge-triggered cell FDRE clocked by core_clk_mmcm_w  {rise@0.000ns fall@15.625ns period=31.250ns})
  Path Group:             core_clk_mmcm_w
  Path Type:              Hold (Min at Fast Process Corner)
  Requirement:            0.000ns  (core_clk_mmcm_w rise@0.000ns - core_clk_mmcm_w rise@0.000ns)
  Data Path Delay:        0.252ns  (logic 0.186ns (73.721%)  route 0.066ns (26.279%))
  Logic Levels:           1  (LUT5=1)
  Clock Path Skew:        0.013ns (DCD - SCD - CPR)
    Destination Clock Delay (DCD):    -0.824ns
    Source Clock Delay      (SCD):    -0.587ns
    Clock Pessimism Removal (CPR):    -0.250ns

    Location             Delay type                Incr(ns)  Path(ns)    Netlist Resource(s)
  -------------------------------------------------------------------    -------------------
                         (clock core_clk_mmcm_w rise edge)
                                                      0.000     0.000 r  
    Y9                                                0.000     0.000 r  gclk_i (IN)
                         net (fo=0)                   0.000     0.000    gclk_i
    Y9                   IBUF (Prop_ibuf_I_O)         0.258     0.258 r  gclk_i_IBUF_inst/O
                         net (fo=1, routed)           0.440     0.698    gclk_i_IBUF
    MMCME2_ADV_X0Y0      MMCME2_ADV (Prop_mmcme2_adv_CLKIN1_CLKOUT0)
                                                     -2.421    -1.722 r  u_mmcm/CLKOUT0
                         net (fo=1, routed)           0.518    -1.204    core_clk_mmcm_w
    BUFGCTRL_X0Y0        BUFG (Prop_bufg_I_O)         0.026    -1.178 r  u_core_clk_buf/O
                         net (fo=233, routed)         0.592    -0.587    u_css_tx/u_framer/u_acc/clk
    SLICE_X13Y38         FDRE                                         r  u_css_tx/u_framer/u_acc/acc_reg[15]/C
  -------------------------------------------------------------------    -------------------
    SLICE_X13Y38         FDRE (Prop_fdre_C_Q)         0.141    -0.446 r  u_css_tx/u_framer/u_acc/acc_reg[15]/Q
                         net (fo=3, routed)           0.066    -0.379    u_css_tx/u_framer/u_acc/acc_reg_n_0_[15]
    SLICE_X12Y38         LUT5 (Prop_lut5_I1_O)        0.045    -0.334 r  u_css_tx/u_framer/u_acc/acc[9]_i_1/O
                         net (fo=1, routed)           0.000    -0.334    u_css_tx/u_framer/u_acc/acc[9]_i_1_n_0
    SLICE_X12Y38         FDRE                                         r  u_css_tx/u_framer/u_acc/acc_reg[9]/D
  -------------------------------------------------------------------    -------------------

                         (clock core_clk_mmcm_w rise edge)
                                                      0.000     0.000 r  
    Y9                                                0.000     0.000 r  gclk_i (IN)
                         net (fo=0)                   0.000     0.000    gclk_i
    Y9                   IBUF (Prop_ibuf_I_O)         0.446     0.446 r  gclk_i_IBUF_inst/O
                         net (fo=1, routed)           0.480     0.926    gclk_i_IBUF
    MMCME2_ADV_X0Y0      MMCME2_ADV (Prop_mmcme2_adv_CLKIN1_CLKOUT0)
                                                     -3.204    -2.278 r  u_mmcm/CLKOUT0
                         net (fo=1, routed)           0.564    -1.714    core_clk_mmcm_w
    BUFGCTRL_X0Y0        BUFG (Prop_bufg_I_O)         0.029    -1.685 r  u_core_clk_buf/O
                         net (fo=233, routed)         0.861    -0.824    u_css_tx/u_framer/u_acc/clk
    SLICE_X12Y38         FDRE                                         r  u_css_tx/u_framer/u_acc/acc_reg[9]/C
                         clock pessimism              0.250    -0.574    
    SLICE_X12Y38         FDRE (Hold_fdre_C_D)         0.121    -0.453    u_css_tx/u_framer/u_acc/acc_reg[9]
  -------------------------------------------------------------------
                         required time                          0.453    
                         arrival time                          -0.334    
  -------------------------------------------------------------------
                         slack                                  0.118    





Pulse Width Checks
--------------------------------------------------------------------------------------
Clock Name:         core_clk_mmcm_w
Waveform(ns):       { 0.000 15.625 }
Period(ns):         31.250
Sources:            { u_mmcm/CLKOUT0 }

Check Type        Corner  Lib Pin             Reference Pin  Required(ns)  Actual(ns)  Slack(ns)  Location         Pin
Min Period        n/a     RAMB18E1/CLKARDCLK  n/a            2.944         31.250      28.306     RAMB18_X0Y14     u_css_tx/u_framer/u_payload_ram/mem_reg/CLKARDCLK
Max Period        n/a     MMCME2_ADV/CLKOUT0  n/a            213.360       31.250      182.110    MMCME2_ADV_X0Y0  u_mmcm/CLKOUT0
Low Pulse Width   Slow    FDCE/C              n/a            0.500         15.625      15.125     SLICE_X70Y36     heartbeat_r_reg[0]/C
High Pulse Width  Fast    FDCE/C              n/a            0.500         15.625      15.125     SLICE_X9Y36      payload_index_r_reg[0]/C



---------------------------------------------------------------------------------------------------
Path Group:  **async_default**
From Clock:  core_clk_mmcm_w
  To Clock:  core_clk_mmcm_w

Setup :            0  Failing Endpoints,  Worst Slack       25.246ns,  Total Violation        0.000ns
Hold  :            0  Failing Endpoints,  Worst Slack        0.839ns,  Total Violation        0.000ns
---------------------------------------------------------------------------------------------------


Max Delay Paths
--------------------------------------------------------------------------------------
Slack (MET) :             25.246ns  (required time - arrival time)
  Source:                 rst_sync_r_reg[1]/C
                            (rising edge-triggered cell FDCE clocked by core_clk_mmcm_w  {rise@0.000ns fall@15.625ns period=31.250ns})
  Destination:            packet_toggle_r_reg/CLR
                            (recovery check against rising-edge clock core_clk_mmcm_w  {rise@0.000ns fall@15.625ns period=31.250ns})
  Path Group:             **async_default**
  Path Type:              Recovery (Max at Slow Process Corner)
  Requirement:            31.250ns  (core_clk_mmcm_w rise@31.250ns - core_clk_mmcm_w rise@0.000ns)
  Data Path Delay:        5.115ns  (logic 0.747ns (14.604%)  route 4.368ns (85.396%))
  Logic Levels:           1  (LUT1=1)
  Clock Path Skew:        -0.181ns (DCD - SCD + CPR)
    Destination Clock Delay (DCD):    -1.518ns = ( 29.732 - 31.250 ) 
    Source Clock Delay      (SCD):    -0.862ns
    Clock Pessimism Removal (CPR):    0.476ns
  Clock Uncertainty:      0.096ns  ((TSJ^2 + DJ^2)^1/2) / 2 + PE
    Total System Jitter     (TSJ):    0.071ns
    Discrete Jitter          (DJ):    0.179ns
    Phase Error              (PE):    0.000ns

    Location             Delay type                Incr(ns)  Path(ns)    Netlist Resource(s)
  -------------------------------------------------------------------    -------------------
                         (clock core_clk_mmcm_w rise edge)
                                                      0.000     0.000 r  
    Y9                                                0.000     0.000 r  gclk_i (IN)
                         net (fo=0)                   0.000     0.000    gclk_i
    Y9                   IBUF (Prop_ibuf_I_O)         1.490     1.490 r  gclk_i_IBUF_inst/O
                         net (fo=1, routed)           1.285     2.775    gclk_i_IBUF
    MMCME2_ADV_X0Y0      MMCME2_ADV (Prop_mmcme2_adv_CLKIN1_CLKOUT0)
                                                     -7.343    -4.568 r  u_mmcm/CLKOUT0
                         net (fo=1, routed)           1.855    -2.713    core_clk_mmcm_w
    BUFGCTRL_X0Y0        BUFG (Prop_bufg_I_O)         0.101    -2.612 r  u_core_clk_buf/O
                         net (fo=233, routed)         1.750    -0.862    core_clk_w
    SLICE_X15Y37         FDCE                                         r  rst_sync_r_reg[1]/C
  -------------------------------------------------------------------    -------------------
    SLICE_X15Y37         FDCE (Prop_fdce_C_Q)         0.419    -0.443 r  rst_sync_r_reg[1]/Q
                         net (fo=5, routed)           0.674     0.232    rst_sync_r[1]
    SLICE_X14Y37         LUT1 (Prop_lut1_I0_O)        0.328     0.560 f  payload_index_r[1]_i_3/O
                         net (fo=35, routed)          3.694     4.253    payload_index_r[1]_i_3_n_0
    SLICE_X71Y44         FDCE                                         f  packet_toggle_r_reg/CLR
  -------------------------------------------------------------------    -------------------

                         (clock core_clk_mmcm_w rise edge)
                                                     31.250    31.250 r  
    Y9                                                0.000    31.250 r  gclk_i (IN)
                         net (fo=0)                   0.000    31.250    gclk_i
    Y9                   IBUF (Prop_ibuf_I_O)         1.420    32.670 r  gclk_i_IBUF_inst/O
                         net (fo=1, routed)           1.162    33.832    gclk_i_IBUF
    MMCME2_ADV_X0Y0      MMCME2_ADV (Prop_mmcme2_adv_CLKIN1_CLKOUT0)
                                                     -7.438    26.394 r  u_mmcm/CLKOUT0
                         net (fo=1, routed)           1.691    28.085    core_clk_mmcm_w
    BUFGCTRL_X0Y0        BUFG (Prop_bufg_I_O)         0.091    28.176 r  u_core_clk_buf/O
                         net (fo=233, routed)         1.555    29.732    core_clk_w
    SLICE_X71Y44         FDCE                                         r  packet_toggle_r_reg/C
                         clock pessimism              0.476    30.208    
                         clock uncertainty           -0.096    30.112    
    SLICE_X71Y44         FDCE (Recov_fdce_C_CLR)     -0.612    29.500    packet_toggle_r_reg
  -------------------------------------------------------------------
                         required time                         29.500    
                         arrival time                          -4.253    
  -------------------------------------------------------------------
                         slack                                 25.246    





Min Delay Paths
--------------------------------------------------------------------------------------
Slack (MET) :             0.839ns  (arrival time - required time)
  Source:                 rst_sync_r_reg[1]/C
                            (rising edge-triggered cell FDCE clocked by core_clk_mmcm_w  {rise@0.000ns fall@15.625ns period=31.250ns})
  Destination:            payload_loaded_r_reg/CLR
                            (removal check against rising-edge clock core_clk_mmcm_w  {rise@0.000ns fall@15.625ns period=31.250ns})
  Path Group:             **async_default**
  Path Type:              Removal (Min at Fast Process Corner)
  Requirement:            0.000ns  (core_clk_mmcm_w rise@0.000ns - core_clk_mmcm_w rise@0.000ns)
  Data Path Delay:        0.738ns  (logic 0.227ns (30.747%)  route 0.511ns (69.253%))
  Logic Levels:           1  (LUT1=1)
  Clock Path Skew:        0.034ns (DCD - SCD - CPR)
    Destination Clock Delay (DCD):    -0.827ns
    Source Clock Delay      (SCD):    -0.588ns
    Clock Pessimism Removal (CPR):    -0.273ns

    Location             Delay type                Incr(ns)  Path(ns)    Netlist Resource(s)
  -------------------------------------------------------------------    -------------------
                         (clock core_clk_mmcm_w rise edge)
                                                      0.000     0.000 r  
    Y9                                                0.000     0.000 r  gclk_i (IN)
                         net (fo=0)                   0.000     0.000    gclk_i
    Y9                   IBUF (Prop_ibuf_I_O)         0.258     0.258 r  gclk_i_IBUF_inst/O
                         net (fo=1, routed)           0.440     0.698    gclk_i_IBUF
    MMCME2_ADV_X0Y0      MMCME2_ADV (Prop_mmcme2_adv_CLKIN1_CLKOUT0)
                                                     -2.421    -1.722 r  u_mmcm/CLKOUT0
                         net (fo=1, routed)           0.518    -1.204    core_clk_mmcm_w
    BUFGCTRL_X0Y0        BUFG (Prop_bufg_I_O)         0.026    -1.178 r  u_core_clk_buf/O
                         net (fo=233, routed)         0.591    -0.588    core_clk_w
    SLICE_X15Y37         FDCE                                         r  rst_sync_r_reg[1]/C
  -------------------------------------------------------------------    -------------------
    SLICE_X15Y37         FDCE (Prop_fdce_C_Q)         0.128    -0.460 r  rst_sync_r_reg[1]/Q
                         net (fo=5, routed)           0.240    -0.219    rst_sync_r[1]
    SLICE_X14Y37         LUT1 (Prop_lut1_I0_O)        0.099    -0.120 f  payload_index_r[1]_i_3/O
                         net (fo=35, routed)          0.271     0.151    payload_index_r[1]_i_3_n_0
    SLICE_X8Y36          FDCE                                         f  payload_loaded_r_reg/CLR
  -------------------------------------------------------------------    -------------------

                         (clock core_clk_mmcm_w rise edge)
                                                      0.000     0.000 r  
    Y9                                                0.000     0.000 r  gclk_i (IN)
                         net (fo=0)                   0.000     0.000    gclk_i
    Y9                   IBUF (Prop_ibuf_I_O)         0.446     0.446 r  gclk_i_IBUF_inst/O
                         net (fo=1, routed)           0.480     0.926    gclk_i_IBUF
    MMCME2_ADV_X0Y0      MMCME2_ADV (Prop_mmcme2_adv_CLKIN1_CLKOUT0)
                                                     -3.204    -2.278 r  u_mmcm/CLKOUT0
                         net (fo=1, routed)           0.564    -1.714    core_clk_mmcm_w
    BUFGCTRL_X0Y0        BUFG (Prop_bufg_I_O)         0.029    -1.685 r  u_core_clk_buf/O
                         net (fo=233, routed)         0.858    -0.827    core_clk_w
    SLICE_X8Y36          FDCE                                         r  payload_loaded_r_reg/C
                         clock pessimism              0.273    -0.554    
    SLICE_X8Y36          FDCE (Remov_fdce_C_CLR)     -0.135    -0.689    payload_loaded_r_reg
  -------------------------------------------------------------------
                         required time                          0.689    
                         arrival time                           0.151    
  -------------------------------------------------------------------
                         slack                                  0.839    





--------------------------------------------------------------------------------------
Path Group:  (none)
From Clock:  
  To Clock:  core_clk_mmcm_w

Max Delay             4 Endpoints
Min Delay             4 Endpoints
--------------------------------------------------------------------------------------


Max Delay Paths
--------------------------------------------------------------------------------------
Slack:                    inf
  Source:                 reset_btn_i
                            (input port)
  Destination:            rst_sync_r_reg[0]/CLR
                            (recovery check against rising-edge clock core_clk_mmcm_w  {rise@0.000ns fall@15.625ns period=31.250ns})
  Path Group:             (none)
  Path Type:              Recovery (Max at Slow Process Corner)
  Data Path Delay:        6.496ns  (logic 1.057ns (16.272%)  route 5.439ns (83.728%))
  Logic Levels:           2  (IBUF=1 LUT2=1)
  Clock Path Skew:        -1.500ns (DCD - SCD + CPR)
    Destination Clock Delay (DCD):    -1.500ns
    Source Clock Delay      (SCD):    0.000ns
    Clock Pessimism Removal (CPR):    0.000ns
  Timing Exception:       False Path

    Location             Delay type                Incr(ns)  Path(ns)    Netlist Resource(s)
  -------------------------------------------------------------------    -------------------
    P16                                               0.000     0.000 f  reset_btn_i (IN)
                         net (fo=0)                   0.000     0.000    reset_btn_i
    P16                  IBUF (Prop_ibuf_I_O)         0.933     0.933 f  reset_btn_i_IBUF_inst/O
                         net (fo=2, routed)           4.810     5.743    reset_btn_i_IBUF
    SLICE_X15Y37         LUT2 (Prop_lut2_I0_O)        0.124     5.867 f  rst_sync_r[1]_i_1/O
                         net (fo=2, routed)           0.629     6.496    rst_async_w
    SLICE_X15Y37         FDCE                                         f  rst_sync_r_reg[0]/CLR
  -------------------------------------------------------------------    -------------------

                         (clock core_clk_mmcm_w rise edge)
                                                      0.000     0.000 r  
    Y9                                                0.000     0.000 r  gclk_i (IN)
                         net (fo=0)                   0.000     0.000    gclk_i
    Y9                   IBUF (Prop_ibuf_I_O)         1.420     1.420 r  gclk_i_IBUF_inst/O
                         net (fo=1, routed)           1.162     2.582    gclk_i_IBUF
    MMCME2_ADV_X0Y0      MMCME2_ADV (Prop_mmcme2_adv_CLKIN1_CLKOUT0)
                                                     -7.438    -4.856 r  u_mmcm/CLKOUT0
                         net (fo=1, routed)           1.691    -3.165    core_clk_mmcm_w
    BUFGCTRL_X0Y0        BUFG (Prop_bufg_I_O)         0.091    -3.074 r  u_core_clk_buf/O
                         net (fo=233, routed)         1.573    -1.500    core_clk_w
    SLICE_X15Y37         FDCE                                         r  rst_sync_r_reg[0]/C





Min Delay Paths
--------------------------------------------------------------------------------------
Slack:                    inf
  Source:                 rate_i
                            (input port)
  Destination:            rate_sync_r_reg[0]/D
                            (rising edge-triggered cell FDCE clocked by core_clk_mmcm_w  {rise@0.000ns fall@15.625ns period=31.250ns})
  Path Group:             (none)
  Path Type:              Hold (Min at Fast Process Corner)
  Data Path Delay:        1.999ns  (logic 0.201ns (10.034%)  route 1.798ns (89.966%))
  Logic Levels:           1  (IBUF=1)
  Clock Path Skew:        -0.833ns (DCD - SCD - CPR)
    Destination Clock Delay (DCD):    -0.833ns
    Source Clock Delay      (SCD):    0.000ns
    Clock Pessimism Removal (CPR):    -0.000ns
  Timing Exception:       False Path

    Location             Delay type                Incr(ns)  Path(ns)    Netlist Resource(s)
  -------------------------------------------------------------------    -------------------
    F22                                               0.000     0.000 r  rate_i (IN)
                         net (fo=0)                   0.000     0.000    rate_i
    F22                  IBUF (Prop_ibuf_I_O)         0.201     0.201 r  rate_i_IBUF_inst/O
                         net (fo=1, routed)           1.798     1.999    rate_i_IBUF
    SLICE_X71Y44         FDCE                                         r  rate_sync_r_reg[0]/D
  -------------------------------------------------------------------    -------------------

                         (clock core_clk_mmcm_w rise edge)
                                                      0.000     0.000 r  
    Y9                                                0.000     0.000 r  gclk_i (IN)
                         net (fo=0)                   0.000     0.000    gclk_i
    Y9                   IBUF (Prop_ibuf_I_O)         0.446     0.446 r  gclk_i_IBUF_inst/O
                         net (fo=1, routed)           0.480     0.926    gclk_i_IBUF
    MMCME2_ADV_X0Y0      MMCME2_ADV (Prop_mmcme2_adv_CLKIN1_CLKOUT0)
                                                     -3.204    -2.278 r  u_mmcm/CLKOUT0
                         net (fo=1, routed)           0.564    -1.714    core_clk_mmcm_w
    BUFGCTRL_X0Y0        BUFG (Prop_bufg_I_O)         0.029    -1.685 r  u_core_clk_buf/O
                         net (fo=233, routed)         0.852    -0.833    core_clk_w
    SLICE_X71Y44         FDCE                                         r  rate_sync_r_reg[0]/C





--------------------------------------------------------------------------------------
Path Group:  (none)
From Clock:  clkfb_mmcm_w
  To Clock:  

Max Delay             1 Endpoint
Min Delay             1 Endpoint
--------------------------------------------------------------------------------------


Max Delay Paths
--------------------------------------------------------------------------------------
Slack:                    inf
  Source:                 u_mmcm/CLKFBOUT
                            (clock source 'clkfb_mmcm_w'  {rise@0.000ns fall@5.000ns period=10.000ns})
  Destination:            u_mmcm/CLKFBIN
  Path Group:             (none)
  Path Type:              Max at Fast Process Corner
  Data Path Delay:        1.437ns  (logic 0.029ns (2.018%)  route 1.408ns (97.982%))
  Logic Levels:           1  (BUFG=1)
  Clock Uncertainty:      0.168ns  ((TSJ^2 + DJ^2)^1/2) / 2 + PE
    Total System Jitter     (TSJ):    0.050ns
    Discrete Jitter          (DJ):    0.096ns
    Phase Error              (PE):    0.114ns

    Location             Delay type                Incr(ns)  Path(ns)    Netlist Resource(s)
  -------------------------------------------------------------------    -------------------
                         (clock clkfb_mmcm_w fall edge)
                                                      5.000     5.000 f  
    Y9                                                0.000     5.000 f  gclk_i (IN)
                         net (fo=0)                   0.000     5.000    gclk_i
    Y9                   IBUF (Prop_ibuf_I_O)         0.446     5.446 f  gclk_i_IBUF_inst/O
                         net (fo=1, routed)           0.480     5.926    gclk_i_IBUF
  -------------------------------------------------------------------    -------------------
    MMCME2_ADV_X0Y0      MMCME2_ADV (Prop_mmcme2_adv_CLKIN1_CLKFBOUT)
                                                     -3.204     2.722 f  u_mmcm/CLKFBOUT
                         net (fo=1, routed)           0.564     3.286    clkfb_mmcm_w
    BUFGCTRL_X0Y1        BUFG (Prop_bufg_I_O)         0.029     3.315 f  u_mmcm_fb_buf/O
                         net (fo=1, routed)           0.844     4.159    clkfb_w
    MMCME2_ADV_X0Y0      MMCME2_ADV                                   f  u_mmcm/CLKFBIN
  -------------------------------------------------------------------    -------------------





Min Delay Paths
--------------------------------------------------------------------------------------
Slack:                    inf
  Source:                 u_mmcm/CLKFBOUT
                            (clock source 'clkfb_mmcm_w'  {rise@0.000ns fall@5.000ns period=10.000ns})
  Destination:            u_mmcm/CLKFBIN
  Path Group:             (none)
  Path Type:              Min at Slow Process Corner
  Data Path Delay:        3.349ns  (logic 0.091ns (2.717%)  route 3.258ns (97.283%))
  Logic Levels:           1  (BUFG=1)
  Clock Uncertainty:      0.168ns  ((TSJ^2 + DJ^2)^1/2) / 2 + PE
    Total System Jitter     (TSJ):    0.050ns
    Discrete Jitter          (DJ):    0.096ns
    Phase Error              (PE):    0.114ns

    Location             Delay type                Incr(ns)  Path(ns)    Netlist Resource(s)
  -------------------------------------------------------------------    -------------------
                         (clock clkfb_mmcm_w rise edge)
                                                      0.000     0.000 r  
    Y9                                                0.000     0.000 r  gclk_i (IN)
                         net (fo=0)                   0.000     0.000    gclk_i
    Y9                   IBUF (Prop_ibuf_I_O)         1.420     1.420 r  gclk_i_IBUF_inst/O
                         net (fo=1, routed)           1.162     2.582    gclk_i_IBUF
  -------------------------------------------------------------------    -------------------
    MMCME2_ADV_X0Y0      MMCME2_ADV (Prop_mmcme2_adv_CLKIN1_CLKFBOUT)
                                                     -7.438    -4.856 r  u_mmcm/CLKFBOUT
                         net (fo=1, routed)           1.691    -3.165    clkfb_mmcm_w
    BUFGCTRL_X0Y1        BUFG (Prop_bufg_I_O)         0.091    -3.074 r  u_mmcm_fb_buf/O
                         net (fo=1, routed)           1.567    -1.506    clkfb_w
    MMCME2_ADV_X0Y0      MMCME2_ADV                                   r  u_mmcm/CLKFBIN
  -------------------------------------------------------------------    -------------------





--------------------------------------------------------------------------------------
Path Group:  (none)
From Clock:  core_clk_mmcm_w
  To Clock:  

Max Delay            18 Endpoints
Min Delay            18 Endpoints
--------------------------------------------------------------------------------------


Max Delay Paths
--------------------------------------------------------------------------------------
Slack:                    inf
  Source:                 u_css_tx/Modulation_system_cart/Address_C/address_reg_rep[1]/C
                            (rising edge-triggered cell FDCE clocked by core_clk_mmcm_w  {rise@0.000ns fall@15.625ns period=31.250ns})
  Destination:            tx_imag_o[4]
                            (output port)
  Path Group:             (none)
  Path Type:              Max at Slow Process Corner
  Data Path Delay:        15.369ns  (logic 6.710ns (43.658%)  route 8.659ns (56.342%))
  Logic Levels:           8  (CARRY4=2 LUT4=1 LUT5=1 LUT6=2 MUXF7=1 OBUF=1)
  Clock Uncertainty:      0.207ns  ((TSJ^2 + DJ^2)^1/2) / 2 + PE
    Total System Jitter     (TSJ):    0.050ns
    Discrete Jitter          (DJ):    0.179ns
    Phase Error              (PE):    0.114ns

    Location             Delay type                Incr(ns)  Path(ns)    Netlist Resource(s)
  -------------------------------------------------------------------    -------------------
                         (clock core_clk_mmcm_w rise edge)
                                                      0.000     0.000 r  
    Y9                                                0.000     0.000 r  gclk_i (IN)
                         net (fo=0)                   0.000     0.000    gclk_i
    Y9                   IBUF (Prop_ibuf_I_O)         1.490     1.490 r  gclk_i_IBUF_inst/O
                         net (fo=1, routed)           1.285     2.775    gclk_i_IBUF
    MMCME2_ADV_X0Y0      MMCME2_ADV (Prop_mmcme2_adv_CLKIN1_CLKOUT0)
                                                     -7.343    -4.568 r  u_mmcm/CLKOUT0
                         net (fo=1, routed)           1.855    -2.713    core_clk_mmcm_w
    BUFGCTRL_X0Y0        BUFG (Prop_bufg_I_O)         0.101    -2.612 r  u_core_clk_buf/O
                         net (fo=233, routed)         1.822    -0.790    u_css_tx/Modulation_system_cart/Address_C/clk
    SLICE_X4Y30          FDCE                                         r  u_css_tx/Modulation_system_cart/Address_C/address_reg_rep[1]/C
  -------------------------------------------------------------------    -------------------
    SLICE_X4Y30          FDCE (Prop_fdce_C_Q)         0.518    -0.272 r  u_css_tx/Modulation_system_cart/Address_C/address_reg_rep[1]/Q
                         net (fo=97, routed)          3.023     2.751    u_css_tx/Modulation_system_cart/Address_C/address_reg_rep_n_0_[1]
    SLICE_X10Y34         LUT6 (Prop_lut6_I1_O)        0.124     2.875 r  u_css_tx/Modulation_system_cart/Address_C/g19_b0/O
                         net (fo=2, routed)           0.992     3.867    u_css_tx/Modulation_system_cart/Address_C/g19_b0_n_0
    SLICE_X10Y33         LUT6 (Prop_lut6_I0_O)        0.124     3.991 r  u_css_tx/Modulation_system_cart/Address_C/P_real_carry_i_71/O
                         net (fo=1, routed)           0.000     3.991    u_css_tx/Modulation_system_cart/Address_C/P_real_carry_i_71_n_0
    SLICE_X10Y33         MUXF7 (Prop_muxf7_I0_O)      0.209     4.200 r  u_css_tx/Modulation_system_cart/Address_C/P_real_carry_i_33/O
                         net (fo=2, routed)           0.865     5.065    u_css_tx/Modulation_system_cart/Address_C/P_real_carry_i_33_n_0
    SLICE_X6Y33          LUT5 (Prop_lut5_I0_O)        0.297     5.362 r  u_css_tx/Modulation_system_cart/Address_C/P_real_carry_i_17/O
                         net (fo=10, routed)          0.989     6.351    u_css_tx/Modulation_system_cart/CSK_GEN/complex_multiplier_c/P_imag_carry_1
    SLICE_X3Y34          LUT4 (Prop_lut4_I3_O)        0.152     6.503 r  u_css_tx/Modulation_system_cart/CSK_GEN/complex_multiplier_c/P_imag_carry_i_3/O
                         net (fo=2, routed)           0.675     7.178    u_css_tx/Modulation_system_cart/CSK_GEN/complex_multiplier_c/P_imag_carry_i_3_n_0
    SLICE_X2Y35          CARRY4 (Prop_carry4_DI[1]_CO[3])
                                                      0.728     7.906 r  u_css_tx/Modulation_system_cart/CSK_GEN/complex_multiplier_c/P_imag_carry/CO[3]
                         net (fo=1, routed)           0.000     7.906    u_css_tx/Modulation_system_cart/CSK_GEN/complex_multiplier_c/P_imag_carry_n_0
    SLICE_X2Y36          CARRY4 (Prop_carry4_CI_O[0])
                                                      0.219     8.125 r  u_css_tx/Modulation_system_cart/CSK_GEN/complex_multiplier_c/P_imag_carry__0/O[0]
                         net (fo=2, routed)           2.115    10.241    dac_imag_cart_w[4]
    V12                  OBUF (Prop_obuf_I_O)         4.339    14.579 r  tx_imag_o_OBUF[4]_inst/O
                         net (fo=0)                   0.000    14.579    tx_imag_o[4]
    V12                                                               r  tx_imag_o[4] (OUT)
  -------------------------------------------------------------------    -------------------





Min Delay Paths
--------------------------------------------------------------------------------------
Slack:                    inf
  Source:                 u_css_tx/Modulation_system_cart/CSK_GEN/dqpsk_re_active_reg[1]/C
                            (rising edge-triggered cell FDCE clocked by core_clk_mmcm_w  {rise@0.000ns fall@15.625ns period=31.250ns})
  Destination:            tx_real_o[5]
                            (output port)
  Path Group:             (none)
  Path Type:              Min at Fast Process Corner
  Data Path Delay:        3.063ns  (logic 2.352ns (76.798%)  route 0.711ns (23.202%))
  Logic Levels:           3  (CARRY4=1 LUT6=1 OBUF=1)
  Clock Uncertainty:      0.207ns  ((TSJ^2 + DJ^2)^1/2) / 2 + PE
    Total System Jitter     (TSJ):    0.050ns
    Discrete Jitter          (DJ):    0.179ns
    Phase Error              (PE):    0.114ns

    Location             Delay type                Incr(ns)  Path(ns)    Netlist Resource(s)
  -------------------------------------------------------------------    -------------------
                         (clock core_clk_mmcm_w rise edge)
                                                      0.000     0.000 r  
    Y9                                                0.000     0.000 r  gclk_i (IN)
                         net (fo=0)                   0.000     0.000    gclk_i
    Y9                   IBUF (Prop_ibuf_I_O)         0.258     0.258 r  gclk_i_IBUF_inst/O
                         net (fo=1, routed)           0.440     0.698    gclk_i_IBUF
    MMCME2_ADV_X0Y0      MMCME2_ADV (Prop_mmcme2_adv_CLKIN1_CLKOUT0)
                                                     -2.421    -1.722 r  u_mmcm/CLKOUT0
                         net (fo=1, routed)           0.518    -1.204    core_clk_mmcm_w
    BUFGCTRL_X0Y0        BUFG (Prop_bufg_I_O)         0.026    -1.178 r  u_core_clk_buf/O
                         net (fo=233, routed)         0.619    -0.560    u_css_tx/Modulation_system_cart/CSK_GEN/clk
    SLICE_X5Y35          FDCE                                         r  u_css_tx/Modulation_system_cart/CSK_GEN/dqpsk_re_active_reg[1]/C
  -------------------------------------------------------------------    -------------------
    SLICE_X5Y35          FDCE (Prop_fdce_C_Q)         0.141    -0.419 r  u_css_tx/Modulation_system_cart/CSK_GEN/dqpsk_re_active_reg[1]/Q
                         net (fo=13, routed)          0.274    -0.144    u_css_tx/Modulation_system_cart/Address_C/Q[1]
    SLICE_X2Y34          LUT6 (Prop_lut6_I1_O)        0.045    -0.099 r  u_css_tx/Modulation_system_cart/Address_C/P_real_carry__0_i_2/O
                         net (fo=1, routed)           0.000    -0.099    u_css_tx/Modulation_system_cart/CSK_GEN/complex_multiplier_c/tx_real_o[5]_0[1]
    SLICE_X2Y34          CARRY4 (Prop_carry4_S[1]_O[1])
                                                      0.066    -0.033 r  u_css_tx/Modulation_system_cart/CSK_GEN/complex_multiplier_c/P_real_carry__0/O[1]
                         net (fo=2, routed)           0.436     0.403    dac_real_cart_w[5]
    AB10                 OBUF (Prop_obuf_I_O)         2.100     2.503 r  tx_real_o_OBUF[5]_inst/O
                         net (fo=0)                   0.000     2.503    tx_real_o[5]
    AB10                                                              r  tx_real_o[5] (OUT)
  -------------------------------------------------------------------    -------------------





--------------------------------------------------------------------------------------
Path Group:  (none)
From Clock:  
  To Clock:  core_clk_mmcm_w

Max Delay             2 Endpoints
Min Delay             2 Endpoints
--------------------------------------------------------------------------------------


Max Delay Paths
--------------------------------------------------------------------------------------
Slack:                    inf
  Source:                 u_mmcm/LOCKED
                            (internal pin)
  Destination:            rst_sync_r_reg[0]/CLR
                            (recovery check against rising-edge clock core_clk_mmcm_w  {rise@0.000ns fall@15.625ns period=31.250ns})
  Path Group:             (none)
  Path Type:              Recovery (Max at Slow Process Corner)
  Data Path Delay:        3.136ns  (logic 0.124ns (3.954%)  route 3.012ns (96.046%))
  Logic Levels:           1  (LUT2=1)
  Clock Uncertainty:      0.207ns  ((TSJ^2 + DJ^2)^1/2) / 2 + PE
    Total System Jitter     (TSJ):    0.050ns
    Discrete Jitter          (DJ):    0.179ns
    Phase Error              (PE):    0.114ns

    Location             Delay type                Incr(ns)  Path(ns)    Netlist Resource(s)
  -------------------------------------------------------------------    -------------------
    MMCME2_ADV_X0Y0      MMCME2_ADV                   0.000     0.000 r  u_mmcm/LOCKED
                         net (fo=2, routed)           2.383     2.383    led_o_OBUF[0]
    SLICE_X15Y37         LUT2 (Prop_lut2_I1_O)        0.124     2.507 f  rst_sync_r[1]_i_1/O
                         net (fo=2, routed)           0.629     3.136    rst_async_w
    SLICE_X15Y37         FDCE                                         f  rst_sync_r_reg[0]/CLR
  -------------------------------------------------------------------    -------------------

                         (clock core_clk_mmcm_w rise edge)
                                                      0.000     0.000 r  
    Y9                                                0.000     0.000 r  gclk_i (IN)
                         net (fo=0)                   0.000     0.000    gclk_i
    Y9                   IBUF (Prop_ibuf_I_O)         1.420     1.420 r  gclk_i_IBUF_inst/O
                         net (fo=1, routed)           1.162     2.582    gclk_i_IBUF
    MMCME2_ADV_X0Y0      MMCME2_ADV (Prop_mmcme2_adv_CLKIN1_CLKOUT0)
                                                     -7.438    -4.856 r  u_mmcm/CLKOUT0
                         net (fo=1, routed)           1.691    -3.165    core_clk_mmcm_w
    BUFGCTRL_X0Y0        BUFG (Prop_bufg_I_O)         0.091    -3.074 r  u_core_clk_buf/O
                         net (fo=233, routed)         1.573    -1.500    core_clk_w
    SLICE_X15Y37         FDCE                                         r  rst_sync_r_reg[0]/C





Min Delay Paths
--------------------------------------------------------------------------------------
Slack:                    inf
  Source:                 u_mmcm/LOCKED
                            (internal pin)
  Destination:            rst_sync_r_reg[0]/CLR
                            (removal check against rising-edge clock core_clk_mmcm_w  {rise@0.000ns fall@15.625ns period=31.250ns})
  Path Group:             (none)
  Path Type:              Removal (Min at Fast Process Corner)
  Data Path Delay:        1.363ns  (logic 0.045ns (3.302%)  route 1.318ns (96.698%))
  Logic Levels:           1  (LUT2=1)
  Clock Uncertainty:      0.207ns  ((TSJ^2 + DJ^2)^1/2) / 2 + PE
    Total System Jitter     (TSJ):    0.050ns
    Discrete Jitter          (DJ):    0.179ns
    Phase Error              (PE):    0.114ns

    Location             Delay type                Incr(ns)  Path(ns)    Netlist Resource(s)
  -------------------------------------------------------------------    -------------------
    MMCME2_ADV_X0Y0      MMCME2_ADV                   0.000     0.000 r  u_mmcm/LOCKED
                         net (fo=2, routed)           1.094     1.094    led_o_OBUF[0]
    SLICE_X15Y37         LUT2 (Prop_lut2_I1_O)        0.045     1.139 f  rst_sync_r[1]_i_1/O
                         net (fo=2, routed)           0.224     1.363    rst_async_w
    SLICE_X15Y37         FDCE                                         f  rst_sync_r_reg[0]/CLR
  -------------------------------------------------------------------    -------------------

                         (clock core_clk_mmcm_w rise edge)
                                                      0.000     0.000 r  
    Y9                                                0.000     0.000 r  gclk_i (IN)
                         net (fo=0)                   0.000     0.000    gclk_i
    Y9                   IBUF (Prop_ibuf_I_O)         0.446     0.446 r  gclk_i_IBUF_inst/O
                         net (fo=1, routed)           0.480     0.926    gclk_i_IBUF
    MMCME2_ADV_X0Y0      MMCME2_ADV (Prop_mmcme2_adv_CLKIN1_CLKOUT0)
                                                     -3.204    -2.278 r  u_mmcm/CLKOUT0
                         net (fo=1, routed)           0.564    -1.714    core_clk_mmcm_w
    BUFGCTRL_X0Y0        BUFG (Prop_bufg_I_O)         0.029    -1.685 r  u_core_clk_buf/O
                         net (fo=233, routed)         0.859    -0.826    core_clk_w
    SLICE_X15Y37         FDCE                                         r  rst_sync_r_reg[0]/C





