 
****************************************
Report : qor
Design : CSS_Transmitter_Top
Version: O-2018.06-SP1
Date   : Fri Sep 18 13:22:44 2026
****************************************


  Timing Path Group 'SYS_CLK'
  -----------------------------------
  Levels of Logic:               6.00
  Critical Path Length:         30.62
  Critical Path Slack:           0.00
  Critical Path Clk Period:     31.25
  Total Negative Slack:          0.00
  No. of Violating Paths:        0.00
  Worst Hold Violation:          0.00
  Total Hold Violation:          0.00
  No. of Hold Violations:        0.00
  -----------------------------------


  Cell Count
  -----------------------------------
  Hierarchical Cell Count:         56
  Hierarchical Port Count:       1376
  Leaf Cell Count:               6684
  Buf/Inv Cell Count:            1783
  Buf Cell Count:                 789
  Inv Cell Count:                 994
  CT Buf/Inv Cell Count:            0
  Combinational Cell Count:      5363
  Sequential Cell Count:         1321
  Macro Count:                      0
  -----------------------------------


  Area
  -----------------------------------
  Combinational Area:    49481.625329
  Noncombinational Area: 33714.892487
  Buf/Inv Area:          10577.203432
  Total Buffer Area:          5077.09
  Total Inverter Area:        5500.11
  Macro/Black Box Area:      0.000000
  Net Area:               5944.522233
  -----------------------------------
  Cell Area:             83196.517816
  Design Area:           89141.040049


  Design Rules
  -----------------------------------
  Total Number of Nets:          6863
  Nets With Violations:             0
  Max Trans Violations:             0
  Max Cap Violations:               0
  -----------------------------------


  Hostname: IC_EDA

  Compile CPU Statistics
  -----------------------------------------
  Resource Sharing:                    0.17
  Logic Optimization:                  0.10
  Mapping Optimization:                0.39
  -----------------------------------------
  Overall Compile Time:                1.32
  Overall Compile Wall Clock Time:     1.62

  --------------------------------------------------------------------

  Design  WNS: 0.00  TNS: 0.00  Number of Violating Paths: 0


  Design (Hold)  WNS: 0.00  TNS: 0.00  Number of Violating Paths: 0

  --------------------------------------------------------------------


1
