Information: Changed wire load model for 'Modulation_FSM' from '(none)' to 'ForQA'. (OPT-170)
Information: Changed wire load model for 'address_counter_N4_MAX15' from '(none)' to 'ForQA'. (OPT-170)
Information: Changed wire load model for 'timer_N7' from '(none)' to 'ForQA'. (OPT-170)
Information: Changed wire load model for 'delay_LUT' from '(none)' to 'ForQA'. (OPT-170)
Information: Changed wire load model for 'address_counter_N5_MAX31' from '(none)' to 'ForQA'. (OPT-170)
Information: Changed wire load model for 'twos_comp_gen_N12_0' from '(none)' to 'ForQA'. (OPT-170)
Information: Changed wire load model for 'twos_comp_gen_N12_1' from '(none)' to 'ForQA'. (OPT-170)
Information: Changed wire load model for 'twos_comp_gen_N12_2' from '(none)' to 'ForQA'. (OPT-170)
Information: Changed wire load model for 'Freq_LUT' from '(none)' to 'ForQA'. (OPT-170)
Information: Changed wire load model for 'integrator_N12_0' from '(none)' to 'ForQA'. (OPT-170)
Information: Changed wire load model for 'twos_comp_gen_N6_0' from '(none)' to 'ForQA'. (OPT-170)
Information: Changed wire load model for 'twos_comp_gen_N6_1' from '(none)' to 'ForQA'. (OPT-170)
Information: Changed wire load model for 'complex_exp_LUT_N12_M6' from '(none)' to 'ForQA'. (OPT-170)
Information: Changed wire load model for 'integrator_N12_1' from '(none)' to 'ForQA'. (OPT-170)
Information: Changed wire load model for 'CSK_GEN_N12_M6' from '(none)' to 'ForQA'. (OPT-170)
Information: Changed wire load model for 'feedback_memory_polar_N12' from '(none)' to 'ForQA'. (OPT-170)
Information: Changed wire load model for 'dqpsk_mapper_polar_N12' from '(none)' to 'ForQA'. (OPT-170)
Information: Changed wire load model for 'bit_RAM_Depth4_0' from '(none)' to 'ForQA'. (OPT-170)
Information: Changed wire load model for 'bit_RAM_Depth4_1' from '(none)' to 'ForQA'. (OPT-170)
Information: Changed wire load model for 'address_counter_N3_MAX4' from '(none)' to 'ForQA'. (OPT-170)
Information: Changed wire load model for 'dreg_N1' from '(none)' to 'ForQA'. (OPT-170)
Information: Changed wire load model for 'Modulation_system_N12' from '(none)' to 'ForQA'. (OPT-170)
Information: Changed wire load model for 'ppdu_mux' from '(none)' to 'ForQA'. (OPT-170)
Information: Changed wire load model for 'shr_rom' from '(none)' to 'ForQA'. (OPT-170)
Information: Changed wire load model for 'bit_interleaver' from '(none)' to 'ForQA'. (OPT-170)
Information: Changed wire load model for 'symbol_mapper_0' from '(none)' to 'ForQA'. (OPT-170)
Information: Changed wire load model for 'symbol_mapper_1' from '(none)' to 'ForQA'. (OPT-170)
Information: Changed wire load model for 'iq_demux' from '(none)' to 'ForQA'. (OPT-170)
Information: Changed wire load model for 'bit_accumulator' from '(none)' to 'ForQA'. (OPT-170)
Information: Changed wire load model for 'payload_ram_bank8x8_0' from '(none)' to 'ForQA'. (OPT-170)
Information: Changed wire load model for 'payload_ram_bank8x8_1' from '(none)' to 'ForQA'. (OPT-170)
Information: Changed wire load model for 'payload_ram_bank8x8_2' from '(none)' to 'ForQA'. (OPT-170)
Information: Changed wire load model for 'payload_ram_bank8x8_3' from '(none)' to 'ForQA'. (OPT-170)
Information: Changed wire load model for 'payload_ram_bank8x8_4' from '(none)' to 'ForQA'. (OPT-170)
Information: Changed wire load model for 'payload_ram_bank8x8_5' from '(none)' to 'ForQA'. (OPT-170)
Information: Changed wire load model for 'payload_ram_bank8x8_6' from '(none)' to 'ForQA'. (OPT-170)
Information: Changed wire load model for 'payload_ram_bank8x8_7' from '(none)' to 'ForQA'. (OPT-170)
Information: Changed wire load model for 'payload_ram_bank8x8_8' from '(none)' to 'ForQA'. (OPT-170)
Information: Changed wire load model for 'payload_ram_bank8x8_9' from '(none)' to 'ForQA'. (OPT-170)
Information: Changed wire load model for 'payload_ram_bank8x8_10' from '(none)' to 'ForQA'. (OPT-170)
Information: Changed wire load model for 'payload_ram_bank8x8_11' from '(none)' to 'ForQA'. (OPT-170)
Information: Changed wire load model for 'payload_ram_bank8x8_12' from '(none)' to 'ForQA'. (OPT-170)
Information: Changed wire load model for 'payload_ram_bank8x8_13' from '(none)' to 'ForQA'. (OPT-170)
Information: Changed wire load model for 'payload_ram_bank8x8_14' from '(none)' to 'ForQA'. (OPT-170)
Information: Changed wire load model for 'payload_ram_bank8x8_15' from '(none)' to 'ForQA'. (OPT-170)
Information: Changed wire load model for 'payload_ram' from '(none)' to 'ForQA'. (OPT-170)
Information: Changed wire load model for 'ppdu_ctrl' from '(none)' to 'ForQA'. (OPT-170)
Information: Changed wire load model for 'css_tx_framer' from '(none)' to 'ForQA'. (OPT-170)
Information: Updating graph... (UID-83)
Warning: Design 'CSS_Transmitter_Top' contains 3 high-fanout nets. A fanout number of 1000 will be used for delay calculations involving these nets. (TIM-134)
 
****************************************
Report : reference
Design : CSS_Transmitter_Top
Version: O-2018.06-SP1
Date   : Fri Sep 18 13:22:18 2026
****************************************

Attributes:
    b - black box (unknown)
   bo - allows boundary optimization
    d - dont_touch
   mo - map_only
    h - hierarchical
    n - noncombinational
    r - removable
    s - synthetic operator
    u - contains unmapped logic

Reference          Library       Unit Area   Count    Total Area   Attributes
-----------------------------------------------------------------------------
GTECH_NOT          gtech          0.000000       1      0.000000  u
GTECH_OR2          gtech          0.000000       1      0.000000  u
Modulation_system_N12             0.000000       1      0.000000  h, n, u
css_tx_framer                     0.000000       1      0.000000  h, n, u
-----------------------------------------------------------------------------
Total 4 references                                      0.000000
1
