****************************************
Report : timing
        -path_type full
        -delay_type min
        -max_paths 20
        -report_by design
Design : CSS_Transmitter_Top
Version: O-2018.06-SP1
Date   : Fri Sep 18 12:32:38 2026
****************************************
Information: Timer using 'SI, Timing Window Analysis, CRPR'. (TIM-050)

  Startpoint: u_framer/u_ctrl/load_cnt_reg_1_ (rising edge-triggered flip-flop clocked by SYS_CLK)
  Endpoint: u_framer/u_ctrl/load_cnt_reg_0_ (rising edge-triggered flip-flop clocked by SYS_CLK)
  Mode: default
  Corner: default
  Scenario: default
  Path Group: SYS_CLK
  Path Type: min

  Point                                            Incr      Path  
  ------------------------------------------------------------------------
  clock SYS_CLK (rise edge)                        0.00      0.00
  clock network delay (propagated)                 1.28      1.28

  u_framer/u_ctrl/load_cnt_reg_1_/CLK (SDFFX1)     0.00      1.28 r
  u_framer/u_ctrl/load_cnt_reg_1_/QN (SDFFX1)      0.48      1.76 f
  u_framer/u_ctrl/U153/Q (AO22X1)                  0.29      2.05 f
  u_framer/u_ctrl/load_cnt_reg_0_/D (SDFFX1)       0.00      2.05 f
  data arrival time                                          2.05

  clock SYS_CLK (rise edge)                        0.00      0.00
  clock network delay (propagated)                 1.38      1.38
  clock reconvergence pessimism                   -0.05      1.33
  u_framer/u_ctrl/load_cnt_reg_0_/CLK (SDFFX1)     0.00      1.33 r
  clock uncertainty                                0.45      1.78
  library hold time                               -0.15      1.63
  data required time                                         1.63
  ------------------------------------------------------------------------
  data required time                                         1.63
  data arrival time                                         -2.05
  ------------------------------------------------------------------------
  slack (MET)                                                0.42



  Startpoint: u_framer/u_ctrl/k_reg_2_ (rising edge-triggered flip-flop clocked by SYS_CLK)
  Endpoint: u_framer/u_ctrl/k_reg_2_ (rising edge-triggered flip-flop clocked by SYS_CLK)
  Mode: default
  Corner: default
  Scenario: default
  Path Group: SYS_CLK
  Path Type: min

  Point                                            Incr      Path  
  ------------------------------------------------------------------------
  clock SYS_CLK (rise edge)                        0.00      0.00
  clock network delay (propagated)                 1.28      1.28

  u_framer/u_ctrl/k_reg_2_/CLK (SDFFX1)            0.00      1.28 r
  u_framer/u_ctrl/k_reg_2_/QN (SDFFX1)             0.47      1.75 f
  u_framer/u_ctrl/U210/Q (AO22X1)                  0.28      2.03 f
  u_framer/u_ctrl/k_reg_2_/D (SDFFX1)              0.00      2.03 f
  data arrival time                                          2.03

  clock SYS_CLK (rise edge)                        0.00      0.00
  clock network delay (propagated)                 1.37      1.37
  clock reconvergence pessimism                   -0.09      1.28
  u_framer/u_ctrl/k_reg_2_/CLK (SDFFX1)            0.00      1.28 r
  clock uncertainty                                0.45      1.73
  library hold time                               -0.15      1.58
  data required time                                         1.58
  ------------------------------------------------------------------------
  data required time                                         1.58
  data arrival time                                         -2.03
  ------------------------------------------------------------------------
  slack (MET)                                                0.45



  Startpoint: u_framer/u_ctrl/load_cnt_reg_1_ (rising edge-triggered flip-flop clocked by SYS_CLK)
  Endpoint: u_framer/u_ctrl/load_cnt_reg_1_ (rising edge-triggered flip-flop clocked by SYS_CLK)
  Mode: default
  Corner: default
  Scenario: default
  Path Group: SYS_CLK
  Path Type: min

  Point                                            Incr      Path  
  ------------------------------------------------------------------------
  clock SYS_CLK (rise edge)                        0.00      0.00
  clock network delay (propagated)                 1.28      1.28

  u_framer/u_ctrl/load_cnt_reg_1_/CLK (SDFFX1)     0.00      1.28 r
  u_framer/u_ctrl/load_cnt_reg_1_/QN (SDFFX1)      0.48      1.76 f
  u_framer/u_ctrl/U152/Q (AO22X1)                  0.29      2.05 f
  u_framer/u_ctrl/load_cnt_reg_1_/D (SDFFX1)       0.00      2.05 f
  data arrival time                                          2.05

  clock SYS_CLK (rise edge)                        0.00      0.00
  clock network delay (propagated)                 1.36      1.36
  clock reconvergence pessimism                   -0.08      1.28
  u_framer/u_ctrl/load_cnt_reg_1_/CLK (SDFFX1)     0.00      1.28 r
  clock uncertainty                                0.45      1.73
  library hold time                               -0.15      1.58
  data required time                                         1.58
  ------------------------------------------------------------------------
  data required time                                         1.58
  data arrival time                                         -2.05
  ------------------------------------------------------------------------
  slack (MET)                                                0.47



  Startpoint: u_framer/u_ctrl/shr_cnt_reg_0_ (rising edge-triggered flip-flop clocked by SYS_CLK)
  Endpoint: u_framer/u_ctrl/shr_cnt_reg_0_ (rising edge-triggered flip-flop clocked by SYS_CLK)
  Mode: default
  Corner: default
  Scenario: default
  Path Group: SYS_CLK
  Path Type: min

  Point                                            Incr      Path  
  ------------------------------------------------------------------------
  clock SYS_CLK (rise edge)                        0.00      0.00
  clock network delay (propagated)                 1.26      1.26

  u_framer/u_ctrl/shr_cnt_reg_0_/CLK (SDFFX1)      0.00      1.26 r
  u_framer/u_ctrl/shr_cnt_reg_0_/QN (SDFFX1)       0.49      1.75 f
  u_framer/u_ctrl/U198/Q (AO22X1)                  0.29      2.04 f
  u_framer/u_ctrl/shr_cnt_reg_0_/D (SDFFX1)        0.00      2.04 f
  data arrival time                                          2.04

  clock SYS_CLK (rise edge)                        0.00      0.00
  clock network delay (propagated)                 1.33      1.33
  clock reconvergence pessimism                   -0.08      1.26
  u_framer/u_ctrl/shr_cnt_reg_0_/CLK (SDFFX1)      0.00      1.26 r
  clock uncertainty                                0.45      1.71
  library hold time                               -0.15      1.55
  data required time                                         1.55
  ------------------------------------------------------------------------
  data required time                                         1.55
  data arrival time                                         -2.04
  ------------------------------------------------------------------------
  slack (MET)                                                0.48



  Startpoint: Modulation_system_cart/Address_D/address_reg_2_ (rising edge-triggered flip-flop clocked by SYS_CLK)
  Endpoint: Modulation_system_cart/Address_D/address_reg_2_ (rising edge-triggered flip-flop clocked by SYS_CLK)
  Mode: default
  Corner: default
  Scenario: default
  Path Group: SYS_CLK
  Path Type: min

  Point                                            Incr      Path  
  ------------------------------------------------------------------------
  clock SYS_CLK (rise edge)                        0.00      0.00
  clock network delay (propagated)                 1.29      1.29

  Modulation_system_cart/Address_D/address_reg_2_/CLK (SDFFARX1)
                                                   0.00      1.29 r
  Modulation_system_cart/Address_D/address_reg_2_/QN (SDFFARX1)
                                                   0.49      1.79 f
  Modulation_system_cart/Address_D/U13/Q (AO22X1)
                                                   0.27      2.06 f
  Modulation_system_cart/Address_D/address_reg_2_/D (SDFFARX1)
                                                   0.00      2.06 f
  data arrival time                                          2.06

  clock SYS_CLK (rise edge)                        0.00      0.00
  clock network delay (propagated)                 1.38      1.38
  clock reconvergence pessimism                   -0.09      1.29
  Modulation_system_cart/Address_D/address_reg_2_/CLK (SDFFARX1)
                                                   0.00      1.29 r
  clock uncertainty                                0.45      1.74
  library hold time                               -0.17      1.57
  data required time                                         1.57
  ------------------------------------------------------------------------
  data required time                                         1.57
  data arrival time                                         -2.06
  ------------------------------------------------------------------------
  slack (MET)                                                0.49



  Startpoint: Modulation_system_cart/control_unit/state_reg_reg_0_ (rising edge-triggered flip-flop clocked by SYS_CLK)
  Endpoint: Modulation_system_cart/control_unit/state_reg_reg_1_ (rising edge-triggered flip-flop clocked by SYS_CLK)
  Mode: default
  Corner: default
  Scenario: default
  Path Group: SYS_CLK
  Path Type: min

  Point                                            Incr      Path  
  ------------------------------------------------------------------------
  clock SYS_CLK (rise edge)                        0.00      0.00
  clock network delay (propagated)                 1.27      1.27

  Modulation_system_cart/control_unit/state_reg_reg_0_/CLK (SDFFARX1)
                                                   0.00      1.27 r
  Modulation_system_cart/control_unit/state_reg_reg_0_/QN (SDFFARX1)
                                                   0.50      1.78 f
  Modulation_system_cart/control_unit/U22/Q (OA22X1)
                                                   0.27      2.05 f
  Modulation_system_cart/control_unit/state_reg_reg_1_/D (SDFFARX1)
                                                   0.00      2.05 f
  data arrival time                                          2.05

  clock SYS_CLK (rise edge)                        0.00      0.00
  clock network delay (propagated)                 1.36      1.36
  clock reconvergence pessimism                   -0.09      1.27
  Modulation_system_cart/control_unit/state_reg_reg_1_/CLK (SDFFARX1)
                                                   0.00      1.27 r
  clock uncertainty                                0.45      1.72
  library hold time                               -0.17      1.55
  data required time                                         1.55
  ------------------------------------------------------------------------
  data required time                                         1.55
  data arrival time                                         -2.05
  ------------------------------------------------------------------------
  slack (MET)                                                0.49



  Startpoint: Modulation_system_cart/Address_D/address_reg_1_ (rising edge-triggered flip-flop clocked by SYS_CLK)
  Endpoint: Modulation_system_cart/Address_D/address_reg_1_ (rising edge-triggered flip-flop clocked by SYS_CLK)
  Mode: default
  Corner: default
  Scenario: default
  Path Group: SYS_CLK
  Path Type: min

  Point                                            Incr      Path  
  ------------------------------------------------------------------------
  clock SYS_CLK (rise edge)                        0.00      0.00
  clock network delay (propagated)                 1.29      1.29

  Modulation_system_cart/Address_D/address_reg_1_/CLK (SDFFARX1)
                                                   0.00      1.29 r
  Modulation_system_cart/Address_D/address_reg_1_/QN (SDFFARX1)
                                                   0.50      1.79 f
  Modulation_system_cart/Address_D/U12/Q (AO22X1)
                                                   0.29      2.09 f
  Modulation_system_cart/Address_D/address_reg_1_/D (SDFFARX1)
                                                   0.00      2.09 f
  data arrival time                                          2.09

  clock SYS_CLK (rise edge)                        0.00      0.00
  clock network delay (propagated)                 1.38      1.38
  clock reconvergence pessimism                   -0.09      1.29
  Modulation_system_cart/Address_D/address_reg_1_/CLK (SDFFARX1)
                                                   0.00      1.29 r
  clock uncertainty                                0.45      1.74
  library hold time                               -0.17      1.57
  data required time                                         1.57
  ------------------------------------------------------------------------
  data required time                                         1.57
  data arrival time                                         -2.09
  ------------------------------------------------------------------------
  slack (MET)                                                0.51



  Startpoint: u_framer/u_payload_ram/rdata_reg_5_ (rising edge-triggered flip-flop clocked by SYS_CLK)
  Endpoint: u_framer/u_acc/acc_reg_21_ (rising edge-triggered flip-flop clocked by SYS_CLK)
  Mode: default
  Corner: default
  Scenario: default
  Path Group: SYS_CLK
  Path Type: min

  Point                                            Incr      Path  
  ------------------------------------------------------------------------
  clock SYS_CLK (rise edge)                        0.00      0.00
  clock network delay (propagated)                 1.27      1.27

  u_framer/u_payload_ram/rdata_reg_5_/CLK (SDFFX1)
                                                   0.00      1.27 r
  u_framer/u_payload_ram/rdata_reg_5_/Q (SDFFX1)   0.66      1.93 f
  u_framer/u_acc/U45/Q (AO22X1)                    0.25      2.18 f
  u_framer/u_acc/acc_reg_21_/D (SDFFX1)            0.00      2.18 f
  data arrival time                                          2.18

  clock SYS_CLK (rise edge)                        0.00      0.00
  clock network delay (propagated)                 1.38      1.38
  clock reconvergence pessimism                   -0.03      1.35
  u_framer/u_acc/acc_reg_21_/CLK (SDFFX1)          0.00      1.35 r
  clock uncertainty                                0.45      1.80
  library hold time                               -0.15      1.65
  data required time                                         1.65
  ------------------------------------------------------------------------
  data required time                                         1.65
  data arrival time                                         -2.18
  ------------------------------------------------------------------------
  slack (MET)                                                0.53



  Startpoint: u_framer/u_payload_ram/rdata_reg_6_ (rising edge-triggered flip-flop clocked by SYS_CLK)
  Endpoint: u_framer/u_acc/acc_reg_22_ (rising edge-triggered flip-flop clocked by SYS_CLK)
  Mode: default
  Corner: default
  Scenario: default
  Path Group: SYS_CLK
  Path Type: min

  Point                                            Incr      Path  
  ------------------------------------------------------------------------
  clock SYS_CLK (rise edge)                        0.00      0.00
  clock network delay (propagated)                 1.27      1.27

  u_framer/u_payload_ram/rdata_reg_6_/CLK (SDFFX1)
                                                   0.00      1.27 r
  u_framer/u_payload_ram/rdata_reg_6_/Q (SDFFX1)   0.67      1.94 f
  u_framer/u_acc/U46/Q (AO22X1)                    0.25      2.19 f
  u_framer/u_acc/acc_reg_22_/D (SDFFX1)            0.00      2.19 f
  data arrival time                                          2.19

  clock SYS_CLK (rise edge)                        0.00      0.00
  clock network delay (propagated)                 1.38      1.38
  clock reconvergence pessimism                   -0.03      1.35
  u_framer/u_acc/acc_reg_22_/CLK (SDFFX1)          0.00      1.35 r
  clock uncertainty                                0.45      1.80
  library hold time                               -0.15      1.65
  data required time                                         1.65
  ------------------------------------------------------------------------
  data required time                                         1.65
  data arrival time                                         -2.19
  ------------------------------------------------------------------------
  slack (MET)                                                0.54



  Startpoint: u_framer/u_ctrl/k_reg_0_ (rising edge-triggered flip-flop clocked by SYS_CLK)
  Endpoint: u_framer/u_ctrl/k_reg_0_ (rising edge-triggered flip-flop clocked by SYS_CLK)
  Mode: default
  Corner: default
  Scenario: default
  Path Group: SYS_CLK
  Path Type: min

  Point                                            Incr      Path  
  ------------------------------------------------------------------------
  clock SYS_CLK (rise edge)                        0.00      0.00
  clock network delay (propagated)                 1.26      1.26

  u_framer/u_ctrl/k_reg_0_/CLK (SDFFX1)            0.00      1.26 r
  u_framer/u_ctrl/k_reg_0_/QN (SDFFX1)             0.50      1.75 f
  u_framer/u_ctrl/U208/Q (AO22X1)                  0.35      2.10 f
  u_framer/u_ctrl/k_reg_0_/D (SDFFX1)              0.00      2.10 f
  data arrival time                                          2.10

  clock SYS_CLK (rise edge)                        0.00      0.00
  clock network delay (propagated)                 1.33      1.33
  clock reconvergence pessimism                   -0.08      1.26
  u_framer/u_ctrl/k_reg_0_/CLK (SDFFX1)            0.00      1.26 r
  clock uncertainty                                0.45      1.71
  library hold time                               -0.16      1.55
  data required time                                         1.55
  ------------------------------------------------------------------------
  data required time                                         1.55
  data arrival time                                         -2.10
  ------------------------------------------------------------------------
  slack (MET)                                                0.55



  Startpoint: u_framer/u_payload_ram/rdata_reg_7_ (rising edge-triggered flip-flop clocked by SYS_CLK)
  Endpoint: u_framer/u_acc/acc_reg_23_ (rising edge-triggered flip-flop clocked by SYS_CLK)
  Mode: default
  Corner: default
  Scenario: default
  Path Group: SYS_CLK
  Path Type: min

  Point                                            Incr      Path  
  ------------------------------------------------------------------------
  clock SYS_CLK (rise edge)                        0.00      0.00
  clock network delay (propagated)                 1.28      1.28

  u_framer/u_payload_ram/rdata_reg_7_/CLK (SDFFX1)
                                                   0.00      1.28 r
  u_framer/u_payload_ram/rdata_reg_7_/Q (SDFFX1)   0.68      1.96 f
  u_framer/u_acc/U47/Q (AO22X1)                    0.26      2.21 f
  u_framer/u_acc/acc_reg_23_/D (SDFFX1)            0.00      2.21 f
  data arrival time                                          2.21

  clock SYS_CLK (rise edge)                        0.00      0.00
  clock network delay (propagated)                 1.39      1.39
  clock reconvergence pessimism                   -0.03      1.36
  u_framer/u_acc/acc_reg_23_/CLK (SDFFX1)          0.00      1.36 r
  clock uncertainty                                0.45      1.81
  library hold time                               -0.15      1.66
  data required time                                         1.66
  ------------------------------------------------------------------------
  data required time                                         1.66
  data arrival time                                         -2.21
  ------------------------------------------------------------------------
  slack (MET)                                                0.56



  Startpoint: u_framer/u_ctrl/k_reg_0_ (rising edge-triggered flip-flop clocked by SYS_CLK)
  Endpoint: u_framer/u_ctrl/k_reg_1_ (rising edge-triggered flip-flop clocked by SYS_CLK)
  Mode: default
  Corner: default
  Scenario: default
  Path Group: SYS_CLK
  Path Type: min

  Point                                            Incr      Path  
  ------------------------------------------------------------------------
  clock SYS_CLK (rise edge)                        0.00      0.00
  clock network delay (propagated)                 1.26      1.26

  u_framer/u_ctrl/k_reg_0_/CLK (SDFFX1)            0.00      1.26 r
  u_framer/u_ctrl/k_reg_0_/QN (SDFFX1)             0.54      1.80 r
  u_framer/u_ctrl/U121/QN (NOR2X0)                 0.16      1.95 f
  u_framer/u_ctrl/U209/Q (AO22X1)                  0.25      2.20 f
  u_framer/u_ctrl/k_reg_1_/D (SDFFX1)              0.00      2.20 f
  data arrival time                                          2.20

  clock SYS_CLK (rise edge)                        0.00      0.00
  clock network delay (propagated)                 1.37      1.37
  clock reconvergence pessimism                   -0.03      1.33
  u_framer/u_ctrl/k_reg_1_/CLK (SDFFX1)            0.00      1.33 r
  clock uncertainty                                0.45      1.78
  library hold time                               -0.15      1.63
  data required time                                         1.63
  ------------------------------------------------------------------------
  data required time                                         1.63
  data arrival time                                         -2.20
  ------------------------------------------------------------------------
  slack (MET)                                                0.57



  Startpoint: Modulation_system_cart/Address_D/address_reg_0_ (rising edge-triggered flip-flop clocked by SYS_CLK)
  Endpoint: Modulation_system_cart/Address_D/address_reg_0_ (rising edge-triggered flip-flop clocked by SYS_CLK)
  Mode: default
  Corner: default
  Scenario: default
  Path Group: SYS_CLK
  Path Type: min

  Point                                            Incr      Path  
  ------------------------------------------------------------------------
  clock SYS_CLK (rise edge)                        0.00      0.00
  clock network delay (propagated)                 1.29      1.29

  Modulation_system_cart/Address_D/address_reg_0_/CLK (SDFFARX1)
                                                   0.00      1.29 r
  Modulation_system_cart/Address_D/address_reg_0_/QN (SDFFARX1)
                                                   0.52      1.82 f
  Modulation_system_cart/Address_D/U11/Q (AO22X1)
                                                   0.33      2.15 f
  Modulation_system_cart/Address_D/address_reg_0_/D (SDFFARX1)
                                                   0.00      2.15 f
  data arrival time                                          2.15

  clock SYS_CLK (rise edge)                        0.00      0.00
  clock network delay (propagated)                 1.38      1.38
  clock reconvergence pessimism                   -0.09      1.29
  Modulation_system_cart/Address_D/address_reg_0_/CLK (SDFFARX1)
                                                   0.00      1.29 r
  clock uncertainty                                0.45      1.74
  library hold time                               -0.17      1.57
  data required time                                         1.57
  ------------------------------------------------------------------------
  data required time                                         1.57
  data arrival time                                         -2.15
  ------------------------------------------------------------------------
  slack (MET)                                                0.58



  Startpoint: Modulation_system_cart/Address_A/address_reg_0_ (rising edge-triggered flip-flop clocked by SYS_CLK)
  Endpoint: Modulation_system_cart/Address_A/address_reg_0_ (rising edge-triggered flip-flop clocked by SYS_CLK)
  Mode: default
  Corner: default
  Scenario: default
  Path Group: SYS_CLK
  Path Type: min

  Point                                            Incr      Path  
  ------------------------------------------------------------------------
  clock SYS_CLK (rise edge)                        0.00      0.00
  clock network delay (propagated)                 1.27      1.27

  Modulation_system_cart/Address_A/address_reg_0_/CLK (SDFFARX1)
                                                   0.00      1.27 r
  Modulation_system_cart/Address_A/address_reg_0_/QN (SDFFARX1)
                                                   0.52      1.80 f
  Modulation_system_cart/Address_A/U9/Q (AO22X1)   0.34      2.13 f
  Modulation_system_cart/Address_A/address_reg_0_/D (SDFFARX1)
                                                   0.00      2.13 f
  data arrival time                                          2.13

  clock SYS_CLK (rise edge)                        0.00      0.00
  clock network delay (propagated)                 1.36      1.36
  clock reconvergence pessimism                   -0.09      1.27
  Modulation_system_cart/Address_A/address_reg_0_/CLK (SDFFARX1)
                                                   0.00      1.27 r
  clock uncertainty                                0.45      1.72
  library hold time                               -0.17      1.55
  data required time                                         1.55
  ------------------------------------------------------------------------
  data required time                                         1.55
  data arrival time                                         -2.13
  ------------------------------------------------------------------------
  slack (MET)                                                0.58



  Startpoint: u_framer/u_ctrl/start_prev_reg (rising edge-triggered flip-flop clocked by SYS_CLK)
  Endpoint: u_framer/u_ctrl/len_err_reg (rising edge-triggered flip-flop clocked by SYS_CLK)
  Mode: default
  Corner: default
  Scenario: default
  Path Group: SYS_CLK
  Path Type: min

  Point                                            Incr      Path  
  ------------------------------------------------------------------------
  clock SYS_CLK (rise edge)                        0.00      0.00
  clock network delay (propagated)                 1.26      1.26

  u_framer/u_ctrl/start_prev_reg/CLK (SDFFX1)      0.00      1.26 r
  u_framer/u_ctrl/start_prev_reg/QN (SDFFX1)       0.49      1.75 f
  u_framer/u_ctrl/U151/QN (NAND4X0)                0.18      1.93 r
  u_framer/u_ctrl/U150/QN (OAI21X1)                0.29      2.22 f
  u_framer/u_ctrl/len_err_reg/D (SDFFX1)           0.00      2.22 f
  data arrival time                                          2.22

  clock SYS_CLK (rise edge)                        0.00      0.00
  clock network delay (propagated)                 1.36      1.36
  clock reconvergence pessimism                   -0.03      1.33
  u_framer/u_ctrl/len_err_reg/CLK (SDFFX1)         0.00      1.33 r
  clock uncertainty                                0.45      1.78
  library hold time                               -0.15      1.63
  data required time                                         1.63
  ------------------------------------------------------------------------
  data required time                                         1.63
  data arrival time                                         -2.22
  ------------------------------------------------------------------------
  slack (MET)                                                0.59



  Startpoint: u_framer/u_payload_ram/rdata_reg_3_ (rising edge-triggered flip-flop clocked by SYS_CLK)
  Endpoint: u_framer/u_acc/acc_reg_19_ (rising edge-triggered flip-flop clocked by SYS_CLK)
  Mode: default
  Corner: default
  Scenario: default
  Path Group: SYS_CLK
  Path Type: min

  Point                                            Incr      Path  
  ------------------------------------------------------------------------
  clock SYS_CLK (rise edge)                        0.00      0.00
  clock network delay (propagated)                 1.30      1.30

  u_framer/u_payload_ram/rdata_reg_3_/CLK (SDFFX1)
                                                   0.00      1.30 r
  u_framer/u_payload_ram/rdata_reg_3_/Q (SDFFX1)   0.66      1.96 f
  u_framer/u_acc/U43/Q (AO22X1)                    0.25      2.21 f
  u_framer/u_acc/acc_reg_19_/D (SDFFX1)            0.00      2.21 f
  data arrival time                                          2.21

  clock SYS_CLK (rise edge)                        0.00      0.00
  clock network delay (propagated)                 1.39      1.39
  clock reconvergence pessimism                   -0.08      1.32
  u_framer/u_acc/acc_reg_19_/CLK (SDFFX1)          0.00      1.32 r
  clock uncertainty                                0.45      1.77
  library hold time                               -0.15      1.62
  data required time                                         1.62
  ------------------------------------------------------------------------
  data required time                                         1.62
  data arrival time                                         -2.21
  ------------------------------------------------------------------------
  slack (MET)                                                0.59



  Startpoint: u_framer/u_ctrl/bits_left_reg_0_ (rising edge-triggered flip-flop clocked by SYS_CLK)
  Endpoint: u_framer/u_ctrl/bits_left_reg_0_ (rising edge-triggered flip-flop clocked by SYS_CLK)
  Mode: default
  Corner: default
  Scenario: default
  Path Group: SYS_CLK
  Path Type: min

  Point                                            Incr      Path  
  ------------------------------------------------------------------------
  clock SYS_CLK (rise edge)                        0.00      0.00
  clock network delay (propagated)                 1.30      1.30

  u_framer/u_ctrl/bits_left_reg_0_/CLK (SDFFX1)    0.00      1.30 r
  u_framer/u_ctrl/bits_left_reg_0_/Q (SDFFX1)      0.67      1.97 f
  u_framer/u_ctrl/U69/Q (OA21X1)                   0.22      2.20 f
  u_framer/u_ctrl/bits_left_reg_0_/D (SDFFX1)      0.00      2.20 f
  data arrival time                                          2.20

  clock SYS_CLK (rise edge)                        0.00      0.00
  clock network delay (propagated)                 1.39      1.39
  clock reconvergence pessimism                   -0.09      1.30
  u_framer/u_ctrl/bits_left_reg_0_/CLK (SDFFX1)    0.00      1.30 r
  clock uncertainty                                0.45      1.75
  library hold time                               -0.15      1.60
  data required time                                         1.60
  ------------------------------------------------------------------------
  data required time                                         1.60
  data arrival time                                         -2.20
  ------------------------------------------------------------------------
  slack (MET)                                                0.59



  Startpoint: u_framer/u_payload_ram/rdata_reg_2_ (rising edge-triggered flip-flop clocked by SYS_CLK)
  Endpoint: u_framer/u_acc/acc_reg_18_ (rising edge-triggered flip-flop clocked by SYS_CLK)
  Mode: default
  Corner: default
  Scenario: default
  Path Group: SYS_CLK
  Path Type: min

  Point                                            Incr      Path  
  ------------------------------------------------------------------------
  clock SYS_CLK (rise edge)                        0.00      0.00
  clock network delay (propagated)                 1.30      1.30

  u_framer/u_payload_ram/rdata_reg_2_/CLK (SDFFX1)
                                                   0.00      1.30 r
  u_framer/u_payload_ram/rdata_reg_2_/Q (SDFFX1)   0.67      1.97 f
  u_framer/u_acc/U42/Q (AO22X1)                    0.25      2.21 f
  u_framer/u_acc/acc_reg_18_/D (SDFFX1)            0.00      2.21 f
  data arrival time                                          2.21

  clock SYS_CLK (rise edge)                        0.00      0.00
  clock network delay (propagated)                 1.39      1.39
  clock reconvergence pessimism                   -0.08      1.32
  u_framer/u_acc/acc_reg_18_/CLK (SDFFX1)          0.00      1.32 r
  clock uncertainty                                0.45      1.77
  library hold time                               -0.15      1.62
  data required time                                         1.62
  ------------------------------------------------------------------------
  data required time                                         1.62
  data arrival time                                         -2.21
  ------------------------------------------------------------------------
  slack (MET)                                                0.60



  Startpoint: u_framer/u_ctrl/win_reg_1_ (rising edge-triggered flip-flop clocked by SYS_CLK)
  Endpoint: u_framer/u_ctrl/win_reg_1_ (rising edge-triggered flip-flop clocked by SYS_CLK)
  Mode: default
  Corner: default
  Scenario: default
  Path Group: SYS_CLK
  Path Type: min

  Point                                            Incr      Path  
  ------------------------------------------------------------------------
  clock SYS_CLK (rise edge)                        0.00      0.00
  clock network delay (propagated)                 1.28      1.28

  u_framer/u_ctrl/win_reg_1_/CLK (SDFFX1)          0.00      1.28 r
  u_framer/u_ctrl/win_reg_1_/QN (SDFFX1)           0.54      1.82 r
  u_framer/u_ctrl/U135/QN (OAI21X1)                0.37      2.19 f
  u_framer/u_ctrl/win_reg_1_/D (SDFFX1)            0.00      2.19 f
  data arrival time                                          2.19

  clock SYS_CLK (rise edge)                        0.00      0.00
  clock network delay (propagated)                 1.36      1.36
  clock reconvergence pessimism                   -0.09      1.28
  u_framer/u_ctrl/win_reg_1_/CLK (SDFFX1)          0.00      1.28 r
  clock uncertainty                                0.45      1.73
  library hold time                               -0.15      1.58
  data required time                                         1.58
  ------------------------------------------------------------------------
  data required time                                         1.58
  data arrival time                                         -2.19
  ------------------------------------------------------------------------
  slack (MET)                                                0.60



  Startpoint: u_framer/u_payload_ram/rdata_reg_4_ (rising edge-triggered flip-flop clocked by SYS_CLK)
  Endpoint: u_framer/u_acc/acc_reg_20_ (rising edge-triggered flip-flop clocked by SYS_CLK)
  Mode: default
  Corner: default
  Scenario: default
  Path Group: SYS_CLK
  Path Type: min

  Point                                            Incr      Path  
  ------------------------------------------------------------------------
  clock SYS_CLK (rise edge)                        0.00      0.00
  clock network delay (propagated)                 1.30      1.30

  u_framer/u_payload_ram/rdata_reg_4_/CLK (SDFFX1)
                                                   0.00      1.30 r
  u_framer/u_payload_ram/rdata_reg_4_/Q (SDFFX1)   0.65      1.95 f
  u_framer/u_acc/U44/Q (AO22X1)                    0.25      2.20 f
  u_framer/u_acc/acc_reg_20_/D (SDFFX1)            0.00      2.20 f
  data arrival time                                          2.20

  clock SYS_CLK (rise edge)                        0.00      0.00
  clock network delay (propagated)                 1.38      1.38
  clock reconvergence pessimism                   -0.09      1.30
  u_framer/u_acc/acc_reg_20_/CLK (SDFFX1)          0.00      1.30 r
  clock uncertainty                                0.45      1.75
  library hold time                               -0.16      1.59
  data required time                                         1.59
  ------------------------------------------------------------------------
  data required time                                         1.59
  data arrival time                                         -2.20
  ------------------------------------------------------------------------
  slack (MET)                                                0.61


1
