****************************************
Report : timing
        -path_type full
        -delay_type max
        -max_paths 20
        -report_by design
Design : CSS_Transmitter_Top
Version: O-2018.06-SP1
Date   : Fri Sep 18 12:32:38 2026
****************************************
Information: Timer using 'SI, Timing Window Analysis, CRPR'. (TIM-050)

  Startpoint: Modulation_system_cart/Address_C/address_reg_9_ (rising edge-triggered flip-flop clocked by SYS_CLK)
  Endpoint: DAC_RE_cart[5] (output port clocked by SYS_CLK)
  Mode: default
  Corner: default
  Scenario: default
  Path Group: SYS_CLK
  Path Type: max

  Point                                            Incr      Path  
  ------------------------------------------------------------------------
  clock SYS_CLK (rise edge)                        0.00      0.00
  clock network delay (propagated)                 1.39      1.39

  Modulation_system_cart/Address_C/address_reg_9_/CLK (SDFFARX1)
                                                   0.00      1.39 r
  Modulation_system_cart/Address_C/address_reg_9_/Q (SDFFARX1)
                                                   0.79      2.18 f
  Modulation_system_cart/CSK_GEN/complex_exp_LUT/U1066/ZN (INVX0)
                                                   0.15      2.33 r
  Modulation_system_cart/CSK_GEN/complex_exp_LUT/U1079/QN (NOR2X0)
                                                   0.20      2.53 f
  Modulation_system_cart/CSK_GEN/complex_exp_LUT/U908/Q (AND3X1)
                                                   0.46      2.99 f
  Modulation_system_cart/CSK_GEN/complex_exp_LUT/PLACE_HFSBUF_36_1077/Z (NBUFFX2)
                                                   0.25      3.25 f
  Modulation_system_cart/CSK_GEN/complex_exp_LUT/U894/Q (AO22X1)
                                                   0.42      3.66 f
  Modulation_system_cart/CSK_GEN/complex_exp_LUT/U326/ZN (INVX0)
                                                   0.35      4.02 r
  Modulation_system_cart/CSK_GEN/complex_exp_LUT/U339/QN (NAND2X0)
                                                   0.31      4.33 f
  Modulation_system_cart/CSK_GEN/complex_exp_LUT/U337/QN (NOR4X0)
                                                   0.23      4.55 r
  Modulation_system_cart/CSK_GEN/complex_exp_LUT/U640/QN (NAND4X0)
                                                   0.25      4.80 f
  Modulation_system_cart/CSK_GEN/complex_exp_LUT/U639/Q (AO222X1)
                                                   0.36      5.16 f
  Modulation_system_cart/CSK_GEN/complex_exp_LUT/U436/QN (NOR4X0)
                                                   0.43      5.59 r
  Modulation_system_cart/CSK_GEN/complex_exp_LUT/U634/QN (NAND4X0)
                                                   0.41      6.00 f
  Modulation_system_cart/CSK_GEN/complex_exp_LUT/U11/QN (NOR4X0)
                                                   0.35      6.36 r
  Modulation_system_cart/CSK_GEN/complex_exp_LUT/U575/Q (AND4X1)
                                                   0.49      6.85 r
  Modulation_system_cart/CSK_GEN/complex_exp_LUT/U573/Q (AND4X1)
                                                   0.45      7.30 r
  Modulation_system_cart/CSK_GEN/complex_exp_LUT/U553/QN (NAND4X0)
                                                   0.17      7.47 f
  Modulation_system_cart/CSK_GEN/complex_exp_LUT/U6/Q (OA21X1)
                                                   0.43      7.90 f
  Modulation_system_cart/CSK_GEN/complex_multiplier_c/mult_53/U26/QN (NAND2X0)
                                                   0.18      8.08 r
  Modulation_system_cart/CSK_GEN/complex_multiplier_c/mult_53/U37/Q (XNOR2X1)
                                                   0.46      8.54 r
  Modulation_system_cart/CSK_GEN/complex_multiplier_c/mult_53/U36/QN (AOI22X1)
                                                   0.38      8.92 f
  Modulation_system_cart/CSK_GEN/complex_multiplier_c/mult_53/U16/QN (NAND2X0)
                                                   0.15      9.07 r
  Modulation_system_cart/CSK_GEN/complex_multiplier_c/mult_53/U15/QN (NAND2X0)
                                                   0.21      9.29 f
  Modulation_system_cart/CSK_GEN/complex_multiplier_c/mult_53/U32/Q (XNOR2X1)
                                                   0.43      9.71 f
  Modulation_system_cart/CSK_GEN/complex_multiplier_c/sub_57_U2_2/CO (FADDX1)
                                                   0.40     10.11 f
  Modulation_system_cart/CSK_GEN/complex_multiplier_c/sub_57_U2_3/CO (FADDX1)
                                                   0.38     10.49 f
  Modulation_system_cart/CSK_GEN/complex_multiplier_c/sub_57_U2_4/CO (FADDX1)
                                                   0.35     10.84 f
  Modulation_system_cart/CSK_GEN/complex_multiplier_c/U23/Q (XNOR3X1)
                                                   0.46     11.30 f
  DAC_RE_cart[5] (out)                             0.00     11.30 f
  data arrival time                                         11.30

  clock SYS_CLK (rise edge)                       31.25     31.25
  clock network delay (ideal)                      1.28     32.53
  clock reconvergence pessimism                    0.00     32.53
  clock uncertainty                               -0.45     32.08
  output external delay                           -6.25     25.83
  data required time                                        25.83
  ------------------------------------------------------------------------
  data required time                                        25.83
  data arrival time                                        -11.30
  ------------------------------------------------------------------------
  slack (MET)                                               14.53



  Startpoint: Modulation_system_cart/Address_C/address_reg_9_ (rising edge-triggered flip-flop clocked by SYS_CLK)
  Endpoint: DAC_IM_cart[5] (output port clocked by SYS_CLK)
  Mode: default
  Corner: default
  Scenario: default
  Path Group: SYS_CLK
  Path Type: max

  Point                                            Incr      Path  
  ------------------------------------------------------------------------
  clock SYS_CLK (rise edge)                        0.00      0.00
  clock network delay (propagated)                 1.39      1.39

  Modulation_system_cart/Address_C/address_reg_9_/CLK (SDFFARX1)
                                                   0.00      1.39 r
  Modulation_system_cart/Address_C/address_reg_9_/Q (SDFFARX1)
                                                   0.79      2.18 f
  Modulation_system_cart/CSK_GEN/complex_exp_LUT/U1066/ZN (INVX0)
                                                   0.15      2.33 r
  Modulation_system_cart/CSK_GEN/complex_exp_LUT/U1079/QN (NOR2X0)
                                                   0.20      2.53 f
  Modulation_system_cart/CSK_GEN/complex_exp_LUT/U908/Q (AND3X1)
                                                   0.46      2.99 f
  Modulation_system_cart/CSK_GEN/complex_exp_LUT/PLACE_HFSBUF_36_1077/Z (NBUFFX2)
                                                   0.25      3.25 f
  Modulation_system_cart/CSK_GEN/complex_exp_LUT/U894/Q (AO22X1)
                                                   0.42      3.66 f
  Modulation_system_cart/CSK_GEN/complex_exp_LUT/U326/ZN (INVX0)
                                                   0.35      4.02 r
  Modulation_system_cart/CSK_GEN/complex_exp_LUT/U339/QN (NAND2X0)
                                                   0.31      4.33 f
  Modulation_system_cart/CSK_GEN/complex_exp_LUT/U337/QN (NOR4X0)
                                                   0.23      4.55 r
  Modulation_system_cart/CSK_GEN/complex_exp_LUT/U640/QN (NAND4X0)
                                                   0.25      4.80 f
  Modulation_system_cart/CSK_GEN/complex_exp_LUT/U639/Q (AO222X1)
                                                   0.36      5.16 f
  Modulation_system_cart/CSK_GEN/complex_exp_LUT/U436/QN (NOR4X0)
                                                   0.43      5.59 r
  Modulation_system_cart/CSK_GEN/complex_exp_LUT/U634/QN (NAND4X0)
                                                   0.41      6.00 f
  Modulation_system_cart/CSK_GEN/complex_exp_LUT/U11/QN (NOR4X0)
                                                   0.35      6.36 r
  Modulation_system_cart/CSK_GEN/complex_exp_LUT/U575/Q (AND4X1)
                                                   0.49      6.85 r
  Modulation_system_cart/CSK_GEN/complex_exp_LUT/U573/Q (AND4X1)
                                                   0.45      7.30 r
  Modulation_system_cart/CSK_GEN/complex_exp_LUT/U553/QN (NAND4X0)
                                                   0.17      7.47 f
  Modulation_system_cart/CSK_GEN/complex_exp_LUT/U6/Q (OA21X1)
                                                   0.43      7.90 f
  Modulation_system_cart/CSK_GEN/complex_multiplier_c/mult_56/U18/QN (NAND2X0)
                                                   0.17      8.07 r
  Modulation_system_cart/CSK_GEN/complex_multiplier_c/mult_56/U37/Q (XNOR2X1)
                                                   0.46      8.53 r
  Modulation_system_cart/CSK_GEN/complex_multiplier_c/mult_56/U36/QN (AOI22X1)
                                                   0.38      8.90 f
  Modulation_system_cart/CSK_GEN/complex_multiplier_c/mult_56/U3/Q (XOR2X1)
                                                   0.38      9.29 f
  Modulation_system_cart/CSK_GEN/complex_multiplier_c/add_58_U1_1/CO (FADDX1)
                                                   0.48      9.77 f
  Modulation_system_cart/CSK_GEN/complex_multiplier_c/add_58_U1_2/CO (FADDX1)
                                                   0.40     10.17 f
  Modulation_system_cart/CSK_GEN/complex_multiplier_c/add_58_U1_3/CO (FADDX1)
                                                   0.38     10.55 f
  Modulation_system_cart/CSK_GEN/complex_multiplier_c/add_58_U1_4/CO (FADDX1)
                                                   0.35     10.89 f
  Modulation_system_cart/CSK_GEN/complex_multiplier_c/add_58_U1_5/Q (XOR3X1)
                                                   0.30     11.19 f
  DAC_IM_cart[5] (out)                             0.00     11.19 f
  data arrival time                                         11.19

  clock SYS_CLK (rise edge)                       31.25     31.25
  clock network delay (ideal)                      1.28     32.53
  clock reconvergence pessimism                    0.00     32.53
  clock uncertainty                               -0.45     32.08
  output external delay                           -6.25     25.83
  data required time                                        25.83
  ------------------------------------------------------------------------
  data required time                                        25.83
  data arrival time                                        -11.19
  ------------------------------------------------------------------------
  slack (MET)                                               14.64



  Startpoint: Modulation_system_cart/Address_C/address_reg_9_ (rising edge-triggered flip-flop clocked by SYS_CLK)
  Endpoint: DAC_RE_cart[4] (output port clocked by SYS_CLK)
  Mode: default
  Corner: default
  Scenario: default
  Path Group: SYS_CLK
  Path Type: max

  Point                                            Incr      Path  
  ------------------------------------------------------------------------
  clock SYS_CLK (rise edge)                        0.00      0.00
  clock network delay (propagated)                 1.39      1.39

  Modulation_system_cart/Address_C/address_reg_9_/CLK (SDFFARX1)
                                                   0.00      1.39 r
  Modulation_system_cart/Address_C/address_reg_9_/Q (SDFFARX1)
                                                   0.79      2.18 f
  Modulation_system_cart/CSK_GEN/complex_exp_LUT/U1066/ZN (INVX0)
                                                   0.15      2.33 r
  Modulation_system_cart/CSK_GEN/complex_exp_LUT/U1079/QN (NOR2X0)
                                                   0.20      2.53 f
  Modulation_system_cart/CSK_GEN/complex_exp_LUT/U908/Q (AND3X1)
                                                   0.46      2.99 f
  Modulation_system_cart/CSK_GEN/complex_exp_LUT/PLACE_HFSBUF_36_1077/Z (NBUFFX2)
                                                   0.25      3.25 f
  Modulation_system_cart/CSK_GEN/complex_exp_LUT/U894/Q (AO22X1)
                                                   0.42      3.66 f
  Modulation_system_cart/CSK_GEN/complex_exp_LUT/U326/ZN (INVX0)
                                                   0.35      4.02 r
  Modulation_system_cart/CSK_GEN/complex_exp_LUT/U339/QN (NAND2X0)
                                                   0.31      4.33 f
  Modulation_system_cart/CSK_GEN/complex_exp_LUT/U337/QN (NOR4X0)
                                                   0.23      4.55 r
  Modulation_system_cart/CSK_GEN/complex_exp_LUT/U640/QN (NAND4X0)
                                                   0.25      4.80 f
  Modulation_system_cart/CSK_GEN/complex_exp_LUT/U639/Q (AO222X1)
                                                   0.36      5.16 f
  Modulation_system_cart/CSK_GEN/complex_exp_LUT/U436/QN (NOR4X0)
                                                   0.43      5.59 r
  Modulation_system_cart/CSK_GEN/complex_exp_LUT/U634/QN (NAND4X0)
                                                   0.41      6.00 f
  Modulation_system_cart/CSK_GEN/complex_exp_LUT/U11/QN (NOR4X0)
                                                   0.35      6.36 r
  Modulation_system_cart/CSK_GEN/complex_exp_LUT/U575/Q (AND4X1)
                                                   0.49      6.85 r
  Modulation_system_cart/CSK_GEN/complex_exp_LUT/U573/Q (AND4X1)
                                                   0.45      7.30 r
  Modulation_system_cart/CSK_GEN/complex_exp_LUT/U553/QN (NAND4X0)
                                                   0.17      7.47 f
  Modulation_system_cart/CSK_GEN/complex_exp_LUT/U6/Q (OA21X1)
                                                   0.43      7.90 f
  Modulation_system_cart/CSK_GEN/complex_multiplier_c/mult_53/U26/QN (NAND2X0)
                                                   0.18      8.08 r
  Modulation_system_cart/CSK_GEN/complex_multiplier_c/mult_53/U37/Q (XNOR2X1)
                                                   0.46      8.54 r
  Modulation_system_cart/CSK_GEN/complex_multiplier_c/mult_53/U36/QN (AOI22X1)
                                                   0.38      8.92 f
  Modulation_system_cart/CSK_GEN/complex_multiplier_c/mult_53/U16/QN (NAND2X0)
                                                   0.15      9.07 r
  Modulation_system_cart/CSK_GEN/complex_multiplier_c/mult_53/U15/QN (NAND2X0)
                                                   0.21      9.29 f
  Modulation_system_cart/CSK_GEN/complex_multiplier_c/mult_53/U32/Q (XNOR2X1)
                                                   0.46      9.75 r
  Modulation_system_cart/CSK_GEN/complex_multiplier_c/sub_57_U2_2/CO (FADDX1)
                                                   0.40     10.14 r
  Modulation_system_cart/CSK_GEN/complex_multiplier_c/sub_57_U2_3/CO (FADDX1)
                                                   0.36     10.50 r
  Modulation_system_cart/CSK_GEN/complex_multiplier_c/sub_57_U2_4/S (FADDX1)
                                                   0.51     11.01 f
  DAC_RE_cart[4] (out)                             0.00     11.02 f
  data arrival time                                         11.02

  clock SYS_CLK (rise edge)                       31.25     31.25
  clock network delay (ideal)                      1.28     32.53
  clock reconvergence pessimism                    0.00     32.53
  clock uncertainty                               -0.45     32.08
  output external delay                           -6.25     25.83
  data required time                                        25.83
  ------------------------------------------------------------------------
  data required time                                        25.83
  data arrival time                                        -11.02
  ------------------------------------------------------------------------
  slack (MET)                                               14.81



  Startpoint: Modulation_system_cart/Address_C/address_reg_9_ (rising edge-triggered flip-flop clocked by SYS_CLK)
  Endpoint: DAC_IM_cart[4] (output port clocked by SYS_CLK)
  Mode: default
  Corner: default
  Scenario: default
  Path Group: SYS_CLK
  Path Type: max

  Point                                            Incr      Path  
  ------------------------------------------------------------------------
  clock SYS_CLK (rise edge)                        0.00      0.00
  clock network delay (propagated)                 1.39      1.39

  Modulation_system_cart/Address_C/address_reg_9_/CLK (SDFFARX1)
                                                   0.00      1.39 r
  Modulation_system_cart/Address_C/address_reg_9_/Q (SDFFARX1)
                                                   0.79      2.18 f
  Modulation_system_cart/CSK_GEN/complex_exp_LUT/U1066/ZN (INVX0)
                                                   0.15      2.33 r
  Modulation_system_cart/CSK_GEN/complex_exp_LUT/U1079/QN (NOR2X0)
                                                   0.20      2.53 f
  Modulation_system_cart/CSK_GEN/complex_exp_LUT/U908/Q (AND3X1)
                                                   0.46      2.99 f
  Modulation_system_cart/CSK_GEN/complex_exp_LUT/PLACE_HFSBUF_36_1077/Z (NBUFFX2)
                                                   0.25      3.25 f
  Modulation_system_cart/CSK_GEN/complex_exp_LUT/U894/Q (AO22X1)
                                                   0.42      3.66 f
  Modulation_system_cart/CSK_GEN/complex_exp_LUT/U326/ZN (INVX0)
                                                   0.35      4.02 r
  Modulation_system_cart/CSK_GEN/complex_exp_LUT/U339/QN (NAND2X0)
                                                   0.31      4.33 f
  Modulation_system_cart/CSK_GEN/complex_exp_LUT/U337/QN (NOR4X0)
                                                   0.23      4.55 r
  Modulation_system_cart/CSK_GEN/complex_exp_LUT/U640/QN (NAND4X0)
                                                   0.25      4.80 f
  Modulation_system_cart/CSK_GEN/complex_exp_LUT/U639/Q (AO222X1)
                                                   0.36      5.16 f
  Modulation_system_cart/CSK_GEN/complex_exp_LUT/U436/QN (NOR4X0)
                                                   0.43      5.59 r
  Modulation_system_cart/CSK_GEN/complex_exp_LUT/U634/QN (NAND4X0)
                                                   0.41      6.00 f
  Modulation_system_cart/CSK_GEN/complex_exp_LUT/U11/QN (NOR4X0)
                                                   0.35      6.36 r
  Modulation_system_cart/CSK_GEN/complex_exp_LUT/U575/Q (AND4X1)
                                                   0.49      6.85 r
  Modulation_system_cart/CSK_GEN/complex_exp_LUT/U573/Q (AND4X1)
                                                   0.45      7.30 r
  Modulation_system_cart/CSK_GEN/complex_exp_LUT/U553/QN (NAND4X0)
                                                   0.17      7.47 f
  Modulation_system_cart/CSK_GEN/complex_exp_LUT/U6/Q (OA21X1)
                                                   0.43      7.90 f
  Modulation_system_cart/CSK_GEN/complex_multiplier_c/mult_56/U18/QN (NAND2X0)
                                                   0.17      8.07 r
  Modulation_system_cart/CSK_GEN/complex_multiplier_c/mult_56/U37/Q (XNOR2X1)
                                                   0.46      8.53 r
  Modulation_system_cart/CSK_GEN/complex_multiplier_c/mult_56/U36/QN (AOI22X1)
                                                   0.38      8.90 f
  Modulation_system_cart/CSK_GEN/complex_multiplier_c/mult_56/U3/Q (XOR2X1)
                                                   0.38      9.29 f
  Modulation_system_cart/CSK_GEN/complex_multiplier_c/add_58_U1_1/CO (FADDX1)
                                                   0.48      9.77 f
  Modulation_system_cart/CSK_GEN/complex_multiplier_c/add_58_U1_2/CO (FADDX1)
                                                   0.40     10.17 f
  Modulation_system_cart/CSK_GEN/complex_multiplier_c/add_58_U1_3/CO (FADDX1)
                                                   0.38     10.55 f
  Modulation_system_cart/CSK_GEN/complex_multiplier_c/add_58_U1_4/S (FADDX1)
                                                   0.41     10.96 f
  DAC_IM_cart[4] (out)                             0.00     10.96 f
  data arrival time                                         10.96

  clock SYS_CLK (rise edge)                       31.25     31.25
  clock network delay (ideal)                      1.28     32.53
  clock reconvergence pessimism                    0.00     32.53
  clock uncertainty                               -0.45     32.08
  output external delay                           -6.25     25.83
  data required time                                        25.83
  ------------------------------------------------------------------------
  data required time                                        25.83
  data arrival time                                        -10.96
  ------------------------------------------------------------------------
  slack (MET)                                               14.87



  Startpoint: Modulation_system_cart/Address_C/address_reg_9_ (rising edge-triggered flip-flop clocked by SYS_CLK)
  Endpoint: DAC_RE_cart[3] (output port clocked by SYS_CLK)
  Mode: default
  Corner: default
  Scenario: default
  Path Group: SYS_CLK
  Path Type: max

  Point                                            Incr      Path  
  ------------------------------------------------------------------------
  clock SYS_CLK (rise edge)                        0.00      0.00
  clock network delay (propagated)                 1.39      1.39

  Modulation_system_cart/Address_C/address_reg_9_/CLK (SDFFARX1)
                                                   0.00      1.39 r
  Modulation_system_cart/Address_C/address_reg_9_/Q (SDFFARX1)
                                                   0.79      2.18 f
  Modulation_system_cart/CSK_GEN/complex_exp_LUT/U1066/ZN (INVX0)
                                                   0.15      2.33 r
  Modulation_system_cart/CSK_GEN/complex_exp_LUT/U1079/QN (NOR2X0)
                                                   0.20      2.53 f
  Modulation_system_cart/CSK_GEN/complex_exp_LUT/U908/Q (AND3X1)
                                                   0.46      2.99 f
  Modulation_system_cart/CSK_GEN/complex_exp_LUT/PLACE_HFSBUF_36_1077/Z (NBUFFX2)
                                                   0.25      3.25 f
  Modulation_system_cart/CSK_GEN/complex_exp_LUT/U894/Q (AO22X1)
                                                   0.42      3.66 f
  Modulation_system_cart/CSK_GEN/complex_exp_LUT/U326/ZN (INVX0)
                                                   0.35      4.02 r
  Modulation_system_cart/CSK_GEN/complex_exp_LUT/U339/QN (NAND2X0)
                                                   0.31      4.33 f
  Modulation_system_cart/CSK_GEN/complex_exp_LUT/U337/QN (NOR4X0)
                                                   0.23      4.55 r
  Modulation_system_cart/CSK_GEN/complex_exp_LUT/U640/QN (NAND4X0)
                                                   0.25      4.80 f
  Modulation_system_cart/CSK_GEN/complex_exp_LUT/U639/Q (AO222X1)
                                                   0.36      5.16 f
  Modulation_system_cart/CSK_GEN/complex_exp_LUT/U436/QN (NOR4X0)
                                                   0.43      5.59 r
  Modulation_system_cart/CSK_GEN/complex_exp_LUT/U634/QN (NAND4X0)
                                                   0.41      6.00 f
  Modulation_system_cart/CSK_GEN/complex_exp_LUT/U11/QN (NOR4X0)
                                                   0.35      6.36 r
  Modulation_system_cart/CSK_GEN/complex_exp_LUT/U575/Q (AND4X1)
                                                   0.49      6.85 r
  Modulation_system_cart/CSK_GEN/complex_exp_LUT/U573/Q (AND4X1)
                                                   0.45      7.30 r
  Modulation_system_cart/CSK_GEN/complex_exp_LUT/U553/QN (NAND4X0)
                                                   0.17      7.47 f
  Modulation_system_cart/CSK_GEN/complex_exp_LUT/U6/Q (OA21X1)
                                                   0.43      7.90 f
  Modulation_system_cart/CSK_GEN/complex_multiplier_c/mult_53/U26/QN (NAND2X0)
                                                   0.18      8.08 r
  Modulation_system_cart/CSK_GEN/complex_multiplier_c/mult_53/U37/Q (XNOR2X1)
                                                   0.46      8.54 r
  Modulation_system_cart/CSK_GEN/complex_multiplier_c/mult_53/U36/QN (AOI22X1)
                                                   0.38      8.92 f
  Modulation_system_cart/CSK_GEN/complex_multiplier_c/mult_53/U16/QN (NAND2X0)
                                                   0.15      9.07 r
  Modulation_system_cart/CSK_GEN/complex_multiplier_c/mult_53/U15/QN (NAND2X0)
                                                   0.21      9.29 f
  Modulation_system_cart/CSK_GEN/complex_multiplier_c/mult_53/U32/Q (XNOR2X1)
                                                   0.46      9.75 r
  Modulation_system_cart/CSK_GEN/complex_multiplier_c/sub_57_U2_2/CO (FADDX1)
                                                   0.40     10.14 r
  Modulation_system_cart/CSK_GEN/complex_multiplier_c/sub_57_U2_3/S (FADDX1)
                                                   0.50     10.65 f
  DAC_RE_cart[3] (out)                             0.00     10.65 f
  data arrival time                                         10.65

  clock SYS_CLK (rise edge)                       31.25     31.25
  clock network delay (ideal)                      1.28     32.53
  clock reconvergence pessimism                    0.00     32.53
  clock uncertainty                               -0.45     32.08
  output external delay                           -6.25     25.83
  data required time                                        25.83
  ------------------------------------------------------------------------
  data required time                                        25.83
  data arrival time                                        -10.65
  ------------------------------------------------------------------------
  slack (MET)                                               15.18



  Startpoint: Modulation_system_cart/Address_C/address_reg_9_ (rising edge-triggered flip-flop clocked by SYS_CLK)
  Endpoint: DAC_IM_cart[3] (output port clocked by SYS_CLK)
  Mode: default
  Corner: default
  Scenario: default
  Path Group: SYS_CLK
  Path Type: max

  Point                                            Incr      Path  
  ------------------------------------------------------------------------
  clock SYS_CLK (rise edge)                        0.00      0.00
  clock network delay (propagated)                 1.39      1.39

  Modulation_system_cart/Address_C/address_reg_9_/CLK (SDFFARX1)
                                                   0.00      1.39 r
  Modulation_system_cart/Address_C/address_reg_9_/Q (SDFFARX1)
                                                   0.79      2.18 f
  Modulation_system_cart/CSK_GEN/complex_exp_LUT/U1066/ZN (INVX0)
                                                   0.15      2.33 r
  Modulation_system_cart/CSK_GEN/complex_exp_LUT/U1079/QN (NOR2X0)
                                                   0.20      2.53 f
  Modulation_system_cart/CSK_GEN/complex_exp_LUT/U908/Q (AND3X1)
                                                   0.46      2.99 f
  Modulation_system_cart/CSK_GEN/complex_exp_LUT/PLACE_HFSBUF_36_1077/Z (NBUFFX2)
                                                   0.25      3.25 f
  Modulation_system_cart/CSK_GEN/complex_exp_LUT/U894/Q (AO22X1)
                                                   0.42      3.66 f
  Modulation_system_cart/CSK_GEN/complex_exp_LUT/U326/ZN (INVX0)
                                                   0.35      4.02 r
  Modulation_system_cart/CSK_GEN/complex_exp_LUT/U339/QN (NAND2X0)
                                                   0.31      4.33 f
  Modulation_system_cart/CSK_GEN/complex_exp_LUT/U337/QN (NOR4X0)
                                                   0.23      4.55 r
  Modulation_system_cart/CSK_GEN/complex_exp_LUT/U640/QN (NAND4X0)
                                                   0.25      4.80 f
  Modulation_system_cart/CSK_GEN/complex_exp_LUT/U639/Q (AO222X1)
                                                   0.36      5.16 f
  Modulation_system_cart/CSK_GEN/complex_exp_LUT/U436/QN (NOR4X0)
                                                   0.43      5.59 r
  Modulation_system_cart/CSK_GEN/complex_exp_LUT/U634/QN (NAND4X0)
                                                   0.41      6.00 f
  Modulation_system_cart/CSK_GEN/complex_exp_LUT/U11/QN (NOR4X0)
                                                   0.35      6.36 r
  Modulation_system_cart/CSK_GEN/complex_exp_LUT/U575/Q (AND4X1)
                                                   0.49      6.85 r
  Modulation_system_cart/CSK_GEN/complex_exp_LUT/U573/Q (AND4X1)
                                                   0.45      7.30 r
  Modulation_system_cart/CSK_GEN/complex_exp_LUT/U553/QN (NAND4X0)
                                                   0.17      7.47 f
  Modulation_system_cart/CSK_GEN/complex_exp_LUT/U6/Q (OA21X1)
                                                   0.43      7.90 f
  Modulation_system_cart/CSK_GEN/complex_multiplier_c/mult_56/U18/QN (NAND2X0)
                                                   0.17      8.07 r
  Modulation_system_cart/CSK_GEN/complex_multiplier_c/mult_56/U37/Q (XNOR2X1)
                                                   0.46      8.53 r
  Modulation_system_cart/CSK_GEN/complex_multiplier_c/mult_56/U36/QN (AOI22X1)
                                                   0.38      8.90 f
  Modulation_system_cart/CSK_GEN/complex_multiplier_c/mult_56/U14/QN (NAND2X0)
                                                   0.15      9.06 r
  Modulation_system_cart/CSK_GEN/complex_multiplier_c/mult_56/U29/QN (NAND2X0)
                                                   0.23      9.28 f
  Modulation_system_cart/CSK_GEN/complex_multiplier_c/mult_56/U32/Q (XNOR2X1)
                                                   0.48      9.76 r
  Modulation_system_cart/CSK_GEN/complex_multiplier_c/add_58_U1_2/CO (FADDX1)
                                                   0.40     10.17 r
  Modulation_system_cart/CSK_GEN/complex_multiplier_c/add_58_U1_3/S (FADDX1)
                                                   0.43     10.59 f
  DAC_IM_cart[3] (out)                             0.00     10.59 f
  data arrival time                                         10.59

  clock SYS_CLK (rise edge)                       31.25     31.25
  clock network delay (ideal)                      1.28     32.53
  clock reconvergence pessimism                    0.00     32.53
  clock uncertainty                               -0.45     32.08
  output external delay                           -6.25     25.83
  data required time                                        25.83
  ------------------------------------------------------------------------
  data required time                                        25.83
  data arrival time                                        -10.59
  ------------------------------------------------------------------------
  slack (MET)                                               15.24



  Startpoint: Modulation_system_cart/Address_C/address_reg_9_ (rising edge-triggered flip-flop clocked by SYS_CLK)
  Endpoint: DAC_RE_cart[2] (output port clocked by SYS_CLK)
  Mode: default
  Corner: default
  Scenario: default
  Path Group: SYS_CLK
  Path Type: max

  Point                                            Incr      Path  
  ------------------------------------------------------------------------
  clock SYS_CLK (rise edge)                        0.00      0.00
  clock network delay (propagated)                 1.39      1.39

  Modulation_system_cart/Address_C/address_reg_9_/CLK (SDFFARX1)
                                                   0.00      1.39 r
  Modulation_system_cart/Address_C/address_reg_9_/Q (SDFFARX1)
                                                   0.79      2.18 f
  Modulation_system_cart/CSK_GEN/complex_exp_LUT/U1066/ZN (INVX0)
                                                   0.15      2.33 r
  Modulation_system_cart/CSK_GEN/complex_exp_LUT/U1079/QN (NOR2X0)
                                                   0.20      2.53 f
  Modulation_system_cart/CSK_GEN/complex_exp_LUT/U908/Q (AND3X1)
                                                   0.46      2.99 f
  Modulation_system_cart/CSK_GEN/complex_exp_LUT/PLACE_HFSBUF_36_1077/Z (NBUFFX2)
                                                   0.25      3.25 f
  Modulation_system_cart/CSK_GEN/complex_exp_LUT/U894/Q (AO22X1)
                                                   0.42      3.66 f
  Modulation_system_cart/CSK_GEN/complex_exp_LUT/U326/ZN (INVX0)
                                                   0.35      4.02 r
  Modulation_system_cart/CSK_GEN/complex_exp_LUT/U339/QN (NAND2X0)
                                                   0.31      4.33 f
  Modulation_system_cart/CSK_GEN/complex_exp_LUT/U337/QN (NOR4X0)
                                                   0.23      4.55 r
  Modulation_system_cart/CSK_GEN/complex_exp_LUT/U640/QN (NAND4X0)
                                                   0.25      4.80 f
  Modulation_system_cart/CSK_GEN/complex_exp_LUT/U639/Q (AO222X1)
                                                   0.36      5.16 f
  Modulation_system_cart/CSK_GEN/complex_exp_LUT/U436/QN (NOR4X0)
                                                   0.43      5.59 r
  Modulation_system_cart/CSK_GEN/complex_exp_LUT/U634/QN (NAND4X0)
                                                   0.41      6.00 f
  Modulation_system_cart/CSK_GEN/complex_exp_LUT/U11/QN (NOR4X0)
                                                   0.35      6.36 r
  Modulation_system_cart/CSK_GEN/complex_exp_LUT/U575/Q (AND4X1)
                                                   0.49      6.85 r
  Modulation_system_cart/CSK_GEN/complex_exp_LUT/U573/Q (AND4X1)
                                                   0.45      7.30 r
  Modulation_system_cart/CSK_GEN/complex_exp_LUT/U553/QN (NAND4X0)
                                                   0.17      7.47 f
  Modulation_system_cart/CSK_GEN/complex_exp_LUT/U6/Q (OA21X1)
                                                   0.43      7.90 f
  Modulation_system_cart/CSK_GEN/complex_multiplier_c/mult_53/U26/QN (NAND2X0)
                                                   0.18      8.08 r
  Modulation_system_cart/CSK_GEN/complex_multiplier_c/mult_53/U37/Q (XNOR2X1)
                                                   0.46      8.54 r
  Modulation_system_cart/CSK_GEN/complex_multiplier_c/mult_53/U36/QN (AOI22X1)
                                                   0.38      8.92 f
  Modulation_system_cart/CSK_GEN/complex_multiplier_c/mult_53/U16/QN (NAND2X0)
                                                   0.15      9.07 r
  Modulation_system_cart/CSK_GEN/complex_multiplier_c/mult_53/U15/QN (NAND2X0)
                                                   0.21      9.29 f
  Modulation_system_cart/CSK_GEN/complex_multiplier_c/mult_53/U32/Q (XNOR2X1)
                                                   0.46      9.75 r
  Modulation_system_cart/CSK_GEN/complex_multiplier_c/sub_57_U2_2/S (FADDX1)
                                                   0.52     10.27 f
  DAC_RE_cart[2] (out)                             0.00     10.27 f
  data arrival time                                         10.27

  clock SYS_CLK (rise edge)                       31.25     31.25
  clock network delay (ideal)                      1.28     32.53
  clock reconvergence pessimism                    0.00     32.53
  clock uncertainty                               -0.45     32.08
  output external delay                           -6.25     25.83
  data required time                                        25.83
  ------------------------------------------------------------------------
  data required time                                        25.83
  data arrival time                                        -10.27
  ------------------------------------------------------------------------
  slack (MET)                                               15.56



  Startpoint: Modulation_system_cart/Address_C/address_reg_9_ (rising edge-triggered flip-flop clocked by SYS_CLK)
  Endpoint: DAC_IM_cart[2] (output port clocked by SYS_CLK)
  Mode: default
  Corner: default
  Scenario: default
  Path Group: SYS_CLK
  Path Type: max

  Point                                            Incr      Path  
  ------------------------------------------------------------------------
  clock SYS_CLK (rise edge)                        0.00      0.00
  clock network delay (propagated)                 1.39      1.39

  Modulation_system_cart/Address_C/address_reg_9_/CLK (SDFFARX1)
                                                   0.00      1.39 r
  Modulation_system_cart/Address_C/address_reg_9_/Q (SDFFARX1)
                                                   0.79      2.18 f
  Modulation_system_cart/CSK_GEN/complex_exp_LUT/U1066/ZN (INVX0)
                                                   0.15      2.33 r
  Modulation_system_cart/CSK_GEN/complex_exp_LUT/U1079/QN (NOR2X0)
                                                   0.20      2.53 f
  Modulation_system_cart/CSK_GEN/complex_exp_LUT/U908/Q (AND3X1)
                                                   0.46      2.99 f
  Modulation_system_cart/CSK_GEN/complex_exp_LUT/PLACE_HFSBUF_36_1077/Z (NBUFFX2)
                                                   0.25      3.25 f
  Modulation_system_cart/CSK_GEN/complex_exp_LUT/U894/Q (AO22X1)
                                                   0.42      3.66 f
  Modulation_system_cart/CSK_GEN/complex_exp_LUT/U326/ZN (INVX0)
                                                   0.35      4.02 r
  Modulation_system_cart/CSK_GEN/complex_exp_LUT/U339/QN (NAND2X0)
                                                   0.31      4.33 f
  Modulation_system_cart/CSK_GEN/complex_exp_LUT/U337/QN (NOR4X0)
                                                   0.23      4.55 r
  Modulation_system_cart/CSK_GEN/complex_exp_LUT/U640/QN (NAND4X0)
                                                   0.25      4.80 f
  Modulation_system_cart/CSK_GEN/complex_exp_LUT/U639/Q (AO222X1)
                                                   0.36      5.16 f
  Modulation_system_cart/CSK_GEN/complex_exp_LUT/U436/QN (NOR4X0)
                                                   0.43      5.59 r
  Modulation_system_cart/CSK_GEN/complex_exp_LUT/U634/QN (NAND4X0)
                                                   0.41      6.00 f
  Modulation_system_cart/CSK_GEN/complex_exp_LUT/U11/QN (NOR4X0)
                                                   0.35      6.36 r
  Modulation_system_cart/CSK_GEN/complex_exp_LUT/U575/Q (AND4X1)
                                                   0.49      6.85 r
  Modulation_system_cart/CSK_GEN/complex_exp_LUT/U573/Q (AND4X1)
                                                   0.45      7.30 r
  Modulation_system_cart/CSK_GEN/complex_exp_LUT/U553/QN (NAND4X0)
                                                   0.17      7.47 f
  Modulation_system_cart/CSK_GEN/complex_exp_LUT/U6/Q (OA21X1)
                                                   0.43      7.90 f
  Modulation_system_cart/CSK_GEN/complex_multiplier_c/mult_56/U18/QN (NAND2X0)
                                                   0.17      8.07 r
  Modulation_system_cart/CSK_GEN/complex_multiplier_c/mult_56/U37/Q (XNOR2X1)
                                                   0.46      8.53 r
  Modulation_system_cart/CSK_GEN/complex_multiplier_c/mult_56/U36/QN (AOI22X1)
                                                   0.38      8.90 f
  Modulation_system_cart/CSK_GEN/complex_multiplier_c/mult_56/U14/QN (NAND2X0)
                                                   0.15      9.06 r
  Modulation_system_cart/CSK_GEN/complex_multiplier_c/mult_56/U29/QN (NAND2X0)
                                                   0.23      9.28 f
  Modulation_system_cart/CSK_GEN/complex_multiplier_c/mult_56/U32/Q (XNOR2X1)
                                                   0.48      9.76 r
  Modulation_system_cart/CSK_GEN/complex_multiplier_c/add_58_U1_2/S (FADDX1)
                                                   0.50     10.27 f
  DAC_IM_cart[2] (out)                             0.00     10.27 f
  data arrival time                                         10.27

  clock SYS_CLK (rise edge)                       31.25     31.25
  clock network delay (ideal)                      1.28     32.53
  clock reconvergence pessimism                    0.00     32.53
  clock uncertainty                               -0.45     32.08
  output external delay                           -6.25     25.83
  data required time                                        25.83
  ------------------------------------------------------------------------
  data required time                                        25.83
  data arrival time                                        -10.27
  ------------------------------------------------------------------------
  slack (MET)                                               15.56



  Startpoint: Modulation_system_cart/Address_C/address_reg_9_ (rising edge-triggered flip-flop clocked by SYS_CLK)
  Endpoint: DAC_IM_cart[1] (output port clocked by SYS_CLK)
  Mode: default
  Corner: default
  Scenario: default
  Path Group: SYS_CLK
  Path Type: max

  Point                                            Incr      Path  
  ------------------------------------------------------------------------
  clock SYS_CLK (rise edge)                        0.00      0.00
  clock network delay (propagated)                 1.39      1.39

  Modulation_system_cart/Address_C/address_reg_9_/CLK (SDFFARX1)
                                                   0.00      1.39 r
  Modulation_system_cart/Address_C/address_reg_9_/Q (SDFFARX1)
                                                   0.79      2.18 f
  Modulation_system_cart/CSK_GEN/complex_exp_LUT/U1066/ZN (INVX0)
                                                   0.15      2.33 r
  Modulation_system_cart/CSK_GEN/complex_exp_LUT/U1079/QN (NOR2X0)
                                                   0.20      2.53 f
  Modulation_system_cart/CSK_GEN/complex_exp_LUT/U908/Q (AND3X1)
                                                   0.46      2.99 f
  Modulation_system_cart/CSK_GEN/complex_exp_LUT/PLACE_HFSBUF_36_1077/Z (NBUFFX2)
                                                   0.25      3.25 f
  Modulation_system_cart/CSK_GEN/complex_exp_LUT/U894/Q (AO22X1)
                                                   0.42      3.66 f
  Modulation_system_cart/CSK_GEN/complex_exp_LUT/U326/ZN (INVX0)
                                                   0.35      4.02 r
  Modulation_system_cart/CSK_GEN/complex_exp_LUT/U339/QN (NAND2X0)
                                                   0.31      4.33 f
  Modulation_system_cart/CSK_GEN/complex_exp_LUT/U337/QN (NOR4X0)
                                                   0.23      4.55 r
  Modulation_system_cart/CSK_GEN/complex_exp_LUT/U640/QN (NAND4X0)
                                                   0.25      4.80 f
  Modulation_system_cart/CSK_GEN/complex_exp_LUT/U639/Q (AO222X1)
                                                   0.36      5.16 f
  Modulation_system_cart/CSK_GEN/complex_exp_LUT/U436/QN (NOR4X0)
                                                   0.43      5.59 r
  Modulation_system_cart/CSK_GEN/complex_exp_LUT/U634/QN (NAND4X0)
                                                   0.41      6.00 f
  Modulation_system_cart/CSK_GEN/complex_exp_LUT/U11/QN (NOR4X0)
                                                   0.35      6.36 r
  Modulation_system_cart/CSK_GEN/complex_exp_LUT/U575/Q (AND4X1)
                                                   0.49      6.85 r
  Modulation_system_cart/CSK_GEN/complex_exp_LUT/U573/Q (AND4X1)
                                                   0.45      7.30 r
  Modulation_system_cart/CSK_GEN/complex_exp_LUT/U553/QN (NAND4X0)
                                                   0.17      7.47 f
  Modulation_system_cart/CSK_GEN/complex_exp_LUT/U6/Q (OA21X1)
                                                   0.43      7.90 f
  Modulation_system_cart/CSK_GEN/complex_multiplier_c/mult_56/U18/QN (NAND2X0)
                                                   0.17      8.07 r
  Modulation_system_cart/CSK_GEN/complex_multiplier_c/mult_56/U37/Q (XNOR2X1)
                                                   0.46      8.53 r
  Modulation_system_cart/CSK_GEN/complex_multiplier_c/mult_56/U36/QN (AOI22X1)
                                                   0.38      8.90 f
  Modulation_system_cart/CSK_GEN/complex_multiplier_c/mult_56/U3/Q (XOR2X1)
                                                   0.38      9.29 f
  Modulation_system_cart/CSK_GEN/complex_multiplier_c/add_58_U1_1/S (FADDX1)
                                                   0.61      9.90 f
  DAC_IM_cart[1] (out)                             0.00      9.90 f
  data arrival time                                          9.90

  clock SYS_CLK (rise edge)                       31.25     31.25
  clock network delay (ideal)                      1.28     32.53
  clock reconvergence pessimism                    0.00     32.53
  clock uncertainty                               -0.45     32.08
  output external delay                           -6.25     25.83
  data required time                                        25.83
  ------------------------------------------------------------------------
  data required time                                        25.83
  data arrival time                                         -9.90
  ------------------------------------------------------------------------
  slack (MET)                                               15.93



  Startpoint: Modulation_system_cart/Address_C/address_reg_9_ (rising edge-triggered flip-flop clocked by SYS_CLK)
  Endpoint: DAC_RE_cart[1] (output port clocked by SYS_CLK)
  Mode: default
  Corner: default
  Scenario: default
  Path Group: SYS_CLK
  Path Type: max

  Point                                            Incr      Path  
  ------------------------------------------------------------------------
  clock SYS_CLK (rise edge)                        0.00      0.00
  clock network delay (propagated)                 1.39      1.39

  Modulation_system_cart/Address_C/address_reg_9_/CLK (SDFFARX1)
                                                   0.00      1.39 r
  Modulation_system_cart/Address_C/address_reg_9_/Q (SDFFARX1)
                                                   0.79      2.18 f
  Modulation_system_cart/CSK_GEN/complex_exp_LUT/U1066/ZN (INVX0)
                                                   0.15      2.33 r
  Modulation_system_cart/CSK_GEN/complex_exp_LUT/U1079/QN (NOR2X0)
                                                   0.20      2.53 f
  Modulation_system_cart/CSK_GEN/complex_exp_LUT/U908/Q (AND3X1)
                                                   0.46      2.99 f
  Modulation_system_cart/CSK_GEN/complex_exp_LUT/PLACE_HFSBUF_36_1077/Z (NBUFFX2)
                                                   0.25      3.25 f
  Modulation_system_cart/CSK_GEN/complex_exp_LUT/U894/Q (AO22X1)
                                                   0.42      3.66 f
  Modulation_system_cart/CSK_GEN/complex_exp_LUT/U326/ZN (INVX0)
                                                   0.35      4.02 r
  Modulation_system_cart/CSK_GEN/complex_exp_LUT/U339/QN (NAND2X0)
                                                   0.31      4.33 f
  Modulation_system_cart/CSK_GEN/complex_exp_LUT/U337/QN (NOR4X0)
                                                   0.23      4.55 r
  Modulation_system_cart/CSK_GEN/complex_exp_LUT/U640/QN (NAND4X0)
                                                   0.25      4.80 f
  Modulation_system_cart/CSK_GEN/complex_exp_LUT/U639/Q (AO222X1)
                                                   0.36      5.16 f
  Modulation_system_cart/CSK_GEN/complex_exp_LUT/U436/QN (NOR4X0)
                                                   0.43      5.59 r
  Modulation_system_cart/CSK_GEN/complex_exp_LUT/U634/QN (NAND4X0)
                                                   0.41      6.00 f
  Modulation_system_cart/CSK_GEN/complex_exp_LUT/U11/QN (NOR4X0)
                                                   0.35      6.36 r
  Modulation_system_cart/CSK_GEN/complex_exp_LUT/U575/Q (AND4X1)
                                                   0.49      6.85 r
  Modulation_system_cart/CSK_GEN/complex_exp_LUT/U573/Q (AND4X1)
                                                   0.45      7.30 r
  Modulation_system_cart/CSK_GEN/complex_exp_LUT/U553/QN (NAND4X0)
                                                   0.17      7.47 f
  Modulation_system_cart/CSK_GEN/complex_exp_LUT/U6/Q (OA21X1)
                                                   0.43      7.90 f
  Modulation_system_cart/CSK_GEN/complex_multiplier_c/mult_53/U26/QN (NAND2X0)
                                                   0.18      8.08 r
  Modulation_system_cart/CSK_GEN/complex_multiplier_c/mult_53/U37/Q (XNOR2X1)
                                                   0.46      8.54 r
  Modulation_system_cart/CSK_GEN/complex_multiplier_c/mult_53/U36/QN (AOI22X1)
                                                   0.38      8.92 f
  Modulation_system_cart/CSK_GEN/complex_multiplier_c/mult_53/U3/Q (XOR2X1)
                                                   0.35      9.27 f
  Modulation_system_cart/CSK_GEN/complex_multiplier_c/sub_57_U2_1/S (FADDX1)
                                                   0.50      9.77 f
  DAC_RE_cart[1] (out)                             0.00      9.77 f
  data arrival time                                          9.77

  clock SYS_CLK (rise edge)                       31.25     31.25
  clock network delay (ideal)                      1.28     32.53
  clock reconvergence pessimism                    0.00     32.53
  clock uncertainty                               -0.45     32.08
  output external delay                           -6.25     25.83
  data required time                                        25.83
  ------------------------------------------------------------------------
  data required time                                        25.83
  data arrival time                                         -9.77
  ------------------------------------------------------------------------
  slack (MET)                                               16.06



  Startpoint: Modulation_system_cart/Address_C/address_reg_9_ (rising edge-triggered flip-flop clocked by SYS_CLK)
  Endpoint: DAC_RE_cart[0] (output port clocked by SYS_CLK)
  Mode: default
  Corner: default
  Scenario: default
  Path Group: SYS_CLK
  Path Type: max

  Point                                            Incr      Path  
  ------------------------------------------------------------------------
  clock SYS_CLK (rise edge)                        0.00      0.00
  clock network delay (propagated)                 1.39      1.39

  Modulation_system_cart/Address_C/address_reg_9_/CLK (SDFFARX1)
                                                   0.00      1.39 r
  Modulation_system_cart/Address_C/address_reg_9_/Q (SDFFARX1)
                                                   0.79      2.18 f
  Modulation_system_cart/CSK_GEN/complex_exp_LUT/U1066/ZN (INVX0)
                                                   0.15      2.33 r
  Modulation_system_cart/CSK_GEN/complex_exp_LUT/U1079/QN (NOR2X0)
                                                   0.20      2.53 f
  Modulation_system_cart/CSK_GEN/complex_exp_LUT/U908/Q (AND3X1)
                                                   0.46      2.99 f
  Modulation_system_cart/CSK_GEN/complex_exp_LUT/PLACE_HFSBUF_36_1077/Z (NBUFFX2)
                                                   0.25      3.25 f
  Modulation_system_cart/CSK_GEN/complex_exp_LUT/U894/Q (AO22X1)
                                                   0.42      3.66 f
  Modulation_system_cart/CSK_GEN/complex_exp_LUT/U326/ZN (INVX0)
                                                   0.35      4.02 r
  Modulation_system_cart/CSK_GEN/complex_exp_LUT/U339/QN (NAND2X0)
                                                   0.31      4.33 f
  Modulation_system_cart/CSK_GEN/complex_exp_LUT/U337/QN (NOR4X0)
                                                   0.23      4.55 r
  Modulation_system_cart/CSK_GEN/complex_exp_LUT/U640/QN (NAND4X0)
                                                   0.25      4.80 f
  Modulation_system_cart/CSK_GEN/complex_exp_LUT/U639/Q (AO222X1)
                                                   0.36      5.16 f
  Modulation_system_cart/CSK_GEN/complex_exp_LUT/U436/QN (NOR4X0)
                                                   0.43      5.59 r
  Modulation_system_cart/CSK_GEN/complex_exp_LUT/U634/QN (NAND4X0)
                                                   0.41      6.00 f
  Modulation_system_cart/CSK_GEN/complex_exp_LUT/U11/QN (NOR4X0)
                                                   0.35      6.36 r
  Modulation_system_cart/CSK_GEN/complex_exp_LUT/U575/Q (AND4X1)
                                                   0.49      6.85 r
  Modulation_system_cart/CSK_GEN/complex_exp_LUT/U573/Q (AND4X1)
                                                   0.45      7.30 r
  Modulation_system_cart/CSK_GEN/complex_exp_LUT/U553/QN (NAND4X0)
                                                   0.17      7.47 f
  Modulation_system_cart/CSK_GEN/complex_exp_LUT/U6/Q (OA21X1)
                                                   0.43      7.90 f
  Modulation_system_cart/CSK_GEN/complex_multiplier_c/mult_53/U31/QN (NAND2X0)
                                                   0.20      8.09 r
  Modulation_system_cart/CSK_GEN/complex_multiplier_c/mult_53/U20/ZN (INVX0)
                                                   0.22      8.32 f
  Modulation_system_cart/CSK_GEN/complex_multiplier_c/U17/QN (NOR2X0)
                                                   0.20      8.52 r
  Modulation_system_cart/CSK_GEN/complex_multiplier_c/U15/Q (AO21X1)
                                                   0.29      8.80 r
  DAC_RE_cart[0] (out)                             0.00      8.80 r
  data arrival time                                          8.80

  clock SYS_CLK (rise edge)                       31.25     31.25
  clock network delay (ideal)                      1.28     32.53
  clock reconvergence pessimism                    0.00     32.53
  clock uncertainty                               -0.45     32.08
  output external delay                           -6.25     25.83
  data required time                                        25.83
  ------------------------------------------------------------------------
  data required time                                        25.83
  data arrival time                                         -8.80
  ------------------------------------------------------------------------
  slack (MET)                                               17.03



  Startpoint: Modulation_system_cart/Address_C/address_reg_9_ (rising edge-triggered flip-flop clocked by SYS_CLK)
  Endpoint: DAC_IM_cart[0] (output port clocked by SYS_CLK)
  Mode: default
  Corner: default
  Scenario: default
  Path Group: SYS_CLK
  Path Type: max

  Point                                            Incr      Path  
  ------------------------------------------------------------------------
  clock SYS_CLK (rise edge)                        0.00      0.00
  clock network delay (propagated)                 1.39      1.39

  Modulation_system_cart/Address_C/address_reg_9_/CLK (SDFFARX1)
                                                   0.00      1.39 r
  Modulation_system_cart/Address_C/address_reg_9_/Q (SDFFARX1)
                                                   0.79      2.18 f
  Modulation_system_cart/CSK_GEN/complex_exp_LUT/U1066/ZN (INVX0)
                                                   0.15      2.33 r
  Modulation_system_cart/CSK_GEN/complex_exp_LUT/U1079/QN (NOR2X0)
                                                   0.20      2.53 f
  Modulation_system_cart/CSK_GEN/complex_exp_LUT/U908/Q (AND3X1)
                                                   0.46      2.99 f
  Modulation_system_cart/CSK_GEN/complex_exp_LUT/PLACE_HFSBUF_36_1077/Z (NBUFFX2)
                                                   0.25      3.25 f
  Modulation_system_cart/CSK_GEN/complex_exp_LUT/U894/Q (AO22X1)
                                                   0.42      3.66 f
  Modulation_system_cart/CSK_GEN/complex_exp_LUT/U326/ZN (INVX0)
                                                   0.35      4.02 r
  Modulation_system_cart/CSK_GEN/complex_exp_LUT/U339/QN (NAND2X0)
                                                   0.31      4.33 f
  Modulation_system_cart/CSK_GEN/complex_exp_LUT/U337/QN (NOR4X0)
                                                   0.23      4.55 r
  Modulation_system_cart/CSK_GEN/complex_exp_LUT/U640/QN (NAND4X0)
                                                   0.25      4.80 f
  Modulation_system_cart/CSK_GEN/complex_exp_LUT/U639/Q (AO222X1)
                                                   0.36      5.16 f
  Modulation_system_cart/CSK_GEN/complex_exp_LUT/U436/QN (NOR4X0)
                                                   0.43      5.59 r
  Modulation_system_cart/CSK_GEN/complex_exp_LUT/U634/QN (NAND4X0)
                                                   0.41      6.00 f
  Modulation_system_cart/CSK_GEN/complex_exp_LUT/U11/QN (NOR4X0)
                                                   0.35      6.36 r
  Modulation_system_cart/CSK_GEN/complex_exp_LUT/U575/Q (AND4X1)
                                                   0.49      6.85 r
  Modulation_system_cart/CSK_GEN/complex_exp_LUT/U573/Q (AND4X1)
                                                   0.45      7.30 r
  Modulation_system_cart/CSK_GEN/complex_exp_LUT/U553/QN (NAND4X0)
                                                   0.17      7.47 f
  Modulation_system_cart/CSK_GEN/complex_exp_LUT/U6/Q (OA21X1)
                                                   0.43      7.90 f
  Modulation_system_cart/CSK_GEN/complex_multiplier_c/mult_56/U39/QN (NAND2X0)
                                                   0.27      8.16 r
  Modulation_system_cart/CSK_GEN/complex_multiplier_c/mult_56/U26/ZN (INVX0)
                                                   0.23      8.40 f
  Modulation_system_cart/CSK_GEN/complex_multiplier_c/U18/Q (XOR2X1)
                                                   0.36      8.76 f
  DAC_IM_cart[0] (out)                             0.00      8.76 f
  data arrival time                                          8.76

  clock SYS_CLK (rise edge)                       31.25     31.25
  clock network delay (ideal)                      1.28     32.53
  clock reconvergence pessimism                    0.00     32.53
  clock uncertainty                               -0.45     32.08
  output external delay                           -6.25     25.83
  data required time                                        25.83
  ------------------------------------------------------------------------
  data required time                                        25.83
  data arrival time                                         -8.76
  ------------------------------------------------------------------------
  slack (MET)                                               17.07



  Startpoint: start_Tx (input port clocked by SYS_CLK)
  Endpoint: u_framer/u_ctrl/bits_left_reg_10_ (rising edge-triggered flip-flop clocked by SYS_CLK)
  Mode: default
  Corner: default
  Scenario: default
  Path Group: SYS_CLK
  Path Type: max

  Point                                            Incr      Path  
  ------------------------------------------------------------------------
  clock SYS_CLK (rise edge)                        0.00      0.00
  clock network delay (ideal)                      1.37      1.37
  input external delay                             6.25      7.62

  start_Tx (in)                                    0.07      7.69 r
  u_framer/u_ctrl/U127/ZN (INVX0)                  0.12      7.81 f
  u_framer/u_ctrl/U126/QN (NOR4X0)                 0.33      8.13 r
  u_framer/u_ctrl/U27/ZN (INVX0)                   0.27      8.40 f
  u_framer/u_ctrl/U52/QN (NAND2X0)                 0.30      8.70 r
  u_framer/u_ctrl/PLACE_HFSINV_527_659/ZN (INVX0)
                                                   0.44      9.14 f
  u_framer/u_ctrl/U243/Q (AO21X1)                  0.54      9.68 f
  u_framer/u_ctrl/PLACE_HFSBUF_30_493/Z (NBUFFX2)
                                                   0.26      9.94 f
  u_framer/u_ctrl/U54/QN (NOR2X0)                  0.49     10.43 r
  u_framer/u_ctrl/U239/Q (AND2X1)                  0.43     10.86 r
  u_framer/u_ctrl/U237/Q (AO222X1)                 0.34     11.20 r
  u_framer/u_ctrl/bits_left_reg_10_/D (SDFFX1)     0.00     11.20 r
  data arrival time                                         11.20

  clock SYS_CLK (rise edge)                       31.25     31.25
  clock network delay (propagated)                 1.30     32.55
  clock reconvergence pessimism                    0.00     32.55
  u_framer/u_ctrl/bits_left_reg_10_/CLK (SDFFX1)   0.00     32.55 r
  clock uncertainty                               -0.45     32.10
  library setup time                              -0.42     31.68
  data required time                                        31.68
  ------------------------------------------------------------------------
  data required time                                        31.68
  data arrival time                                        -11.20
  ------------------------------------------------------------------------
  slack (MET)                                               20.47



  Startpoint: start_Tx (input port clocked by SYS_CLK)
  Endpoint: u_framer/u_ctrl/bits_left_reg_6_ (rising edge-triggered flip-flop clocked by SYS_CLK)
  Mode: default
  Corner: default
  Scenario: default
  Path Group: SYS_CLK
  Path Type: max

  Point                                            Incr      Path  
  ------------------------------------------------------------------------
  clock SYS_CLK (rise edge)                        0.00      0.00
  clock network delay (ideal)                      1.37      1.37
  input external delay                             6.25      7.62

  start_Tx (in)                                    0.07      7.69 r
  u_framer/u_ctrl/U127/ZN (INVX0)                  0.12      7.81 f
  u_framer/u_ctrl/U126/QN (NOR4X0)                 0.33      8.13 r
  u_framer/u_ctrl/U27/ZN (INVX0)                   0.27      8.40 f
  u_framer/u_ctrl/U52/QN (NAND2X0)                 0.30      8.70 r
  u_framer/u_ctrl/PLACE_HFSINV_527_659/ZN (INVX0)
                                                   0.44      9.14 f
  u_framer/u_ctrl/U243/Q (AO21X1)                  0.54      9.68 f
  u_framer/u_ctrl/PLACE_HFSBUF_30_493/Z (NBUFFX2)
                                                   0.26      9.94 f
  u_framer/u_ctrl/U54/QN (NOR2X0)                  0.49     10.43 r
  u_framer/u_ctrl/U225/Q (AO222X1)                 0.68     11.11 r
  u_framer/u_ctrl/bits_left_reg_6_/D (SDFFX1)      0.00     11.11 r
  data arrival time                                         11.11

  clock SYS_CLK (rise edge)                       31.25     31.25
  clock network delay (propagated)                 1.28     32.53
  clock reconvergence pessimism                    0.00     32.53
  u_framer/u_ctrl/bits_left_reg_6_/CLK (SDFFX1)    0.00     32.53 r
  clock uncertainty                               -0.45     32.08
  library setup time                              -0.44     31.64
  data required time                                        31.64
  ------------------------------------------------------------------------
  data required time                                        31.64
  data arrival time                                        -11.11
  ------------------------------------------------------------------------
  slack (MET)                                               20.53



  Startpoint: start_Tx (input port clocked by SYS_CLK)
  Endpoint: u_framer/u_ctrl/bits_left_reg_4_ (rising edge-triggered flip-flop clocked by SYS_CLK)
  Mode: default
  Corner: default
  Scenario: default
  Path Group: SYS_CLK
  Path Type: max

  Point                                            Incr      Path  
  ------------------------------------------------------------------------
  clock SYS_CLK (rise edge)                        0.00      0.00
  clock network delay (ideal)                      1.37      1.37
  input external delay                             6.25      7.62

  start_Tx (in)                                    0.07      7.69 r
  u_framer/u_ctrl/U127/ZN (INVX0)                  0.12      7.81 f
  u_framer/u_ctrl/U126/QN (NOR4X0)                 0.33      8.13 r
  u_framer/u_ctrl/U27/ZN (INVX0)                   0.27      8.40 f
  u_framer/u_ctrl/U52/QN (NAND2X0)                 0.30      8.70 r
  u_framer/u_ctrl/PLACE_HFSINV_527_659/ZN (INVX0)
                                                   0.44      9.14 f
  u_framer/u_ctrl/U243/Q (AO21X1)                  0.54      9.68 f
  u_framer/u_ctrl/PLACE_HFSBUF_30_493/Z (NBUFFX2)
                                                   0.26      9.94 f
  u_framer/u_ctrl/U54/QN (NOR2X0)                  0.49     10.43 r
  u_framer/u_ctrl/U219/Q (AO222X1)                 0.68     11.11 r
  u_framer/u_ctrl/bits_left_reg_4_/D (SDFFX1)      0.00     11.11 r
  data arrival time                                         11.11

  clock SYS_CLK (rise edge)                       31.25     31.25
  clock network delay (propagated)                 1.28     32.53
  clock reconvergence pessimism                    0.00     32.53
  u_framer/u_ctrl/bits_left_reg_4_/CLK (SDFFX1)    0.00     32.53 r
  clock uncertainty                               -0.45     32.08
  library setup time                              -0.44     31.65
  data required time                                        31.65
  ------------------------------------------------------------------------
  data required time                                        31.65
  data arrival time                                        -11.11
  ------------------------------------------------------------------------
  slack (MET)                                               20.54



  Startpoint: start_Tx (input port clocked by SYS_CLK)
  Endpoint: u_framer/u_ctrl/bits_left_reg_8_ (rising edge-triggered flip-flop clocked by SYS_CLK)
  Mode: default
  Corner: default
  Scenario: default
  Path Group: SYS_CLK
  Path Type: max

  Point                                            Incr      Path  
  ------------------------------------------------------------------------
  clock SYS_CLK (rise edge)                        0.00      0.00
  clock network delay (ideal)                      1.37      1.37
  input external delay                             6.25      7.62

  start_Tx (in)                                    0.07      7.69 r
  u_framer/u_ctrl/U127/ZN (INVX0)                  0.12      7.81 f
  u_framer/u_ctrl/U126/QN (NOR4X0)                 0.33      8.13 r
  u_framer/u_ctrl/U27/ZN (INVX0)                   0.27      8.40 f
  u_framer/u_ctrl/U52/QN (NAND2X0)                 0.30      8.70 r
  u_framer/u_ctrl/PLACE_HFSINV_527_659/ZN (INVX0)
                                                   0.44      9.14 f
  u_framer/u_ctrl/U243/Q (AO21X1)                  0.54      9.68 f
  u_framer/u_ctrl/PLACE_HFSBUF_30_493/Z (NBUFFX2)
                                                   0.26      9.94 f
  u_framer/u_ctrl/U54/QN (NOR2X0)                  0.49     10.43 r
  u_framer/u_ctrl/U231/Q (AO222X1)                 0.68     11.11 r
  u_framer/u_ctrl/bits_left_reg_8_/D (SDFFX1)      0.00     11.11 r
  data arrival time                                         11.11

  clock SYS_CLK (rise edge)                       31.25     31.25
  clock network delay (propagated)                 1.30     32.55
  clock reconvergence pessimism                    0.00     32.55
  u_framer/u_ctrl/bits_left_reg_8_/CLK (SDFFX1)    0.00     32.55 r
  clock uncertainty                               -0.45     32.10
  library setup time                              -0.43     31.67
  data required time                                        31.67
  ------------------------------------------------------------------------
  data required time                                        31.67
  data arrival time                                        -11.11
  ------------------------------------------------------------------------
  slack (MET)                                               20.56



  Startpoint: start_Tx (input port clocked by SYS_CLK)
  Endpoint: u_framer/u_ctrl/bits_left_reg_7_ (rising edge-triggered flip-flop clocked by SYS_CLK)
  Mode: default
  Corner: default
  Scenario: default
  Path Group: SYS_CLK
  Path Type: max

  Point                                            Incr      Path  
  ------------------------------------------------------------------------
  clock SYS_CLK (rise edge)                        0.00      0.00
  clock network delay (ideal)                      1.37      1.37
  input external delay                             6.25      7.62

  start_Tx (in)                                    0.07      7.69 r
  u_framer/u_ctrl/U127/ZN (INVX0)                  0.12      7.81 f
  u_framer/u_ctrl/U126/QN (NOR4X0)                 0.33      8.13 r
  u_framer/u_ctrl/U27/ZN (INVX0)                   0.27      8.40 f
  u_framer/u_ctrl/U52/QN (NAND2X0)                 0.30      8.70 r
  u_framer/u_ctrl/PLACE_HFSINV_527_659/ZN (INVX0)
                                                   0.44      9.14 f
  u_framer/u_ctrl/U243/Q (AO21X1)                  0.54      9.68 f
  u_framer/u_ctrl/PLACE_HFSBUF_30_493/Z (NBUFFX2)
                                                   0.26      9.94 f
  u_framer/u_ctrl/U54/QN (NOR2X0)                  0.49     10.43 r
  u_framer/u_ctrl/U228/Q (AO222X1)                 0.62     11.06 r
  u_framer/u_ctrl/bits_left_reg_7_/D (SDFFX1)      0.00     11.06 r
  data arrival time                                         11.06

  clock SYS_CLK (rise edge)                       31.25     31.25
  clock network delay (propagated)                 1.28     32.53
  clock reconvergence pessimism                    0.00     32.53
  u_framer/u_ctrl/bits_left_reg_7_/CLK (SDFFX1)    0.00     32.53 r
  clock uncertainty                               -0.45     32.08
  library setup time                              -0.44     31.64
  data required time                                        31.64
  ------------------------------------------------------------------------
  data required time                                        31.64
  data arrival time                                        -11.06
  ------------------------------------------------------------------------
  slack (MET)                                               20.58



  Startpoint: start_Tx (input port clocked by SYS_CLK)
  Endpoint: u_framer/u_ctrl/bits_left_reg_5_ (rising edge-triggered flip-flop clocked by SYS_CLK)
  Mode: default
  Corner: default
  Scenario: default
  Path Group: SYS_CLK
  Path Type: max

  Point                                            Incr      Path  
  ------------------------------------------------------------------------
  clock SYS_CLK (rise edge)                        0.00      0.00
  clock network delay (ideal)                      1.37      1.37
  input external delay                             6.25      7.62

  start_Tx (in)                                    0.07      7.69 r
  u_framer/u_ctrl/U127/ZN (INVX0)                  0.12      7.81 f
  u_framer/u_ctrl/U126/QN (NOR4X0)                 0.33      8.13 r
  u_framer/u_ctrl/U27/ZN (INVX0)                   0.27      8.40 f
  u_framer/u_ctrl/U52/QN (NAND2X0)                 0.30      8.70 r
  u_framer/u_ctrl/PLACE_HFSINV_527_659/ZN (INVX0)
                                                   0.44      9.14 f
  u_framer/u_ctrl/U243/Q (AO21X1)                  0.54      9.68 f
  u_framer/u_ctrl/PLACE_HFSBUF_30_493/Z (NBUFFX2)
                                                   0.26      9.94 f
  u_framer/u_ctrl/U54/QN (NOR2X0)                  0.49     10.43 r
  u_framer/u_ctrl/U222/Q (AO222X1)                 0.62     11.05 r
  u_framer/u_ctrl/bits_left_reg_5_/D (SDFFX1)      0.00     11.05 r
  data arrival time                                         11.05

  clock SYS_CLK (rise edge)                       31.25     31.25
  clock network delay (propagated)                 1.28     32.53
  clock reconvergence pessimism                    0.00     32.53
  u_framer/u_ctrl/bits_left_reg_5_/CLK (SDFFX1)    0.00     32.53 r
  clock uncertainty                               -0.45     32.08
  library setup time                              -0.43     31.65
  data required time                                        31.65
  ------------------------------------------------------------------------
  data required time                                        31.65
  data arrival time                                        -11.05
  ------------------------------------------------------------------------
  slack (MET)                                               20.59



  Startpoint: start_Tx (input port clocked by SYS_CLK)
  Endpoint: u_framer/u_ctrl/bits_left_reg_3_ (rising edge-triggered flip-flop clocked by SYS_CLK)
  Mode: default
  Corner: default
  Scenario: default
  Path Group: SYS_CLK
  Path Type: max

  Point                                            Incr      Path  
  ------------------------------------------------------------------------
  clock SYS_CLK (rise edge)                        0.00      0.00
  clock network delay (ideal)                      1.37      1.37
  input external delay                             6.25      7.62

  start_Tx (in)                                    0.07      7.69 r
  u_framer/u_ctrl/U127/ZN (INVX0)                  0.12      7.81 f
  u_framer/u_ctrl/U126/QN (NOR4X0)                 0.33      8.13 r
  u_framer/u_ctrl/U27/ZN (INVX0)                   0.27      8.40 f
  u_framer/u_ctrl/U52/QN (NAND2X0)                 0.30      8.70 r
  u_framer/u_ctrl/PLACE_HFSINV_527_659/ZN (INVX0)
                                                   0.44      9.14 f
  u_framer/u_ctrl/U243/Q (AO21X1)                  0.54      9.68 f
  u_framer/u_ctrl/PLACE_HFSBUF_30_493/Z (NBUFFX2)
                                                   0.26      9.94 f
  u_framer/u_ctrl/U54/QN (NOR2X0)                  0.49     10.43 r
  u_framer/u_ctrl/U218/Q (AO222X1)                 0.61     11.04 r
  u_framer/u_ctrl/bits_left_reg_3_/D (SDFFX1)      0.00     11.04 r
  data arrival time                                         11.04

  clock SYS_CLK (rise edge)                       31.25     31.25
  clock network delay (propagated)                 1.28     32.53
  clock reconvergence pessimism                    0.00     32.53
  u_framer/u_ctrl/bits_left_reg_3_/CLK (SDFFX1)    0.00     32.53 r
  clock uncertainty                               -0.45     32.08
  library setup time                              -0.43     31.65
  data required time                                        31.65
  ------------------------------------------------------------------------
  data required time                                        31.65
  data arrival time                                        -11.04
  ------------------------------------------------------------------------
  slack (MET)                                               20.61



  Startpoint: start_Tx (input port clocked by SYS_CLK)
  Endpoint: u_framer/u_ctrl/bits_left_reg_9_ (rising edge-triggered flip-flop clocked by SYS_CLK)
  Mode: default
  Corner: default
  Scenario: default
  Path Group: SYS_CLK
  Path Type: max

  Point                                            Incr      Path  
  ------------------------------------------------------------------------
  clock SYS_CLK (rise edge)                        0.00      0.00
  clock network delay (ideal)                      1.37      1.37
  input external delay                             6.25      7.62

  start_Tx (in)                                    0.07      7.69 r
  u_framer/u_ctrl/U127/ZN (INVX0)                  0.12      7.81 f
  u_framer/u_ctrl/U126/QN (NOR4X0)                 0.33      8.13 r
  u_framer/u_ctrl/U27/ZN (INVX0)                   0.27      8.40 f
  u_framer/u_ctrl/U52/QN (NAND2X0)                 0.30      8.70 r
  u_framer/u_ctrl/PLACE_HFSINV_527_659/ZN (INVX0)
                                                   0.44      9.14 f
  u_framer/u_ctrl/U243/Q (AO21X1)                  0.54      9.68 f
  u_framer/u_ctrl/PLACE_HFSBUF_30_493/Z (NBUFFX2)
                                                   0.26      9.94 f
  u_framer/u_ctrl/U54/QN (NOR2X0)                  0.49     10.43 r
  u_framer/u_ctrl/U234/Q (AO222X1)                 0.62     11.05 r
  u_framer/u_ctrl/bits_left_reg_9_/D (SDFFX1)      0.00     11.05 r
  data arrival time                                         11.05

  clock SYS_CLK (rise edge)                       31.25     31.25
  clock network delay (propagated)                 1.30     32.55
  clock reconvergence pessimism                    0.00     32.55
  u_framer/u_ctrl/bits_left_reg_9_/CLK (SDFFX1)    0.00     32.55 r
  clock uncertainty                               -0.45     32.10
  library setup time                              -0.43     31.67
  data required time                                        31.67
  ------------------------------------------------------------------------
  data required time                                        31.67
  data arrival time                                        -11.05
  ------------------------------------------------------------------------
  slack (MET)                                               20.62


1
