Information: Changed wire load model for 'DW01_inc_width4' from '(none)' to 'ForQA'. (OPT-170)
Information: Changed wire load model for '*ADD_UNS_OP_4_1_4' from '(none)' to 'ForQA'. (OPT-170)
Information: Changed wire load model for 'DW01_cmp2_width4' from '(none)' to 'ForQA'. (OPT-170)
Information: Changed wire load model for '*GEQ_UNS_OP_4_4_1' from '(none)' to 'ForQA'. (OPT-170)
Information: Changed wire load model for 'DW01_inc_width7' from '(none)' to 'ForQA'. (OPT-170)
Information: Changed wire load model for '*ADD_UNS_OP_7_1_7' from '(none)' to 'ForQA'. (OPT-170)
Information: Changed wire load model for 'DW01_inc_width8' from '(none)' to 'ForQA'. (OPT-170)
Information: Changed wire load model for '*ADD_UNS_OP_7_1_8' from '(none)' to 'ForQA'. (OPT-170)
Information: Changed wire load model for 'DW01_cmp2_width8' from '(none)' to 'ForQA'. (OPT-170)
Information: Changed wire load model for '*GEQ_UNS_OP_8_7_1' from '(none)' to 'ForQA'. (OPT-170)
Information: Changed wire load model for 'DW01_inc_width12' from '(none)' to 'ForQA'. (OPT-170)
Information: Changed wire load model for '*ADD_UNS_OP_12_1_12' from '(none)' to 'ForQA'. (OPT-170)
Information: Changed wire load model for 'DW01_cmp2_width12' from '(none)' to 'ForQA'. (OPT-170)
Information: Changed wire load model for '*GEQ_UNS_OP_12_11_1' from '(none)' to 'ForQA'. (OPT-170)
Information: Changed wire load model for 'DW01_add_width6' from '(none)' to 'ForQA'. (OPT-170)
Information: Changed wire load model for '*ADD_TC_OP_6_6_6' from '(none)' to 'ForQA'. (OPT-170)
Information: Changed wire load model for 'DW01_sub_width6' from '(none)' to 'ForQA'. (OPT-170)
Information: Changed wire load model for '*SUB_TC_OP_6_6_6' from '(none)' to 'ForQA'. (OPT-170)
Information: Changed wire load model for 'DW02_mult_A_width2_B_width5' from '(none)' to 'ForQA'. (OPT-170)
Information: Changed wire load model for '*MULT_TC_OP_2_5_6' from '(none)' to 'ForQA'. (OPT-170)
Information: Changed wire load model for 'DW02_mult_A_width2_B_width5' from '(none)' to 'ForQA'. (OPT-170)
Information: Changed wire load model for '*MULT_TC_OP_2_5_6' from '(none)' to 'ForQA'. (OPT-170)
Information: Changed wire load model for 'DW02_mult_A_width2_B_width5' from '(none)' to 'ForQA'. (OPT-170)
Information: Changed wire load model for '*MULT_TC_OP_2_5_6' from '(none)' to 'ForQA'. (OPT-170)
Information: Changed wire load model for 'DW02_mult_A_width2_B_width5' from '(none)' to 'ForQA'. (OPT-170)
Information: Changed wire load model for '*MULT_TC_OP_2_5_6' from '(none)' to 'ForQA'. (OPT-170)
Information: Changed wire load model for 'DW01_inc_width3' from '(none)' to 'ForQA'. (OPT-170)
Information: Changed wire load model for '*ADD_UNS_OP_3_1_3' from '(none)' to 'ForQA'. (OPT-170)
Information: Changed wire load model for 'DW01_add_width2' from '(none)' to 'ForQA'. (OPT-170)
Information: Changed wire load model for '*ADD_TC_OP_2_2_2' from '(none)' to 'ForQA'. (OPT-170)
Information: Changed wire load model for 'DW01_sub_width2' from '(none)' to 'ForQA'. (OPT-170)
Information: Changed wire load model for '*SUB_TC_OP_2_2_2' from '(none)' to 'ForQA'. (OPT-170)
Information: Changed wire load model for 'DW02_mult_A_width2_B_width2' from '(none)' to 'ForQA'. (OPT-170)
Information: Changed wire load model for '*MULT_TC_OP_2_2_2' from '(none)' to 'ForQA'. (OPT-170)
Information: Changed wire load model for 'DW02_mult_A_width2_B_width2' from '(none)' to 'ForQA'. (OPT-170)
Information: Changed wire load model for '*MULT_TC_OP_2_2_2' from '(none)' to 'ForQA'. (OPT-170)
Information: Changed wire load model for 'DW02_mult_A_width2_B_width2' from '(none)' to 'ForQA'. (OPT-170)
Information: Changed wire load model for '*MULT_TC_OP_2_2_2' from '(none)' to 'ForQA'. (OPT-170)
Information: Changed wire load model for 'DW02_mult_A_width2_B_width2' from '(none)' to 'ForQA'. (OPT-170)
Information: Changed wire load model for '*MULT_TC_OP_2_2_2' from '(none)' to 'ForQA'. (OPT-170)
Information: Changed wire load model for 'DW01_cmp2_width5' from '(none)' to 'ForQA'. (OPT-170)
Information: Changed wire load model for '*LT_UNS_OP_5_5_1' from '(none)' to 'ForQA'. (OPT-170)
Information: Changed wire load model for 'DW_rash_A_width64_SH_width6' from '(none)' to 'ForQA'. (OPT-170)
Information: Changed wire load model for '*ASHR_UNS_UNS_OP_64_6_64' from '(none)' to 'ForQA'. (OPT-170)
Information: Changed wire load model for 'DW_rash_A_width64_SH_width6' from '(none)' to 'ForQA'. (OPT-170)
Information: Changed wire load model for '*ASHR_UNS_UNS_OP_64_6_64' from '(none)' to 'ForQA'. (OPT-170)
Information: Changed wire load model for 'DW01_inc_width2' from '(none)' to 'ForQA'. (OPT-170)
Information: Changed wire load model for '*ADD_UNS_OP_2_1_2' from '(none)' to 'ForQA'. (OPT-170)
Information: Changed wire load model for 'DW01_inc_width5' from '(none)' to 'ForQA'. (OPT-170)
Information: Changed wire load model for '*ADD_UNS_OP_5_1_5' from '(none)' to 'ForQA'. (OPT-170)
Information: Changed wire load model for 'DW01_add_width12' from '(none)' to 'ForQA'. (OPT-170)
Information: Changed wire load model for '*ADD_TC_OP_5_11_12' from '(none)' to 'ForQA'. (OPT-170)
Information: Changed wire load model for 'DW01_inc_width4' from '(none)' to 'ForQA'. (OPT-170)
Information: Changed wire load model for '*ADD_UNS_OP_4_1_4' from '(none)' to 'ForQA'. (OPT-170)
Information: Changed wire load model for 'DW01_inc_width10' from '(none)' to 'ForQA'. (OPT-170)
Information: Changed wire load model for '*ADD_UNS_OP_10_1_10' from '(none)' to 'ForQA'. (OPT-170)
Information: Changed wire load model for 'DW01_inc_width2' from '(none)' to 'ForQA'. (OPT-170)
Information: Changed wire load model for '*ADD_UNS_OP_2_1_2' from '(none)' to 'ForQA'. (OPT-170)
Information: Changed wire load model for 'DW01_inc_width8' from '(none)' to 'ForQA'. (OPT-170)
Information: Changed wire load model for '*ADD_UNS_OP_8_1_8' from '(none)' to 'ForQA'. (OPT-170)
Information: Changed wire load model for 'DW01_inc_width10' from '(none)' to 'ForQA'. (OPT-170)
Information: Changed wire load model for '*ADD_UNS_OP_10_1_10' from '(none)' to 'ForQA'. (OPT-170)
Information: Changed wire load model for 'DW01_inc_width7' from '(none)' to 'ForQA'. (OPT-170)
Information: Changed wire load model for '*ADD_UNS_OP_7_1_7' from '(none)' to 'ForQA'. (OPT-170)
Information: Changed wire load model for 'DW01_sub_width12' from '(none)' to 'ForQA'. (OPT-170)
Information: Changed wire load model for '*SUB_TC_OP_12_5_12' from '(none)' to 'ForQA'. (OPT-170)
Information: Changed wire load model for 'DW01_cmp6_width2' from '(none)' to 'ForQA'. (OPT-170)
Information: Changed wire load model for '*EQ_UNS_OP_2_2_1' from '(none)' to 'ForQA'. (OPT-170)
Information: Changed wire load model for 'DW01_cmp6_width5' from '(none)' to 'ForQA'. (OPT-170)
Information: Changed wire load model for '*EQ_UNS_OP_5_5_1' from '(none)' to 'ForQA'. (OPT-170)
Information: Changed wire load model for 'DW01_cmp2_width8' from '(none)' to 'ForQA'. (OPT-170)
Information: Changed wire load model for '*LT_UNS_OP_8_7_1' from '(none)' to 'ForQA'. (OPT-170)
Information: Changed wire load model for 'DW01_cmp2_width12' from '(none)' to 'ForQA'. (OPT-170)
Information: Changed wire load model for '*GEQ_TC_OP_12_1_1' from '(none)' to 'ForQA'. (OPT-170)
Information: Changed wire load model for 'DW01_cmp2_width12' from '(none)' to 'ForQA'. (OPT-170)
Information: Changed wire load model for '*GT_TC_OP_12_1_1' from '(none)' to 'ForQA'. (OPT-170)
Information: Changed wire load model for 'DW01_cmp2_width8' from '(none)' to 'ForQA'. (OPT-170)
Information: Changed wire load model for '*LEQ_UNS_OP_8_7_1' from '(none)' to 'ForQA'. (OPT-170)
Information: Updating design information... (UID-85)
Warning: Design 'CSS_Transmitter_Top' contains 3 high-fanout nets. A fanout number of 1000 will be used for delay calculations involving these nets. (TIM-134)

Information: Checking generated_clocks...

Information: Checking loops...

Information: Checking no_input_delay...
Warning: The following input ports have no clock_relative delay specified, the command set_input_delay without -clock option will be ignored. (TIM-216)
--------------------
rstn

Information: Checking unconstrained_endpoints...

Information: Checking pulse_clock_cell_type...

Information: Checking no_driving_cell...

Information: Checking partial_input_delay...
Warning: there are 26 input ports that only have partial input delay specified. (TIM-212)
--------------------
start_Tx
rate
payloadLength[7]
payloadLength[6]
payloadLength[5]
payloadLength[4]
payloadLength[3]
payloadLength[2]
payloadLength[1]
payloadLength[0]
payload_we
payload_addr[6]
payload_addr[5]
payload_addr[4]
payload_addr[3]
payload_addr[2]
payload_addr[1]
payload_addr[0]
payload_din[7]
payload_din[6]
payload_din[5]
payload_din[4]
payload_din[3]
payload_din[2]
payload_din[1]
payload_din[0]
1
