****************************************
 Report : check_design 
 Options: { pre_route_stage }
 Design : CSS_Transmitter_Top
 Version: O-2018.06-SP1
 Date   : Fri Sep 18 12:32:43 2026
****************************************

Running mega-check 'pre_route_stage': 
    Running atomic-check 'design_mismatch'
    Running atomic-check 'scan_chain'
    Running atomic-check 'mv_design'
    Running atomic-check 'design_extraction'
    Running atomic-check 'timing'
    Running atomic-check 'routability'
    Running atomic-check 'hier_pre_route'

  *** EMS Message summary ***
  ----------------------------------------------------------------------------------------------------
  Rule         Type   Count      Message
  ----------------------------------------------------------------------------------------------------
  DFT-011      Info   1          The design has no scan chain defined in the scandef.
  TCK-001      Warn   2587       The reported endpoint '%endpoint' is unconstrained. Reason: '%re...
  TCK-012      Warn   1          The input port '%port' has no clock_relative delay specified. Mo...
  ----------------------------------------------------------------------------------------------------
  Total 2589 EMS messages : 0 errors, 2588 warnings, 1 info.
  ----------------------------------------------------------------------------------------------------

  *** Non-EMS message summary ***
  ----------------------------------------------------------------------------------------------------
  Rule         Type   Count      Message
  ----------------------------------------------------------------------------------------------------
  ZRT-015             1          Ignore contact %s.
  ZRT-026             2          Layer %s pitch %.3f may be too small: wire/via-down %.3f, wire/v...
  ZRT-027             1          Ignore %d top cell ports with no pins.
  ZRT-511             1          Cell contains tie connections which are not connected to real PG.
  ----------------------------------------------------------------------------------------------------
  Total 5 non-EMS messages : 0 errors, 5 warnings, 0 info.
  ----------------------------------------------------------------------------------------------------

Information: EMS database is saved to file 'check_design.ems'.
Information: Non-EMS messages are saved into file 'check_design2026Sep18123243.log'.
1
