****************************************
Report : timing
        -path_type full
        -delay_type max
        -max_paths 20
        -report_by design
Design : CSS_Transmitter_Top
Version: O-2018.06-SP1
Date   : Fri Sep 18 12:33:00 2026
****************************************
Information: Timer using 'SI, Timing Window Analysis, CRPR'. (TIM-050)

  Startpoint: Modulation_system_cart/Address_C/address_reg_7_ (rising edge-triggered flip-flop clocked by SYS_CLK)
  Endpoint: DAC_RE_cart[5] (output port clocked by SYS_CLK)
  Mode: default
  Corner: default
  Scenario: default
  Path Group: SYS_CLK
  Path Type: max

  Point                                            Incr      Path  
  ------------------------------------------------------------------------
  clock SYS_CLK (rise edge)                        0.00      0.00
  clock network delay (propagated)                 1.36      1.36

  Modulation_system_cart/Address_C/address_reg_7_/CLK (SDFFARX1)
                                                   0.00      1.36 r
  Modulation_system_cart/Address_C/address_reg_7_/Q (SDFFARX1)
                                                   0.82      2.18 f
  Modulation_system_cart/CSK_GEN/complex_exp_LUT/U41/Q (AND2X1)
                                                   0.28      2.46 f
  Modulation_system_cart/CSK_GEN/complex_exp_LUT/U1018/Q (AND2X1)
                                                   0.33      2.79 f
  Modulation_system_cart/CSK_GEN/complex_exp_LUT/PLACE_HFSBUF_102_1072/Z (NBUFFX2)
                                                   0.26      3.05 f
  Modulation_system_cart/CSK_GEN/complex_exp_LUT/U76/QN (NAND2X0)
                                                   0.44      3.49 r
  Modulation_system_cart/CSK_GEN/complex_exp_LUT/U151/ZN (INVX0)
                                                   0.60      4.09 f
  Modulation_system_cart/CSK_GEN/complex_exp_LUT/U104/QN (NOR2X0)
                                                   0.34      4.43 r
  Modulation_system_cart/CSK_GEN/complex_exp_LUT/U636/QN (NAND4X0)
                                                   0.32      4.75 f
  Modulation_system_cart/CSK_GEN/complex_exp_LUT/U278/Q (OA21X1)
                                                   0.39      5.14 f
  Modulation_system_cart/CSK_GEN/complex_exp_LUT/U436/QN (NOR4X0)
                                                   0.63      5.77 r
  Modulation_system_cart/CSK_GEN/complex_exp_LUT/U634/QN (NAND4X0)
                                                   0.72      6.48 f
  Modulation_system_cart/CSK_GEN/complex_exp_LUT/U11/QN (NOR4X0)
                                                   0.38      6.87 r
  Modulation_system_cart/CSK_GEN/complex_exp_LUT/U575/Q (AND4X1)
                                                   0.51      7.38 r
  Modulation_system_cart/CSK_GEN/complex_exp_LUT/U573/Q (AND4X1)
                                                   0.47      7.85 r
  Modulation_system_cart/CSK_GEN/complex_exp_LUT/U553/QN (NAND4X0)
                                                   0.17      8.02 f
  Modulation_system_cart/CSK_GEN/complex_exp_LUT/U6/Q (OA21X1)
                                                   0.43      8.45 f
  Modulation_system_cart/CSK_GEN/complex_multiplier_c/mult_53/U26/QN (NAND2X0)
                                                   0.18      8.64 r
  Modulation_system_cart/CSK_GEN/complex_multiplier_c/mult_53/U37/Q (XNOR2X1)
                                                   0.47      9.11 r
  Modulation_system_cart/CSK_GEN/complex_multiplier_c/mult_53/U36/QN (AOI22X1)
                                                   0.38      9.48 f
  Modulation_system_cart/CSK_GEN/complex_multiplier_c/mult_53/U16/QN (NAND2X0)
                                                   0.15      9.64 r
  Modulation_system_cart/CSK_GEN/complex_multiplier_c/mult_53/U15/QN (NAND2X0)
                                                   0.21      9.85 f
  Modulation_system_cart/CSK_GEN/complex_multiplier_c/mult_53/U32/Q (XNOR2X1)
                                                   0.42     10.27 f
  Modulation_system_cart/CSK_GEN/complex_multiplier_c/sub_57_U2_2/CO (FADDX1)
                                                   0.40     10.67 f
  Modulation_system_cart/CSK_GEN/complex_multiplier_c/sub_57_U2_3/CO (FADDX1)
                                                   0.38     11.05 f
  Modulation_system_cart/CSK_GEN/complex_multiplier_c/sub_57_U2_4/CO (FADDX1)
                                                   0.35     11.40 f
  Modulation_system_cart/CSK_GEN/complex_multiplier_c/U23/Q (XNOR3X1)
                                                   0.41     11.81 r
  DAC_RE_cart[5] (out)                             0.13     11.94 r
  data arrival time                                         11.94

  clock SYS_CLK (rise edge)                       31.25     31.25
  clock network delay (ideal)                      1.28     32.53
  clock reconvergence pessimism                    0.00     32.53
  clock uncertainty                               -0.45     32.08
  output external delay                           -6.25     25.83
  data required time                                        25.83
  ------------------------------------------------------------------------
  data required time                                        25.83
  data arrival time                                        -11.94
  ------------------------------------------------------------------------
  slack (MET)                                               13.89



  Startpoint: Modulation_system_cart/Address_C/address_reg_7_ (rising edge-triggered flip-flop clocked by SYS_CLK)
  Endpoint: DAC_IM_cart[5] (output port clocked by SYS_CLK)
  Mode: default
  Corner: default
  Scenario: default
  Path Group: SYS_CLK
  Path Type: max

  Point                                            Incr      Path  
  ------------------------------------------------------------------------
  clock SYS_CLK (rise edge)                        0.00      0.00
  clock network delay (propagated)                 1.36      1.36

  Modulation_system_cart/Address_C/address_reg_7_/CLK (SDFFARX1)
                                                   0.00      1.36 r
  Modulation_system_cart/Address_C/address_reg_7_/Q (SDFFARX1)
                                                   0.82      2.18 f
  Modulation_system_cart/CSK_GEN/complex_exp_LUT/U41/Q (AND2X1)
                                                   0.28      2.46 f
  Modulation_system_cart/CSK_GEN/complex_exp_LUT/U1018/Q (AND2X1)
                                                   0.33      2.79 f
  Modulation_system_cart/CSK_GEN/complex_exp_LUT/PLACE_HFSBUF_102_1072/Z (NBUFFX2)
                                                   0.26      3.05 f
  Modulation_system_cart/CSK_GEN/complex_exp_LUT/U76/QN (NAND2X0)
                                                   0.44      3.49 r
  Modulation_system_cart/CSK_GEN/complex_exp_LUT/U151/ZN (INVX0)
                                                   0.60      4.09 f
  Modulation_system_cart/CSK_GEN/complex_exp_LUT/U104/QN (NOR2X0)
                                                   0.34      4.43 r
  Modulation_system_cart/CSK_GEN/complex_exp_LUT/U636/QN (NAND4X0)
                                                   0.32      4.75 f
  Modulation_system_cart/CSK_GEN/complex_exp_LUT/U278/Q (OA21X1)
                                                   0.39      5.14 f
  Modulation_system_cart/CSK_GEN/complex_exp_LUT/U436/QN (NOR4X0)
                                                   0.63      5.77 r
  Modulation_system_cart/CSK_GEN/complex_exp_LUT/U634/QN (NAND4X0)
                                                   0.72      6.48 f
  Modulation_system_cart/CSK_GEN/complex_exp_LUT/U11/QN (NOR4X0)
                                                   0.38      6.87 r
  Modulation_system_cart/CSK_GEN/complex_exp_LUT/U575/Q (AND4X1)
                                                   0.51      7.38 r
  Modulation_system_cart/CSK_GEN/complex_exp_LUT/U573/Q (AND4X1)
                                                   0.47      7.85 r
  Modulation_system_cart/CSK_GEN/complex_exp_LUT/U553/QN (NAND4X0)
                                                   0.17      8.02 f
  Modulation_system_cart/CSK_GEN/complex_exp_LUT/U6/Q (OA21X1)
                                                   0.43      8.45 f
  Modulation_system_cart/CSK_GEN/complex_multiplier_c/mult_56/U18/QN (NAND2X0)
                                                   0.17      8.63 r
  Modulation_system_cart/CSK_GEN/complex_multiplier_c/mult_56/U37/Q (XNOR2X1)
                                                   0.45      9.07 r
  Modulation_system_cart/CSK_GEN/complex_multiplier_c/mult_56/U36/QN (AOI22X1)
                                                   0.38      9.45 f
  Modulation_system_cart/CSK_GEN/complex_multiplier_c/mult_56/U3/Q (XOR2X1)
                                                   0.37      9.82 f
  Modulation_system_cart/CSK_GEN/complex_multiplier_c/add_58_U1_1/CO (FADDX1)
                                                   0.47     10.29 f
  Modulation_system_cart/CSK_GEN/complex_multiplier_c/add_58_U1_2/CO (FADDX1)
                                                   0.40     10.70 f
  Modulation_system_cart/CSK_GEN/complex_multiplier_c/add_58_U1_3/CO (FADDX1)
                                                   0.38     11.08 f
  Modulation_system_cart/CSK_GEN/complex_multiplier_c/add_58_U1_4/CO (FADDX1)
                                                   0.34     11.42 f
  Modulation_system_cart/CSK_GEN/complex_multiplier_c/add_58_U1_5/Q (XOR3X1)
                                                   0.30     11.72 f
  DAC_IM_cart[5] (out)                             0.01     11.72 f
  data arrival time                                         11.72

  clock SYS_CLK (rise edge)                       31.25     31.25
  clock network delay (ideal)                      1.28     32.53
  clock reconvergence pessimism                    0.00     32.53
  clock uncertainty                               -0.45     32.08
  output external delay                           -6.25     25.83
  data required time                                        25.83
  ------------------------------------------------------------------------
  data required time                                        25.83
  data arrival time                                        -11.72
  ------------------------------------------------------------------------
  slack (MET)                                               14.11



  Startpoint: Modulation_system_cart/Address_C/address_reg_7_ (rising edge-triggered flip-flop clocked by SYS_CLK)
  Endpoint: DAC_RE_cart[4] (output port clocked by SYS_CLK)
  Mode: default
  Corner: default
  Scenario: default
  Path Group: SYS_CLK
  Path Type: max

  Point                                            Incr      Path  
  ------------------------------------------------------------------------
  clock SYS_CLK (rise edge)                        0.00      0.00
  clock network delay (propagated)                 1.36      1.36

  Modulation_system_cart/Address_C/address_reg_7_/CLK (SDFFARX1)
                                                   0.00      1.36 r
  Modulation_system_cart/Address_C/address_reg_7_/Q (SDFFARX1)
                                                   0.82      2.18 f
  Modulation_system_cart/CSK_GEN/complex_exp_LUT/U41/Q (AND2X1)
                                                   0.28      2.46 f
  Modulation_system_cart/CSK_GEN/complex_exp_LUT/U1018/Q (AND2X1)
                                                   0.33      2.79 f
  Modulation_system_cart/CSK_GEN/complex_exp_LUT/PLACE_HFSBUF_102_1072/Z (NBUFFX2)
                                                   0.26      3.05 f
  Modulation_system_cart/CSK_GEN/complex_exp_LUT/U76/QN (NAND2X0)
                                                   0.44      3.49 r
  Modulation_system_cart/CSK_GEN/complex_exp_LUT/U151/ZN (INVX0)
                                                   0.60      4.09 f
  Modulation_system_cart/CSK_GEN/complex_exp_LUT/U104/QN (NOR2X0)
                                                   0.34      4.43 r
  Modulation_system_cart/CSK_GEN/complex_exp_LUT/U636/QN (NAND4X0)
                                                   0.32      4.75 f
  Modulation_system_cart/CSK_GEN/complex_exp_LUT/U278/Q (OA21X1)
                                                   0.39      5.14 f
  Modulation_system_cart/CSK_GEN/complex_exp_LUT/U436/QN (NOR4X0)
                                                   0.63      5.77 r
  Modulation_system_cart/CSK_GEN/complex_exp_LUT/U634/QN (NAND4X0)
                                                   0.72      6.48 f
  Modulation_system_cart/CSK_GEN/complex_exp_LUT/U11/QN (NOR4X0)
                                                   0.38      6.87 r
  Modulation_system_cart/CSK_GEN/complex_exp_LUT/U575/Q (AND4X1)
                                                   0.51      7.38 r
  Modulation_system_cart/CSK_GEN/complex_exp_LUT/U573/Q (AND4X1)
                                                   0.47      7.85 r
  Modulation_system_cart/CSK_GEN/complex_exp_LUT/U553/QN (NAND4X0)
                                                   0.17      8.02 f
  Modulation_system_cart/CSK_GEN/complex_exp_LUT/U6/Q (OA21X1)
                                                   0.43      8.45 f
  Modulation_system_cart/CSK_GEN/complex_multiplier_c/mult_53/U26/QN (NAND2X0)
                                                   0.18      8.64 r
  Modulation_system_cart/CSK_GEN/complex_multiplier_c/mult_53/U37/Q (XNOR2X1)
                                                   0.47      9.11 r
  Modulation_system_cart/CSK_GEN/complex_multiplier_c/mult_53/U36/QN (AOI22X1)
                                                   0.38      9.48 f
  Modulation_system_cart/CSK_GEN/complex_multiplier_c/mult_53/U16/QN (NAND2X0)
                                                   0.15      9.64 r
  Modulation_system_cart/CSK_GEN/complex_multiplier_c/mult_53/U15/QN (NAND2X0)
                                                   0.21      9.85 f
  Modulation_system_cart/CSK_GEN/complex_multiplier_c/mult_53/U32/Q (XNOR2X1)
                                                   0.46     10.30 r
  Modulation_system_cart/CSK_GEN/complex_multiplier_c/sub_57_U2_2/CO (FADDX1)
                                                   0.39     10.70 r
  Modulation_system_cart/CSK_GEN/complex_multiplier_c/sub_57_U2_3/CO (FADDX1)
                                                   0.36     11.05 r
  Modulation_system_cart/CSK_GEN/complex_multiplier_c/sub_57_U2_4/S (FADDX1)
                                                   0.51     11.57 f
  DAC_RE_cart[4] (out)                             0.10     11.67 f
  data arrival time                                         11.67

  clock SYS_CLK (rise edge)                       31.25     31.25
  clock network delay (ideal)                      1.28     32.53
  clock reconvergence pessimism                    0.00     32.53
  clock uncertainty                               -0.45     32.08
  output external delay                           -6.25     25.83
  data required time                                        25.83
  ------------------------------------------------------------------------
  data required time                                        25.83
  data arrival time                                        -11.67
  ------------------------------------------------------------------------
  slack (MET)                                               14.16



  Startpoint: Modulation_system_cart/Address_C/address_reg_7_ (rising edge-triggered flip-flop clocked by SYS_CLK)
  Endpoint: DAC_IM_cart[4] (output port clocked by SYS_CLK)
  Mode: default
  Corner: default
  Scenario: default
  Path Group: SYS_CLK
  Path Type: max

  Point                                            Incr      Path  
  ------------------------------------------------------------------------
  clock SYS_CLK (rise edge)                        0.00      0.00
  clock network delay (propagated)                 1.36      1.36

  Modulation_system_cart/Address_C/address_reg_7_/CLK (SDFFARX1)
                                                   0.00      1.36 r
  Modulation_system_cart/Address_C/address_reg_7_/Q (SDFFARX1)
                                                   0.82      2.18 f
  Modulation_system_cart/CSK_GEN/complex_exp_LUT/U41/Q (AND2X1)
                                                   0.28      2.46 f
  Modulation_system_cart/CSK_GEN/complex_exp_LUT/U1018/Q (AND2X1)
                                                   0.33      2.79 f
  Modulation_system_cart/CSK_GEN/complex_exp_LUT/PLACE_HFSBUF_102_1072/Z (NBUFFX2)
                                                   0.26      3.05 f
  Modulation_system_cart/CSK_GEN/complex_exp_LUT/U76/QN (NAND2X0)
                                                   0.44      3.49 r
  Modulation_system_cart/CSK_GEN/complex_exp_LUT/U151/ZN (INVX0)
                                                   0.60      4.09 f
  Modulation_system_cart/CSK_GEN/complex_exp_LUT/U104/QN (NOR2X0)
                                                   0.34      4.43 r
  Modulation_system_cart/CSK_GEN/complex_exp_LUT/U636/QN (NAND4X0)
                                                   0.32      4.75 f
  Modulation_system_cart/CSK_GEN/complex_exp_LUT/U278/Q (OA21X1)
                                                   0.39      5.14 f
  Modulation_system_cart/CSK_GEN/complex_exp_LUT/U436/QN (NOR4X0)
                                                   0.63      5.77 r
  Modulation_system_cart/CSK_GEN/complex_exp_LUT/U634/QN (NAND4X0)
                                                   0.72      6.48 f
  Modulation_system_cart/CSK_GEN/complex_exp_LUT/U11/QN (NOR4X0)
                                                   0.38      6.87 r
  Modulation_system_cart/CSK_GEN/complex_exp_LUT/U575/Q (AND4X1)
                                                   0.51      7.38 r
  Modulation_system_cart/CSK_GEN/complex_exp_LUT/U573/Q (AND4X1)
                                                   0.47      7.85 r
  Modulation_system_cart/CSK_GEN/complex_exp_LUT/U553/QN (NAND4X0)
                                                   0.17      8.02 f
  Modulation_system_cart/CSK_GEN/complex_exp_LUT/U6/Q (OA21X1)
                                                   0.43      8.45 f
  Modulation_system_cart/CSK_GEN/complex_multiplier_c/mult_56/U18/QN (NAND2X0)
                                                   0.17      8.63 r
  Modulation_system_cart/CSK_GEN/complex_multiplier_c/mult_56/U37/Q (XNOR2X1)
                                                   0.45      9.07 r
  Modulation_system_cart/CSK_GEN/complex_multiplier_c/mult_56/U36/QN (AOI22X1)
                                                   0.38      9.45 f
  Modulation_system_cart/CSK_GEN/complex_multiplier_c/mult_56/U3/Q (XOR2X1)
                                                   0.37      9.82 f
  Modulation_system_cart/CSK_GEN/complex_multiplier_c/add_58_U1_1/CO (FADDX1)
                                                   0.47     10.29 f
  Modulation_system_cart/CSK_GEN/complex_multiplier_c/add_58_U1_2/CO (FADDX1)
                                                   0.40     10.70 f
  Modulation_system_cart/CSK_GEN/complex_multiplier_c/add_58_U1_3/CO (FADDX1)
                                                   0.38     11.08 f
  Modulation_system_cart/CSK_GEN/complex_multiplier_c/add_58_U1_4/S (FADDX1)
                                                   0.41     11.48 f
  DAC_IM_cart[4] (out)                             0.00     11.48 f
  data arrival time                                         11.48

  clock SYS_CLK (rise edge)                       31.25     31.25
  clock network delay (ideal)                      1.28     32.53
  clock reconvergence pessimism                    0.00     32.53
  clock uncertainty                               -0.45     32.08
  output external delay                           -6.25     25.83
  data required time                                        25.83
  ------------------------------------------------------------------------
  data required time                                        25.83
  data arrival time                                        -11.48
  ------------------------------------------------------------------------
  slack (MET)                                               14.35



  Startpoint: Modulation_system_cart/Address_C/address_reg_7_ (rising edge-triggered flip-flop clocked by SYS_CLK)
  Endpoint: DAC_RE_cart[3] (output port clocked by SYS_CLK)
  Mode: default
  Corner: default
  Scenario: default
  Path Group: SYS_CLK
  Path Type: max

  Point                                            Incr      Path  
  ------------------------------------------------------------------------
  clock SYS_CLK (rise edge)                        0.00      0.00
  clock network delay (propagated)                 1.36      1.36

  Modulation_system_cart/Address_C/address_reg_7_/CLK (SDFFARX1)
                                                   0.00      1.36 r
  Modulation_system_cart/Address_C/address_reg_7_/Q (SDFFARX1)
                                                   0.82      2.18 f
  Modulation_system_cart/CSK_GEN/complex_exp_LUT/U41/Q (AND2X1)
                                                   0.28      2.46 f
  Modulation_system_cart/CSK_GEN/complex_exp_LUT/U1018/Q (AND2X1)
                                                   0.33      2.79 f
  Modulation_system_cart/CSK_GEN/complex_exp_LUT/PLACE_HFSBUF_102_1072/Z (NBUFFX2)
                                                   0.26      3.05 f
  Modulation_system_cart/CSK_GEN/complex_exp_LUT/U76/QN (NAND2X0)
                                                   0.44      3.49 r
  Modulation_system_cart/CSK_GEN/complex_exp_LUT/U151/ZN (INVX0)
                                                   0.60      4.09 f
  Modulation_system_cart/CSK_GEN/complex_exp_LUT/U104/QN (NOR2X0)
                                                   0.34      4.43 r
  Modulation_system_cart/CSK_GEN/complex_exp_LUT/U636/QN (NAND4X0)
                                                   0.32      4.75 f
  Modulation_system_cart/CSK_GEN/complex_exp_LUT/U278/Q (OA21X1)
                                                   0.39      5.14 f
  Modulation_system_cart/CSK_GEN/complex_exp_LUT/U436/QN (NOR4X0)
                                                   0.63      5.77 r
  Modulation_system_cart/CSK_GEN/complex_exp_LUT/U634/QN (NAND4X0)
                                                   0.72      6.48 f
  Modulation_system_cart/CSK_GEN/complex_exp_LUT/U11/QN (NOR4X0)
                                                   0.38      6.87 r
  Modulation_system_cart/CSK_GEN/complex_exp_LUT/U575/Q (AND4X1)
                                                   0.51      7.38 r
  Modulation_system_cart/CSK_GEN/complex_exp_LUT/U573/Q (AND4X1)
                                                   0.47      7.85 r
  Modulation_system_cart/CSK_GEN/complex_exp_LUT/U553/QN (NAND4X0)
                                                   0.17      8.02 f
  Modulation_system_cart/CSK_GEN/complex_exp_LUT/U6/Q (OA21X1)
                                                   0.43      8.45 f
  Modulation_system_cart/CSK_GEN/complex_multiplier_c/mult_53/U26/QN (NAND2X0)
                                                   0.18      8.64 r
  Modulation_system_cart/CSK_GEN/complex_multiplier_c/mult_53/U37/Q (XNOR2X1)
                                                   0.47      9.11 r
  Modulation_system_cart/CSK_GEN/complex_multiplier_c/mult_53/U36/QN (AOI22X1)
                                                   0.38      9.48 f
  Modulation_system_cart/CSK_GEN/complex_multiplier_c/mult_53/U16/QN (NAND2X0)
                                                   0.15      9.64 r
  Modulation_system_cart/CSK_GEN/complex_multiplier_c/mult_53/U15/QN (NAND2X0)
                                                   0.21      9.85 f
  Modulation_system_cart/CSK_GEN/complex_multiplier_c/mult_53/U32/Q (XNOR2X1)
                                                   0.46     10.30 r
  Modulation_system_cart/CSK_GEN/complex_multiplier_c/sub_57_U2_2/CO (FADDX1)
                                                   0.39     10.70 r
  Modulation_system_cart/CSK_GEN/complex_multiplier_c/sub_57_U2_3/S (FADDX1)
                                                   0.49     11.19 f
  DAC_RE_cart[3] (out)                             0.05     11.24 f
  data arrival time                                         11.24

  clock SYS_CLK (rise edge)                       31.25     31.25
  clock network delay (ideal)                      1.28     32.53
  clock reconvergence pessimism                    0.00     32.53
  clock uncertainty                               -0.45     32.08
  output external delay                           -6.25     25.83
  data required time                                        25.83
  ------------------------------------------------------------------------
  data required time                                        25.83
  data arrival time                                        -11.24
  ------------------------------------------------------------------------
  slack (MET)                                               14.59



  Startpoint: Modulation_system_cart/Address_C/address_reg_7_ (rising edge-triggered flip-flop clocked by SYS_CLK)
  Endpoint: DAC_IM_cart[3] (output port clocked by SYS_CLK)
  Mode: default
  Corner: default
  Scenario: default
  Path Group: SYS_CLK
  Path Type: max

  Point                                            Incr      Path  
  ------------------------------------------------------------------------
  clock SYS_CLK (rise edge)                        0.00      0.00
  clock network delay (propagated)                 1.36      1.36

  Modulation_system_cart/Address_C/address_reg_7_/CLK (SDFFARX1)
                                                   0.00      1.36 r
  Modulation_system_cart/Address_C/address_reg_7_/Q (SDFFARX1)
                                                   0.82      2.18 f
  Modulation_system_cart/CSK_GEN/complex_exp_LUT/U41/Q (AND2X1)
                                                   0.28      2.46 f
  Modulation_system_cart/CSK_GEN/complex_exp_LUT/U1018/Q (AND2X1)
                                                   0.33      2.79 f
  Modulation_system_cart/CSK_GEN/complex_exp_LUT/PLACE_HFSBUF_102_1072/Z (NBUFFX2)
                                                   0.26      3.05 f
  Modulation_system_cart/CSK_GEN/complex_exp_LUT/U76/QN (NAND2X0)
                                                   0.44      3.49 r
  Modulation_system_cart/CSK_GEN/complex_exp_LUT/U151/ZN (INVX0)
                                                   0.60      4.09 f
  Modulation_system_cart/CSK_GEN/complex_exp_LUT/U104/QN (NOR2X0)
                                                   0.34      4.43 r
  Modulation_system_cart/CSK_GEN/complex_exp_LUT/U636/QN (NAND4X0)
                                                   0.32      4.75 f
  Modulation_system_cart/CSK_GEN/complex_exp_LUT/U278/Q (OA21X1)
                                                   0.39      5.14 f
  Modulation_system_cart/CSK_GEN/complex_exp_LUT/U436/QN (NOR4X0)
                                                   0.63      5.77 r
  Modulation_system_cart/CSK_GEN/complex_exp_LUT/U634/QN (NAND4X0)
                                                   0.72      6.48 f
  Modulation_system_cart/CSK_GEN/complex_exp_LUT/U11/QN (NOR4X0)
                                                   0.38      6.87 r
  Modulation_system_cart/CSK_GEN/complex_exp_LUT/U575/Q (AND4X1)
                                                   0.51      7.38 r
  Modulation_system_cart/CSK_GEN/complex_exp_LUT/U573/Q (AND4X1)
                                                   0.47      7.85 r
  Modulation_system_cart/CSK_GEN/complex_exp_LUT/U553/QN (NAND4X0)
                                                   0.17      8.02 f
  Modulation_system_cart/CSK_GEN/complex_exp_LUT/U6/Q (OA21X1)
                                                   0.43      8.45 f
  Modulation_system_cart/CSK_GEN/complex_multiplier_c/mult_56/U18/QN (NAND2X0)
                                                   0.17      8.63 r
  Modulation_system_cart/CSK_GEN/complex_multiplier_c/mult_56/U37/Q (XNOR2X1)
                                                   0.45      9.07 r
  Modulation_system_cart/CSK_GEN/complex_multiplier_c/mult_56/U36/QN (AOI22X1)
                                                   0.38      9.45 f
  Modulation_system_cart/CSK_GEN/complex_multiplier_c/mult_56/U14/QN (NAND2X0)
                                                   0.14      9.59 r
  Modulation_system_cart/CSK_GEN/complex_multiplier_c/mult_56/U29/QN (NAND2X0)
                                                   0.23      9.83 f
  Modulation_system_cart/CSK_GEN/complex_multiplier_c/mult_56/U32/Q (XNOR2X1)
                                                   0.48     10.31 r
  Modulation_system_cart/CSK_GEN/complex_multiplier_c/add_58_U1_2/CO (FADDX1)
                                                   0.40     10.71 r
  Modulation_system_cart/CSK_GEN/complex_multiplier_c/add_58_U1_3/S (FADDX1)
                                                   0.43     11.14 f
  DAC_IM_cart[3] (out)                             0.00     11.14 f
  data arrival time                                         11.14

  clock SYS_CLK (rise edge)                       31.25     31.25
  clock network delay (ideal)                      1.28     32.53
  clock reconvergence pessimism                    0.00     32.53
  clock uncertainty                               -0.45     32.08
  output external delay                           -6.25     25.83
  data required time                                        25.83
  ------------------------------------------------------------------------
  data required time                                        25.83
  data arrival time                                        -11.14
  ------------------------------------------------------------------------
  slack (MET)                                               14.69



  Startpoint: Modulation_system_cart/Address_C/address_reg_7_ (rising edge-triggered flip-flop clocked by SYS_CLK)
  Endpoint: DAC_RE_cart[2] (output port clocked by SYS_CLK)
  Mode: default
  Corner: default
  Scenario: default
  Path Group: SYS_CLK
  Path Type: max

  Point                                            Incr      Path  
  ------------------------------------------------------------------------
  clock SYS_CLK (rise edge)                        0.00      0.00
  clock network delay (propagated)                 1.36      1.36

  Modulation_system_cart/Address_C/address_reg_7_/CLK (SDFFARX1)
                                                   0.00      1.36 r
  Modulation_system_cart/Address_C/address_reg_7_/Q (SDFFARX1)
                                                   0.82      2.18 f
  Modulation_system_cart/CSK_GEN/complex_exp_LUT/U41/Q (AND2X1)
                                                   0.28      2.46 f
  Modulation_system_cart/CSK_GEN/complex_exp_LUT/U1018/Q (AND2X1)
                                                   0.33      2.79 f
  Modulation_system_cart/CSK_GEN/complex_exp_LUT/PLACE_HFSBUF_102_1072/Z (NBUFFX2)
                                                   0.26      3.05 f
  Modulation_system_cart/CSK_GEN/complex_exp_LUT/U76/QN (NAND2X0)
                                                   0.44      3.49 r
  Modulation_system_cart/CSK_GEN/complex_exp_LUT/U151/ZN (INVX0)
                                                   0.60      4.09 f
  Modulation_system_cart/CSK_GEN/complex_exp_LUT/U104/QN (NOR2X0)
                                                   0.34      4.43 r
  Modulation_system_cart/CSK_GEN/complex_exp_LUT/U636/QN (NAND4X0)
                                                   0.32      4.75 f
  Modulation_system_cart/CSK_GEN/complex_exp_LUT/U278/Q (OA21X1)
                                                   0.39      5.14 f
  Modulation_system_cart/CSK_GEN/complex_exp_LUT/U436/QN (NOR4X0)
                                                   0.63      5.77 r
  Modulation_system_cart/CSK_GEN/complex_exp_LUT/U634/QN (NAND4X0)
                                                   0.72      6.48 f
  Modulation_system_cart/CSK_GEN/complex_exp_LUT/U11/QN (NOR4X0)
                                                   0.38      6.87 r
  Modulation_system_cart/CSK_GEN/complex_exp_LUT/U575/Q (AND4X1)
                                                   0.51      7.38 r
  Modulation_system_cart/CSK_GEN/complex_exp_LUT/U573/Q (AND4X1)
                                                   0.47      7.85 r
  Modulation_system_cart/CSK_GEN/complex_exp_LUT/U553/QN (NAND4X0)
                                                   0.17      8.02 f
  Modulation_system_cart/CSK_GEN/complex_exp_LUT/U6/Q (OA21X1)
                                                   0.43      8.45 f
  Modulation_system_cart/CSK_GEN/complex_multiplier_c/mult_53/U26/QN (NAND2X0)
                                                   0.18      8.64 r
  Modulation_system_cart/CSK_GEN/complex_multiplier_c/mult_53/U37/Q (XNOR2X1)
                                                   0.47      9.11 r
  Modulation_system_cart/CSK_GEN/complex_multiplier_c/mult_53/U36/QN (AOI22X1)
                                                   0.38      9.48 f
  Modulation_system_cart/CSK_GEN/complex_multiplier_c/mult_53/U16/QN (NAND2X0)
                                                   0.15      9.64 r
  Modulation_system_cart/CSK_GEN/complex_multiplier_c/mult_53/U15/QN (NAND2X0)
                                                   0.21      9.85 f
  Modulation_system_cart/CSK_GEN/complex_multiplier_c/mult_53/U32/Q (XNOR2X1)
                                                   0.46     10.30 r
  Modulation_system_cart/CSK_GEN/complex_multiplier_c/sub_57_U2_2/S (FADDX1)
                                                   0.50     10.81 f
  DAC_RE_cart[2] (out)                             0.01     10.81 f
  data arrival time                                         10.81

  clock SYS_CLK (rise edge)                       31.25     31.25
  clock network delay (ideal)                      1.28     32.53
  clock reconvergence pessimism                    0.00     32.53
  clock uncertainty                               -0.45     32.08
  output external delay                           -6.25     25.83
  data required time                                        25.83
  ------------------------------------------------------------------------
  data required time                                        25.83
  data arrival time                                        -10.81
  ------------------------------------------------------------------------
  slack (MET)                                               15.02



  Startpoint: Modulation_system_cart/Address_C/address_reg_7_ (rising edge-triggered flip-flop clocked by SYS_CLK)
  Endpoint: DAC_IM_cart[2] (output port clocked by SYS_CLK)
  Mode: default
  Corner: default
  Scenario: default
  Path Group: SYS_CLK
  Path Type: max

  Point                                            Incr      Path  
  ------------------------------------------------------------------------
  clock SYS_CLK (rise edge)                        0.00      0.00
  clock network delay (propagated)                 1.36      1.36

  Modulation_system_cart/Address_C/address_reg_7_/CLK (SDFFARX1)
                                                   0.00      1.36 r
  Modulation_system_cart/Address_C/address_reg_7_/Q (SDFFARX1)
                                                   0.82      2.18 f
  Modulation_system_cart/CSK_GEN/complex_exp_LUT/U41/Q (AND2X1)
                                                   0.28      2.46 f
  Modulation_system_cart/CSK_GEN/complex_exp_LUT/U1018/Q (AND2X1)
                                                   0.33      2.79 f
  Modulation_system_cart/CSK_GEN/complex_exp_LUT/PLACE_HFSBUF_102_1072/Z (NBUFFX2)
                                                   0.26      3.05 f
  Modulation_system_cart/CSK_GEN/complex_exp_LUT/U76/QN (NAND2X0)
                                                   0.44      3.49 r
  Modulation_system_cart/CSK_GEN/complex_exp_LUT/U151/ZN (INVX0)
                                                   0.60      4.09 f
  Modulation_system_cart/CSK_GEN/complex_exp_LUT/U104/QN (NOR2X0)
                                                   0.34      4.43 r
  Modulation_system_cart/CSK_GEN/complex_exp_LUT/U636/QN (NAND4X0)
                                                   0.32      4.75 f
  Modulation_system_cart/CSK_GEN/complex_exp_LUT/U278/Q (OA21X1)
                                                   0.39      5.14 f
  Modulation_system_cart/CSK_GEN/complex_exp_LUT/U436/QN (NOR4X0)
                                                   0.63      5.77 r
  Modulation_system_cart/CSK_GEN/complex_exp_LUT/U634/QN (NAND4X0)
                                                   0.72      6.48 f
  Modulation_system_cart/CSK_GEN/complex_exp_LUT/U11/QN (NOR4X0)
                                                   0.38      6.87 r
  Modulation_system_cart/CSK_GEN/complex_exp_LUT/U575/Q (AND4X1)
                                                   0.51      7.38 r
  Modulation_system_cart/CSK_GEN/complex_exp_LUT/U573/Q (AND4X1)
                                                   0.47      7.85 r
  Modulation_system_cart/CSK_GEN/complex_exp_LUT/U553/QN (NAND4X0)
                                                   0.17      8.02 f
  Modulation_system_cart/CSK_GEN/complex_exp_LUT/U6/Q (OA21X1)
                                                   0.43      8.45 f
  Modulation_system_cart/CSK_GEN/complex_multiplier_c/mult_56/U18/QN (NAND2X0)
                                                   0.17      8.63 r
  Modulation_system_cart/CSK_GEN/complex_multiplier_c/mult_56/U37/Q (XNOR2X1)
                                                   0.45      9.07 r
  Modulation_system_cart/CSK_GEN/complex_multiplier_c/mult_56/U36/QN (AOI22X1)
                                                   0.38      9.45 f
  Modulation_system_cart/CSK_GEN/complex_multiplier_c/mult_56/U14/QN (NAND2X0)
                                                   0.14      9.59 r
  Modulation_system_cart/CSK_GEN/complex_multiplier_c/mult_56/U29/QN (NAND2X0)
                                                   0.23      9.83 f
  Modulation_system_cart/CSK_GEN/complex_multiplier_c/mult_56/U32/Q (XNOR2X1)
                                                   0.48     10.31 r
  Modulation_system_cart/CSK_GEN/complex_multiplier_c/add_58_U1_2/S (FADDX1)
                                                   0.50     10.80 f
  DAC_IM_cart[2] (out)                             0.00     10.81 f
  data arrival time                                         10.81

  clock SYS_CLK (rise edge)                       31.25     31.25
  clock network delay (ideal)                      1.28     32.53
  clock reconvergence pessimism                    0.00     32.53
  clock uncertainty                               -0.45     32.08
  output external delay                           -6.25     25.83
  data required time                                        25.83
  ------------------------------------------------------------------------
  data required time                                        25.83
  data arrival time                                        -10.81
  ------------------------------------------------------------------------
  slack (MET)                                               15.02



  Startpoint: Modulation_system_cart/Address_C/address_reg_7_ (rising edge-triggered flip-flop clocked by SYS_CLK)
  Endpoint: DAC_IM_cart[1] (output port clocked by SYS_CLK)
  Mode: default
  Corner: default
  Scenario: default
  Path Group: SYS_CLK
  Path Type: max

  Point                                            Incr      Path  
  ------------------------------------------------------------------------
  clock SYS_CLK (rise edge)                        0.00      0.00
  clock network delay (propagated)                 1.36      1.36

  Modulation_system_cart/Address_C/address_reg_7_/CLK (SDFFARX1)
                                                   0.00      1.36 r
  Modulation_system_cart/Address_C/address_reg_7_/Q (SDFFARX1)
                                                   0.82      2.18 f
  Modulation_system_cart/CSK_GEN/complex_exp_LUT/U41/Q (AND2X1)
                                                   0.28      2.46 f
  Modulation_system_cart/CSK_GEN/complex_exp_LUT/U1018/Q (AND2X1)
                                                   0.33      2.79 f
  Modulation_system_cart/CSK_GEN/complex_exp_LUT/PLACE_HFSBUF_102_1072/Z (NBUFFX2)
                                                   0.26      3.05 f
  Modulation_system_cart/CSK_GEN/complex_exp_LUT/U76/QN (NAND2X0)
                                                   0.44      3.49 r
  Modulation_system_cart/CSK_GEN/complex_exp_LUT/U151/ZN (INVX0)
                                                   0.60      4.09 f
  Modulation_system_cart/CSK_GEN/complex_exp_LUT/U104/QN (NOR2X0)
                                                   0.34      4.43 r
  Modulation_system_cart/CSK_GEN/complex_exp_LUT/U636/QN (NAND4X0)
                                                   0.32      4.75 f
  Modulation_system_cart/CSK_GEN/complex_exp_LUT/U278/Q (OA21X1)
                                                   0.39      5.14 f
  Modulation_system_cart/CSK_GEN/complex_exp_LUT/U436/QN (NOR4X0)
                                                   0.63      5.77 r
  Modulation_system_cart/CSK_GEN/complex_exp_LUT/U634/QN (NAND4X0)
                                                   0.72      6.48 f
  Modulation_system_cart/CSK_GEN/complex_exp_LUT/U11/QN (NOR4X0)
                                                   0.38      6.87 r
  Modulation_system_cart/CSK_GEN/complex_exp_LUT/U575/Q (AND4X1)
                                                   0.51      7.38 r
  Modulation_system_cart/CSK_GEN/complex_exp_LUT/U573/Q (AND4X1)
                                                   0.47      7.85 r
  Modulation_system_cart/CSK_GEN/complex_exp_LUT/U553/QN (NAND4X0)
                                                   0.17      8.02 f
  Modulation_system_cart/CSK_GEN/complex_exp_LUT/U6/Q (OA21X1)
                                                   0.43      8.45 f
  Modulation_system_cart/CSK_GEN/complex_multiplier_c/mult_56/U18/QN (NAND2X0)
                                                   0.17      8.63 r
  Modulation_system_cart/CSK_GEN/complex_multiplier_c/mult_56/U37/Q (XNOR2X1)
                                                   0.45      9.07 r
  Modulation_system_cart/CSK_GEN/complex_multiplier_c/mult_56/U36/QN (AOI22X1)
                                                   0.38      9.45 f
  Modulation_system_cart/CSK_GEN/complex_multiplier_c/mult_56/U3/Q (XOR2X1)
                                                   0.37      9.82 f
  Modulation_system_cart/CSK_GEN/complex_multiplier_c/add_58_U1_1/S (FADDX1)
                                                   0.55     10.37 f
  DAC_IM_cart[1] (out)                             0.00     10.37 f
  data arrival time                                         10.37

  clock SYS_CLK (rise edge)                       31.25     31.25
  clock network delay (ideal)                      1.28     32.53
  clock reconvergence pessimism                    0.00     32.53
  clock uncertainty                               -0.45     32.08
  output external delay                           -6.25     25.83
  data required time                                        25.83
  ------------------------------------------------------------------------
  data required time                                        25.83
  data arrival time                                        -10.37
  ------------------------------------------------------------------------
  slack (MET)                                               15.46



  Startpoint: Modulation_system_cart/Address_C/address_reg_7_ (rising edge-triggered flip-flop clocked by SYS_CLK)
  Endpoint: DAC_RE_cart[1] (output port clocked by SYS_CLK)
  Mode: default
  Corner: default
  Scenario: default
  Path Group: SYS_CLK
  Path Type: max

  Point                                            Incr      Path  
  ------------------------------------------------------------------------
  clock SYS_CLK (rise edge)                        0.00      0.00
  clock network delay (propagated)                 1.36      1.36

  Modulation_system_cart/Address_C/address_reg_7_/CLK (SDFFARX1)
                                                   0.00      1.36 r
  Modulation_system_cart/Address_C/address_reg_7_/Q (SDFFARX1)
                                                   0.82      2.18 f
  Modulation_system_cart/CSK_GEN/complex_exp_LUT/U41/Q (AND2X1)
                                                   0.28      2.46 f
  Modulation_system_cart/CSK_GEN/complex_exp_LUT/U1018/Q (AND2X1)
                                                   0.33      2.79 f
  Modulation_system_cart/CSK_GEN/complex_exp_LUT/PLACE_HFSBUF_102_1072/Z (NBUFFX2)
                                                   0.26      3.05 f
  Modulation_system_cart/CSK_GEN/complex_exp_LUT/U76/QN (NAND2X0)
                                                   0.44      3.49 r
  Modulation_system_cart/CSK_GEN/complex_exp_LUT/U151/ZN (INVX0)
                                                   0.60      4.09 f
  Modulation_system_cart/CSK_GEN/complex_exp_LUT/U104/QN (NOR2X0)
                                                   0.34      4.43 r
  Modulation_system_cart/CSK_GEN/complex_exp_LUT/U636/QN (NAND4X0)
                                                   0.32      4.75 f
  Modulation_system_cart/CSK_GEN/complex_exp_LUT/U278/Q (OA21X1)
                                                   0.39      5.14 f
  Modulation_system_cart/CSK_GEN/complex_exp_LUT/U436/QN (NOR4X0)
                                                   0.63      5.77 r
  Modulation_system_cart/CSK_GEN/complex_exp_LUT/U634/QN (NAND4X0)
                                                   0.72      6.48 f
  Modulation_system_cart/CSK_GEN/complex_exp_LUT/U11/QN (NOR4X0)
                                                   0.38      6.87 r
  Modulation_system_cart/CSK_GEN/complex_exp_LUT/U575/Q (AND4X1)
                                                   0.51      7.38 r
  Modulation_system_cart/CSK_GEN/complex_exp_LUT/U573/Q (AND4X1)
                                                   0.47      7.85 r
  Modulation_system_cart/CSK_GEN/complex_exp_LUT/U553/QN (NAND4X0)
                                                   0.17      8.02 f
  Modulation_system_cart/CSK_GEN/complex_exp_LUT/U6/Q (OA21X1)
                                                   0.43      8.45 f
  Modulation_system_cart/CSK_GEN/complex_multiplier_c/mult_53/U26/QN (NAND2X0)
                                                   0.18      8.64 r
  Modulation_system_cart/CSK_GEN/complex_multiplier_c/mult_53/U37/Q (XNOR2X1)
                                                   0.47      9.11 r
  Modulation_system_cart/CSK_GEN/complex_multiplier_c/mult_53/U36/QN (AOI22X1)
                                                   0.38      9.48 f
  Modulation_system_cart/CSK_GEN/complex_multiplier_c/mult_53/U3/Q (XOR2X1)
                                                   0.35      9.83 f
  Modulation_system_cart/CSK_GEN/complex_multiplier_c/sub_57_U2_1/S (FADDX1)
                                                   0.49     10.33 f
  DAC_RE_cart[1] (out)                             0.00     10.33 f
  data arrival time                                         10.33

  clock SYS_CLK (rise edge)                       31.25     31.25
  clock network delay (ideal)                      1.28     32.53
  clock reconvergence pessimism                    0.00     32.53
  clock uncertainty                               -0.45     32.08
  output external delay                           -6.25     25.83
  data required time                                        25.83
  ------------------------------------------------------------------------
  data required time                                        25.83
  data arrival time                                        -10.33
  ------------------------------------------------------------------------
  slack (MET)                                               15.50



  Startpoint: Modulation_system_cart/Address_C/address_reg_7_ (rising edge-triggered flip-flop clocked by SYS_CLK)
  Endpoint: DAC_RE_cart[0] (output port clocked by SYS_CLK)
  Mode: default
  Corner: default
  Scenario: default
  Path Group: SYS_CLK
  Path Type: max

  Point                                            Incr      Path  
  ------------------------------------------------------------------------
  clock SYS_CLK (rise edge)                        0.00      0.00
  clock network delay (propagated)                 1.36      1.36

  Modulation_system_cart/Address_C/address_reg_7_/CLK (SDFFARX1)
                                                   0.00      1.36 r
  Modulation_system_cart/Address_C/address_reg_7_/Q (SDFFARX1)
                                                   0.82      2.18 f
  Modulation_system_cart/CSK_GEN/complex_exp_LUT/U41/Q (AND2X1)
                                                   0.28      2.46 f
  Modulation_system_cart/CSK_GEN/complex_exp_LUT/U1018/Q (AND2X1)
                                                   0.33      2.79 f
  Modulation_system_cart/CSK_GEN/complex_exp_LUT/PLACE_HFSBUF_102_1072/Z (NBUFFX2)
                                                   0.26      3.05 f
  Modulation_system_cart/CSK_GEN/complex_exp_LUT/U76/QN (NAND2X0)
                                                   0.44      3.49 r
  Modulation_system_cart/CSK_GEN/complex_exp_LUT/U151/ZN (INVX0)
                                                   0.60      4.09 f
  Modulation_system_cart/CSK_GEN/complex_exp_LUT/U104/QN (NOR2X0)
                                                   0.34      4.43 r
  Modulation_system_cart/CSK_GEN/complex_exp_LUT/U636/QN (NAND4X0)
                                                   0.32      4.75 f
  Modulation_system_cart/CSK_GEN/complex_exp_LUT/U278/Q (OA21X1)
                                                   0.39      5.14 f
  Modulation_system_cart/CSK_GEN/complex_exp_LUT/U436/QN (NOR4X0)
                                                   0.63      5.77 r
  Modulation_system_cart/CSK_GEN/complex_exp_LUT/U634/QN (NAND4X0)
                                                   0.72      6.48 f
  Modulation_system_cart/CSK_GEN/complex_exp_LUT/U11/QN (NOR4X0)
                                                   0.38      6.87 r
  Modulation_system_cart/CSK_GEN/complex_exp_LUT/U575/Q (AND4X1)
                                                   0.51      7.38 r
  Modulation_system_cart/CSK_GEN/complex_exp_LUT/U573/Q (AND4X1)
                                                   0.47      7.85 r
  Modulation_system_cart/CSK_GEN/complex_exp_LUT/U553/QN (NAND4X0)
                                                   0.17      8.02 f
  Modulation_system_cart/CSK_GEN/complex_exp_LUT/U6/Q (OA21X1)
                                                   0.43      8.45 f
  Modulation_system_cart/CSK_GEN/complex_multiplier_c/mult_53/U31/QN (NAND2X0)
                                                   0.20      8.65 r
  Modulation_system_cart/CSK_GEN/complex_multiplier_c/mult_53/U20/ZN (INVX0)
                                                   0.22      8.87 f
  Modulation_system_cart/CSK_GEN/complex_multiplier_c/U17/QN (NOR2X0)
                                                   0.21      9.08 r
  Modulation_system_cart/CSK_GEN/complex_multiplier_c/U15/Q (AO21X1)
                                                   0.30      9.38 r
  DAC_RE_cart[0] (out)                             0.00      9.38 r
  data arrival time                                          9.38

  clock SYS_CLK (rise edge)                       31.25     31.25
  clock network delay (ideal)                      1.28     32.53
  clock reconvergence pessimism                    0.00     32.53
  clock uncertainty                               -0.45     32.08
  output external delay                           -6.25     25.83
  data required time                                        25.83
  ------------------------------------------------------------------------
  data required time                                        25.83
  data arrival time                                         -9.38
  ------------------------------------------------------------------------
  slack (MET)                                               16.45



  Startpoint: Modulation_system_cart/Address_C/address_reg_7_ (rising edge-triggered flip-flop clocked by SYS_CLK)
  Endpoint: DAC_IM_cart[0] (output port clocked by SYS_CLK)
  Mode: default
  Corner: default
  Scenario: default
  Path Group: SYS_CLK
  Path Type: max

  Point                                            Incr      Path  
  ------------------------------------------------------------------------
  clock SYS_CLK (rise edge)                        0.00      0.00
  clock network delay (propagated)                 1.36      1.36

  Modulation_system_cart/Address_C/address_reg_7_/CLK (SDFFARX1)
                                                   0.00      1.36 r
  Modulation_system_cart/Address_C/address_reg_7_/Q (SDFFARX1)
                                                   0.82      2.18 f
  Modulation_system_cart/CSK_GEN/complex_exp_LUT/U41/Q (AND2X1)
                                                   0.28      2.46 f
  Modulation_system_cart/CSK_GEN/complex_exp_LUT/U1018/Q (AND2X1)
                                                   0.33      2.79 f
  Modulation_system_cart/CSK_GEN/complex_exp_LUT/PLACE_HFSBUF_102_1072/Z (NBUFFX2)
                                                   0.26      3.05 f
  Modulation_system_cart/CSK_GEN/complex_exp_LUT/U76/QN (NAND2X0)
                                                   0.44      3.49 r
  Modulation_system_cart/CSK_GEN/complex_exp_LUT/U151/ZN (INVX0)
                                                   0.60      4.09 f
  Modulation_system_cart/CSK_GEN/complex_exp_LUT/U104/QN (NOR2X0)
                                                   0.34      4.43 r
  Modulation_system_cart/CSK_GEN/complex_exp_LUT/U636/QN (NAND4X0)
                                                   0.32      4.75 f
  Modulation_system_cart/CSK_GEN/complex_exp_LUT/U278/Q (OA21X1)
                                                   0.39      5.14 f
  Modulation_system_cart/CSK_GEN/complex_exp_LUT/U436/QN (NOR4X0)
                                                   0.63      5.77 r
  Modulation_system_cart/CSK_GEN/complex_exp_LUT/U634/QN (NAND4X0)
                                                   0.72      6.48 f
  Modulation_system_cart/CSK_GEN/complex_exp_LUT/U11/QN (NOR4X0)
                                                   0.38      6.87 r
  Modulation_system_cart/CSK_GEN/complex_exp_LUT/U575/Q (AND4X1)
                                                   0.51      7.38 r
  Modulation_system_cart/CSK_GEN/complex_exp_LUT/U573/Q (AND4X1)
                                                   0.47      7.85 r
  Modulation_system_cart/CSK_GEN/complex_exp_LUT/U553/QN (NAND4X0)
                                                   0.17      8.02 f
  Modulation_system_cart/CSK_GEN/complex_exp_LUT/U6/Q (OA21X1)
                                                   0.43      8.45 f
  Modulation_system_cart/CSK_GEN/complex_multiplier_c/mult_56/U39/QN (NAND2X0)
                                                   0.25      8.71 r
  Modulation_system_cart/CSK_GEN/complex_multiplier_c/mult_56/U26/ZN (INVX0)
                                                   0.25      8.95 f
  Modulation_system_cart/CSK_GEN/complex_multiplier_c/U18/Q (XOR2X1)
                                                   0.35      9.30 f
  DAC_IM_cart[0] (out)                             0.00      9.30 f
  data arrival time                                          9.30

  clock SYS_CLK (rise edge)                       31.25     31.25
  clock network delay (ideal)                      1.28     32.53
  clock reconvergence pessimism                    0.00     32.53
  clock uncertainty                               -0.45     32.08
  output external delay                           -6.25     25.83
  data required time                                        25.83
  ------------------------------------------------------------------------
  data required time                                        25.83
  data arrival time                                         -9.30
  ------------------------------------------------------------------------
  slack (MET)                                               16.53



  Startpoint: start_Tx (input port clocked by SYS_CLK)
  Endpoint: u_framer/u_ctrl/bits_left_reg_10_ (rising edge-triggered flip-flop clocked by SYS_CLK)
  Mode: default
  Corner: default
  Scenario: default
  Path Group: SYS_CLK
  Path Type: max

  Point                                            Incr      Path  
  ------------------------------------------------------------------------
  clock SYS_CLK (rise edge)                        0.00      0.00
  clock network delay (ideal)                      1.37      1.37
  input external delay                             6.25      7.62

  start_Tx (in)                                    0.06      7.67 r
  u_framer/u_ctrl/U127/ZN (INVX0)                  0.11      7.79 f
  u_framer/u_ctrl/U126/QN (NOR4X0)                 0.33      8.12 r
  u_framer/u_ctrl/U27/ZN (INVX0)                   0.26      8.38 f
  u_framer/u_ctrl/U52/QN (NAND2X0)                 0.29      8.68 r
  u_framer/u_ctrl/PLACE_HFSINV_527_659/ZN (INVX0)
                                                   0.42      9.09 f
  u_framer/u_ctrl/U243/Q (AO21X1)                  0.52      9.61 f
  u_framer/u_ctrl/PLACE_HFSBUF_30_493/Z (NBUFFX2)
                                                   0.25      9.87 f
  u_framer/u_ctrl/U54/QN (NOR2X0)                  0.49     10.35 r
  u_framer/u_ctrl/U239/Q (AND2X1)                  0.46     10.82 r
  u_framer/u_ctrl/U237/Q (AO222X1)                 0.35     11.17 r
  u_framer/u_ctrl/bits_left_reg_10_/D (SDFFX1)     0.00     11.17 r
  data arrival time                                         11.17

  clock SYS_CLK (rise edge)                       31.25     31.25
  clock network delay (propagated)                 1.28     32.53
  clock reconvergence pessimism                    0.00     32.53
  u_framer/u_ctrl/bits_left_reg_10_/CLK (SDFFX1)   0.00     32.53 r
  clock uncertainty                               -0.45     32.08
  library setup time                              -0.43     31.65
  data required time                                        31.65
  ------------------------------------------------------------------------
  data required time                                        31.65
  data arrival time                                        -11.17
  ------------------------------------------------------------------------
  slack (MET)                                               20.48



  Startpoint: start_Tx (input port clocked by SYS_CLK)
  Endpoint: u_framer/u_ctrl/bits_left_reg_6_ (rising edge-triggered flip-flop clocked by SYS_CLK)
  Mode: default
  Corner: default
  Scenario: default
  Path Group: SYS_CLK
  Path Type: max

  Point                                            Incr      Path  
  ------------------------------------------------------------------------
  clock SYS_CLK (rise edge)                        0.00      0.00
  clock network delay (ideal)                      1.37      1.37
  input external delay                             6.25      7.62

  start_Tx (in)                                    0.06      7.67 r
  u_framer/u_ctrl/U127/ZN (INVX0)                  0.11      7.79 f
  u_framer/u_ctrl/U126/QN (NOR4X0)                 0.33      8.12 r
  u_framer/u_ctrl/U27/ZN (INVX0)                   0.26      8.38 f
  u_framer/u_ctrl/U52/QN (NAND2X0)                 0.29      8.68 r
  u_framer/u_ctrl/PLACE_HFSINV_527_659/ZN (INVX0)
                                                   0.42      9.09 f
  u_framer/u_ctrl/U243/Q (AO21X1)                  0.52      9.61 f
  u_framer/u_ctrl/PLACE_HFSBUF_30_493/Z (NBUFFX2)
                                                   0.25      9.87 f
  u_framer/u_ctrl/U54/QN (NOR2X0)                  0.49     10.35 r
  u_framer/u_ctrl/U225/Q (AO222X1)                 0.71     11.07 r
  u_framer/u_ctrl/bits_left_reg_6_/D (SDFFX1)      0.01     11.08 r
  data arrival time                                         11.08

  clock SYS_CLK (rise edge)                       31.25     31.25
  clock network delay (propagated)                 1.26     32.51
  clock reconvergence pessimism                    0.00     32.51
  u_framer/u_ctrl/bits_left_reg_6_/CLK (SDFFX1)    0.00     32.51 r
  clock uncertainty                               -0.45     32.06
  library setup time                              -0.44     31.62
  data required time                                        31.62
  ------------------------------------------------------------------------
  data required time                                        31.62
  data arrival time                                        -11.08
  ------------------------------------------------------------------------
  slack (MET)                                               20.54



  Startpoint: start_Tx (input port clocked by SYS_CLK)
  Endpoint: u_framer/u_ctrl/bits_left_reg_4_ (rising edge-triggered flip-flop clocked by SYS_CLK)
  Mode: default
  Corner: default
  Scenario: default
  Path Group: SYS_CLK
  Path Type: max

  Point                                            Incr      Path  
  ------------------------------------------------------------------------
  clock SYS_CLK (rise edge)                        0.00      0.00
  clock network delay (ideal)                      1.37      1.37
  input external delay                             6.25      7.62

  start_Tx (in)                                    0.06      7.67 r
  u_framer/u_ctrl/U127/ZN (INVX0)                  0.11      7.79 f
  u_framer/u_ctrl/U126/QN (NOR4X0)                 0.33      8.12 r
  u_framer/u_ctrl/U27/ZN (INVX0)                   0.26      8.38 f
  u_framer/u_ctrl/U52/QN (NAND2X0)                 0.29      8.68 r
  u_framer/u_ctrl/PLACE_HFSINV_527_659/ZN (INVX0)
                                                   0.42      9.09 f
  u_framer/u_ctrl/U243/Q (AO21X1)                  0.52      9.61 f
  u_framer/u_ctrl/PLACE_HFSBUF_30_493/Z (NBUFFX2)
                                                   0.25      9.87 f
  u_framer/u_ctrl/U54/QN (NOR2X0)                  0.49     10.35 r
  u_framer/u_ctrl/U219/Q (AO222X1)                 0.71     11.06 r
  u_framer/u_ctrl/bits_left_reg_4_/D (SDFFX1)      0.00     11.06 r
  data arrival time                                         11.06

  clock SYS_CLK (rise edge)                       31.25     31.25
  clock network delay (propagated)                 1.26     32.51
  clock reconvergence pessimism                    0.00     32.51
  u_framer/u_ctrl/bits_left_reg_4_/CLK (SDFFX1)    0.00     32.51 r
  clock uncertainty                               -0.45     32.06
  library setup time                              -0.44     31.62
  data required time                                        31.62
  ------------------------------------------------------------------------
  data required time                                        31.62
  data arrival time                                        -11.06
  ------------------------------------------------------------------------
  slack (MET)                                               20.56



  Startpoint: start_Tx (input port clocked by SYS_CLK)
  Endpoint: u_framer/u_ctrl/bits_left_reg_8_ (rising edge-triggered flip-flop clocked by SYS_CLK)
  Mode: default
  Corner: default
  Scenario: default
  Path Group: SYS_CLK
  Path Type: max

  Point                                            Incr      Path  
  ------------------------------------------------------------------------
  clock SYS_CLK (rise edge)                        0.00      0.00
  clock network delay (ideal)                      1.37      1.37
  input external delay                             6.25      7.62

  start_Tx (in)                                    0.06      7.67 r
  u_framer/u_ctrl/U127/ZN (INVX0)                  0.11      7.79 f
  u_framer/u_ctrl/U126/QN (NOR4X0)                 0.33      8.12 r
  u_framer/u_ctrl/U27/ZN (INVX0)                   0.26      8.38 f
  u_framer/u_ctrl/U52/QN (NAND2X0)                 0.29      8.68 r
  u_framer/u_ctrl/PLACE_HFSINV_527_659/ZN (INVX0)
                                                   0.42      9.09 f
  u_framer/u_ctrl/U243/Q (AO21X1)                  0.52      9.61 f
  u_framer/u_ctrl/PLACE_HFSBUF_30_493/Z (NBUFFX2)
                                                   0.25      9.87 f
  u_framer/u_ctrl/U54/QN (NOR2X0)                  0.49     10.35 r
  u_framer/u_ctrl/U231/Q (AO222X1)                 0.71     11.06 r
  u_framer/u_ctrl/bits_left_reg_8_/D (SDFFX1)      0.01     11.07 r
  data arrival time                                         11.07

  clock SYS_CLK (rise edge)                       31.25     31.25
  clock network delay (propagated)                 1.28     32.53
  clock reconvergence pessimism                    0.00     32.53
  u_framer/u_ctrl/bits_left_reg_8_/CLK (SDFFX1)    0.00     32.53 r
  clock uncertainty                               -0.45     32.08
  library setup time                              -0.44     31.64
  data required time                                        31.64
  ------------------------------------------------------------------------
  data required time                                        31.64
  data arrival time                                        -11.07
  ------------------------------------------------------------------------
  slack (MET)                                               20.57



  Startpoint: start_Tx (input port clocked by SYS_CLK)
  Endpoint: u_framer/u_ctrl/bits_left_reg_7_ (rising edge-triggered flip-flop clocked by SYS_CLK)
  Mode: default
  Corner: default
  Scenario: default
  Path Group: SYS_CLK
  Path Type: max

  Point                                            Incr      Path  
  ------------------------------------------------------------------------
  clock SYS_CLK (rise edge)                        0.00      0.00
  clock network delay (ideal)                      1.37      1.37
  input external delay                             6.25      7.62

  start_Tx (in)                                    0.06      7.67 r
  u_framer/u_ctrl/U127/ZN (INVX0)                  0.11      7.79 f
  u_framer/u_ctrl/U126/QN (NOR4X0)                 0.33      8.12 r
  u_framer/u_ctrl/U27/ZN (INVX0)                   0.26      8.38 f
  u_framer/u_ctrl/U52/QN (NAND2X0)                 0.29      8.68 r
  u_framer/u_ctrl/PLACE_HFSINV_527_659/ZN (INVX0)
                                                   0.42      9.09 f
  u_framer/u_ctrl/U243/Q (AO21X1)                  0.52      9.61 f
  u_framer/u_ctrl/PLACE_HFSBUF_30_493/Z (NBUFFX2)
                                                   0.25      9.87 f
  u_framer/u_ctrl/U54/QN (NOR2X0)                  0.49     10.35 r
  u_framer/u_ctrl/U228/Q (AO222X1)                 0.66     11.01 r
  u_framer/u_ctrl/bits_left_reg_7_/D (SDFFX1)      0.00     11.02 r
  data arrival time                                         11.02

  clock SYS_CLK (rise edge)                       31.25     31.25
  clock network delay (propagated)                 1.26     32.51
  clock reconvergence pessimism                    0.00     32.51
  u_framer/u_ctrl/bits_left_reg_7_/CLK (SDFFX1)    0.00     32.51 r
  clock uncertainty                               -0.45     32.06
  library setup time                              -0.44     31.62
  data required time                                        31.62
  ------------------------------------------------------------------------
  data required time                                        31.62
  data arrival time                                        -11.02
  ------------------------------------------------------------------------
  slack (MET)                                               20.60



  Startpoint: start_Tx (input port clocked by SYS_CLK)
  Endpoint: u_framer/u_ctrl/bits_left_reg_5_ (rising edge-triggered flip-flop clocked by SYS_CLK)
  Mode: default
  Corner: default
  Scenario: default
  Path Group: SYS_CLK
  Path Type: max

  Point                                            Incr      Path  
  ------------------------------------------------------------------------
  clock SYS_CLK (rise edge)                        0.00      0.00
  clock network delay (ideal)                      1.37      1.37
  input external delay                             6.25      7.62

  start_Tx (in)                                    0.06      7.67 r
  u_framer/u_ctrl/U127/ZN (INVX0)                  0.11      7.79 f
  u_framer/u_ctrl/U126/QN (NOR4X0)                 0.33      8.12 r
  u_framer/u_ctrl/U27/ZN (INVX0)                   0.26      8.38 f
  u_framer/u_ctrl/U52/QN (NAND2X0)                 0.29      8.68 r
  u_framer/u_ctrl/PLACE_HFSINV_527_659/ZN (INVX0)
                                                   0.42      9.09 f
  u_framer/u_ctrl/U243/Q (AO21X1)                  0.52      9.61 f
  u_framer/u_ctrl/PLACE_HFSBUF_30_493/Z (NBUFFX2)
                                                   0.25      9.87 f
  u_framer/u_ctrl/U54/QN (NOR2X0)                  0.49     10.35 r
  u_framer/u_ctrl/U222/Q (AO222X1)                 0.65     11.01 r
  u_framer/u_ctrl/bits_left_reg_5_/D (SDFFX1)      0.00     11.01 r
  data arrival time                                         11.01

  clock SYS_CLK (rise edge)                       31.25     31.25
  clock network delay (propagated)                 1.26     32.51
  clock reconvergence pessimism                    0.00     32.51
  u_framer/u_ctrl/bits_left_reg_5_/CLK (SDFFX1)    0.00     32.51 r
  clock uncertainty                               -0.45     32.06
  library setup time                              -0.44     31.62
  data required time                                        31.62
  ------------------------------------------------------------------------
  data required time                                        31.62
  data arrival time                                        -11.01
  ------------------------------------------------------------------------
  slack (MET)                                               20.62



  Startpoint: start_Tx (input port clocked by SYS_CLK)
  Endpoint: u_framer/u_ctrl/bits_left_reg_3_ (rising edge-triggered flip-flop clocked by SYS_CLK)
  Mode: default
  Corner: default
  Scenario: default
  Path Group: SYS_CLK
  Path Type: max

  Point                                            Incr      Path  
  ------------------------------------------------------------------------
  clock SYS_CLK (rise edge)                        0.00      0.00
  clock network delay (ideal)                      1.37      1.37
  input external delay                             6.25      7.62

  start_Tx (in)                                    0.06      7.67 r
  u_framer/u_ctrl/U127/ZN (INVX0)                  0.11      7.79 f
  u_framer/u_ctrl/U126/QN (NOR4X0)                 0.33      8.12 r
  u_framer/u_ctrl/U27/ZN (INVX0)                   0.26      8.38 f
  u_framer/u_ctrl/U52/QN (NAND2X0)                 0.29      8.68 r
  u_framer/u_ctrl/PLACE_HFSINV_527_659/ZN (INVX0)
                                                   0.42      9.09 f
  u_framer/u_ctrl/U243/Q (AO21X1)                  0.52      9.61 f
  u_framer/u_ctrl/PLACE_HFSBUF_30_493/Z (NBUFFX2)
                                                   0.25      9.87 f
  u_framer/u_ctrl/U54/QN (NOR2X0)                  0.49     10.35 r
  u_framer/u_ctrl/U218/Q (AO222X1)                 0.64     11.00 r
  u_framer/u_ctrl/bits_left_reg_3_/D (SDFFX1)      0.00     11.00 r
  data arrival time                                         11.00

  clock SYS_CLK (rise edge)                       31.25     31.25
  clock network delay (propagated)                 1.26     32.51
  clock reconvergence pessimism                    0.00     32.51
  u_framer/u_ctrl/bits_left_reg_3_/CLK (SDFFX1)    0.00     32.51 r
  clock uncertainty                               -0.45     32.06
  library setup time                              -0.44     31.62
  data required time                                        31.62
  ------------------------------------------------------------------------
  data required time                                        31.62
  data arrival time                                        -11.00
  ------------------------------------------------------------------------
  slack (MET)                                               20.63



  Startpoint: start_Tx (input port clocked by SYS_CLK)
  Endpoint: u_framer/u_ctrl/bits_left_reg_9_ (rising edge-triggered flip-flop clocked by SYS_CLK)
  Mode: default
  Corner: default
  Scenario: default
  Path Group: SYS_CLK
  Path Type: max

  Point                                            Incr      Path  
  ------------------------------------------------------------------------
  clock SYS_CLK (rise edge)                        0.00      0.00
  clock network delay (ideal)                      1.37      1.37
  input external delay                             6.25      7.62

  start_Tx (in)                                    0.06      7.67 r
  u_framer/u_ctrl/U127/ZN (INVX0)                  0.11      7.79 f
  u_framer/u_ctrl/U126/QN (NOR4X0)                 0.33      8.12 r
  u_framer/u_ctrl/U27/ZN (INVX0)                   0.26      8.38 f
  u_framer/u_ctrl/U52/QN (NAND2X0)                 0.29      8.68 r
  u_framer/u_ctrl/PLACE_HFSINV_527_659/ZN (INVX0)
                                                   0.42      9.09 f
  u_framer/u_ctrl/U243/Q (AO21X1)                  0.52      9.61 f
  u_framer/u_ctrl/PLACE_HFSBUF_30_493/Z (NBUFFX2)
                                                   0.25      9.87 f
  u_framer/u_ctrl/U54/QN (NOR2X0)                  0.49     10.35 r
  u_framer/u_ctrl/U234/Q (AO222X1)                 0.65     11.00 r
  u_framer/u_ctrl/bits_left_reg_9_/D (SDFFX1)      0.00     11.00 r
  data arrival time                                         11.00

  clock SYS_CLK (rise edge)                       31.25     31.25
  clock network delay (propagated)                 1.28     32.53
  clock reconvergence pessimism                    0.00     32.53
  u_framer/u_ctrl/bits_left_reg_9_/CLK (SDFFX1)    0.00     32.53 r
  clock uncertainty                               -0.45     32.08
  library setup time                              -0.44     31.64
  data required time                                        31.64
  ------------------------------------------------------------------------
  data required time                                        31.64
  data arrival time                                        -11.00
  ------------------------------------------------------------------------
  slack (MET)                                               20.64


1
