Command check_pg_drc started  at Fri Sep 18 12:10:52 2026
Begin building search trees for block cartesian_tx_placement.dlib:cartesian_tx_placement.design
Begin building search trees for block cartesian_tx_placement.dlib:cartesian_tx_placement.design
Begin building search trees for block cartesian_tx_placement.dlib:cartesian_tx_placement.design
Begin building search trees for block cartesian_tx_placement.dlib:cartesian_tx_placement.design
Begin building search trees for block cartesian_tx_placement.dlib:cartesian_tx_placement.design
Begin building search trees for block cartesian_tx_placement.dlib:cartesian_tx_placement.design
Begin building search trees for block cartesian_tx_placement.dlib:cartesian_tx_placement.design
Begin building search trees for block cartesian_tx_placement.dlib:cartesian_tx_placement.design
Begin building search trees for block cartesian_tx_placement.dlib:cartesian_tx_placement.design
Begin building search trees for block cartesian_tx_placement.dlib:cartesian_tx_placement.design
Begin building search trees for block cartesian_tx_placement.dlib:cartesian_tx_placement.design
Done building search trees for block cartesian_tx_placement.dlib:cartesian_tx_placement.design (time 0s)
Done building search trees for block cartesian_tx_placement.dlib:cartesian_tx_placement.design (time 0s)
Done building search trees for block cartesian_tx_placement.dlib:cartesian_tx_placement.design (time 0s)
Done building search trees for block cartesian_tx_placement.dlib:cartesian_tx_placement.design (time 0s)
Done building search trees for block cartesian_tx_placement.dlib:cartesian_tx_placement.design (time 0s)
Done building search trees for block cartesian_tx_placement.dlib:cartesian_tx_placement.design (time 0s)
Done building search trees for block cartesian_tx_placement.dlib:cartesian_tx_placement.design (time 0s)
Done building search trees for block cartesian_tx_placement.dlib:cartesian_tx_placement.design (time 0s)
Done building search trees for block cartesian_tx_placement.dlib:cartesian_tx_placement.design (time 0s)
Done building search trees for block cartesian_tx_placement.dlib:cartesian_tx_placement.design (time 0s)
Done building search trees for block cartesian_tx_placement.dlib:cartesian_tx_placement.design (time 0s)
Command check_pg_drc finished at Fri Sep 18 12:10:52 2026
CPU usage for check_pg_drc: 0.38 seconds ( 0.00 hours)
Elapsed time for check_pg_drc: 0.07 seconds ( 0.00 hours)
No errors found.
