****************************************
Report : report_utilization
Design : CSS_Transmitter_Top
Version: O-2018.06-SP1
Date   : Fri Sep 18 12:11:59 2026
****************************************
Utilization Ratio:			0.5636
Utilization options:
 - Area calculation based on:		site_row of block cartesian_tx_placement
 - Categories of objects excluded:	hard_macros macro_keepouts soft_macros io_cells hard_blockages 
Total Area:				151911.9360
Total Capacity Area:			151911.9360
Total Area of cells:			85621.2480
Area of excluded objects:
 - hard_macros         :		0.0000
 - macro_keepouts      :		0.0000
 - soft_macros         :		0.0000
 - io_cells            :		0.0000
 - hard_blockages      :		0.0000

Utilization of site-rows with:
 - Site 'unit':				0.5636

0.5636
