****************************************
Report : timing
        -path_type full
        -delay_type max
        -max_paths 20
        -report_by design
Design : CSS_Transmitter_Top
Version: O-2018.06-SP1
Date   : Fri Sep 18 13:40:51 2026
****************************************
Information: Timer using 'SI, Timing Window Analysis, CRPR'. (TIM-050)

  Startpoint: start_Tx (input port clocked by SYS_CLK)
  Endpoint: u_framer/u_ctrl/bits_left_reg_10_ (rising edge-triggered flip-flop clocked by SYS_CLK)
  Mode: default
  Corner: default
  Scenario: default
  Path Group: SYS_CLK
  Path Type: max

  Point                                            Incr      Path  
  ------------------------------------------------------------------------
  clock SYS_CLK (rise edge)                        0.00      0.00
  clock network delay (ideal)                      1.51      1.51
  input external delay                             6.25      7.76

  start_Tx (in)                                    0.07      7.83 r
  u_framer/u_ctrl/U131/ZN (INVX0)                  0.12      7.95 f
  u_framer/u_ctrl/U71/QN (NOR4X0)                  0.38      8.33 r
  u_framer/u_ctrl/U118/ZN (INVX0)                  0.32      8.65 f
  u_framer/u_ctrl/U49/QN (NAND2X1)                 0.31      8.96 r
  u_framer/u_ctrl/PLACE_HFSINV_301_961/ZN (INVX0)
                                                   0.25      9.21 f
  u_framer/u_ctrl/U248/Q (AND2X1)                  0.37      9.58 f
  u_framer/u_ctrl/PLACE_HFSBUF_92_582/Z (NBUFFX2)
                                                   0.25      9.84 f
  u_framer/u_ctrl/U58/QN (NOR2X0)                  0.49     10.33 r
  u_framer/u_ctrl/U245/Q (AND2X1)                  0.42     10.75 r
  u_framer/u_ctrl/U243/Q (AO222X1)                 0.34     11.09 r
  u_framer/u_ctrl/bits_left_reg_10_/D (SDFFX1)     0.00     11.09 r
  data arrival time                                         11.09

  clock SYS_CLK (rise edge)                       31.25     31.25
  clock network delay (propagated)                 1.43     32.68
  clock reconvergence pessimism                    0.00     32.68
  u_framer/u_ctrl/bits_left_reg_10_/CLK (SDFFX1)   0.00     32.68 r
  clock uncertainty                               -0.45     32.23
  library setup time                              -0.42     31.80
  data required time                                        31.80
  ------------------------------------------------------------------------
  data required time                                        31.80
  data arrival time                                        -11.09
  ------------------------------------------------------------------------
  slack (MET)                                               20.71



  Startpoint: start_Tx (input port clocked by SYS_CLK)
  Endpoint: u_framer/u_ctrl/bits_left_reg_6_ (rising edge-triggered flip-flop clocked by SYS_CLK)
  Mode: default
  Corner: default
  Scenario: default
  Path Group: SYS_CLK
  Path Type: max

  Point                                            Incr      Path  
  ------------------------------------------------------------------------
  clock SYS_CLK (rise edge)                        0.00      0.00
  clock network delay (ideal)                      1.51      1.51
  input external delay                             6.25      7.76

  start_Tx (in)                                    0.07      7.83 r
  u_framer/u_ctrl/U131/ZN (INVX0)                  0.12      7.95 f
  u_framer/u_ctrl/U71/QN (NOR4X0)                  0.38      8.33 r
  u_framer/u_ctrl/U118/ZN (INVX0)                  0.32      8.65 f
  u_framer/u_ctrl/U49/QN (NAND2X1)                 0.31      8.96 r
  u_framer/u_ctrl/PLACE_HFSINV_301_961/ZN (INVX0)
                                                   0.25      9.21 f
  u_framer/u_ctrl/U248/Q (AND2X1)                  0.37      9.58 f
  u_framer/u_ctrl/PLACE_HFSBUF_92_582/Z (NBUFFX2)
                                                   0.25      9.84 f
  u_framer/u_ctrl/U58/QN (NOR2X0)                  0.49     10.33 r
  u_framer/u_ctrl/U231/Q (AO222X1)                 0.69     11.02 r
  u_framer/u_ctrl/bits_left_reg_6_/D (SDFFX1)      0.00     11.02 r
  data arrival time                                         11.02

  clock SYS_CLK (rise edge)                       31.25     31.25
  clock network delay (propagated)                 1.43     32.68
  clock reconvergence pessimism                    0.00     32.68
  u_framer/u_ctrl/bits_left_reg_6_/CLK (SDFFX1)    0.00     32.68 r
  clock uncertainty                               -0.45     32.23
  library setup time                              -0.44     31.79
  data required time                                        31.79
  ------------------------------------------------------------------------
  data required time                                        31.79
  data arrival time                                        -11.02
  ------------------------------------------------------------------------
  slack (MET)                                               20.78



  Startpoint: start_Tx (input port clocked by SYS_CLK)
  Endpoint: u_framer/u_ctrl/bits_left_reg_8_ (rising edge-triggered flip-flop clocked by SYS_CLK)
  Mode: default
  Corner: default
  Scenario: default
  Path Group: SYS_CLK
  Path Type: max

  Point                                            Incr      Path  
  ------------------------------------------------------------------------
  clock SYS_CLK (rise edge)                        0.00      0.00
  clock network delay (ideal)                      1.51      1.51
  input external delay                             6.25      7.76

  start_Tx (in)                                    0.07      7.83 r
  u_framer/u_ctrl/U131/ZN (INVX0)                  0.12      7.95 f
  u_framer/u_ctrl/U71/QN (NOR4X0)                  0.38      8.33 r
  u_framer/u_ctrl/U118/ZN (INVX0)                  0.32      8.65 f
  u_framer/u_ctrl/U49/QN (NAND2X1)                 0.31      8.96 r
  u_framer/u_ctrl/PLACE_HFSINV_301_961/ZN (INVX0)
                                                   0.25      9.21 f
  u_framer/u_ctrl/U248/Q (AND2X1)                  0.37      9.58 f
  u_framer/u_ctrl/PLACE_HFSBUF_92_582/Z (NBUFFX2)
                                                   0.25      9.84 f
  u_framer/u_ctrl/U58/QN (NOR2X0)                  0.49     10.33 r
  u_framer/u_ctrl/U237/Q (AO222X1)                 0.67     11.00 r
  u_framer/u_ctrl/bits_left_reg_8_/D (SDFFX1)      0.00     11.00 r
  data arrival time                                         11.00

  clock SYS_CLK (rise edge)                       31.25     31.25
  clock network delay (propagated)                 1.43     32.68
  clock reconvergence pessimism                    0.00     32.68
  u_framer/u_ctrl/bits_left_reg_8_/CLK (SDFFX1)    0.00     32.68 r
  clock uncertainty                               -0.45     32.23
  library setup time                              -0.43     31.79
  data required time                                        31.79
  ------------------------------------------------------------------------
  data required time                                        31.79
  data arrival time                                        -11.00
  ------------------------------------------------------------------------
  slack (MET)                                               20.79



  Startpoint: start_Tx (input port clocked by SYS_CLK)
  Endpoint: u_framer/u_ctrl/bits_left_reg_4_ (rising edge-triggered flip-flop clocked by SYS_CLK)
  Mode: default
  Corner: default
  Scenario: default
  Path Group: SYS_CLK
  Path Type: max

  Point                                            Incr      Path  
  ------------------------------------------------------------------------
  clock SYS_CLK (rise edge)                        0.00      0.00
  clock network delay (ideal)                      1.51      1.51
  input external delay                             6.25      7.76

  start_Tx (in)                                    0.07      7.83 r
  u_framer/u_ctrl/U131/ZN (INVX0)                  0.12      7.95 f
  u_framer/u_ctrl/U71/QN (NOR4X0)                  0.38      8.33 r
  u_framer/u_ctrl/U118/ZN (INVX0)                  0.32      8.65 f
  u_framer/u_ctrl/U49/QN (NAND2X1)                 0.31      8.96 r
  u_framer/u_ctrl/PLACE_HFSINV_301_961/ZN (INVX0)
                                                   0.25      9.21 f
  u_framer/u_ctrl/U248/Q (AND2X1)                  0.37      9.58 f
  u_framer/u_ctrl/PLACE_HFSBUF_92_582/Z (NBUFFX2)
                                                   0.25      9.84 f
  u_framer/u_ctrl/U58/QN (NOR2X0)                  0.49     10.33 r
  u_framer/u_ctrl/U225/Q (AO222X1)                 0.69     11.02 r
  u_framer/u_ctrl/bits_left_reg_4_/D (SDFFX1)      0.00     11.02 r
  data arrival time                                         11.02

  clock SYS_CLK (rise edge)                       31.25     31.25
  clock network delay (propagated)                 1.46     32.71
  clock reconvergence pessimism                    0.00     32.71
  u_framer/u_ctrl/bits_left_reg_4_/CLK (SDFFX1)    0.00     32.71 r
  clock uncertainty                               -0.45     32.26
  library setup time                              -0.44     31.82
  data required time                                        31.82
  ------------------------------------------------------------------------
  data required time                                        31.82
  data arrival time                                        -11.02
  ------------------------------------------------------------------------
  slack (MET)                                               20.80



  Startpoint: start_Tx (input port clocked by SYS_CLK)
  Endpoint: u_framer/u_ctrl/bits_left_reg_5_ (rising edge-triggered flip-flop clocked by SYS_CLK)
  Mode: default
  Corner: default
  Scenario: default
  Path Group: SYS_CLK
  Path Type: max

  Point                                            Incr      Path  
  ------------------------------------------------------------------------
  clock SYS_CLK (rise edge)                        0.00      0.00
  clock network delay (ideal)                      1.51      1.51
  input external delay                             6.25      7.76

  start_Tx (in)                                    0.07      7.83 r
  u_framer/u_ctrl/U131/ZN (INVX0)                  0.12      7.95 f
  u_framer/u_ctrl/U71/QN (NOR4X0)                  0.38      8.33 r
  u_framer/u_ctrl/U118/ZN (INVX0)                  0.32      8.65 f
  u_framer/u_ctrl/U49/QN (NAND2X1)                 0.31      8.96 r
  u_framer/u_ctrl/PLACE_HFSINV_301_961/ZN (INVX0)
                                                   0.25      9.21 f
  u_framer/u_ctrl/U248/Q (AND2X1)                  0.37      9.58 f
  u_framer/u_ctrl/PLACE_HFSBUF_92_582/Z (NBUFFX2)
                                                   0.25      9.84 f
  u_framer/u_ctrl/U58/QN (NOR2X0)                  0.49     10.33 r
  u_framer/u_ctrl/U228/Q (AO222X1)                 0.63     10.96 r
  u_framer/u_ctrl/bits_left_reg_5_/D (SDFFX1)      0.00     10.96 r
  data arrival time                                         10.96

  clock SYS_CLK (rise edge)                       31.25     31.25
  clock network delay (propagated)                 1.43     32.68
  clock reconvergence pessimism                    0.00     32.68
  u_framer/u_ctrl/bits_left_reg_5_/CLK (SDFFX1)    0.00     32.68 r
  clock uncertainty                               -0.45     32.23
  library setup time                              -0.44     31.79
  data required time                                        31.79
  ------------------------------------------------------------------------
  data required time                                        31.79
  data arrival time                                        -10.96
  ------------------------------------------------------------------------
  slack (MET)                                               20.83



  Startpoint: start_Tx (input port clocked by SYS_CLK)
  Endpoint: u_framer/u_ctrl/bits_left_reg_3_ (rising edge-triggered flip-flop clocked by SYS_CLK)
  Mode: default
  Corner: default
  Scenario: default
  Path Group: SYS_CLK
  Path Type: max

  Point                                            Incr      Path  
  ------------------------------------------------------------------------
  clock SYS_CLK (rise edge)                        0.00      0.00
  clock network delay (ideal)                      1.51      1.51
  input external delay                             6.25      7.76

  start_Tx (in)                                    0.07      7.83 r
  u_framer/u_ctrl/U131/ZN (INVX0)                  0.12      7.95 f
  u_framer/u_ctrl/U71/QN (NOR4X0)                  0.38      8.33 r
  u_framer/u_ctrl/U118/ZN (INVX0)                  0.32      8.65 f
  u_framer/u_ctrl/U49/QN (NAND2X1)                 0.31      8.96 r
  u_framer/u_ctrl/PLACE_HFSINV_301_961/ZN (INVX0)
                                                   0.25      9.21 f
  u_framer/u_ctrl/U248/Q (AND2X1)                  0.37      9.58 f
  u_framer/u_ctrl/PLACE_HFSBUF_92_582/Z (NBUFFX2)
                                                   0.25      9.84 f
  u_framer/u_ctrl/U58/QN (NOR2X0)                  0.49     10.33 r
  u_framer/u_ctrl/U224/Q (AO222X1)                 0.63     10.96 r
  u_framer/u_ctrl/bits_left_reg_3_/D (SDFFX1)      0.00     10.96 r
  data arrival time                                         10.96

  clock SYS_CLK (rise edge)                       31.25     31.25
  clock network delay (propagated)                 1.43     32.68
  clock reconvergence pessimism                    0.00     32.68
  u_framer/u_ctrl/bits_left_reg_3_/CLK (SDFFX1)    0.00     32.68 r
  clock uncertainty                               -0.45     32.23
  library setup time                              -0.43     31.79
  data required time                                        31.79
  ------------------------------------------------------------------------
  data required time                                        31.79
  data arrival time                                        -10.96
  ------------------------------------------------------------------------
  slack (MET)                                               20.84



  Startpoint: start_Tx (input port clocked by SYS_CLK)
  Endpoint: u_framer/u_ctrl/bits_left_reg_9_ (rising edge-triggered flip-flop clocked by SYS_CLK)
  Mode: default
  Corner: default
  Scenario: default
  Path Group: SYS_CLK
  Path Type: max

  Point                                            Incr      Path  
  ------------------------------------------------------------------------
  clock SYS_CLK (rise edge)                        0.00      0.00
  clock network delay (ideal)                      1.51      1.51
  input external delay                             6.25      7.76

  start_Tx (in)                                    0.07      7.83 r
  u_framer/u_ctrl/U131/ZN (INVX0)                  0.12      7.95 f
  u_framer/u_ctrl/U71/QN (NOR4X0)                  0.38      8.33 r
  u_framer/u_ctrl/U118/ZN (INVX0)                  0.32      8.65 f
  u_framer/u_ctrl/U49/QN (NAND2X1)                 0.31      8.96 r
  u_framer/u_ctrl/PLACE_HFSINV_301_961/ZN (INVX0)
                                                   0.25      9.21 f
  u_framer/u_ctrl/U248/Q (AND2X1)                  0.37      9.58 f
  u_framer/u_ctrl/PLACE_HFSBUF_92_582/Z (NBUFFX2)
                                                   0.25      9.84 f
  u_framer/u_ctrl/U58/QN (NOR2X0)                  0.49     10.33 r
  u_framer/u_ctrl/U240/Q (AO222X1)                 0.62     10.95 r
  u_framer/u_ctrl/bits_left_reg_9_/D (SDFFX1)      0.00     10.95 r
  data arrival time                                         10.95

  clock SYS_CLK (rise edge)                       31.25     31.25
  clock network delay (propagated)                 1.43     32.68
  clock reconvergence pessimism                    0.00     32.68
  u_framer/u_ctrl/bits_left_reg_9_/CLK (SDFFX1)    0.00     32.68 r
  clock uncertainty                               -0.45     32.23
  library setup time                              -0.43     31.79
  data required time                                        31.79
  ------------------------------------------------------------------------
  data required time                                        31.79
  data arrival time                                        -10.95
  ------------------------------------------------------------------------
  slack (MET)                                               20.85



  Startpoint: start_Tx (input port clocked by SYS_CLK)
  Endpoint: u_framer/u_ctrl/bits_left_reg_7_ (rising edge-triggered flip-flop clocked by SYS_CLK)
  Mode: default
  Corner: default
  Scenario: default
  Path Group: SYS_CLK
  Path Type: max

  Point                                            Incr      Path  
  ------------------------------------------------------------------------
  clock SYS_CLK (rise edge)                        0.00      0.00
  clock network delay (ideal)                      1.51      1.51
  input external delay                             6.25      7.76

  start_Tx (in)                                    0.07      7.83 r
  u_framer/u_ctrl/U131/ZN (INVX0)                  0.12      7.95 f
  u_framer/u_ctrl/U71/QN (NOR4X0)                  0.38      8.33 r
  u_framer/u_ctrl/U118/ZN (INVX0)                  0.32      8.65 f
  u_framer/u_ctrl/U49/QN (NAND2X1)                 0.31      8.96 r
  u_framer/u_ctrl/PLACE_HFSINV_301_961/ZN (INVX0)
                                                   0.25      9.21 f
  u_framer/u_ctrl/U248/Q (AND2X1)                  0.37      9.58 f
  u_framer/u_ctrl/PLACE_HFSBUF_92_582/Z (NBUFFX2)
                                                   0.25      9.84 f
  u_framer/u_ctrl/U58/QN (NOR2X0)                  0.49     10.33 r
  u_framer/u_ctrl/U234/Q (AO222X1)                 0.62     10.94 r
  u_framer/u_ctrl/bits_left_reg_7_/D (SDFFX1)      0.00     10.94 r
  data arrival time                                         10.94

  clock SYS_CLK (rise edge)                       31.25     31.25
  clock network delay (propagated)                 1.43     32.68
  clock reconvergence pessimism                    0.00     32.68
  u_framer/u_ctrl/bits_left_reg_7_/CLK (SDFFX1)    0.00     32.68 r
  clock uncertainty                               -0.45     32.23
  library setup time                              -0.43     31.80
  data required time                                        31.80
  ------------------------------------------------------------------------
  data required time                                        31.80
  data arrival time                                        -10.94
  ------------------------------------------------------------------------
  slack (MET)                                               20.85



  Startpoint: start_Tx (input port clocked by SYS_CLK)
  Endpoint: u_framer/u_acc/acc_reg_2_ (rising edge-triggered flip-flop clocked by SYS_CLK)
  Mode: default
  Corner: default
  Scenario: default
  Path Group: SYS_CLK
  Path Type: max

  Point                                            Incr      Path  
  ------------------------------------------------------------------------
  clock SYS_CLK (rise edge)                        0.00      0.00
  clock network delay (ideal)                      1.51      1.51
  input external delay                             6.25      7.76

  start_Tx (in)                                    0.07      7.83 r
  u_framer/u_ctrl/U131/ZN (INVX0)                  0.12      7.95 f
  u_framer/u_ctrl/U71/QN (NOR4X0)                  0.38      8.33 r
  u_framer/u_acc/U66/QN (NOR2X0)                   0.45      8.78 f
  u_framer/u_acc/U62/QN (NAND4X0)                  0.35      9.13 r
  u_framer/u_acc/U8/Q (AND4X1)                     0.66      9.79 r
  u_framer/u_acc/PLACE_HFSBUF_163_579/Z (NBUFFX2)
                                                   0.28     10.08 r
  u_framer/u_acc/U56/Q (AO222X1)                   0.39     10.47 r
  u_framer/u_acc/U55/Q (AO221X1)                   0.30     10.77 r
  u_framer/u_acc/acc_reg_2_/D (SDFFX1)             0.00     10.77 r
  data arrival time                                         10.77

  clock SYS_CLK (rise edge)                       31.25     31.25
  clock network delay (propagated)                 1.42     32.67
  clock reconvergence pessimism                    0.00     32.67
  u_framer/u_acc/acc_reg_2_/CLK (SDFFX1)           0.00     32.67 r
  clock uncertainty                               -0.45     32.22
  library setup time                              -0.47     31.75
  data required time                                        31.75
  ------------------------------------------------------------------------
  data required time                                        31.75
  data arrival time                                        -10.77
  ------------------------------------------------------------------------
  slack (MET)                                               20.98



  Startpoint: start_Tx (input port clocked by SYS_CLK)
  Endpoint: u_framer/u_ctrl/bits_left_reg_2_ (rising edge-triggered flip-flop clocked by SYS_CLK)
  Mode: default
  Corner: default
  Scenario: default
  Path Group: SYS_CLK
  Path Type: max

  Point                                            Incr      Path  
  ------------------------------------------------------------------------
  clock SYS_CLK (rise edge)                        0.00      0.00
  clock network delay (ideal)                      1.51      1.51
  input external delay                             6.25      7.76

  start_Tx (in)                                    0.07      7.83 r
  u_framer/u_ctrl/U131/ZN (INVX0)                  0.12      7.95 f
  u_framer/u_ctrl/U71/QN (NOR4X0)                  0.38      8.33 r
  u_framer/u_ctrl/U118/ZN (INVX0)                  0.32      8.65 f
  u_framer/u_ctrl/U49/QN (NAND2X1)                 0.31      8.96 r
  u_framer/u_ctrl/PLACE_HFSINV_301_961/ZN (INVX0)
                                                   0.25      9.21 f
  u_framer/u_ctrl/U248/Q (AND2X1)                  0.37      9.58 f
  u_framer/u_ctrl/PLACE_HFSBUF_92_582/Z (NBUFFX2)
                                                   0.25      9.84 f
  u_framer/u_ctrl/U58/QN (NOR2X0)                  0.49     10.33 r
  u_framer/u_ctrl/U222/Q (AO221X1)                 0.50     10.83 r
  u_framer/u_ctrl/bits_left_reg_2_/D (SDFFX1)      0.00     10.83 r
  data arrival time                                         10.83

  clock SYS_CLK (rise edge)                       31.25     31.25
  clock network delay (propagated)                 1.46     32.71
  clock reconvergence pessimism                    0.00     32.71
  u_framer/u_ctrl/bits_left_reg_2_/CLK (SDFFX1)    0.00     32.71 r
  clock uncertainty                               -0.45     32.26
  library setup time                              -0.43     31.83
  data required time                                        31.83
  ------------------------------------------------------------------------
  data required time                                        31.83
  data arrival time                                        -10.83
  ------------------------------------------------------------------------
  slack (MET)                                               21.00



  Startpoint: start_Tx (input port clocked by SYS_CLK)
  Endpoint: u_framer/u_ctrl/win_reg_1_ (rising edge-triggered flip-flop clocked by SYS_CLK)
  Mode: default
  Corner: default
  Scenario: default
  Path Group: SYS_CLK
  Path Type: max

  Point                                            Incr      Path  
  ------------------------------------------------------------------------
  clock SYS_CLK (rise edge)                        0.00      0.00
  clock network delay (ideal)                      1.51      1.51
  input external delay                             6.25      7.76

  start_Tx (in)                                    0.07      7.83 r
  u_framer/u_ctrl/U131/ZN (INVX0)                  0.12      7.95 f
  u_framer/u_ctrl/U71/QN (NOR4X0)                  0.38      8.33 r
  u_framer/u_ctrl/U118/ZN (INVX0)                  0.32      8.65 f
  u_framer/u_ctrl/U49/QN (NAND2X1)                 0.31      8.96 r
  u_framer/u_ctrl/U59/QN (NOR2X0)                  0.28      9.24 f
  u_framer/u_ctrl/PLACE_HFSINV_111_666/ZN (INVX0)
                                                   0.11      9.34 r
  u_framer/u_ctrl/U82/Q (OA21X1)                   0.27      9.61 r
  u_framer/u_ctrl/U68/ZN (INVX0)                   0.12      9.73 f
  u_framer/u_ctrl/U81/Q (OA21X1)                   0.27     10.00 f
  u_framer/u_ctrl/U67/ZN (INVX0)                   0.13     10.13 r
  u_framer/u_ctrl/U112/Q (OA21X1)                  0.25     10.38 r
  u_framer/u_ctrl/U142/QN (OAI21X1)                0.36     10.74 f
  u_framer/u_ctrl/win_reg_1_/D (SDFFX1)            0.00     10.74 f
  data arrival time                                         10.74

  clock SYS_CLK (rise edge)                       31.25     31.25
  clock network delay (propagated)                 1.46     32.71
  clock reconvergence pessimism                    0.00     32.71
  u_framer/u_ctrl/win_reg_1_/CLK (SDFFX1)          0.00     32.71 r
  clock uncertainty                               -0.45     32.26
  library setup time                              -0.47     31.79
  data required time                                        31.79
  ------------------------------------------------------------------------
  data required time                                        31.79
  data arrival time                                        -10.74
  ------------------------------------------------------------------------
  slack (MET)                                               21.05



  Startpoint: start_Tx (input port clocked by SYS_CLK)
  Endpoint: u_framer/u_acc/acc_reg_3_ (rising edge-triggered flip-flop clocked by SYS_CLK)
  Mode: default
  Corner: default
  Scenario: default
  Path Group: SYS_CLK
  Path Type: max

  Point                                            Incr      Path  
  ------------------------------------------------------------------------
  clock SYS_CLK (rise edge)                        0.00      0.00
  clock network delay (ideal)                      1.51      1.51
  input external delay                             6.25      7.76

  start_Tx (in)                                    0.07      7.83 r
  u_framer/u_ctrl/U131/ZN (INVX0)                  0.12      7.95 f
  u_framer/u_ctrl/U71/QN (NOR4X0)                  0.38      8.33 r
  u_framer/u_acc/U66/QN (NOR2X0)                   0.45      8.78 f
  u_framer/u_acc/U62/QN (NAND4X0)                  0.35      9.13 r
  u_framer/u_acc/U8/Q (AND4X1)                     0.66      9.79 r
  u_framer/u_acc/PLACE_HFSBUF_163_579/Z (NBUFFX2)
                                                   0.28     10.08 r
  u_framer/u_acc/U54/Q (AO222X1)                   0.39     10.47 r
  u_framer/u_acc/U4/Q (AO221X1)                    0.25     10.72 r
  u_framer/u_acc/acc_reg_3_/D (SDFFX1)             0.00     10.72 r
  data arrival time                                         10.72

  clock SYS_CLK (rise edge)                       31.25     31.25
  clock network delay (propagated)                 1.42     32.67
  clock reconvergence pessimism                    0.00     32.67
  u_framer/u_acc/acc_reg_3_/CLK (SDFFX1)           0.00     32.67 r
  clock uncertainty                               -0.45     32.22
  library setup time                              -0.44     31.78
  data required time                                        31.78
  ------------------------------------------------------------------------
  data required time                                        31.78
  data arrival time                                        -10.72
  ------------------------------------------------------------------------
  slack (MET)                                               21.06



  Startpoint: start_Tx (input port clocked by SYS_CLK)
  Endpoint: u_framer/u_acc/acc_reg_1_ (rising edge-triggered flip-flop clocked by SYS_CLK)
  Mode: default
  Corner: default
  Scenario: default
  Path Group: SYS_CLK
  Path Type: max

  Point                                            Incr      Path  
  ------------------------------------------------------------------------
  clock SYS_CLK (rise edge)                        0.00      0.00
  clock network delay (ideal)                      1.51      1.51
  input external delay                             6.25      7.76

  start_Tx (in)                                    0.07      7.83 r
  u_framer/u_ctrl/U131/ZN (INVX0)                  0.12      7.95 f
  u_framer/u_ctrl/U71/QN (NOR4X0)                  0.38      8.33 r
  u_framer/u_acc/U66/QN (NOR2X0)                   0.45      8.78 f
  u_framer/u_acc/U62/QN (NAND4X0)                  0.35      9.13 r
  u_framer/u_acc/U8/Q (AND4X1)                     0.66      9.79 r
  u_framer/u_acc/PLACE_HFSBUF_163_579/Z (NBUFFX2)
                                                   0.28     10.08 r
  u_framer/u_acc/U58/Q (AO222X1)                   0.39     10.47 r
  u_framer/u_acc/U57/Q (AO221X1)                   0.25     10.72 r
  u_framer/u_acc/acc_reg_1_/D (SDFFX1)             0.00     10.72 r
  data arrival time                                         10.72

  clock SYS_CLK (rise edge)                       31.25     31.25
  clock network delay (propagated)                 1.43     32.68
  clock reconvergence pessimism                    0.00     32.68
  u_framer/u_acc/acc_reg_1_/CLK (SDFFX1)           0.00     32.68 r
  clock uncertainty                               -0.45     32.23
  library setup time                              -0.43     31.79
  data required time                                        31.79
  ------------------------------------------------------------------------
  data required time                                        31.79
  data arrival time                                        -10.72
  ------------------------------------------------------------------------
  slack (MET)                                               21.07



  Startpoint: start_Tx (input port clocked by SYS_CLK)
  Endpoint: u_framer/u_acc/acc_reg_5_ (rising edge-triggered flip-flop clocked by SYS_CLK)
  Mode: default
  Corner: default
  Scenario: default
  Path Group: SYS_CLK
  Path Type: max

  Point                                            Incr      Path  
  ------------------------------------------------------------------------
  clock SYS_CLK (rise edge)                        0.00      0.00
  clock network delay (ideal)                      1.51      1.51
  input external delay                             6.25      7.76

  start_Tx (in)                                    0.07      7.83 r
  u_framer/u_ctrl/U131/ZN (INVX0)                  0.12      7.95 f
  u_framer/u_ctrl/U71/QN (NOR4X0)                  0.38      8.33 r
  u_framer/u_acc/U66/QN (NOR2X0)                   0.45      8.78 f
  u_framer/u_acc/U62/QN (NAND4X0)                  0.35      9.13 r
  u_framer/u_acc/U8/Q (AND4X1)                     0.66      9.79 r
  u_framer/u_acc/PLACE_HFSBUF_163_579/Z (NBUFFX2)
                                                   0.28     10.08 r
  u_framer/u_acc/U50/Q (AO222X1)                   0.39     10.46 r
  u_framer/u_acc/U49/Q (AO221X1)                   0.24     10.71 r
  u_framer/u_acc/acc_reg_5_/D (SDFFX1)             0.00     10.71 r
  data arrival time                                         10.71

  clock SYS_CLK (rise edge)                       31.25     31.25
  clock network delay (propagated)                 1.42     32.67
  clock reconvergence pessimism                    0.00     32.67
  u_framer/u_acc/acc_reg_5_/CLK (SDFFX1)           0.00     32.67 r
  clock uncertainty                               -0.45     32.22
  library setup time                              -0.43     31.78
  data required time                                        31.78
  ------------------------------------------------------------------------
  data required time                                        31.78
  data arrival time                                        -10.71
  ------------------------------------------------------------------------
  slack (MET)                                               21.08



  Startpoint: start_Tx (input port clocked by SYS_CLK)
  Endpoint: u_framer/u_acc/acc_reg_4_ (rising edge-triggered flip-flop clocked by SYS_CLK)
  Mode: default
  Corner: default
  Scenario: default
  Path Group: SYS_CLK
  Path Type: max

  Point                                            Incr      Path  
  ------------------------------------------------------------------------
  clock SYS_CLK (rise edge)                        0.00      0.00
  clock network delay (ideal)                      1.51      1.51
  input external delay                             6.25      7.76

  start_Tx (in)                                    0.07      7.83 r
  u_framer/u_ctrl/U131/ZN (INVX0)                  0.12      7.95 f
  u_framer/u_ctrl/U71/QN (NOR4X0)                  0.38      8.33 r
  u_framer/u_acc/U66/QN (NOR2X0)                   0.45      8.78 f
  u_framer/u_acc/U62/QN (NAND4X0)                  0.35      9.13 r
  u_framer/u_acc/U8/Q (AND4X1)                     0.66      9.79 r
  u_framer/u_acc/PLACE_HFSBUF_163_579/Z (NBUFFX2)
                                                   0.28     10.08 r
  u_framer/u_acc/U52/Q (AO222X1)                   0.39     10.47 r
  u_framer/u_acc/U6/Q (AO221X1)                    0.24     10.71 r
  u_framer/u_acc/acc_reg_4_/D (SDFFX1)             0.00     10.71 r
  data arrival time                                         10.71

  clock SYS_CLK (rise edge)                       31.25     31.25
  clock network delay (propagated)                 1.42     32.67
  clock reconvergence pessimism                    0.00     32.67
  u_framer/u_acc/acc_reg_4_/CLK (SDFFX1)           0.00     32.67 r
  clock uncertainty                               -0.45     32.22
  library setup time                              -0.43     31.79
  data required time                                        31.79
  ------------------------------------------------------------------------
  data required time                                        31.79
  data arrival time                                        -10.71
  ------------------------------------------------------------------------
  slack (MET)                                               21.08



  Startpoint: start_Tx (input port clocked by SYS_CLK)
  Endpoint: u_framer/u_il/hold_i_reg_29_ (rising edge-triggered flip-flop clocked by SYS_CLK)
  Mode: default
  Corner: default
  Scenario: default
  Path Group: SYS_CLK
  Path Type: max

  Point                                            Incr      Path  
  ------------------------------------------------------------------------
  clock SYS_CLK (rise edge)                        0.00      0.00
  clock network delay (ideal)                      1.51      1.51
  input external delay                             6.25      7.76

  start_Tx (in)                                    0.07      7.83 r
  u_framer/u_ctrl/U131/ZN (INVX0)                  0.12      7.95 f
  u_framer/u_ctrl/U71/QN (NOR4X0)                  0.38      8.33 r
  u_framer/u_il/U298/QN (NOR3X1)                   0.68      9.01 f
  u_framer/u_il/U297/QN (NOR3X1)                   0.64      9.65 r
  u_framer/u_il/PLACE_HFSBUF_331_252/Z (NBUFFX2)   0.33      9.98 r
  u_framer/u_il/PLACE_HFSBUF_173_250/Z (NBUFFX2)   0.19     10.17 r
  u_framer/u_il/U268/Q (AO22X1)                    0.23     10.40 r
  u_framer/u_il/hold_i_reg_29_/D (SDFFX1)          0.00     10.40 r
  data arrival time                                         10.40

  clock SYS_CLK (rise edge)                       31.25     31.25
  clock network delay (propagated)                 1.10     32.35
  clock reconvergence pessimism                    0.00     32.35
  u_framer/u_il/hold_i_reg_29_/CLK (SDFFX1)        0.00     32.35 r
  clock uncertainty                               -0.45     31.90
  library setup time                              -0.42     31.48
  data required time                                        31.48
  ------------------------------------------------------------------------
  data required time                                        31.48
  data arrival time                                        -10.40
  ------------------------------------------------------------------------
  slack (MET)                                               21.08



  Startpoint: start_Tx (input port clocked by SYS_CLK)
  Endpoint: u_framer/u_il/hold_i_reg_27_ (rising edge-triggered flip-flop clocked by SYS_CLK)
  Mode: default
  Corner: default
  Scenario: default
  Path Group: SYS_CLK
  Path Type: max

  Point                                            Incr      Path  
  ------------------------------------------------------------------------
  clock SYS_CLK (rise edge)                        0.00      0.00
  clock network delay (ideal)                      1.51      1.51
  input external delay                             6.25      7.76

  start_Tx (in)                                    0.07      7.83 r
  u_framer/u_ctrl/U131/ZN (INVX0)                  0.12      7.95 f
  u_framer/u_ctrl/U71/QN (NOR4X0)                  0.38      8.33 r
  u_framer/u_il/U298/QN (NOR3X1)                   0.68      9.01 f
  u_framer/u_il/U297/QN (NOR3X1)                   0.64      9.65 r
  u_framer/u_il/PLACE_HFSBUF_331_252/Z (NBUFFX2)   0.33      9.98 r
  u_framer/u_il/PLACE_HFSBUF_220_249/Z (NBUFFX2)   0.19     10.17 r
  u_framer/u_il/U270/Q (AO22X1)                    0.23     10.40 r
  u_framer/u_il/hold_i_reg_27_/D (SDFFX1)          0.00     10.40 r
  data arrival time                                         10.40

  clock SYS_CLK (rise edge)                       31.25     31.25
  clock network delay (propagated)                 1.10     32.35
  clock reconvergence pessimism                    0.00     32.35
  u_framer/u_il/hold_i_reg_27_/CLK (SDFFX1)        0.00     32.35 r
  clock uncertainty                               -0.45     31.90
  library setup time                              -0.42     31.48
  data required time                                        31.48
  ------------------------------------------------------------------------
  data required time                                        31.48
  data arrival time                                        -10.40
  ------------------------------------------------------------------------
  slack (MET)                                               21.08



  Startpoint: start_Tx (input port clocked by SYS_CLK)
  Endpoint: u_framer/u_il/hold_i_reg_13_ (rising edge-triggered flip-flop clocked by SYS_CLK)
  Mode: default
  Corner: default
  Scenario: default
  Path Group: SYS_CLK
  Path Type: max

  Point                                            Incr      Path  
  ------------------------------------------------------------------------
  clock SYS_CLK (rise edge)                        0.00      0.00
  clock network delay (ideal)                      1.51      1.51
  input external delay                             6.25      7.76

  start_Tx (in)                                    0.07      7.83 r
  u_framer/u_ctrl/U131/ZN (INVX0)                  0.12      7.95 f
  u_framer/u_ctrl/U71/QN (NOR4X0)                  0.38      8.33 r
  u_framer/u_il/U298/QN (NOR3X1)                   0.68      9.01 f
  u_framer/u_il/U297/QN (NOR3X1)                   0.64      9.65 r
  u_framer/u_il/PLACE_HFSBUF_331_252/Z (NBUFFX2)   0.33      9.98 r
  u_framer/u_il/PLACE_HFSBUF_220_249/Z (NBUFFX2)   0.19     10.17 r
  u_framer/u_il/U284/Q (AO22X1)                    0.22     10.39 r
  u_framer/u_il/hold_i_reg_13_/D (SDFFX1)          0.00     10.39 r
  data arrival time                                         10.39

  clock SYS_CLK (rise edge)                       31.25     31.25
  clock network delay (propagated)                 1.10     32.35
  clock reconvergence pessimism                    0.00     32.35
  u_framer/u_il/hold_i_reg_13_/CLK (SDFFX1)        0.00     32.35 r
  clock uncertainty                               -0.45     31.90
  library setup time                              -0.42     31.48
  data required time                                        31.48
  ------------------------------------------------------------------------
  data required time                                        31.48
  data arrival time                                        -10.39
  ------------------------------------------------------------------------
  slack (MET)                                               21.09



  Startpoint: start_Tx (input port clocked by SYS_CLK)
  Endpoint: u_framer/u_il/hold_i_reg_15_ (rising edge-triggered flip-flop clocked by SYS_CLK)
  Mode: default
  Corner: default
  Scenario: default
  Path Group: SYS_CLK
  Path Type: max

  Point                                            Incr      Path  
  ------------------------------------------------------------------------
  clock SYS_CLK (rise edge)                        0.00      0.00
  clock network delay (ideal)                      1.51      1.51
  input external delay                             6.25      7.76

  start_Tx (in)                                    0.07      7.83 r
  u_framer/u_ctrl/U131/ZN (INVX0)                  0.12      7.95 f
  u_framer/u_ctrl/U71/QN (NOR4X0)                  0.38      8.33 r
  u_framer/u_il/U298/QN (NOR3X1)                   0.68      9.01 f
  u_framer/u_il/U297/QN (NOR3X1)                   0.64      9.65 r
  u_framer/u_il/PLACE_HFSBUF_331_252/Z (NBUFFX2)   0.33      9.98 r
  u_framer/u_il/PLACE_HFSBUF_173_250/Z (NBUFFX2)   0.19     10.17 r
  u_framer/u_il/U282/Q (AO22X1)                    0.22     10.39 r
  u_framer/u_il/hold_i_reg_15_/D (SDFFX1)          0.00     10.39 r
  data arrival time                                         10.39

  clock SYS_CLK (rise edge)                       31.25     31.25
  clock network delay (propagated)                 1.10     32.35
  clock reconvergence pessimism                    0.00     32.35
  u_framer/u_il/hold_i_reg_15_/CLK (SDFFX1)        0.00     32.35 r
  clock uncertainty                               -0.45     31.90
  library setup time                              -0.42     31.48
  data required time                                        31.48
  ------------------------------------------------------------------------
  data required time                                        31.48
  data arrival time                                        -10.39
  ------------------------------------------------------------------------
  slack (MET)                                               21.09



  Startpoint: start_Tx (input port clocked by SYS_CLK)
  Endpoint: u_framer/u_il/hold_i_reg_25_ (rising edge-triggered flip-flop clocked by SYS_CLK)
  Mode: default
  Corner: default
  Scenario: default
  Path Group: SYS_CLK
  Path Type: max

  Point                                            Incr      Path  
  ------------------------------------------------------------------------
  clock SYS_CLK (rise edge)                        0.00      0.00
  clock network delay (ideal)                      1.51      1.51
  input external delay                             6.25      7.76

  start_Tx (in)                                    0.07      7.83 r
  u_framer/u_ctrl/U131/ZN (INVX0)                  0.12      7.95 f
  u_framer/u_ctrl/U71/QN (NOR4X0)                  0.38      8.33 r
  u_framer/u_il/U298/QN (NOR3X1)                   0.68      9.01 f
  u_framer/u_il/U297/QN (NOR3X1)                   0.64      9.65 r
  u_framer/u_il/PLACE_HFSBUF_331_252/Z (NBUFFX2)   0.33      9.98 r
  u_framer/u_il/PLACE_HFSBUF_220_249/Z (NBUFFX2)   0.19     10.17 r
  u_framer/u_il/U272/Q (AO22X1)                    0.22     10.39 r
  u_framer/u_il/hold_i_reg_25_/D (SDFFX1)          0.00     10.40 r
  data arrival time                                         10.40

  clock SYS_CLK (rise edge)                       31.25     31.25
  clock network delay (propagated)                 1.10     32.35
  clock reconvergence pessimism                    0.00     32.35
  u_framer/u_il/hold_i_reg_25_/CLK (SDFFX1)        0.00     32.35 r
  clock uncertainty                               -0.45     31.90
  library setup time                              -0.42     31.48
  data required time                                        31.48
  ------------------------------------------------------------------------
  data required time                                        31.48
  data arrival time                                        -10.40
  ------------------------------------------------------------------------
  slack (MET)                                               21.09


1
