In mode: Internal_scan...
  Design has scan chains in this mode
  Design is scan routed
  Post-DFT DRC enabled

Information: Starting test design rule checking. (TEST-222)
  Loading test protocol
  ...basic checks...
  ...basic sequential cell checks...
  ...checking vector rules...
  ...checking clock rules...
  ...checking scan chain rules...
  ...checking scan compression rules...
  ...checking X-state rules...
  ...checking tristate rules...
  ...extracting scan details...

-----------------------------------------------------------------
Begin Clock violations...

 Warning: Clock rstn used as data is different than capture clock clk for inputs CLK/D of stable DFF (u_framer/u_acc/acc_reg_23_). (C26-1)
Information: There are 181 other cells with the same violation. (TEST-171)

Clock violations completed...
-----------------------------------------------------------------

-----------------------------------------------------------------
  DRC Report

  Total violations: 182

-----------------------------------------------------------------

182 CLOCK VIOLATIONS
   182 Clock as data different from capture clock for stable cell violations (C26)


Warning: Violations occurred during test design rule checking. (TEST-124)

-----------------------------------------------------------------
  Sequential Cell Report

  0 out of 1264 sequential cells have violations

-----------------------------------------------------------------

SEQUENTIAL CELLS WITHOUT VIOLATIONS
      *1264 cells are valid scan cells

Information: Test design rule checking completed. (TEST-123)
  Running test coverage estimation...
 58166 faults were added to fault list.
 ----------------------------------------------------------
 #patterns     #faults     #ATPG faults  test      process
 stored     detect/active  red/au/abort  coverage  CPU time
 ---------  -------------  ------------  --------  --------
 Begin deterministic ATPG: #uncollapsed_faults=49019, abort_limit=10...
 0           25870  23148         1/0/0    60.20%      0.01
 0            5109  18039         1/0/0    68.98%      0.03
 0            2577  15459         2/0/0    73.42%      0.03
 0            1811  13648         2/0/0    76.53%      0.03
 0            1593  12053         3/0/0    79.27%      0.05
 0            1108  10944         4/0/0    81.18%      0.05
 0            1015   9928         5/0/0    82.93%      0.05
 0             893   9034         6/0/0    84.46%      0.06
 0             839   8192         8/0/0    85.91%      0.06
 0             775   7413        10/0/0    87.25%      0.06
 0             592   6820        11/0/0    88.27%      0.08
 0             580   6239        12/0/0    89.27%      0.08
 0             513   5721        15/0/0    90.16%      0.08
 0             445   5275        16/0/0    90.93%      0.09
 0             394   4879        17/1/0    91.61%      0.09
 0             327   4550        19/1/0    92.17%      0.10
 0             295   4254        20/1/0    92.68%      0.10
 0             348   3904        22/1/0    93.28%      0.11
 0             279   3624        23/1/0    93.76%      0.12
 0             273   3347        25/2/0    94.24%      0.12
 0             234   3111        26/3/0    94.64%      0.12
 0             232   2877        27/4/0    95.04%      0.12
 0             215   2661        28/4/0    95.41%      0.14
 0             219   2434        31/6/0    95.80%      0.14
 0             183   2249        33/6/1    96.12%      0.14
 0             250   1997        35/6/1    96.55%      0.15
 0             130   1865        37/6/1    96.78%      0.16
 0             117   1746        39/6/1    96.98%      0.16
 0             119   1621        41/7/1    97.19%      0.17
 0             115   1503        43/7/1    97.39%      0.17
 0             108   1392        45/8/1    97.58%      0.18
 0             149   1239        48/9/1    97.85%      0.18
 0             108   1129        50/9/1    98.03%      0.19
 0              82   1040       53/11/1    98.18%      0.20
 0              88    949       55/12/1    98.34%      0.20
 0              79    861       57/13/1    98.47%      0.20
 0              82    775       60/13/1    98.62%      0.22
 0              66    705       63/13/1    98.74%      0.22
 0             108    593       66/13/1    98.94%      0.22
 0              56    531       70/13/1    99.04%      0.23
 0              67    457       74/14/1    99.17%      0.24
 0              62    393       75/15/1    99.28%      0.25
 0              89    298       79/15/1    99.44%      0.25
 0              52    240       83/15/1    99.54%      0.26
 0              48    188       84/18/1    99.62%      0.27
 0              48    137       87/18/1    99.71%      0.27
 0              43     91       90/18/1    99.79%      0.28
 0              42     47       91/19/1    99.87%      0.28
 0              44      3       91/19/1    99.94%      0.28
 0               3      0       91/19/1    99.95%      0.29
 
            Pattern Summary Report
 -----------------------------------------------
 #internal patterns                           0
 -----------------------------------------------
 

     Uncollapsed Stuck Fault Summary Report
 -----------------------------------------------
 fault class                     code   #faults
 ------------------------------  ----  ---------
 Detected                         DT      58014
 Possibly detected                PT          0
 Undetectable                     UD        121
 ATPG untestable                  AU         31
 Not detected                     ND          0
 -----------------------------------------------
 total faults                             58166
 test coverage                            99.95%
 -----------------------------------------------
  Information: The test coverage above may be inferior
               than the real test coverage with customized
               protocol and test simulation library.
1
