 
****************************************
Report : qor
Design : CSS_Transmitter_Top
Version: O-2018.06-SP1
Date   : Fri Sep 18 12:08:53 2026
****************************************


  Timing Path Group 'SYS_CLK'
  -----------------------------------
  Levels of Logic:              14.00
  Critical Path Length:         30.25
  Critical Path Slack:           0.03
  Critical Path Clk Period:     31.25
  Total Negative Slack:          0.00
  No. of Violating Paths:        0.00
  Worst Hold Violation:          0.00
  Total Hold Violation:          0.00
  No. of Hold Violations:        0.00
  -----------------------------------


  Cell Count
  -----------------------------------
  Hierarchical Cell Count:         52
  Hierarchical Port Count:       1270
  Leaf Cell Count:               7152
  Buf/Inv Cell Count:            2140
  Buf Cell Count:                 670
  Inv Cell Count:                1470
  CT Buf/Inv Cell Count:            0
  Combinational Cell Count:      5888
  Sequential Cell Count:         1264
  Macro Count:                      0
  -----------------------------------


  Area
  -----------------------------------
  Combinational Area:    52760.678400
  Noncombinational Area: 38875.852531
  Buf/Inv Area:          12811.161882
  Total Buffer Area:          4513.08
  Total Inverter Area:        8298.09
  Macro/Black Box Area:      0.000000
  Net Area:               6674.373050
  -----------------------------------
  Cell Area:             91636.530931
  Design Area:           98310.903981


  Design Rules
  -----------------------------------
  Total Number of Nets:          8508
  Nets With Violations:             0
  Max Trans Violations:             0
  Max Cap Violations:               0
  -----------------------------------


  Hostname: IC_EDA

  Compile CPU Statistics
  -----------------------------------------
  Resource Sharing:                    0.18
  Logic Optimization:                  0.10
  Mapping Optimization:                0.56
  -----------------------------------------
  Overall Compile Time:                1.60
  Overall Compile Wall Clock Time:     1.85

  --------------------------------------------------------------------

  Design  WNS: 0.00  TNS: 0.00  Number of Violating Paths: 0


  Design (Hold)  WNS: 0.00  TNS: 0.00  Number of Violating Paths: 0

  --------------------------------------------------------------------


1
