In mode: all_dft...
  Pre-DFT DRC enabled
Warning: Design 'CSS_Transmitter_Top' contains 1 high-fanout nets. A fanout number of 1000 will be used for delay calculations involving these nets. (TIM-134)

Information: Starting test design rule checking. (TEST-222)
  Loading test protocol
  ...basic checks...
  ...basic sequential cell checks...
  	...checking for scan equivalents...
  ...checking vector rules...
  ...checking pre-dft rules...

-----------------------------------------------------------------
Begin Pre-DFT violations...

 Warning: Clock rstn connects to data input (D) of DFF u_framer/u_ctrl/busy_prev_reg. (D10-1)
 Warning: Clock rstn connects to data input (D) of DFF u_framer/u_ctrl/k_reg_0_. (D10-2)
 Warning: Clock rstn connects to data input (D) of DFF u_framer/u_ctrl/k_reg_2_. (D10-3)
 Warning: Clock rstn connects to data input (D) of DFF u_framer/u_ctrl/k_reg_3_. (D10-4)
 Warning: Clock rstn connects to data input (D) of DFF u_framer/u_ctrl/bits_left_reg_0_. (D10-5)
 Warning: Clock rstn connects to data input (D) of DFF u_framer/u_ctrl/state_reg_1_. (D10-6)
 Warning: Clock rstn connects to data input (D) of DFF u_framer/u_ctrl/start_prev_reg. (D10-7)
 Warning: Clock rstn connects to data input (D) of DFF u_framer/u_ctrl/len_err_reg. (D10-8)
 Warning: Clock rstn connects to data input (D) of DFF u_framer/u_ctrl/half_reg. (D10-9)
 Warning: Clock rstn connects to data input (D) of DFF u_framer/u_ctrl/k_reg_1_. (D10-10)
 Warning: Clock rstn connects to data input (D) of DFF u_framer/u_ctrl/bits_left_reg_10_. (D10-11)
 Warning: Clock rstn connects to data input (D) of DFF u_framer/u_ctrl/bits_left_reg_9_. (D10-12)
 Warning: Clock rstn connects to data input (D) of DFF u_framer/u_ctrl/bits_left_reg_8_. (D10-13)
 Warning: Clock rstn connects to data input (D) of DFF u_framer/u_ctrl/bits_left_reg_7_. (D10-14)
 Warning: Clock rstn connects to data input (D) of DFF u_framer/u_ctrl/bits_left_reg_6_. (D10-15)
 Warning: Clock rstn connects to data input (D) of DFF u_framer/u_ctrl/bits_left_reg_5_. (D10-16)
 Warning: Clock rstn connects to data input (D) of DFF u_framer/u_ctrl/bits_left_reg_4_. (D10-17)
 Warning: Clock rstn connects to data input (D) of DFF u_framer/u_ctrl/bits_left_reg_3_. (D10-18)
 Warning: Clock rstn connects to data input (D) of DFF u_framer/u_ctrl/bits_left_reg_2_. (D10-19)
 Warning: Clock rstn connects to data input (D) of DFF u_framer/u_ctrl/bits_left_reg_1_. (D10-20)
 Warning: Clock rstn connects to data input (D) of DFF u_framer/u_ctrl/wptr_reg_0_. (D10-21)
 Warning: Clock rstn connects to data input (D) of DFF u_framer/u_ctrl/wptr_reg_1_. (D10-22)
 Warning: Clock rstn connects to data input (D) of DFF u_framer/u_ctrl/wptr_reg_2_. (D10-23)
 Warning: Clock rstn connects to data input (D) of DFF u_framer/u_ctrl/wptr_reg_3_. (D10-24)
 Warning: Clock rstn connects to data input (D) of DFF u_framer/u_ctrl/wptr_reg_4_. (D10-25)
 Warning: Clock rstn connects to data input (D) of DFF u_framer/u_ctrl/wptr_reg_5_. (D10-26)
 Warning: Clock rstn connects to data input (D) of DFF u_framer/u_ctrl/wptr_reg_6_. (D10-27)
 Warning: Clock rstn connects to data input (D) of DFF u_framer/u_ctrl/wptr_reg_7_. (D10-28)
 Warning: Clock rstn connects to data input (D) of DFF u_framer/u_ctrl/wptr_reg_8_. (D10-29)
 Warning: Clock rstn connects to data input (D) of DFF u_framer/u_ctrl/wptr_reg_9_. (D10-30)
 Warning: Clock rstn connects to data input (D) of DFF u_framer/u_ctrl/bits_left_reg_11_. (D10-31)
 Warning: Clock rstn connects to data input (D) of DFF u_framer/u_ctrl/shr_cnt_reg_4_. (D10-32)
 Warning: Clock rstn connects to data input (D) of DFF u_framer/u_ctrl/shr_cnt_reg_0_. (D10-33)
 Warning: Clock rstn connects to data input (D) of DFF u_framer/u_ctrl/shr_cnt_reg_1_. (D10-34)
 Warning: Clock rstn connects to data input (D) of DFF u_framer/u_ctrl/shr_cnt_reg_2_. (D10-35)
 Warning: Clock rstn connects to data input (D) of DFF u_framer/u_ctrl/shr_cnt_reg_3_. (D10-36)
 Warning: Clock rstn connects to data input (D) of DFF u_framer/u_ctrl/byte_idx_reg_1_. (D10-37)
 Warning: Clock rstn connects to data input (D) of DFF u_framer/u_ctrl/byte_idx_reg_2_. (D10-38)
 Warning: Clock rstn connects to data input (D) of DFF u_framer/u_ctrl/byte_idx_reg_3_. (D10-39)
 Warning: Clock rstn connects to data input (D) of DFF u_framer/u_ctrl/byte_idx_reg_4_. (D10-40)
 Warning: Clock rstn connects to data input (D) of DFF u_framer/u_ctrl/byte_idx_reg_5_. (D10-41)
 Warning: Clock rstn connects to data input (D) of DFF u_framer/u_ctrl/byte_idx_reg_6_. (D10-42)
 Warning: Clock rstn connects to data input (D) of DFF u_framer/u_ctrl/byte_idx_reg_7_. (D10-43)
 Warning: Clock rstn connects to data input (D) of DFF u_framer/u_ctrl/load_cnt_reg_1_. (D10-44)
 Warning: Clock rstn connects to data input (D) of DFF u_framer/u_ctrl/load_cnt_reg_0_. (D10-45)
 Warning: Clock rstn connects to data input (D) of DFF u_framer/u_ctrl/phr_blk_reg. (D10-46)
 Warning: Clock rstn connects to data input (D) of DFF u_framer/u_ctrl/ppdu_done_reg. (D10-47)
 Warning: Clock rstn connects to data input (D) of DFF u_framer/u_ctrl/ppdu_nibbles_reg_9_. (D10-48)
 Warning: Clock rstn connects to data input (D) of DFF u_framer/u_ctrl/ppdu_nibbles_reg_8_. (D10-49)
 Warning: Clock rstn connects to data input (D) of DFF u_framer/u_ctrl/ppdu_nibbles_reg_7_. (D10-50)
 Warning: Clock rstn connects to data input (D) of DFF u_framer/u_ctrl/ppdu_nibbles_reg_6_. (D10-51)
 Warning: Clock rstn connects to data input (D) of DFF u_framer/u_ctrl/ppdu_nibbles_reg_5_. (D10-52)
 Warning: Clock rstn connects to data input (D) of DFF u_framer/u_ctrl/ppdu_nibbles_reg_4_. (D10-53)
 Warning: Clock rstn connects to data input (D) of DFF u_framer/u_ctrl/ppdu_nibbles_reg_3_. (D10-54)
 Warning: Clock rstn connects to data input (D) of DFF u_framer/u_ctrl/ppdu_nibbles_reg_2_. (D10-55)
 Warning: Clock rstn connects to data input (D) of DFF u_framer/u_ctrl/ppdu_nibbles_reg_1_. (D10-56)
 Warning: Clock rstn connects to data input (D) of DFF u_framer/u_ctrl/ppdu_nibbles_reg_0_. (D10-57)
 Warning: Clock rstn connects to data input (D) of DFF u_framer/u_ctrl/win_reg_0_. (D10-58)
 Warning: Clock rstn connects to data input (D) of DFF u_framer/u_ctrl/win_reg_1_. (D10-59)
 Warning: Clock rstn connects to data input (D) of DFF u_framer/u_ctrl/len_q_reg_6_. (D10-60)
 Warning: Clock rstn connects to data input (D) of DFF u_framer/u_ctrl/len_q_reg_5_. (D10-61)
 Warning: Clock rstn connects to data input (D) of DFF u_framer/u_ctrl/len_q_reg_4_. (D10-62)
 Warning: Clock rstn connects to data input (D) of DFF u_framer/u_ctrl/len_q_reg_3_. (D10-63)
 Warning: Clock rstn connects to data input (D) of DFF u_framer/u_ctrl/len_q_reg_2_. (D10-64)
 Warning: Clock rstn connects to data input (D) of DFF u_framer/u_ctrl/len_q_reg_1_. (D10-65)
 Warning: Clock rstn connects to data input (D) of DFF u_framer/u_ctrl/len_q_reg_0_. (D10-66)
 Warning: Clock rstn connects to data input (D) of DFF u_framer/u_ctrl/state_reg_2_. (D10-67)
 Warning: Clock rstn connects to data input (D) of DFF u_framer/u_ctrl/state_reg_0_. (D10-68)
 Warning: Clock rstn connects to data input (D) of DFF u_framer/u_ctrl/rate_q_reg. (D10-69)
 Warning: Clock rstn connects to data input (D) of DFF u_framer/u_ctrl/byte_idx_reg_0_. (D10-70)
 Warning: Clock rstn connects to data input (D) of DFF u_framer/u_payload_ram/we_q_reg. (D10-71)
 Warning: Clock rstn connects to data input (D) of DFF u_framer/u_payload_ram/waddr_q_reg_6_. (D10-72)
 Warning: Clock rstn connects to data input (D) of DFF u_framer/u_payload_ram/waddr_q_reg_5_. (D10-73)
 Warning: Clock rstn connects to data input (D) of DFF u_framer/u_payload_ram/waddr_q_reg_4_. (D10-74)
 Warning: Clock rstn connects to data input (D) of DFF u_framer/u_payload_ram/waddr_q_reg_3_. (D10-75)
 Warning: Clock rstn connects to data input (D) of DFF u_framer/u_payload_ram/waddr_q_reg_2_. (D10-76)
 Warning: Clock rstn connects to data input (D) of DFF u_framer/u_payload_ram/waddr_q_reg_0_. (D10-77)
 Warning: Clock rstn connects to data input (D) of DFF u_framer/u_payload_ram/rdata_reg_7_. (D10-78)
 Warning: Clock rstn connects to data input (D) of DFF u_framer/u_payload_ram/rdata_reg_6_. (D10-79)
 Warning: Clock rstn connects to data input (D) of DFF u_framer/u_payload_ram/rdata_reg_5_. (D10-80)
 Warning: Clock rstn connects to data input (D) of DFF u_framer/u_payload_ram/rdata_reg_4_. (D10-81)
 Warning: Clock rstn connects to data input (D) of DFF u_framer/u_payload_ram/rdata_reg_3_. (D10-82)
 Warning: Clock rstn connects to data input (D) of DFF u_framer/u_payload_ram/rdata_reg_2_. (D10-83)
 Warning: Clock rstn connects to data input (D) of DFF u_framer/u_payload_ram/rdata_reg_1_. (D10-84)
 Warning: Clock rstn connects to data input (D) of DFF u_framer/u_payload_ram/rdata_reg_0_. (D10-85)
 Warning: Clock rstn connects to data input (D) of DFF u_framer/u_payload_ram/wdata_q_reg_1_. (D10-86)
 Warning: Clock rstn connects to data input (D) of DFF u_framer/u_payload_ram/wdata_q_reg_3_. (D10-87)
 Warning: Clock rstn connects to data input (D) of DFF u_framer/u_payload_ram/wdata_q_reg_5_. (D10-88)
 Warning: Clock rstn connects to data input (D) of DFF u_framer/u_payload_ram/wdata_q_reg_7_. (D10-89)
 Warning: Clock rstn connects to data input (D) of DFF u_framer/u_payload_ram/wdata_q_reg_0_. (D10-90)
 Warning: Clock rstn connects to data input (D) of DFF u_framer/u_payload_ram/wdata_q_reg_2_. (D10-91)
 Warning: Clock rstn connects to data input (D) of DFF u_framer/u_payload_ram/wdata_q_reg_4_. (D10-92)
 Warning: Clock rstn connects to data input (D) of DFF u_framer/u_payload_ram/wdata_q_reg_6_. (D10-93)
 Warning: Clock rstn connects to data input (D) of DFF u_framer/u_payload_ram/waddr_q_reg_1_. (D10-94)
 Warning: Clock rstn connects to data input (D) of DFF u_framer/u_acc/acc_reg_23_. (D10-95)
 Warning: Clock rstn connects to data input (D) of DFF u_framer/u_acc/acc_reg_22_. (D10-96)
 Warning: Clock rstn connects to data input (D) of DFF u_framer/u_acc/acc_reg_21_. (D10-97)
 Warning: Clock rstn connects to data input (D) of DFF u_framer/u_acc/acc_reg_20_. (D10-98)
 Warning: Clock rstn connects to data input (D) of DFF u_framer/u_acc/acc_reg_19_. (D10-99)
 Warning: Clock rstn connects to data input (D) of DFF u_framer/u_acc/acc_reg_18_. (D10-100)
 Warning: Clock rstn connects to data input (D) of DFF u_framer/u_acc/acc_reg_17_. (D10-101)
 Warning: Clock rstn connects to data input (D) of DFF u_framer/u_acc/acc_reg_16_. (D10-102)
 Warning: Clock rstn connects to data input (D) of DFF u_framer/u_acc/acc_reg_15_. (D10-103)
 Warning: Clock rstn connects to data input (D) of DFF u_framer/u_acc/acc_reg_14_. (D10-104)
 Warning: Clock rstn connects to data input (D) of DFF u_framer/u_acc/acc_reg_13_. (D10-105)
 Warning: Clock rstn connects to data input (D) of DFF u_framer/u_acc/acc_reg_12_. (D10-106)
 Warning: Clock rstn connects to data input (D) of DFF u_framer/u_acc/acc_reg_11_. (D10-107)
 Warning: Clock rstn connects to data input (D) of DFF u_framer/u_acc/acc_reg_10_. (D10-108)
 Warning: Clock rstn connects to data input (D) of DFF u_framer/u_acc/acc_reg_9_. (D10-109)
 Warning: Clock rstn connects to data input (D) of DFF u_framer/u_acc/acc_reg_8_. (D10-110)
 Warning: Clock rstn connects to data input (D) of DFF u_framer/u_acc/acc_reg_6_. (D10-111)
 Warning: Clock rstn connects to data input (D) of DFF u_framer/u_acc/acc_reg_3_. (D10-112)
 Warning: Clock rstn connects to data input (D) of DFF u_framer/u_acc/acc_reg_2_. (D10-113)
 Warning: Clock rstn connects to data input (D) of DFF u_framer/u_acc/acc_reg_1_. (D10-114)
 Warning: Clock rstn connects to data input (D) of DFF u_framer/u_acc/acc_reg_7_. (D10-115)
 Warning: Clock rstn connects to data input (D) of DFF u_framer/u_acc/acc_reg_4_. (D10-116)
 Warning: Clock rstn connects to data input (D) of DFF u_framer/u_acc/acc_reg_0_. (D10-117)
 Warning: Clock rstn connects to data input (D) of DFF u_framer/u_acc/acc_reg_5_. (D10-118)
 Warning: Clock rstn connects to data input (D) of DFF u_framer/u_il/hold_q_reg_31_. (D10-119)
 Warning: Clock rstn connects to data input (D) of DFF u_framer/u_il/hold_q_reg_30_. (D10-120)
 Warning: Clock rstn connects to data input (D) of DFF u_framer/u_il/hold_q_reg_29_. (D10-121)
 Warning: Clock rstn connects to data input (D) of DFF u_framer/u_il/hold_q_reg_28_. (D10-122)
 Warning: Clock rstn connects to data input (D) of DFF u_framer/u_il/hold_q_reg_27_. (D10-123)
 Warning: Clock rstn connects to data input (D) of DFF u_framer/u_il/hold_q_reg_26_. (D10-124)
 Warning: Clock rstn connects to data input (D) of DFF u_framer/u_il/hold_q_reg_25_. (D10-125)
 Warning: Clock rstn connects to data input (D) of DFF u_framer/u_il/hold_q_reg_24_. (D10-126)
 Warning: Clock rstn connects to data input (D) of DFF u_framer/u_il/hold_q_reg_23_. (D10-127)
 Warning: Clock rstn connects to data input (D) of DFF u_framer/u_il/hold_q_reg_22_. (D10-128)
 Warning: Clock rstn connects to data input (D) of DFF u_framer/u_il/hold_q_reg_21_. (D10-129)
 Warning: Clock rstn connects to data input (D) of DFF u_framer/u_il/hold_q_reg_20_. (D10-130)
 Warning: Clock rstn connects to data input (D) of DFF u_framer/u_il/hold_q_reg_19_. (D10-131)
 Warning: Clock rstn connects to data input (D) of DFF u_framer/u_il/hold_q_reg_18_. (D10-132)
 Warning: Clock rstn connects to data input (D) of DFF u_framer/u_il/hold_q_reg_17_. (D10-133)
 Warning: Clock rstn connects to data input (D) of DFF u_framer/u_il/hold_q_reg_16_. (D10-134)
 Warning: Clock rstn connects to data input (D) of DFF u_framer/u_il/hold_q_reg_15_. (D10-135)
 Warning: Clock rstn connects to data input (D) of DFF u_framer/u_il/hold_q_reg_14_. (D10-136)
 Warning: Clock rstn connects to data input (D) of DFF u_framer/u_il/hold_q_reg_13_. (D10-137)
 Warning: Clock rstn connects to data input (D) of DFF u_framer/u_il/hold_q_reg_12_. (D10-138)
 Warning: Clock rstn connects to data input (D) of DFF u_framer/u_il/hold_q_reg_11_. (D10-139)
 Warning: Clock rstn connects to data input (D) of DFF u_framer/u_il/hold_q_reg_10_. (D10-140)
 Warning: Clock rstn connects to data input (D) of DFF u_framer/u_il/hold_q_reg_9_. (D10-141)
 Warning: Clock rstn connects to data input (D) of DFF u_framer/u_il/hold_q_reg_8_. (D10-142)
 Warning: Clock rstn connects to data input (D) of DFF u_framer/u_il/hold_q_reg_7_. (D10-143)
 Warning: Clock rstn connects to data input (D) of DFF u_framer/u_il/hold_q_reg_6_. (D10-144)
 Warning: Clock rstn connects to data input (D) of DFF u_framer/u_il/hold_q_reg_5_. (D10-145)
 Warning: Clock rstn connects to data input (D) of DFF u_framer/u_il/hold_q_reg_4_. (D10-146)
 Warning: Clock rstn connects to data input (D) of DFF u_framer/u_il/hold_q_reg_3_. (D10-147)
 Warning: Clock rstn connects to data input (D) of DFF u_framer/u_il/hold_q_reg_2_. (D10-148)
 Warning: Clock rstn connects to data input (D) of DFF u_framer/u_il/hold_q_reg_1_. (D10-149)
 Warning: Clock rstn connects to data input (D) of DFF u_framer/u_il/hold_q_reg_0_. (D10-150)
 Warning: Clock rstn connects to data input (D) of DFF u_framer/u_il/hold_i_reg_31_. (D10-151)
 Warning: Clock rstn connects to data input (D) of DFF u_framer/u_il/hold_i_reg_30_. (D10-152)
 Warning: Clock rstn connects to data input (D) of DFF u_framer/u_il/hold_i_reg_29_. (D10-153)
 Warning: Clock rstn connects to data input (D) of DFF u_framer/u_il/hold_i_reg_28_. (D10-154)
 Warning: Clock rstn connects to data input (D) of DFF u_framer/u_il/hold_i_reg_27_. (D10-155)
 Warning: Clock rstn connects to data input (D) of DFF u_framer/u_il/hold_i_reg_26_. (D10-156)
 Warning: Clock rstn connects to data input (D) of DFF u_framer/u_il/hold_i_reg_25_. (D10-157)
 Warning: Clock rstn connects to data input (D) of DFF u_framer/u_il/hold_i_reg_24_. (D10-158)
 Warning: Clock rstn connects to data input (D) of DFF u_framer/u_il/hold_i_reg_23_. (D10-159)
 Warning: Clock rstn connects to data input (D) of DFF u_framer/u_il/hold_i_reg_22_. (D10-160)
 Warning: Clock rstn connects to data input (D) of DFF u_framer/u_il/hold_i_reg_21_. (D10-161)
 Warning: Clock rstn connects to data input (D) of DFF u_framer/u_il/hold_i_reg_20_. (D10-162)
 Warning: Clock rstn connects to data input (D) of DFF u_framer/u_il/hold_i_reg_19_. (D10-163)
 Warning: Clock rstn connects to data input (D) of DFF u_framer/u_il/hold_i_reg_18_. (D10-164)
 Warning: Clock rstn connects to data input (D) of DFF u_framer/u_il/hold_i_reg_17_. (D10-165)
 Warning: Clock rstn connects to data input (D) of DFF u_framer/u_il/hold_i_reg_16_. (D10-166)
 Warning: Clock rstn connects to data input (D) of DFF u_framer/u_il/hold_i_reg_15_. (D10-167)
 Warning: Clock rstn connects to data input (D) of DFF u_framer/u_il/hold_i_reg_14_. (D10-168)
 Warning: Clock rstn connects to data input (D) of DFF u_framer/u_il/hold_i_reg_13_. (D10-169)
 Warning: Clock rstn connects to data input (D) of DFF u_framer/u_il/hold_i_reg_12_. (D10-170)
 Warning: Clock rstn connects to data input (D) of DFF u_framer/u_il/hold_i_reg_11_. (D10-171)
 Warning: Clock rstn connects to data input (D) of DFF u_framer/u_il/hold_i_reg_10_. (D10-172)
 Warning: Clock rstn connects to data input (D) of DFF u_framer/u_il/hold_i_reg_9_. (D10-173)
 Warning: Clock rstn connects to data input (D) of DFF u_framer/u_il/hold_i_reg_8_. (D10-174)
 Warning: Clock rstn connects to data input (D) of DFF u_framer/u_il/hold_i_reg_7_. (D10-175)
 Warning: Clock rstn connects to data input (D) of DFF u_framer/u_il/hold_i_reg_6_. (D10-176)
 Warning: Clock rstn connects to data input (D) of DFF u_framer/u_il/hold_i_reg_5_. (D10-177)
 Warning: Clock rstn connects to data input (D) of DFF u_framer/u_il/hold_i_reg_4_. (D10-178)
 Warning: Clock rstn connects to data input (D) of DFF u_framer/u_il/hold_i_reg_3_. (D10-179)
 Warning: Clock rstn connects to data input (D) of DFF u_framer/u_il/hold_i_reg_2_. (D10-180)
 Warning: Clock rstn connects to data input (D) of DFF u_framer/u_il/hold_i_reg_1_. (D10-181)
 Warning: Clock rstn connects to data input (D) of DFF u_framer/u_il/hold_i_reg_0_. (D10-182)

Pre-DFT violations completed...
-----------------------------------------------------------------

-----------------------------------------------------------------
  DRC Report

  Total violations: 182

-----------------------------------------------------------------

182 PRE-DFT VIOLATIONS
   182 Clock feeding data input violations (D10)


Warning: Violations occurred during test design rule checking. (TEST-124)

-----------------------------------------------------------------
  Sequential Cell Report

  0 out of 1264 sequential cells have violations

-----------------------------------------------------------------

SEQUENTIAL CELLS WITHOUT VIOLATIONS
      *1264 cells are valid scan cells
         u_framer/u_ctrl/busy_prev_reg
         u_framer/u_ctrl/k_reg_0_
         u_framer/u_ctrl/k_reg_2_
         u_framer/u_ctrl/k_reg_3_
         u_framer/u_ctrl/bits_left_reg_0_
         u_framer/u_ctrl/state_reg_1_
         u_framer/u_ctrl/start_prev_reg
         u_framer/u_ctrl/len_err_reg
         u_framer/u_ctrl/half_reg
         u_framer/u_ctrl/k_reg_1_
         u_framer/u_ctrl/bits_left_reg_10_
         u_framer/u_ctrl/bits_left_reg_9_
         u_framer/u_ctrl/bits_left_reg_8_
         u_framer/u_ctrl/bits_left_reg_7_
         u_framer/u_ctrl/bits_left_reg_6_
         u_framer/u_ctrl/bits_left_reg_5_
         u_framer/u_ctrl/bits_left_reg_4_
         u_framer/u_ctrl/bits_left_reg_3_
         u_framer/u_ctrl/bits_left_reg_2_
         u_framer/u_ctrl/bits_left_reg_1_
         u_framer/u_ctrl/wptr_reg_0_
         u_framer/u_ctrl/wptr_reg_1_
         u_framer/u_ctrl/wptr_reg_2_
         u_framer/u_ctrl/wptr_reg_3_
         u_framer/u_ctrl/wptr_reg_4_
         u_framer/u_ctrl/wptr_reg_5_
         u_framer/u_ctrl/wptr_reg_6_
         u_framer/u_ctrl/wptr_reg_7_
         u_framer/u_ctrl/wptr_reg_8_
         u_framer/u_ctrl/wptr_reg_9_
         u_framer/u_ctrl/bits_left_reg_11_
         u_framer/u_ctrl/shr_cnt_reg_4_
         u_framer/u_ctrl/shr_cnt_reg_0_
         u_framer/u_ctrl/shr_cnt_reg_1_
         u_framer/u_ctrl/shr_cnt_reg_2_
         u_framer/u_ctrl/shr_cnt_reg_3_
         u_framer/u_ctrl/byte_idx_reg_1_
         u_framer/u_ctrl/byte_idx_reg_2_
         u_framer/u_ctrl/byte_idx_reg_3_
         u_framer/u_ctrl/byte_idx_reg_4_
         u_framer/u_ctrl/byte_idx_reg_5_
         u_framer/u_ctrl/byte_idx_reg_6_
         u_framer/u_ctrl/byte_idx_reg_7_
         u_framer/u_ctrl/load_cnt_reg_1_
         u_framer/u_ctrl/load_cnt_reg_0_
         u_framer/u_ctrl/phr_blk_reg
         u_framer/u_ctrl/ppdu_done_reg
         u_framer/u_ctrl/ppdu_nibbles_reg_9_
         u_framer/u_ctrl/ppdu_nibbles_reg_8_
         u_framer/u_ctrl/ppdu_nibbles_reg_7_
         u_framer/u_ctrl/ppdu_nibbles_reg_6_
         u_framer/u_ctrl/ppdu_nibbles_reg_5_
         u_framer/u_ctrl/ppdu_nibbles_reg_4_
         u_framer/u_ctrl/ppdu_nibbles_reg_3_
         u_framer/u_ctrl/ppdu_nibbles_reg_2_
         u_framer/u_ctrl/ppdu_nibbles_reg_1_
         u_framer/u_ctrl/ppdu_nibbles_reg_0_
         u_framer/u_ctrl/win_reg_0_
         u_framer/u_ctrl/win_reg_1_
         u_framer/u_ctrl/len_q_reg_6_
         u_framer/u_ctrl/len_q_reg_5_
         u_framer/u_ctrl/len_q_reg_4_
         u_framer/u_ctrl/len_q_reg_3_
         u_framer/u_ctrl/len_q_reg_2_
         u_framer/u_ctrl/len_q_reg_1_
         u_framer/u_ctrl/len_q_reg_0_
         u_framer/u_ctrl/state_reg_2_
         u_framer/u_ctrl/state_reg_0_
         u_framer/u_ctrl/rate_q_reg
         u_framer/u_ctrl/byte_idx_reg_0_
         u_framer/u_payload_ram/we_q_reg
         u_framer/u_payload_ram/waddr_q_reg_6_
         u_framer/u_payload_ram/waddr_q_reg_5_
         u_framer/u_payload_ram/waddr_q_reg_4_
         u_framer/u_payload_ram/waddr_q_reg_3_
         u_framer/u_payload_ram/waddr_q_reg_2_
         u_framer/u_payload_ram/waddr_q_reg_0_
         u_framer/u_payload_ram/rdata_reg_7_
         u_framer/u_payload_ram/rdata_reg_6_
         u_framer/u_payload_ram/rdata_reg_5_
         u_framer/u_payload_ram/rdata_reg_4_
         u_framer/u_payload_ram/rdata_reg_3_
         u_framer/u_payload_ram/rdata_reg_2_
         u_framer/u_payload_ram/rdata_reg_1_
         u_framer/u_payload_ram/rdata_reg_0_
         u_framer/u_payload_ram/wdata_q_reg_1_
         u_framer/u_payload_ram/wdata_q_reg_3_
         u_framer/u_payload_ram/wdata_q_reg_5_
         u_framer/u_payload_ram/wdata_q_reg_7_
         u_framer/u_payload_ram/wdata_q_reg_0_
         u_framer/u_payload_ram/wdata_q_reg_2_
         u_framer/u_payload_ram/wdata_q_reg_4_
         u_framer/u_payload_ram/wdata_q_reg_6_
         u_framer/u_payload_ram/waddr_q_reg_1_
         u_framer/u_acc/acc_reg_23_
         u_framer/u_acc/acc_reg_22_
         u_framer/u_acc/acc_reg_21_
         u_framer/u_acc/acc_reg_20_
         u_framer/u_acc/acc_reg_19_
         u_framer/u_acc/acc_reg_18_
         u_framer/u_acc/acc_reg_17_
         u_framer/u_acc/acc_reg_16_
         u_framer/u_acc/acc_reg_15_
         u_framer/u_acc/acc_reg_14_
         u_framer/u_acc/acc_reg_13_
         u_framer/u_acc/acc_reg_12_
         u_framer/u_acc/acc_reg_11_
         u_framer/u_acc/acc_reg_10_
         u_framer/u_acc/acc_reg_9_
         u_framer/u_acc/acc_reg_8_
         u_framer/u_acc/acc_reg_6_
         u_framer/u_acc/acc_reg_3_
         u_framer/u_acc/acc_reg_2_
         u_framer/u_acc/acc_reg_1_
         u_framer/u_acc/acc_reg_7_
         u_framer/u_acc/acc_reg_4_
         u_framer/u_acc/acc_reg_0_
         u_framer/u_acc/acc_reg_5_
         u_framer/u_il/hold_q_reg_31_
         u_framer/u_il/hold_q_reg_30_
         u_framer/u_il/hold_q_reg_29_
         u_framer/u_il/hold_q_reg_28_
         u_framer/u_il/hold_q_reg_27_
         u_framer/u_il/hold_q_reg_26_
         u_framer/u_il/hold_q_reg_25_
         u_framer/u_il/hold_q_reg_24_
         u_framer/u_il/hold_q_reg_23_
         u_framer/u_il/hold_q_reg_22_
         u_framer/u_il/hold_q_reg_21_
         u_framer/u_il/hold_q_reg_20_
         u_framer/u_il/hold_q_reg_19_
         u_framer/u_il/hold_q_reg_18_
         u_framer/u_il/hold_q_reg_17_
         u_framer/u_il/hold_q_reg_16_
         u_framer/u_il/hold_q_reg_15_
         u_framer/u_il/hold_q_reg_14_
         u_framer/u_il/hold_q_reg_13_
         u_framer/u_il/hold_q_reg_12_
         u_framer/u_il/hold_q_reg_11_
         u_framer/u_il/hold_q_reg_10_
         u_framer/u_il/hold_q_reg_9_
         u_framer/u_il/hold_q_reg_8_
         u_framer/u_il/hold_q_reg_7_
         u_framer/u_il/hold_q_reg_6_
         u_framer/u_il/hold_q_reg_5_
         u_framer/u_il/hold_q_reg_4_
         u_framer/u_il/hold_q_reg_3_
         u_framer/u_il/hold_q_reg_2_
         u_framer/u_il/hold_q_reg_1_
         u_framer/u_il/hold_q_reg_0_
         u_framer/u_il/hold_i_reg_31_
         u_framer/u_il/hold_i_reg_30_
         u_framer/u_il/hold_i_reg_29_
         u_framer/u_il/hold_i_reg_28_
         u_framer/u_il/hold_i_reg_27_
         u_framer/u_il/hold_i_reg_26_
         u_framer/u_il/hold_i_reg_25_
         u_framer/u_il/hold_i_reg_24_
         u_framer/u_il/hold_i_reg_23_
         u_framer/u_il/hold_i_reg_22_
         u_framer/u_il/hold_i_reg_21_
         u_framer/u_il/hold_i_reg_20_
         u_framer/u_il/hold_i_reg_19_
         u_framer/u_il/hold_i_reg_18_
         u_framer/u_il/hold_i_reg_17_
         u_framer/u_il/hold_i_reg_16_
         u_framer/u_il/hold_i_reg_15_
         u_framer/u_il/hold_i_reg_14_
         u_framer/u_il/hold_i_reg_13_
         u_framer/u_il/hold_i_reg_12_
         u_framer/u_il/hold_i_reg_11_
         u_framer/u_il/hold_i_reg_10_
         u_framer/u_il/hold_i_reg_9_
         u_framer/u_il/hold_i_reg_8_
         u_framer/u_il/hold_i_reg_7_
         u_framer/u_il/hold_i_reg_6_
         u_framer/u_il/hold_i_reg_5_
         u_framer/u_il/hold_i_reg_4_
         u_framer/u_il/hold_i_reg_3_
         u_framer/u_il/hold_i_reg_2_
         u_framer/u_il/hold_i_reg_1_
         u_framer/u_il/hold_i_reg_0_
         Modulation_system_cart/DeLAY_REG/dataout_reg_0_
         Modulation_system_cart/Address_A/address_reg_0_
         Modulation_system_cart/Address_A/address_reg_1_
         Modulation_system_cart/Address_A/address_reg_2_
         Modulation_system_cart/I_bit_RAM/mem_reg_3_
         Modulation_system_cart/I_bit_RAM/mem_reg_2_
         Modulation_system_cart/I_bit_RAM/mem_reg_1_
         Modulation_system_cart/I_bit_RAM/mem_reg_0_
         Modulation_system_cart/Q_bit_RAM/mem_reg_3_
         Modulation_system_cart/Q_bit_RAM/mem_reg_2_
         Modulation_system_cart/Q_bit_RAM/mem_reg_1_
         Modulation_system_cart/Q_bit_RAM/mem_reg_0_
         Modulation_system_cart/feedback_memory/mem_re_reg_0__1_
         Modulation_system_cart/feedback_memory/mem_re_reg_0__0_
         Modulation_system_cart/feedback_memory/mem_re_reg_1__1_
         Modulation_system_cart/feedback_memory/mem_re_reg_1__0_
         Modulation_system_cart/feedback_memory/mem_re_reg_2__1_
         Modulation_system_cart/feedback_memory/mem_re_reg_2__0_
         Modulation_system_cart/feedback_memory/mem_re_reg_3__1_
         Modulation_system_cart/feedback_memory/mem_re_reg_3__0_
         Modulation_system_cart/feedback_memory/mem_im_reg_0__1_
         Modulation_system_cart/feedback_memory/mem_im_reg_0__0_
         Modulation_system_cart/feedback_memory/mem_im_reg_1__1_
         Modulation_system_cart/feedback_memory/mem_im_reg_1__0_
         Modulation_system_cart/feedback_memory/mem_im_reg_2__1_
         Modulation_system_cart/feedback_memory/mem_im_reg_2__0_
         Modulation_system_cart/feedback_memory/mem_im_reg_3__1_
         Modulation_system_cart/feedback_memory/mem_im_reg_3__0_
         Modulation_system_cart/CSK_GEN/dqpsk_im_active_reg_1_
         Modulation_system_cart/CSK_GEN/dqpsk_im_active_reg_0_
         Modulation_system_cart/CSK_GEN/dqpsk_re_active_reg_1_
         Modulation_system_cart/CSK_GEN/dqpsk_re_active_reg_0_
         Modulation_system_cart/Address_C/address_reg_0_
         Modulation_system_cart/Address_C/address_reg_11_
         Modulation_system_cart/Address_C/address_reg_10_
         Modulation_system_cart/Address_C/address_reg_9_
         Modulation_system_cart/Address_C/address_reg_8_
         Modulation_system_cart/Address_C/address_reg_7_
         Modulation_system_cart/Address_C/address_reg_6_
         Modulation_system_cart/Address_C/address_reg_5_
         Modulation_system_cart/Address_C/address_reg_4_
         Modulation_system_cart/Address_C/address_reg_3_
         Modulation_system_cart/Address_C/address_reg_2_
         Modulation_system_cart/Address_C/address_reg_1_
         Modulation_system_cart/delay_timer/count_reg_0_
         Modulation_system_cart/delay_timer/count_reg_6_
         Modulation_system_cart/delay_timer/trig_reg
         Modulation_system_cart/delay_timer/count_reg_5_
         Modulation_system_cart/delay_timer/count_reg_4_
         Modulation_system_cart/delay_timer/count_reg_3_
         Modulation_system_cart/delay_timer/count_reg_2_
         Modulation_system_cart/delay_timer/count_reg_1_
         Modulation_system_cart/Address_D/address_reg_0_
         Modulation_system_cart/Address_D/address_reg_2_
         Modulation_system_cart/Address_D/address_reg_3_
         Modulation_system_cart/Address_D/address_reg_1_
         Modulation_system_cart/control_unit/state_reg_reg_0_
         Modulation_system_cart/control_unit/state_reg_reg_1_
         u_framer/u_payload_ram/b00/mem_reg_0__7_
         u_framer/u_payload_ram/b00/mem_reg_0__6_
         u_framer/u_payload_ram/b00/mem_reg_0__5_
         u_framer/u_payload_ram/b00/mem_reg_0__4_
         u_framer/u_payload_ram/b00/mem_reg_0__3_
         u_framer/u_payload_ram/b00/mem_reg_0__2_
         u_framer/u_payload_ram/b00/mem_reg_0__1_
         u_framer/u_payload_ram/b00/mem_reg_0__0_
         u_framer/u_payload_ram/b00/mem_reg_1__7_
         u_framer/u_payload_ram/b00/mem_reg_1__6_
         u_framer/u_payload_ram/b00/mem_reg_1__5_
         u_framer/u_payload_ram/b00/mem_reg_1__4_
         u_framer/u_payload_ram/b00/mem_reg_1__3_
         u_framer/u_payload_ram/b00/mem_reg_1__2_
         u_framer/u_payload_ram/b00/mem_reg_1__1_
         u_framer/u_payload_ram/b00/mem_reg_1__0_
         u_framer/u_payload_ram/b00/mem_reg_2__7_
         u_framer/u_payload_ram/b00/mem_reg_2__6_
         u_framer/u_payload_ram/b00/mem_reg_2__5_
         u_framer/u_payload_ram/b00/mem_reg_2__4_
         u_framer/u_payload_ram/b00/mem_reg_2__3_
         u_framer/u_payload_ram/b00/mem_reg_2__2_
         u_framer/u_payload_ram/b00/mem_reg_2__1_
         u_framer/u_payload_ram/b00/mem_reg_2__0_
         u_framer/u_payload_ram/b00/mem_reg_3__7_
         u_framer/u_payload_ram/b00/mem_reg_3__6_
         u_framer/u_payload_ram/b00/mem_reg_3__5_
         u_framer/u_payload_ram/b00/mem_reg_3__4_
         u_framer/u_payload_ram/b00/mem_reg_3__3_
         u_framer/u_payload_ram/b00/mem_reg_3__2_
         u_framer/u_payload_ram/b00/mem_reg_3__1_
         u_framer/u_payload_ram/b00/mem_reg_3__0_
         u_framer/u_payload_ram/b00/mem_reg_4__7_
         u_framer/u_payload_ram/b00/mem_reg_4__6_
         u_framer/u_payload_ram/b00/mem_reg_4__5_
         u_framer/u_payload_ram/b00/mem_reg_4__4_
         u_framer/u_payload_ram/b00/mem_reg_4__3_
         u_framer/u_payload_ram/b00/mem_reg_4__2_
         u_framer/u_payload_ram/b00/mem_reg_4__1_
         u_framer/u_payload_ram/b00/mem_reg_4__0_
         u_framer/u_payload_ram/b00/mem_reg_5__7_
         u_framer/u_payload_ram/b00/mem_reg_5__6_
         u_framer/u_payload_ram/b00/mem_reg_5__5_
         u_framer/u_payload_ram/b00/mem_reg_5__4_
         u_framer/u_payload_ram/b00/mem_reg_5__3_
         u_framer/u_payload_ram/b00/mem_reg_5__2_
         u_framer/u_payload_ram/b00/mem_reg_5__1_
         u_framer/u_payload_ram/b00/mem_reg_5__0_
         u_framer/u_payload_ram/b00/mem_reg_6__7_
         u_framer/u_payload_ram/b00/mem_reg_6__6_
         u_framer/u_payload_ram/b00/mem_reg_6__5_
         u_framer/u_payload_ram/b00/mem_reg_6__4_
         u_framer/u_payload_ram/b00/mem_reg_6__3_
         u_framer/u_payload_ram/b00/mem_reg_6__2_
         u_framer/u_payload_ram/b00/mem_reg_6__1_
         u_framer/u_payload_ram/b00/mem_reg_6__0_
         u_framer/u_payload_ram/b00/mem_reg_7__7_
         u_framer/u_payload_ram/b00/mem_reg_7__6_
         u_framer/u_payload_ram/b00/mem_reg_7__5_
         u_framer/u_payload_ram/b00/mem_reg_7__4_
         u_framer/u_payload_ram/b00/mem_reg_7__3_
         u_framer/u_payload_ram/b00/mem_reg_7__2_
         u_framer/u_payload_ram/b00/mem_reg_7__1_
         u_framer/u_payload_ram/b00/mem_reg_7__0_
         u_framer/u_payload_ram/b01/mem_reg_0__7_
         u_framer/u_payload_ram/b01/mem_reg_0__6_
         u_framer/u_payload_ram/b01/mem_reg_0__5_
         u_framer/u_payload_ram/b01/mem_reg_0__4_
         u_framer/u_payload_ram/b01/mem_reg_0__3_
         u_framer/u_payload_ram/b01/mem_reg_0__2_
         u_framer/u_payload_ram/b01/mem_reg_0__1_
         u_framer/u_payload_ram/b01/mem_reg_0__0_
         u_framer/u_payload_ram/b01/mem_reg_1__7_
         u_framer/u_payload_ram/b01/mem_reg_1__6_
         u_framer/u_payload_ram/b01/mem_reg_1__5_
         u_framer/u_payload_ram/b01/mem_reg_1__4_
         u_framer/u_payload_ram/b01/mem_reg_1__3_
         u_framer/u_payload_ram/b01/mem_reg_1__2_
         u_framer/u_payload_ram/b01/mem_reg_1__1_
         u_framer/u_payload_ram/b01/mem_reg_1__0_
         u_framer/u_payload_ram/b01/mem_reg_2__7_
         u_framer/u_payload_ram/b01/mem_reg_2__6_
         u_framer/u_payload_ram/b01/mem_reg_2__5_
         u_framer/u_payload_ram/b01/mem_reg_2__4_
         u_framer/u_payload_ram/b01/mem_reg_2__3_
         u_framer/u_payload_ram/b01/mem_reg_2__2_
         u_framer/u_payload_ram/b01/mem_reg_2__1_
         u_framer/u_payload_ram/b01/mem_reg_2__0_
         u_framer/u_payload_ram/b01/mem_reg_3__7_
         u_framer/u_payload_ram/b01/mem_reg_3__6_
         u_framer/u_payload_ram/b01/mem_reg_3__5_
         u_framer/u_payload_ram/b01/mem_reg_3__4_
         u_framer/u_payload_ram/b01/mem_reg_3__3_
         u_framer/u_payload_ram/b01/mem_reg_3__2_
         u_framer/u_payload_ram/b01/mem_reg_3__1_
         u_framer/u_payload_ram/b01/mem_reg_3__0_
         u_framer/u_payload_ram/b01/mem_reg_4__7_
         u_framer/u_payload_ram/b01/mem_reg_4__6_
         u_framer/u_payload_ram/b01/mem_reg_4__5_
         u_framer/u_payload_ram/b01/mem_reg_4__4_
         u_framer/u_payload_ram/b01/mem_reg_4__3_
         u_framer/u_payload_ram/b01/mem_reg_4__2_
         u_framer/u_payload_ram/b01/mem_reg_4__1_
         u_framer/u_payload_ram/b01/mem_reg_4__0_
         u_framer/u_payload_ram/b01/mem_reg_5__7_
         u_framer/u_payload_ram/b01/mem_reg_5__6_
         u_framer/u_payload_ram/b01/mem_reg_5__5_
         u_framer/u_payload_ram/b01/mem_reg_5__4_
         u_framer/u_payload_ram/b01/mem_reg_5__3_
         u_framer/u_payload_ram/b01/mem_reg_5__2_
         u_framer/u_payload_ram/b01/mem_reg_5__1_
         u_framer/u_payload_ram/b01/mem_reg_5__0_
         u_framer/u_payload_ram/b01/mem_reg_6__7_
         u_framer/u_payload_ram/b01/mem_reg_6__6_
         u_framer/u_payload_ram/b01/mem_reg_6__5_
         u_framer/u_payload_ram/b01/mem_reg_6__4_
         u_framer/u_payload_ram/b01/mem_reg_6__3_
         u_framer/u_payload_ram/b01/mem_reg_6__2_
         u_framer/u_payload_ram/b01/mem_reg_6__1_
         u_framer/u_payload_ram/b01/mem_reg_6__0_
         u_framer/u_payload_ram/b01/mem_reg_7__7_
         u_framer/u_payload_ram/b01/mem_reg_7__6_
         u_framer/u_payload_ram/b01/mem_reg_7__5_
         u_framer/u_payload_ram/b01/mem_reg_7__4_
         u_framer/u_payload_ram/b01/mem_reg_7__3_
         u_framer/u_payload_ram/b01/mem_reg_7__2_
         u_framer/u_payload_ram/b01/mem_reg_7__1_
         u_framer/u_payload_ram/b01/mem_reg_7__0_
         u_framer/u_payload_ram/b02/mem_reg_0__7_
         u_framer/u_payload_ram/b02/mem_reg_0__6_
         u_framer/u_payload_ram/b02/mem_reg_0__5_
         u_framer/u_payload_ram/b02/mem_reg_0__4_
         u_framer/u_payload_ram/b02/mem_reg_0__3_
         u_framer/u_payload_ram/b02/mem_reg_0__2_
         u_framer/u_payload_ram/b02/mem_reg_0__1_
         u_framer/u_payload_ram/b02/mem_reg_0__0_
         u_framer/u_payload_ram/b02/mem_reg_1__7_
         u_framer/u_payload_ram/b02/mem_reg_1__6_
         u_framer/u_payload_ram/b02/mem_reg_1__5_
         u_framer/u_payload_ram/b02/mem_reg_1__4_
         u_framer/u_payload_ram/b02/mem_reg_1__3_
         u_framer/u_payload_ram/b02/mem_reg_1__2_
         u_framer/u_payload_ram/b02/mem_reg_1__1_
         u_framer/u_payload_ram/b02/mem_reg_1__0_
         u_framer/u_payload_ram/b02/mem_reg_2__7_
         u_framer/u_payload_ram/b02/mem_reg_2__6_
         u_framer/u_payload_ram/b02/mem_reg_2__5_
         u_framer/u_payload_ram/b02/mem_reg_2__4_
         u_framer/u_payload_ram/b02/mem_reg_2__3_
         u_framer/u_payload_ram/b02/mem_reg_2__2_
         u_framer/u_payload_ram/b02/mem_reg_2__1_
         u_framer/u_payload_ram/b02/mem_reg_2__0_
         u_framer/u_payload_ram/b02/mem_reg_3__7_
         u_framer/u_payload_ram/b02/mem_reg_3__6_
         u_framer/u_payload_ram/b02/mem_reg_3__5_
         u_framer/u_payload_ram/b02/mem_reg_3__4_
         u_framer/u_payload_ram/b02/mem_reg_3__3_
         u_framer/u_payload_ram/b02/mem_reg_3__2_
         u_framer/u_payload_ram/b02/mem_reg_3__1_
         u_framer/u_payload_ram/b02/mem_reg_3__0_
         u_framer/u_payload_ram/b02/mem_reg_4__7_
         u_framer/u_payload_ram/b02/mem_reg_4__6_
         u_framer/u_payload_ram/b02/mem_reg_4__5_
         u_framer/u_payload_ram/b02/mem_reg_4__4_
         u_framer/u_payload_ram/b02/mem_reg_4__3_
         u_framer/u_payload_ram/b02/mem_reg_4__2_
         u_framer/u_payload_ram/b02/mem_reg_4__1_
         u_framer/u_payload_ram/b02/mem_reg_4__0_
         u_framer/u_payload_ram/b02/mem_reg_5__7_
         u_framer/u_payload_ram/b02/mem_reg_5__6_
         u_framer/u_payload_ram/b02/mem_reg_5__5_
         u_framer/u_payload_ram/b02/mem_reg_5__4_
         u_framer/u_payload_ram/b02/mem_reg_5__3_
         u_framer/u_payload_ram/b02/mem_reg_5__2_
         u_framer/u_payload_ram/b02/mem_reg_5__1_
         u_framer/u_payload_ram/b02/mem_reg_5__0_
         u_framer/u_payload_ram/b02/mem_reg_6__7_
         u_framer/u_payload_ram/b02/mem_reg_6__6_
         u_framer/u_payload_ram/b02/mem_reg_6__5_
         u_framer/u_payload_ram/b02/mem_reg_6__4_
         u_framer/u_payload_ram/b02/mem_reg_6__3_
         u_framer/u_payload_ram/b02/mem_reg_6__2_
         u_framer/u_payload_ram/b02/mem_reg_6__1_
         u_framer/u_payload_ram/b02/mem_reg_6__0_
         u_framer/u_payload_ram/b02/mem_reg_7__7_
         u_framer/u_payload_ram/b02/mem_reg_7__6_
         u_framer/u_payload_ram/b02/mem_reg_7__5_
         u_framer/u_payload_ram/b02/mem_reg_7__4_
         u_framer/u_payload_ram/b02/mem_reg_7__3_
         u_framer/u_payload_ram/b02/mem_reg_7__2_
         u_framer/u_payload_ram/b02/mem_reg_7__1_
         u_framer/u_payload_ram/b02/mem_reg_7__0_
         u_framer/u_payload_ram/b03/mem_reg_0__7_
         u_framer/u_payload_ram/b03/mem_reg_0__6_
         u_framer/u_payload_ram/b03/mem_reg_0__5_
         u_framer/u_payload_ram/b03/mem_reg_0__4_
         u_framer/u_payload_ram/b03/mem_reg_0__3_
         u_framer/u_payload_ram/b03/mem_reg_0__2_
         u_framer/u_payload_ram/b03/mem_reg_0__1_
         u_framer/u_payload_ram/b03/mem_reg_0__0_
         u_framer/u_payload_ram/b03/mem_reg_1__7_
         u_framer/u_payload_ram/b03/mem_reg_1__6_
         u_framer/u_payload_ram/b03/mem_reg_1__5_
         u_framer/u_payload_ram/b03/mem_reg_1__4_
         u_framer/u_payload_ram/b03/mem_reg_1__3_
         u_framer/u_payload_ram/b03/mem_reg_1__2_
         u_framer/u_payload_ram/b03/mem_reg_1__1_
         u_framer/u_payload_ram/b03/mem_reg_1__0_
         u_framer/u_payload_ram/b03/mem_reg_2__7_
         u_framer/u_payload_ram/b03/mem_reg_2__6_
         u_framer/u_payload_ram/b03/mem_reg_2__5_
         u_framer/u_payload_ram/b03/mem_reg_2__4_
         u_framer/u_payload_ram/b03/mem_reg_2__3_
         u_framer/u_payload_ram/b03/mem_reg_2__2_
         u_framer/u_payload_ram/b03/mem_reg_2__1_
         u_framer/u_payload_ram/b03/mem_reg_2__0_
         u_framer/u_payload_ram/b03/mem_reg_3__7_
         u_framer/u_payload_ram/b03/mem_reg_3__6_
         u_framer/u_payload_ram/b03/mem_reg_3__5_
         u_framer/u_payload_ram/b03/mem_reg_3__4_
         u_framer/u_payload_ram/b03/mem_reg_3__3_
         u_framer/u_payload_ram/b03/mem_reg_3__2_
         u_framer/u_payload_ram/b03/mem_reg_3__1_
         u_framer/u_payload_ram/b03/mem_reg_3__0_
         u_framer/u_payload_ram/b03/mem_reg_4__7_
         u_framer/u_payload_ram/b03/mem_reg_4__6_
         u_framer/u_payload_ram/b03/mem_reg_4__5_
         u_framer/u_payload_ram/b03/mem_reg_4__4_
         u_framer/u_payload_ram/b03/mem_reg_4__3_
         u_framer/u_payload_ram/b03/mem_reg_4__2_
         u_framer/u_payload_ram/b03/mem_reg_4__1_
         u_framer/u_payload_ram/b03/mem_reg_4__0_
         u_framer/u_payload_ram/b03/mem_reg_5__7_
         u_framer/u_payload_ram/b03/mem_reg_5__6_
         u_framer/u_payload_ram/b03/mem_reg_5__5_
         u_framer/u_payload_ram/b03/mem_reg_5__4_
         u_framer/u_payload_ram/b03/mem_reg_5__3_
         u_framer/u_payload_ram/b03/mem_reg_5__2_
         u_framer/u_payload_ram/b03/mem_reg_5__1_
         u_framer/u_payload_ram/b03/mem_reg_5__0_
         u_framer/u_payload_ram/b03/mem_reg_6__7_
         u_framer/u_payload_ram/b03/mem_reg_6__6_
         u_framer/u_payload_ram/b03/mem_reg_6__5_
         u_framer/u_payload_ram/b03/mem_reg_6__4_
         u_framer/u_payload_ram/b03/mem_reg_6__3_
         u_framer/u_payload_ram/b03/mem_reg_6__2_
         u_framer/u_payload_ram/b03/mem_reg_6__1_
         u_framer/u_payload_ram/b03/mem_reg_6__0_
         u_framer/u_payload_ram/b03/mem_reg_7__7_
         u_framer/u_payload_ram/b03/mem_reg_7__6_
         u_framer/u_payload_ram/b03/mem_reg_7__5_
         u_framer/u_payload_ram/b03/mem_reg_7__4_
         u_framer/u_payload_ram/b03/mem_reg_7__3_
         u_framer/u_payload_ram/b03/mem_reg_7__2_
         u_framer/u_payload_ram/b03/mem_reg_7__1_
         u_framer/u_payload_ram/b03/mem_reg_7__0_
         u_framer/u_payload_ram/b04/mem_reg_0__7_
         u_framer/u_payload_ram/b04/mem_reg_0__6_
         u_framer/u_payload_ram/b04/mem_reg_0__5_
         u_framer/u_payload_ram/b04/mem_reg_0__4_
         u_framer/u_payload_ram/b04/mem_reg_0__3_
         u_framer/u_payload_ram/b04/mem_reg_0__2_
         u_framer/u_payload_ram/b04/mem_reg_0__1_
         u_framer/u_payload_ram/b04/mem_reg_0__0_
         u_framer/u_payload_ram/b04/mem_reg_1__7_
         u_framer/u_payload_ram/b04/mem_reg_1__6_
         u_framer/u_payload_ram/b04/mem_reg_1__5_
         u_framer/u_payload_ram/b04/mem_reg_1__4_
         u_framer/u_payload_ram/b04/mem_reg_1__3_
         u_framer/u_payload_ram/b04/mem_reg_1__2_
         u_framer/u_payload_ram/b04/mem_reg_1__1_
         u_framer/u_payload_ram/b04/mem_reg_1__0_
         u_framer/u_payload_ram/b04/mem_reg_2__7_
         u_framer/u_payload_ram/b04/mem_reg_2__6_
         u_framer/u_payload_ram/b04/mem_reg_2__5_
         u_framer/u_payload_ram/b04/mem_reg_2__4_
         u_framer/u_payload_ram/b04/mem_reg_2__3_
         u_framer/u_payload_ram/b04/mem_reg_2__2_
         u_framer/u_payload_ram/b04/mem_reg_2__1_
         u_framer/u_payload_ram/b04/mem_reg_2__0_
         u_framer/u_payload_ram/b04/mem_reg_3__7_
         u_framer/u_payload_ram/b04/mem_reg_3__6_
         u_framer/u_payload_ram/b04/mem_reg_3__5_
         u_framer/u_payload_ram/b04/mem_reg_3__4_
         u_framer/u_payload_ram/b04/mem_reg_3__3_
         u_framer/u_payload_ram/b04/mem_reg_3__2_
         u_framer/u_payload_ram/b04/mem_reg_3__1_
         u_framer/u_payload_ram/b04/mem_reg_3__0_
         u_framer/u_payload_ram/b04/mem_reg_4__7_
         u_framer/u_payload_ram/b04/mem_reg_4__6_
         u_framer/u_payload_ram/b04/mem_reg_4__5_
         u_framer/u_payload_ram/b04/mem_reg_4__4_
         u_framer/u_payload_ram/b04/mem_reg_4__3_
         u_framer/u_payload_ram/b04/mem_reg_4__2_
         u_framer/u_payload_ram/b04/mem_reg_4__1_
         u_framer/u_payload_ram/b04/mem_reg_4__0_
         u_framer/u_payload_ram/b04/mem_reg_5__7_
         u_framer/u_payload_ram/b04/mem_reg_5__6_
         u_framer/u_payload_ram/b04/mem_reg_5__5_
         u_framer/u_payload_ram/b04/mem_reg_5__4_
         u_framer/u_payload_ram/b04/mem_reg_5__3_
         u_framer/u_payload_ram/b04/mem_reg_5__2_
         u_framer/u_payload_ram/b04/mem_reg_5__1_
         u_framer/u_payload_ram/b04/mem_reg_5__0_
         u_framer/u_payload_ram/b04/mem_reg_6__7_
         u_framer/u_payload_ram/b04/mem_reg_6__6_
         u_framer/u_payload_ram/b04/mem_reg_6__5_
         u_framer/u_payload_ram/b04/mem_reg_6__4_
         u_framer/u_payload_ram/b04/mem_reg_6__3_
         u_framer/u_payload_ram/b04/mem_reg_6__2_
         u_framer/u_payload_ram/b04/mem_reg_6__1_
         u_framer/u_payload_ram/b04/mem_reg_6__0_
         u_framer/u_payload_ram/b04/mem_reg_7__7_
         u_framer/u_payload_ram/b04/mem_reg_7__6_
         u_framer/u_payload_ram/b04/mem_reg_7__5_
         u_framer/u_payload_ram/b04/mem_reg_7__4_
         u_framer/u_payload_ram/b04/mem_reg_7__3_
         u_framer/u_payload_ram/b04/mem_reg_7__2_
         u_framer/u_payload_ram/b04/mem_reg_7__1_
         u_framer/u_payload_ram/b04/mem_reg_7__0_
         u_framer/u_payload_ram/b05/mem_reg_0__7_
         u_framer/u_payload_ram/b05/mem_reg_0__6_
         u_framer/u_payload_ram/b05/mem_reg_0__5_
         u_framer/u_payload_ram/b05/mem_reg_0__4_
         u_framer/u_payload_ram/b05/mem_reg_0__3_
         u_framer/u_payload_ram/b05/mem_reg_0__2_
         u_framer/u_payload_ram/b05/mem_reg_0__1_
         u_framer/u_payload_ram/b05/mem_reg_0__0_
         u_framer/u_payload_ram/b05/mem_reg_1__7_
         u_framer/u_payload_ram/b05/mem_reg_1__6_
         u_framer/u_payload_ram/b05/mem_reg_1__5_
         u_framer/u_payload_ram/b05/mem_reg_1__4_
         u_framer/u_payload_ram/b05/mem_reg_1__3_
         u_framer/u_payload_ram/b05/mem_reg_1__2_
         u_framer/u_payload_ram/b05/mem_reg_1__1_
         u_framer/u_payload_ram/b05/mem_reg_1__0_
         u_framer/u_payload_ram/b05/mem_reg_2__7_
         u_framer/u_payload_ram/b05/mem_reg_2__6_
         u_framer/u_payload_ram/b05/mem_reg_2__5_
         u_framer/u_payload_ram/b05/mem_reg_2__4_
         u_framer/u_payload_ram/b05/mem_reg_2__3_
         u_framer/u_payload_ram/b05/mem_reg_2__2_
         u_framer/u_payload_ram/b05/mem_reg_2__1_
         u_framer/u_payload_ram/b05/mem_reg_2__0_
         u_framer/u_payload_ram/b05/mem_reg_3__7_
         u_framer/u_payload_ram/b05/mem_reg_3__6_
         u_framer/u_payload_ram/b05/mem_reg_3__5_
         u_framer/u_payload_ram/b05/mem_reg_3__4_
         u_framer/u_payload_ram/b05/mem_reg_3__3_
         u_framer/u_payload_ram/b05/mem_reg_3__2_
         u_framer/u_payload_ram/b05/mem_reg_3__1_
         u_framer/u_payload_ram/b05/mem_reg_3__0_
         u_framer/u_payload_ram/b05/mem_reg_4__7_
         u_framer/u_payload_ram/b05/mem_reg_4__6_
         u_framer/u_payload_ram/b05/mem_reg_4__5_
         u_framer/u_payload_ram/b05/mem_reg_4__4_
         u_framer/u_payload_ram/b05/mem_reg_4__3_
         u_framer/u_payload_ram/b05/mem_reg_4__2_
         u_framer/u_payload_ram/b05/mem_reg_4__1_
         u_framer/u_payload_ram/b05/mem_reg_4__0_
         u_framer/u_payload_ram/b05/mem_reg_5__7_
         u_framer/u_payload_ram/b05/mem_reg_5__6_
         u_framer/u_payload_ram/b05/mem_reg_5__5_
         u_framer/u_payload_ram/b05/mem_reg_5__4_
         u_framer/u_payload_ram/b05/mem_reg_5__3_
         u_framer/u_payload_ram/b05/mem_reg_5__2_
         u_framer/u_payload_ram/b05/mem_reg_5__1_
         u_framer/u_payload_ram/b05/mem_reg_5__0_
         u_framer/u_payload_ram/b05/mem_reg_6__7_
         u_framer/u_payload_ram/b05/mem_reg_6__6_
         u_framer/u_payload_ram/b05/mem_reg_6__5_
         u_framer/u_payload_ram/b05/mem_reg_6__4_
         u_framer/u_payload_ram/b05/mem_reg_6__3_
         u_framer/u_payload_ram/b05/mem_reg_6__2_
         u_framer/u_payload_ram/b05/mem_reg_6__1_
         u_framer/u_payload_ram/b05/mem_reg_6__0_
         u_framer/u_payload_ram/b05/mem_reg_7__7_
         u_framer/u_payload_ram/b05/mem_reg_7__6_
         u_framer/u_payload_ram/b05/mem_reg_7__5_
         u_framer/u_payload_ram/b05/mem_reg_7__4_
         u_framer/u_payload_ram/b05/mem_reg_7__3_
         u_framer/u_payload_ram/b05/mem_reg_7__2_
         u_framer/u_payload_ram/b05/mem_reg_7__1_
         u_framer/u_payload_ram/b05/mem_reg_7__0_
         u_framer/u_payload_ram/b06/mem_reg_0__7_
         u_framer/u_payload_ram/b06/mem_reg_0__6_
         u_framer/u_payload_ram/b06/mem_reg_0__5_
         u_framer/u_payload_ram/b06/mem_reg_0__4_
         u_framer/u_payload_ram/b06/mem_reg_0__3_
         u_framer/u_payload_ram/b06/mem_reg_0__2_
         u_framer/u_payload_ram/b06/mem_reg_0__1_
         u_framer/u_payload_ram/b06/mem_reg_0__0_
         u_framer/u_payload_ram/b06/mem_reg_1__7_
         u_framer/u_payload_ram/b06/mem_reg_1__6_
         u_framer/u_payload_ram/b06/mem_reg_1__5_
         u_framer/u_payload_ram/b06/mem_reg_1__4_
         u_framer/u_payload_ram/b06/mem_reg_1__3_
         u_framer/u_payload_ram/b06/mem_reg_1__2_
         u_framer/u_payload_ram/b06/mem_reg_1__1_
         u_framer/u_payload_ram/b06/mem_reg_1__0_
         u_framer/u_payload_ram/b06/mem_reg_2__7_
         u_framer/u_payload_ram/b06/mem_reg_2__6_
         u_framer/u_payload_ram/b06/mem_reg_2__5_
         u_framer/u_payload_ram/b06/mem_reg_2__4_
         u_framer/u_payload_ram/b06/mem_reg_2__3_
         u_framer/u_payload_ram/b06/mem_reg_2__2_
         u_framer/u_payload_ram/b06/mem_reg_2__1_
         u_framer/u_payload_ram/b06/mem_reg_2__0_
         u_framer/u_payload_ram/b06/mem_reg_3__7_
         u_framer/u_payload_ram/b06/mem_reg_3__6_
         u_framer/u_payload_ram/b06/mem_reg_3__5_
         u_framer/u_payload_ram/b06/mem_reg_3__4_
         u_framer/u_payload_ram/b06/mem_reg_3__3_
         u_framer/u_payload_ram/b06/mem_reg_3__2_
         u_framer/u_payload_ram/b06/mem_reg_3__1_
         u_framer/u_payload_ram/b06/mem_reg_3__0_
         u_framer/u_payload_ram/b06/mem_reg_4__7_
         u_framer/u_payload_ram/b06/mem_reg_4__6_
         u_framer/u_payload_ram/b06/mem_reg_4__5_
         u_framer/u_payload_ram/b06/mem_reg_4__4_
         u_framer/u_payload_ram/b06/mem_reg_4__3_
         u_framer/u_payload_ram/b06/mem_reg_4__2_
         u_framer/u_payload_ram/b06/mem_reg_4__1_
         u_framer/u_payload_ram/b06/mem_reg_4__0_
         u_framer/u_payload_ram/b06/mem_reg_5__7_
         u_framer/u_payload_ram/b06/mem_reg_5__6_
         u_framer/u_payload_ram/b06/mem_reg_5__5_
         u_framer/u_payload_ram/b06/mem_reg_5__4_
         u_framer/u_payload_ram/b06/mem_reg_5__3_
         u_framer/u_payload_ram/b06/mem_reg_5__2_
         u_framer/u_payload_ram/b06/mem_reg_5__1_
         u_framer/u_payload_ram/b06/mem_reg_5__0_
         u_framer/u_payload_ram/b06/mem_reg_6__7_
         u_framer/u_payload_ram/b06/mem_reg_6__6_
         u_framer/u_payload_ram/b06/mem_reg_6__5_
         u_framer/u_payload_ram/b06/mem_reg_6__4_
         u_framer/u_payload_ram/b06/mem_reg_6__3_
         u_framer/u_payload_ram/b06/mem_reg_6__2_
         u_framer/u_payload_ram/b06/mem_reg_6__1_
         u_framer/u_payload_ram/b06/mem_reg_6__0_
         u_framer/u_payload_ram/b06/mem_reg_7__7_
         u_framer/u_payload_ram/b06/mem_reg_7__6_
         u_framer/u_payload_ram/b06/mem_reg_7__5_
         u_framer/u_payload_ram/b06/mem_reg_7__4_
         u_framer/u_payload_ram/b06/mem_reg_7__3_
         u_framer/u_payload_ram/b06/mem_reg_7__2_
         u_framer/u_payload_ram/b06/mem_reg_7__1_
         u_framer/u_payload_ram/b06/mem_reg_7__0_
         u_framer/u_payload_ram/b07/mem_reg_0__7_
         u_framer/u_payload_ram/b07/mem_reg_0__6_
         u_framer/u_payload_ram/b07/mem_reg_0__5_
         u_framer/u_payload_ram/b07/mem_reg_0__4_
         u_framer/u_payload_ram/b07/mem_reg_0__3_
         u_framer/u_payload_ram/b07/mem_reg_0__2_
         u_framer/u_payload_ram/b07/mem_reg_0__1_
         u_framer/u_payload_ram/b07/mem_reg_0__0_
         u_framer/u_payload_ram/b07/mem_reg_1__7_
         u_framer/u_payload_ram/b07/mem_reg_1__6_
         u_framer/u_payload_ram/b07/mem_reg_1__5_
         u_framer/u_payload_ram/b07/mem_reg_1__4_
         u_framer/u_payload_ram/b07/mem_reg_1__3_
         u_framer/u_payload_ram/b07/mem_reg_1__2_
         u_framer/u_payload_ram/b07/mem_reg_1__1_
         u_framer/u_payload_ram/b07/mem_reg_1__0_
         u_framer/u_payload_ram/b07/mem_reg_2__7_
         u_framer/u_payload_ram/b07/mem_reg_2__6_
         u_framer/u_payload_ram/b07/mem_reg_2__5_
         u_framer/u_payload_ram/b07/mem_reg_2__4_
         u_framer/u_payload_ram/b07/mem_reg_2__3_
         u_framer/u_payload_ram/b07/mem_reg_2__2_
         u_framer/u_payload_ram/b07/mem_reg_2__1_
         u_framer/u_payload_ram/b07/mem_reg_2__0_
         u_framer/u_payload_ram/b07/mem_reg_3__7_
         u_framer/u_payload_ram/b07/mem_reg_3__6_
         u_framer/u_payload_ram/b07/mem_reg_3__5_
         u_framer/u_payload_ram/b07/mem_reg_3__4_
         u_framer/u_payload_ram/b07/mem_reg_3__3_
         u_framer/u_payload_ram/b07/mem_reg_3__2_
         u_framer/u_payload_ram/b07/mem_reg_3__1_
         u_framer/u_payload_ram/b07/mem_reg_3__0_
         u_framer/u_payload_ram/b07/mem_reg_4__7_
         u_framer/u_payload_ram/b07/mem_reg_4__6_
         u_framer/u_payload_ram/b07/mem_reg_4__5_
         u_framer/u_payload_ram/b07/mem_reg_4__4_
         u_framer/u_payload_ram/b07/mem_reg_4__3_
         u_framer/u_payload_ram/b07/mem_reg_4__2_
         u_framer/u_payload_ram/b07/mem_reg_4__1_
         u_framer/u_payload_ram/b07/mem_reg_4__0_
         u_framer/u_payload_ram/b07/mem_reg_5__7_
         u_framer/u_payload_ram/b07/mem_reg_5__6_
         u_framer/u_payload_ram/b07/mem_reg_5__5_
         u_framer/u_payload_ram/b07/mem_reg_5__4_
         u_framer/u_payload_ram/b07/mem_reg_5__3_
         u_framer/u_payload_ram/b07/mem_reg_5__2_
         u_framer/u_payload_ram/b07/mem_reg_5__1_
         u_framer/u_payload_ram/b07/mem_reg_5__0_
         u_framer/u_payload_ram/b07/mem_reg_6__7_
         u_framer/u_payload_ram/b07/mem_reg_6__6_
         u_framer/u_payload_ram/b07/mem_reg_6__5_
         u_framer/u_payload_ram/b07/mem_reg_6__4_
         u_framer/u_payload_ram/b07/mem_reg_6__3_
         u_framer/u_payload_ram/b07/mem_reg_6__2_
         u_framer/u_payload_ram/b07/mem_reg_6__1_
         u_framer/u_payload_ram/b07/mem_reg_6__0_
         u_framer/u_payload_ram/b07/mem_reg_7__7_
         u_framer/u_payload_ram/b07/mem_reg_7__6_
         u_framer/u_payload_ram/b07/mem_reg_7__5_
         u_framer/u_payload_ram/b07/mem_reg_7__4_
         u_framer/u_payload_ram/b07/mem_reg_7__3_
         u_framer/u_payload_ram/b07/mem_reg_7__2_
         u_framer/u_payload_ram/b07/mem_reg_7__1_
         u_framer/u_payload_ram/b07/mem_reg_7__0_
         u_framer/u_payload_ram/b08/mem_reg_0__7_
         u_framer/u_payload_ram/b08/mem_reg_0__6_
         u_framer/u_payload_ram/b08/mem_reg_0__5_
         u_framer/u_payload_ram/b08/mem_reg_0__4_
         u_framer/u_payload_ram/b08/mem_reg_0__3_
         u_framer/u_payload_ram/b08/mem_reg_0__2_
         u_framer/u_payload_ram/b08/mem_reg_0__1_
         u_framer/u_payload_ram/b08/mem_reg_0__0_
         u_framer/u_payload_ram/b08/mem_reg_1__7_
         u_framer/u_payload_ram/b08/mem_reg_1__6_
         u_framer/u_payload_ram/b08/mem_reg_1__5_
         u_framer/u_payload_ram/b08/mem_reg_1__4_
         u_framer/u_payload_ram/b08/mem_reg_1__3_
         u_framer/u_payload_ram/b08/mem_reg_1__2_
         u_framer/u_payload_ram/b08/mem_reg_1__1_
         u_framer/u_payload_ram/b08/mem_reg_1__0_
         u_framer/u_payload_ram/b08/mem_reg_2__7_
         u_framer/u_payload_ram/b08/mem_reg_2__6_
         u_framer/u_payload_ram/b08/mem_reg_2__5_
         u_framer/u_payload_ram/b08/mem_reg_2__4_
         u_framer/u_payload_ram/b08/mem_reg_2__3_
         u_framer/u_payload_ram/b08/mem_reg_2__2_
         u_framer/u_payload_ram/b08/mem_reg_2__1_
         u_framer/u_payload_ram/b08/mem_reg_2__0_
         u_framer/u_payload_ram/b08/mem_reg_3__7_
         u_framer/u_payload_ram/b08/mem_reg_3__6_
         u_framer/u_payload_ram/b08/mem_reg_3__5_
         u_framer/u_payload_ram/b08/mem_reg_3__4_
         u_framer/u_payload_ram/b08/mem_reg_3__3_
         u_framer/u_payload_ram/b08/mem_reg_3__2_
         u_framer/u_payload_ram/b08/mem_reg_3__1_
         u_framer/u_payload_ram/b08/mem_reg_3__0_
         u_framer/u_payload_ram/b08/mem_reg_4__7_
         u_framer/u_payload_ram/b08/mem_reg_4__6_
         u_framer/u_payload_ram/b08/mem_reg_4__5_
         u_framer/u_payload_ram/b08/mem_reg_4__4_
         u_framer/u_payload_ram/b08/mem_reg_4__3_
         u_framer/u_payload_ram/b08/mem_reg_4__2_
         u_framer/u_payload_ram/b08/mem_reg_4__1_
         u_framer/u_payload_ram/b08/mem_reg_4__0_
         u_framer/u_payload_ram/b08/mem_reg_5__7_
         u_framer/u_payload_ram/b08/mem_reg_5__6_
         u_framer/u_payload_ram/b08/mem_reg_5__5_
         u_framer/u_payload_ram/b08/mem_reg_5__4_
         u_framer/u_payload_ram/b08/mem_reg_5__3_
         u_framer/u_payload_ram/b08/mem_reg_5__2_
         u_framer/u_payload_ram/b08/mem_reg_5__1_
         u_framer/u_payload_ram/b08/mem_reg_5__0_
         u_framer/u_payload_ram/b08/mem_reg_6__7_
         u_framer/u_payload_ram/b08/mem_reg_6__6_
         u_framer/u_payload_ram/b08/mem_reg_6__5_
         u_framer/u_payload_ram/b08/mem_reg_6__4_
         u_framer/u_payload_ram/b08/mem_reg_6__3_
         u_framer/u_payload_ram/b08/mem_reg_6__2_
         u_framer/u_payload_ram/b08/mem_reg_6__1_
         u_framer/u_payload_ram/b08/mem_reg_6__0_
         u_framer/u_payload_ram/b08/mem_reg_7__7_
         u_framer/u_payload_ram/b08/mem_reg_7__6_
         u_framer/u_payload_ram/b08/mem_reg_7__5_
         u_framer/u_payload_ram/b08/mem_reg_7__4_
         u_framer/u_payload_ram/b08/mem_reg_7__3_
         u_framer/u_payload_ram/b08/mem_reg_7__2_
         u_framer/u_payload_ram/b08/mem_reg_7__1_
         u_framer/u_payload_ram/b08/mem_reg_7__0_
         u_framer/u_payload_ram/b09/mem_reg_0__7_
         u_framer/u_payload_ram/b09/mem_reg_0__6_
         u_framer/u_payload_ram/b09/mem_reg_0__5_
         u_framer/u_payload_ram/b09/mem_reg_0__4_
         u_framer/u_payload_ram/b09/mem_reg_0__3_
         u_framer/u_payload_ram/b09/mem_reg_0__2_
         u_framer/u_payload_ram/b09/mem_reg_0__1_
         u_framer/u_payload_ram/b09/mem_reg_0__0_
         u_framer/u_payload_ram/b09/mem_reg_1__7_
         u_framer/u_payload_ram/b09/mem_reg_1__6_
         u_framer/u_payload_ram/b09/mem_reg_1__5_
         u_framer/u_payload_ram/b09/mem_reg_1__4_
         u_framer/u_payload_ram/b09/mem_reg_1__3_
         u_framer/u_payload_ram/b09/mem_reg_1__2_
         u_framer/u_payload_ram/b09/mem_reg_1__1_
         u_framer/u_payload_ram/b09/mem_reg_1__0_
         u_framer/u_payload_ram/b09/mem_reg_2__7_
         u_framer/u_payload_ram/b09/mem_reg_2__6_
         u_framer/u_payload_ram/b09/mem_reg_2__5_
         u_framer/u_payload_ram/b09/mem_reg_2__4_
         u_framer/u_payload_ram/b09/mem_reg_2__3_
         u_framer/u_payload_ram/b09/mem_reg_2__2_
         u_framer/u_payload_ram/b09/mem_reg_2__1_
         u_framer/u_payload_ram/b09/mem_reg_2__0_
         u_framer/u_payload_ram/b09/mem_reg_3__7_
         u_framer/u_payload_ram/b09/mem_reg_3__6_
         u_framer/u_payload_ram/b09/mem_reg_3__5_
         u_framer/u_payload_ram/b09/mem_reg_3__4_
         u_framer/u_payload_ram/b09/mem_reg_3__3_
         u_framer/u_payload_ram/b09/mem_reg_3__2_
         u_framer/u_payload_ram/b09/mem_reg_3__1_
         u_framer/u_payload_ram/b09/mem_reg_3__0_
         u_framer/u_payload_ram/b09/mem_reg_4__7_
         u_framer/u_payload_ram/b09/mem_reg_4__6_
         u_framer/u_payload_ram/b09/mem_reg_4__5_
         u_framer/u_payload_ram/b09/mem_reg_4__4_
         u_framer/u_payload_ram/b09/mem_reg_4__3_
         u_framer/u_payload_ram/b09/mem_reg_4__2_
         u_framer/u_payload_ram/b09/mem_reg_4__1_
         u_framer/u_payload_ram/b09/mem_reg_4__0_
         u_framer/u_payload_ram/b09/mem_reg_5__7_
         u_framer/u_payload_ram/b09/mem_reg_5__6_
         u_framer/u_payload_ram/b09/mem_reg_5__5_
         u_framer/u_payload_ram/b09/mem_reg_5__4_
         u_framer/u_payload_ram/b09/mem_reg_5__3_
         u_framer/u_payload_ram/b09/mem_reg_5__2_
         u_framer/u_payload_ram/b09/mem_reg_5__1_
         u_framer/u_payload_ram/b09/mem_reg_5__0_
         u_framer/u_payload_ram/b09/mem_reg_6__7_
         u_framer/u_payload_ram/b09/mem_reg_6__6_
         u_framer/u_payload_ram/b09/mem_reg_6__5_
         u_framer/u_payload_ram/b09/mem_reg_6__4_
         u_framer/u_payload_ram/b09/mem_reg_6__3_
         u_framer/u_payload_ram/b09/mem_reg_6__2_
         u_framer/u_payload_ram/b09/mem_reg_6__1_
         u_framer/u_payload_ram/b09/mem_reg_6__0_
         u_framer/u_payload_ram/b09/mem_reg_7__7_
         u_framer/u_payload_ram/b09/mem_reg_7__6_
         u_framer/u_payload_ram/b09/mem_reg_7__5_
         u_framer/u_payload_ram/b09/mem_reg_7__4_
         u_framer/u_payload_ram/b09/mem_reg_7__3_
         u_framer/u_payload_ram/b09/mem_reg_7__2_
         u_framer/u_payload_ram/b09/mem_reg_7__1_
         u_framer/u_payload_ram/b09/mem_reg_7__0_
         u_framer/u_payload_ram/b10/mem_reg_0__7_
         u_framer/u_payload_ram/b10/mem_reg_0__6_
         u_framer/u_payload_ram/b10/mem_reg_0__5_
         u_framer/u_payload_ram/b10/mem_reg_0__4_
         u_framer/u_payload_ram/b10/mem_reg_0__3_
         u_framer/u_payload_ram/b10/mem_reg_0__2_
         u_framer/u_payload_ram/b10/mem_reg_0__1_
         u_framer/u_payload_ram/b10/mem_reg_0__0_
         u_framer/u_payload_ram/b10/mem_reg_1__7_
         u_framer/u_payload_ram/b10/mem_reg_1__6_
         u_framer/u_payload_ram/b10/mem_reg_1__5_
         u_framer/u_payload_ram/b10/mem_reg_1__4_
         u_framer/u_payload_ram/b10/mem_reg_1__3_
         u_framer/u_payload_ram/b10/mem_reg_1__2_
         u_framer/u_payload_ram/b10/mem_reg_1__1_
         u_framer/u_payload_ram/b10/mem_reg_1__0_
         u_framer/u_payload_ram/b10/mem_reg_2__7_
         u_framer/u_payload_ram/b10/mem_reg_2__6_
         u_framer/u_payload_ram/b10/mem_reg_2__5_
         u_framer/u_payload_ram/b10/mem_reg_2__4_
         u_framer/u_payload_ram/b10/mem_reg_2__3_
         u_framer/u_payload_ram/b10/mem_reg_2__2_
         u_framer/u_payload_ram/b10/mem_reg_2__1_
         u_framer/u_payload_ram/b10/mem_reg_2__0_
         u_framer/u_payload_ram/b10/mem_reg_3__7_
         u_framer/u_payload_ram/b10/mem_reg_3__6_
         u_framer/u_payload_ram/b10/mem_reg_3__5_
         u_framer/u_payload_ram/b10/mem_reg_3__4_
         u_framer/u_payload_ram/b10/mem_reg_3__3_
         u_framer/u_payload_ram/b10/mem_reg_3__2_
         u_framer/u_payload_ram/b10/mem_reg_3__1_
         u_framer/u_payload_ram/b10/mem_reg_3__0_
         u_framer/u_payload_ram/b10/mem_reg_4__7_
         u_framer/u_payload_ram/b10/mem_reg_4__6_
         u_framer/u_payload_ram/b10/mem_reg_4__5_
         u_framer/u_payload_ram/b10/mem_reg_4__4_
         u_framer/u_payload_ram/b10/mem_reg_4__3_
         u_framer/u_payload_ram/b10/mem_reg_4__2_
         u_framer/u_payload_ram/b10/mem_reg_4__1_
         u_framer/u_payload_ram/b10/mem_reg_4__0_
         u_framer/u_payload_ram/b10/mem_reg_5__7_
         u_framer/u_payload_ram/b10/mem_reg_5__6_
         u_framer/u_payload_ram/b10/mem_reg_5__5_
         u_framer/u_payload_ram/b10/mem_reg_5__4_
         u_framer/u_payload_ram/b10/mem_reg_5__3_
         u_framer/u_payload_ram/b10/mem_reg_5__2_
         u_framer/u_payload_ram/b10/mem_reg_5__1_
         u_framer/u_payload_ram/b10/mem_reg_5__0_
         u_framer/u_payload_ram/b10/mem_reg_6__7_
         u_framer/u_payload_ram/b10/mem_reg_6__6_
         u_framer/u_payload_ram/b10/mem_reg_6__5_
         u_framer/u_payload_ram/b10/mem_reg_6__4_
         u_framer/u_payload_ram/b10/mem_reg_6__3_
         u_framer/u_payload_ram/b10/mem_reg_6__2_
         u_framer/u_payload_ram/b10/mem_reg_6__1_
         u_framer/u_payload_ram/b10/mem_reg_6__0_
         u_framer/u_payload_ram/b10/mem_reg_7__7_
         u_framer/u_payload_ram/b10/mem_reg_7__6_
         u_framer/u_payload_ram/b10/mem_reg_7__5_
         u_framer/u_payload_ram/b10/mem_reg_7__4_
         u_framer/u_payload_ram/b10/mem_reg_7__3_
         u_framer/u_payload_ram/b10/mem_reg_7__2_
         u_framer/u_payload_ram/b10/mem_reg_7__1_
         u_framer/u_payload_ram/b10/mem_reg_7__0_
         u_framer/u_payload_ram/b11/mem_reg_0__7_
         u_framer/u_payload_ram/b11/mem_reg_0__6_
         u_framer/u_payload_ram/b11/mem_reg_0__5_
         u_framer/u_payload_ram/b11/mem_reg_0__4_
         u_framer/u_payload_ram/b11/mem_reg_0__3_
         u_framer/u_payload_ram/b11/mem_reg_0__2_
         u_framer/u_payload_ram/b11/mem_reg_0__1_
         u_framer/u_payload_ram/b11/mem_reg_0__0_
         u_framer/u_payload_ram/b11/mem_reg_1__7_
         u_framer/u_payload_ram/b11/mem_reg_1__6_
         u_framer/u_payload_ram/b11/mem_reg_1__5_
         u_framer/u_payload_ram/b11/mem_reg_1__4_
         u_framer/u_payload_ram/b11/mem_reg_1__3_
         u_framer/u_payload_ram/b11/mem_reg_1__2_
         u_framer/u_payload_ram/b11/mem_reg_1__1_
         u_framer/u_payload_ram/b11/mem_reg_1__0_
         u_framer/u_payload_ram/b11/mem_reg_2__7_
         u_framer/u_payload_ram/b11/mem_reg_2__6_
         u_framer/u_payload_ram/b11/mem_reg_2__5_
         u_framer/u_payload_ram/b11/mem_reg_2__4_
         u_framer/u_payload_ram/b11/mem_reg_2__3_
         u_framer/u_payload_ram/b11/mem_reg_2__2_
         u_framer/u_payload_ram/b11/mem_reg_2__1_
         u_framer/u_payload_ram/b11/mem_reg_2__0_
         u_framer/u_payload_ram/b11/mem_reg_3__7_
         u_framer/u_payload_ram/b11/mem_reg_3__6_
         u_framer/u_payload_ram/b11/mem_reg_3__5_
         u_framer/u_payload_ram/b11/mem_reg_3__4_
         u_framer/u_payload_ram/b11/mem_reg_3__3_
         u_framer/u_payload_ram/b11/mem_reg_3__2_
         u_framer/u_payload_ram/b11/mem_reg_3__1_
         u_framer/u_payload_ram/b11/mem_reg_3__0_
         u_framer/u_payload_ram/b11/mem_reg_4__7_
         u_framer/u_payload_ram/b11/mem_reg_4__6_
         u_framer/u_payload_ram/b11/mem_reg_4__5_
         u_framer/u_payload_ram/b11/mem_reg_4__4_
         u_framer/u_payload_ram/b11/mem_reg_4__3_
         u_framer/u_payload_ram/b11/mem_reg_4__2_
         u_framer/u_payload_ram/b11/mem_reg_4__1_
         u_framer/u_payload_ram/b11/mem_reg_4__0_
         u_framer/u_payload_ram/b11/mem_reg_5__7_
         u_framer/u_payload_ram/b11/mem_reg_5__6_
         u_framer/u_payload_ram/b11/mem_reg_5__5_
         u_framer/u_payload_ram/b11/mem_reg_5__4_
         u_framer/u_payload_ram/b11/mem_reg_5__3_
         u_framer/u_payload_ram/b11/mem_reg_5__2_
         u_framer/u_payload_ram/b11/mem_reg_5__1_
         u_framer/u_payload_ram/b11/mem_reg_5__0_
         u_framer/u_payload_ram/b11/mem_reg_6__7_
         u_framer/u_payload_ram/b11/mem_reg_6__6_
         u_framer/u_payload_ram/b11/mem_reg_6__5_
         u_framer/u_payload_ram/b11/mem_reg_6__4_
         u_framer/u_payload_ram/b11/mem_reg_6__3_
         u_framer/u_payload_ram/b11/mem_reg_6__2_
         u_framer/u_payload_ram/b11/mem_reg_6__1_
         u_framer/u_payload_ram/b11/mem_reg_6__0_
         u_framer/u_payload_ram/b11/mem_reg_7__7_
         u_framer/u_payload_ram/b11/mem_reg_7__6_
         u_framer/u_payload_ram/b11/mem_reg_7__5_
         u_framer/u_payload_ram/b11/mem_reg_7__4_
         u_framer/u_payload_ram/b11/mem_reg_7__3_
         u_framer/u_payload_ram/b11/mem_reg_7__2_
         u_framer/u_payload_ram/b11/mem_reg_7__1_
         u_framer/u_payload_ram/b11/mem_reg_7__0_
         u_framer/u_payload_ram/b12/mem_reg_0__7_
         u_framer/u_payload_ram/b12/mem_reg_0__6_
         u_framer/u_payload_ram/b12/mem_reg_0__5_
         u_framer/u_payload_ram/b12/mem_reg_0__4_
         u_framer/u_payload_ram/b12/mem_reg_0__3_
         u_framer/u_payload_ram/b12/mem_reg_0__2_
         u_framer/u_payload_ram/b12/mem_reg_0__1_
         u_framer/u_payload_ram/b12/mem_reg_0__0_
         u_framer/u_payload_ram/b12/mem_reg_1__7_
         u_framer/u_payload_ram/b12/mem_reg_1__6_
         u_framer/u_payload_ram/b12/mem_reg_1__5_
         u_framer/u_payload_ram/b12/mem_reg_1__4_
         u_framer/u_payload_ram/b12/mem_reg_1__3_
         u_framer/u_payload_ram/b12/mem_reg_1__2_
         u_framer/u_payload_ram/b12/mem_reg_1__1_
         u_framer/u_payload_ram/b12/mem_reg_1__0_
         u_framer/u_payload_ram/b12/mem_reg_2__7_
         u_framer/u_payload_ram/b12/mem_reg_2__6_
         u_framer/u_payload_ram/b12/mem_reg_2__5_
         u_framer/u_payload_ram/b12/mem_reg_2__4_
         u_framer/u_payload_ram/b12/mem_reg_2__3_
         u_framer/u_payload_ram/b12/mem_reg_2__2_
         u_framer/u_payload_ram/b12/mem_reg_2__1_
         u_framer/u_payload_ram/b12/mem_reg_2__0_
         u_framer/u_payload_ram/b12/mem_reg_3__7_
         u_framer/u_payload_ram/b12/mem_reg_3__6_
         u_framer/u_payload_ram/b12/mem_reg_3__5_
         u_framer/u_payload_ram/b12/mem_reg_3__4_
         u_framer/u_payload_ram/b12/mem_reg_3__3_
         u_framer/u_payload_ram/b12/mem_reg_3__2_
         u_framer/u_payload_ram/b12/mem_reg_3__1_
         u_framer/u_payload_ram/b12/mem_reg_3__0_
         u_framer/u_payload_ram/b12/mem_reg_4__7_
         u_framer/u_payload_ram/b12/mem_reg_4__6_
         u_framer/u_payload_ram/b12/mem_reg_4__5_
         u_framer/u_payload_ram/b12/mem_reg_4__4_
         u_framer/u_payload_ram/b12/mem_reg_4__3_
         u_framer/u_payload_ram/b12/mem_reg_4__2_
         u_framer/u_payload_ram/b12/mem_reg_4__1_
         u_framer/u_payload_ram/b12/mem_reg_4__0_
         u_framer/u_payload_ram/b12/mem_reg_5__7_
         u_framer/u_payload_ram/b12/mem_reg_5__6_
         u_framer/u_payload_ram/b12/mem_reg_5__5_
         u_framer/u_payload_ram/b12/mem_reg_5__4_
         u_framer/u_payload_ram/b12/mem_reg_5__3_
         u_framer/u_payload_ram/b12/mem_reg_5__2_
         u_framer/u_payload_ram/b12/mem_reg_5__1_
         u_framer/u_payload_ram/b12/mem_reg_5__0_
         u_framer/u_payload_ram/b12/mem_reg_6__7_
         u_framer/u_payload_ram/b12/mem_reg_6__6_
         u_framer/u_payload_ram/b12/mem_reg_6__5_
         u_framer/u_payload_ram/b12/mem_reg_6__4_
         u_framer/u_payload_ram/b12/mem_reg_6__3_
         u_framer/u_payload_ram/b12/mem_reg_6__2_
         u_framer/u_payload_ram/b12/mem_reg_6__1_
         u_framer/u_payload_ram/b12/mem_reg_6__0_
         u_framer/u_payload_ram/b12/mem_reg_7__7_
         u_framer/u_payload_ram/b12/mem_reg_7__6_
         u_framer/u_payload_ram/b12/mem_reg_7__5_
         u_framer/u_payload_ram/b12/mem_reg_7__4_
         u_framer/u_payload_ram/b12/mem_reg_7__3_
         u_framer/u_payload_ram/b12/mem_reg_7__2_
         u_framer/u_payload_ram/b12/mem_reg_7__1_
         u_framer/u_payload_ram/b12/mem_reg_7__0_
         u_framer/u_payload_ram/b13/mem_reg_0__7_
         u_framer/u_payload_ram/b13/mem_reg_0__6_
         u_framer/u_payload_ram/b13/mem_reg_0__5_
         u_framer/u_payload_ram/b13/mem_reg_0__4_
         u_framer/u_payload_ram/b13/mem_reg_0__3_
         u_framer/u_payload_ram/b13/mem_reg_0__2_
         u_framer/u_payload_ram/b13/mem_reg_0__1_
         u_framer/u_payload_ram/b13/mem_reg_0__0_
         u_framer/u_payload_ram/b13/mem_reg_1__7_
         u_framer/u_payload_ram/b13/mem_reg_1__6_
         u_framer/u_payload_ram/b13/mem_reg_1__5_
         u_framer/u_payload_ram/b13/mem_reg_1__4_
         u_framer/u_payload_ram/b13/mem_reg_1__3_
         u_framer/u_payload_ram/b13/mem_reg_1__2_
         u_framer/u_payload_ram/b13/mem_reg_1__1_
         u_framer/u_payload_ram/b13/mem_reg_1__0_
         u_framer/u_payload_ram/b13/mem_reg_2__7_
         u_framer/u_payload_ram/b13/mem_reg_2__6_
         u_framer/u_payload_ram/b13/mem_reg_2__5_
         u_framer/u_payload_ram/b13/mem_reg_2__4_
         u_framer/u_payload_ram/b13/mem_reg_2__3_
         u_framer/u_payload_ram/b13/mem_reg_2__2_
         u_framer/u_payload_ram/b13/mem_reg_2__1_
         u_framer/u_payload_ram/b13/mem_reg_2__0_
         u_framer/u_payload_ram/b13/mem_reg_3__7_
         u_framer/u_payload_ram/b13/mem_reg_3__6_
         u_framer/u_payload_ram/b13/mem_reg_3__5_
         u_framer/u_payload_ram/b13/mem_reg_3__4_
         u_framer/u_payload_ram/b13/mem_reg_3__3_
         u_framer/u_payload_ram/b13/mem_reg_3__2_
         u_framer/u_payload_ram/b13/mem_reg_3__1_
         u_framer/u_payload_ram/b13/mem_reg_3__0_
         u_framer/u_payload_ram/b13/mem_reg_4__7_
         u_framer/u_payload_ram/b13/mem_reg_4__6_
         u_framer/u_payload_ram/b13/mem_reg_4__5_
         u_framer/u_payload_ram/b13/mem_reg_4__4_
         u_framer/u_payload_ram/b13/mem_reg_4__3_
         u_framer/u_payload_ram/b13/mem_reg_4__2_
         u_framer/u_payload_ram/b13/mem_reg_4__1_
         u_framer/u_payload_ram/b13/mem_reg_4__0_
         u_framer/u_payload_ram/b13/mem_reg_5__7_
         u_framer/u_payload_ram/b13/mem_reg_5__6_
         u_framer/u_payload_ram/b13/mem_reg_5__5_
         u_framer/u_payload_ram/b13/mem_reg_5__4_
         u_framer/u_payload_ram/b13/mem_reg_5__3_
         u_framer/u_payload_ram/b13/mem_reg_5__2_
         u_framer/u_payload_ram/b13/mem_reg_5__1_
         u_framer/u_payload_ram/b13/mem_reg_5__0_
         u_framer/u_payload_ram/b13/mem_reg_6__7_
         u_framer/u_payload_ram/b13/mem_reg_6__6_
         u_framer/u_payload_ram/b13/mem_reg_6__5_
         u_framer/u_payload_ram/b13/mem_reg_6__4_
         u_framer/u_payload_ram/b13/mem_reg_6__3_
         u_framer/u_payload_ram/b13/mem_reg_6__2_
         u_framer/u_payload_ram/b13/mem_reg_6__1_
         u_framer/u_payload_ram/b13/mem_reg_6__0_
         u_framer/u_payload_ram/b13/mem_reg_7__7_
         u_framer/u_payload_ram/b13/mem_reg_7__6_
         u_framer/u_payload_ram/b13/mem_reg_7__5_
         u_framer/u_payload_ram/b13/mem_reg_7__4_
         u_framer/u_payload_ram/b13/mem_reg_7__3_
         u_framer/u_payload_ram/b13/mem_reg_7__2_
         u_framer/u_payload_ram/b13/mem_reg_7__1_
         u_framer/u_payload_ram/b13/mem_reg_7__0_
         u_framer/u_payload_ram/b14/mem_reg_0__7_
         u_framer/u_payload_ram/b14/mem_reg_0__6_
         u_framer/u_payload_ram/b14/mem_reg_0__5_
         u_framer/u_payload_ram/b14/mem_reg_0__4_
         u_framer/u_payload_ram/b14/mem_reg_0__3_
         u_framer/u_payload_ram/b14/mem_reg_0__2_
         u_framer/u_payload_ram/b14/mem_reg_0__1_
         u_framer/u_payload_ram/b14/mem_reg_0__0_
         u_framer/u_payload_ram/b14/mem_reg_1__7_
         u_framer/u_payload_ram/b14/mem_reg_1__6_
         u_framer/u_payload_ram/b14/mem_reg_1__5_
         u_framer/u_payload_ram/b14/mem_reg_1__4_
         u_framer/u_payload_ram/b14/mem_reg_1__3_
         u_framer/u_payload_ram/b14/mem_reg_1__2_
         u_framer/u_payload_ram/b14/mem_reg_1__1_
         u_framer/u_payload_ram/b14/mem_reg_1__0_
         u_framer/u_payload_ram/b14/mem_reg_2__7_
         u_framer/u_payload_ram/b14/mem_reg_2__6_
         u_framer/u_payload_ram/b14/mem_reg_2__5_
         u_framer/u_payload_ram/b14/mem_reg_2__4_
         u_framer/u_payload_ram/b14/mem_reg_2__3_
         u_framer/u_payload_ram/b14/mem_reg_2__2_
         u_framer/u_payload_ram/b14/mem_reg_2__1_
         u_framer/u_payload_ram/b14/mem_reg_2__0_
         u_framer/u_payload_ram/b14/mem_reg_3__7_
         u_framer/u_payload_ram/b14/mem_reg_3__6_
         u_framer/u_payload_ram/b14/mem_reg_3__5_
         u_framer/u_payload_ram/b14/mem_reg_3__4_
         u_framer/u_payload_ram/b14/mem_reg_3__3_
         u_framer/u_payload_ram/b14/mem_reg_3__2_
         u_framer/u_payload_ram/b14/mem_reg_3__1_
         u_framer/u_payload_ram/b14/mem_reg_3__0_
         u_framer/u_payload_ram/b14/mem_reg_4__7_
         u_framer/u_payload_ram/b14/mem_reg_4__6_
         u_framer/u_payload_ram/b14/mem_reg_4__5_
         u_framer/u_payload_ram/b14/mem_reg_4__4_
         u_framer/u_payload_ram/b14/mem_reg_4__3_
         u_framer/u_payload_ram/b14/mem_reg_4__2_
         u_framer/u_payload_ram/b14/mem_reg_4__1_
         u_framer/u_payload_ram/b14/mem_reg_4__0_
         u_framer/u_payload_ram/b14/mem_reg_5__7_
         u_framer/u_payload_ram/b14/mem_reg_5__6_
         u_framer/u_payload_ram/b14/mem_reg_5__5_
         u_framer/u_payload_ram/b14/mem_reg_5__4_
         u_framer/u_payload_ram/b14/mem_reg_5__3_
         u_framer/u_payload_ram/b14/mem_reg_5__2_
         u_framer/u_payload_ram/b14/mem_reg_5__1_
         u_framer/u_payload_ram/b14/mem_reg_5__0_
         u_framer/u_payload_ram/b14/mem_reg_6__7_
         u_framer/u_payload_ram/b14/mem_reg_6__6_
         u_framer/u_payload_ram/b14/mem_reg_6__5_
         u_framer/u_payload_ram/b14/mem_reg_6__4_
         u_framer/u_payload_ram/b14/mem_reg_6__3_
         u_framer/u_payload_ram/b14/mem_reg_6__2_
         u_framer/u_payload_ram/b14/mem_reg_6__1_
         u_framer/u_payload_ram/b14/mem_reg_6__0_
         u_framer/u_payload_ram/b14/mem_reg_7__7_
         u_framer/u_payload_ram/b14/mem_reg_7__6_
         u_framer/u_payload_ram/b14/mem_reg_7__5_
         u_framer/u_payload_ram/b14/mem_reg_7__4_
         u_framer/u_payload_ram/b14/mem_reg_7__3_
         u_framer/u_payload_ram/b14/mem_reg_7__2_
         u_framer/u_payload_ram/b14/mem_reg_7__1_
         u_framer/u_payload_ram/b14/mem_reg_7__0_
         u_framer/u_payload_ram/b15/mem_reg_0__7_
         u_framer/u_payload_ram/b15/mem_reg_0__6_
         u_framer/u_payload_ram/b15/mem_reg_0__5_
         u_framer/u_payload_ram/b15/mem_reg_0__4_
         u_framer/u_payload_ram/b15/mem_reg_0__3_
         u_framer/u_payload_ram/b15/mem_reg_0__2_
         u_framer/u_payload_ram/b15/mem_reg_0__1_
         u_framer/u_payload_ram/b15/mem_reg_0__0_
         u_framer/u_payload_ram/b15/mem_reg_1__7_
         u_framer/u_payload_ram/b15/mem_reg_1__6_
         u_framer/u_payload_ram/b15/mem_reg_1__5_
         u_framer/u_payload_ram/b15/mem_reg_1__4_
         u_framer/u_payload_ram/b15/mem_reg_1__3_
         u_framer/u_payload_ram/b15/mem_reg_1__2_
         u_framer/u_payload_ram/b15/mem_reg_1__1_
         u_framer/u_payload_ram/b15/mem_reg_1__0_
         u_framer/u_payload_ram/b15/mem_reg_2__7_
         u_framer/u_payload_ram/b15/mem_reg_2__6_
         u_framer/u_payload_ram/b15/mem_reg_2__5_
         u_framer/u_payload_ram/b15/mem_reg_2__4_
         u_framer/u_payload_ram/b15/mem_reg_2__3_
         u_framer/u_payload_ram/b15/mem_reg_2__2_
         u_framer/u_payload_ram/b15/mem_reg_2__1_
         u_framer/u_payload_ram/b15/mem_reg_2__0_
         u_framer/u_payload_ram/b15/mem_reg_3__7_
         u_framer/u_payload_ram/b15/mem_reg_3__6_
         u_framer/u_payload_ram/b15/mem_reg_3__5_
         u_framer/u_payload_ram/b15/mem_reg_3__4_
         u_framer/u_payload_ram/b15/mem_reg_3__3_
         u_framer/u_payload_ram/b15/mem_reg_3__2_
         u_framer/u_payload_ram/b15/mem_reg_3__1_
         u_framer/u_payload_ram/b15/mem_reg_3__0_
         u_framer/u_payload_ram/b15/mem_reg_4__7_
         u_framer/u_payload_ram/b15/mem_reg_4__6_
         u_framer/u_payload_ram/b15/mem_reg_4__5_
         u_framer/u_payload_ram/b15/mem_reg_4__4_
         u_framer/u_payload_ram/b15/mem_reg_4__3_
         u_framer/u_payload_ram/b15/mem_reg_4__2_
         u_framer/u_payload_ram/b15/mem_reg_4__1_
         u_framer/u_payload_ram/b15/mem_reg_4__0_
         u_framer/u_payload_ram/b15/mem_reg_5__7_
         u_framer/u_payload_ram/b15/mem_reg_5__6_
         u_framer/u_payload_ram/b15/mem_reg_5__5_
         u_framer/u_payload_ram/b15/mem_reg_5__4_
         u_framer/u_payload_ram/b15/mem_reg_5__3_
         u_framer/u_payload_ram/b15/mem_reg_5__2_
         u_framer/u_payload_ram/b15/mem_reg_5__1_
         u_framer/u_payload_ram/b15/mem_reg_5__0_
         u_framer/u_payload_ram/b15/mem_reg_6__7_
         u_framer/u_payload_ram/b15/mem_reg_6__6_
         u_framer/u_payload_ram/b15/mem_reg_6__5_
         u_framer/u_payload_ram/b15/mem_reg_6__4_
         u_framer/u_payload_ram/b15/mem_reg_6__3_
         u_framer/u_payload_ram/b15/mem_reg_6__2_
         u_framer/u_payload_ram/b15/mem_reg_6__1_
         u_framer/u_payload_ram/b15/mem_reg_6__0_
         u_framer/u_payload_ram/b15/mem_reg_7__7_
         u_framer/u_payload_ram/b15/mem_reg_7__6_
         u_framer/u_payload_ram/b15/mem_reg_7__5_
         u_framer/u_payload_ram/b15/mem_reg_7__4_
         u_framer/u_payload_ram/b15/mem_reg_7__3_
         u_framer/u_payload_ram/b15/mem_reg_7__2_
         u_framer/u_payload_ram/b15/mem_reg_7__1_
         u_framer/u_payload_ram/b15/mem_reg_7__0_

Information: Test design rule checking completed. (TEST-123)
1
