****************************************
Report : qor
Design : CSS_Transmitter_Top
Version: O-2018.06-SP1
Date   : Fri Sep 18 12:10:42 2026
****************************************
Information: The stitching and editing of coupling caps is turned OFF for design 'cartesian_tx.dlib:CSS_Transmitter_Top.design'. (TIM-125)
Warning: No physical information exists for design 'CSS_Transmitter_Top'. Zero interconnect delay is used in timing analysis. (TIM-101)
Warning: The extractor can not be initialized for design 'CSS_Transmitter_Top'. Zero interconnect delay is used in timing analysis. (TIM-102)
Information: Update timing completed net estimation for all the timing graph nets (TIM-111)
Information: Net estimation statistics: timing graph nets = 8494, routed nets = 0, across physical hierarchy nets = 0, parasitics cached nets = 0, delay annotated nets = 0, parasitics annotated nets = 0, multi-voltage nets = 0. (TIM-112)


Scenario           'default'
Timing Path Group  'SYS_CLK'
----------------------------------------
Levels of Logic:                     28
Critical Path Length:              8.50
Critical Path Slack:              16.05
Critical Path Clk Period:         31.25
Total Negative Slack:              0.00
No. of Violating Paths:               0
Worst Hold Violation:              0.00
Total Hold Violation:              0.00
No. of Hold Violations:               0
----------------------------------------


Cell Count
----------------------------------------
Hierarchical Cell Count:             52
Hierarchical Port Count:           1270
Leaf Cell Count:                   7152
Buf/Inv Cell Count:                2140
Buf Cell Count:                     670
Inv Cell Count:                    1470
CT Buf/Inv Cell Count:                0
Combinational Cell Count:          5888
Sequential Cell Count:             1264
Macro Count:                          0
----------------------------------------


Area
----------------------------------------
Combinational Area:            52760.68
Noncombinational Area:         38875.85
Buf/Inv Area:                  12811.16
Total Buffer Area:              4513.08
Total Inverter Area:            8298.09
Macro/Black Box Area:              0.00
Net Area:                             0
Net XLength:                       0.00
Net YLength:                       0.00
----------------------------------------
Cell Area (netlist):                          91636.53
Cell Area (netlist and physical only):        91636.53
Net Length:                        0.00


Design Rules
----------------------------------------
Total Number of Nets:              8510
Nets with Violations:                 0
Max Trans Violations:                 0
Max Cap Violations:                   0
----------------------------------------

1
