In mode: Internal_scan...
  Design has scan chains in this mode
  Design is scan routed
  Post-DFT DRC enabled

Information: Starting test design rule checking. (TEST-222)
  Loading test protocol
  ...basic checks...
  ...basic sequential cell checks...
  ...checking vector rules...
  ...checking clock rules...
  ...checking scan chain rules...
  ...checking scan compression rules...
  ...checking X-state rules...
  ...checking tristate rules...
  ...extracting scan details...

-----------------------------------------------------------------
Begin Clock violations...

 Warning: Clock rstn used as data is different than capture clock clk for inputs CLK/D of stable DFF (u_framer/u_ctrl/busy_prev_reg). (C26-1)
 Warning: Clock rstn used as data is different than capture clock clk for inputs CLK/D of stable DFF (u_framer/u_ctrl/start_prev_reg). (C26-2)
 Warning: Clock rstn used as data is different than capture clock clk for inputs CLK/D of stable DFF (u_framer/u_ctrl/len_err_reg). (C26-3)
 Warning: Clock rstn used as data is different than capture clock clk for inputs CLK/D of stable DFF (u_framer/u_ctrl/wptr_reg_0_). (C26-4)
 Warning: Clock rstn used as data is different than capture clock clk for inputs CLK/D of stable DFF (u_framer/u_ctrl/wptr_reg_1_). (C26-5)
 Warning: Clock rstn used as data is different than capture clock clk for inputs CLK/D of stable DFF (u_framer/u_ctrl/wptr_reg_2_). (C26-6)
 Warning: Clock rstn used as data is different than capture clock clk for inputs CLK/D of stable DFF (u_framer/u_ctrl/wptr_reg_3_). (C26-7)
 Warning: Clock rstn used as data is different than capture clock clk for inputs CLK/D of stable DFF (u_framer/u_ctrl/wptr_reg_4_). (C26-8)
 Warning: Clock rstn used as data is different than capture clock clk for inputs CLK/D of stable DFF (u_framer/u_ctrl/wptr_reg_5_). (C26-9)
 Warning: Clock rstn used as data is different than capture clock clk for inputs CLK/D of stable DFF (u_framer/u_ctrl/wptr_reg_6_). (C26-10)
 Warning: Clock rstn used as data is different than capture clock clk for inputs CLK/D of stable DFF (u_framer/u_ctrl/wptr_reg_7_). (C26-11)
 Warning: Clock rstn used as data is different than capture clock clk for inputs CLK/D of stable DFF (u_framer/u_ctrl/wptr_reg_8_). (C26-12)
 Warning: Clock rstn used as data is different than capture clock clk for inputs CLK/D of stable DFF (u_framer/u_ctrl/wptr_reg_9_). (C26-13)
 Warning: Clock rstn used as data is different than capture clock clk for inputs CLK/D of stable DFF (u_framer/u_ctrl/shr_cnt_reg_0_). (C26-14)
 Warning: Clock rstn used as data is different than capture clock clk for inputs CLK/D of stable DFF (u_framer/u_ctrl/shr_cnt_reg_1_). (C26-15)
 Warning: Clock rstn used as data is different than capture clock clk for inputs CLK/D of stable DFF (u_framer/u_ctrl/shr_cnt_reg_2_). (C26-16)
 Warning: Clock rstn used as data is different than capture clock clk for inputs CLK/D of stable DFF (u_framer/u_ctrl/shr_cnt_reg_3_). (C26-17)
 Warning: Clock rstn used as data is different than capture clock clk for inputs CLK/D of stable DFF (u_framer/u_ctrl/byte_idx_reg_0_). (C26-18)
 Warning: Clock rstn used as data is different than capture clock clk for inputs CLK/D of stable DFF (u_framer/u_ctrl/byte_idx_reg_2_). (C26-19)
 Warning: Clock rstn used as data is different than capture clock clk for inputs CLK/D of stable DFF (u_framer/u_ctrl/byte_idx_reg_3_). (C26-20)
 Warning: Clock rstn used as data is different than capture clock clk for inputs CLK/D of stable DFF (u_framer/u_ctrl/byte_idx_reg_4_). (C26-21)
 Warning: Clock rstn used as data is different than capture clock clk for inputs CLK/D of stable DFF (u_framer/u_ctrl/byte_idx_reg_5_). (C26-22)
 Warning: Clock rstn used as data is different than capture clock clk for inputs CLK/D of stable DFF (u_framer/u_ctrl/byte_idx_reg_6_). (C26-23)
 Warning: Clock rstn used as data is different than capture clock clk for inputs CLK/D of stable DFF (u_framer/u_ctrl/byte_idx_reg_7_). (C26-24)
 Warning: Clock rstn used as data is different than capture clock clk for inputs CLK/D of stable DFF (u_framer/u_ctrl/load_cnt_reg_1_). (C26-25)
 Warning: Clock rstn used as data is different than capture clock clk for inputs CLK/D of stable DFF (u_framer/u_ctrl/load_cnt_reg_0_). (C26-26)
 Warning: Clock rstn used as data is different than capture clock clk for inputs CLK/D of stable DFF (u_framer/u_ctrl/phr_blk_reg). (C26-27)
 Warning: Clock rstn used as data is different than capture clock clk for inputs CLK/D of stable DFF (u_framer/u_ctrl/ppdu_done_reg). (C26-28)
 Warning: Clock rstn used as data is different than capture clock clk for inputs CLK/D of stable DFF (u_framer/u_ctrl/ppdu_nibbles_reg_9_). (C26-29)
 Warning: Clock rstn used as data is different than capture clock clk for inputs CLK/D of stable DFF (u_framer/u_ctrl/ppdu_nibbles_reg_8_). (C26-30)
 Warning: Clock rstn used as data is different than capture clock clk for inputs CLK/D of stable DFF (u_framer/u_ctrl/ppdu_nibbles_reg_7_). (C26-31)
 Warning: Clock rstn used as data is different than capture clock clk for inputs CLK/D of stable DFF (u_framer/u_ctrl/ppdu_nibbles_reg_6_). (C26-32)
 Warning: Clock rstn used as data is different than capture clock clk for inputs CLK/D of stable DFF (u_framer/u_ctrl/ppdu_nibbles_reg_5_). (C26-33)
 Warning: Clock rstn used as data is different than capture clock clk for inputs CLK/D of stable DFF (u_framer/u_ctrl/ppdu_nibbles_reg_4_). (C26-34)
 Warning: Clock rstn used as data is different than capture clock clk for inputs CLK/D of stable DFF (u_framer/u_ctrl/ppdu_nibbles_reg_3_). (C26-35)
 Warning: Clock rstn used as data is different than capture clock clk for inputs CLK/D of stable DFF (u_framer/u_ctrl/ppdu_nibbles_reg_2_). (C26-36)
 Warning: Clock rstn used as data is different than capture clock clk for inputs CLK/D of stable DFF (u_framer/u_ctrl/ppdu_nibbles_reg_1_). (C26-37)
 Warning: Clock rstn used as data is different than capture clock clk for inputs CLK/D of stable DFF (u_framer/u_ctrl/ppdu_nibbles_reg_0_). (C26-38)
 Warning: Clock rstn used as data is different than capture clock clk for inputs CLK/D of stable DFF (u_framer/u_ctrl/win_reg_1_). (C26-39)
 Warning: Clock rstn used as data is different than capture clock clk for inputs CLK/D of stable DFF (u_framer/u_ctrl/len_q_reg_6_). (C26-40)
 Warning: Clock rstn used as data is different than capture clock clk for inputs CLK/D of stable DFF (u_framer/u_ctrl/len_q_reg_5_). (C26-41)
 Warning: Clock rstn used as data is different than capture clock clk for inputs CLK/D of stable DFF (u_framer/u_ctrl/len_q_reg_4_). (C26-42)
 Warning: Clock rstn used as data is different than capture clock clk for inputs CLK/D of stable DFF (u_framer/u_ctrl/len_q_reg_3_). (C26-43)
 Warning: Clock rstn used as data is different than capture clock clk for inputs CLK/D of stable DFF (u_framer/u_ctrl/len_q_reg_2_). (C26-44)
 Warning: Clock rstn used as data is different than capture clock clk for inputs CLK/D of stable DFF (u_framer/u_ctrl/len_q_reg_1_). (C26-45)
 Warning: Clock rstn used as data is different than capture clock clk for inputs CLK/D of stable DFF (u_framer/u_ctrl/len_q_reg_0_). (C26-46)
 Warning: Clock rstn used as data is different than capture clock clk for inputs CLK/D of stable DFF (u_framer/u_ctrl/half_reg). (C26-47)
 Warning: Clock rstn used as data is different than capture clock clk for inputs CLK/D of stable DFF (u_framer/u_ctrl/win_reg_0_). (C26-48)
 Warning: Clock rstn used as data is different than capture clock clk for inputs CLK/D of stable DFF (u_framer/u_ctrl/k_reg_1_). (C26-49)
 Warning: Clock rstn used as data is different than capture clock clk for inputs CLK/D of stable DFF (u_framer/u_ctrl/k_reg_2_). (C26-50)
 Warning: Clock rstn used as data is different than capture clock clk for inputs CLK/D of stable DFF (u_framer/u_ctrl/k_reg_3_). (C26-51)
 Warning: Clock rstn used as data is different than capture clock clk for inputs CLK/D of stable DFF (u_framer/u_ctrl/bits_left_reg_2_). (C26-52)
 Warning: Clock rstn used as data is different than capture clock clk for inputs CLK/D of stable DFF (u_framer/u_ctrl/bits_left_reg_1_). (C26-53)
 Warning: Clock rstn used as data is different than capture clock clk for inputs CLK/D of stable DFF (u_framer/u_ctrl/bits_left_reg_3_). (C26-54)
 Warning: Clock rstn used as data is different than capture clock clk for inputs CLK/D of stable DFF (u_framer/u_ctrl/bits_left_reg_11_). (C26-55)
 Warning: Clock rstn used as data is different than capture clock clk for inputs CLK/D of stable DFF (u_framer/u_ctrl/bits_left_reg_0_). (C26-56)
 Warning: Clock rstn used as data is different than capture clock clk for inputs CLK/D of stable DFF (u_framer/u_ctrl/bits_left_reg_10_). (C26-57)
 Warning: Clock rstn used as data is different than capture clock clk for inputs CLK/D of stable DFF (u_framer/u_ctrl/bits_left_reg_4_). (C26-58)
 Warning: Clock rstn used as data is different than capture clock clk for inputs CLK/D of stable DFF (u_framer/u_ctrl/bits_left_reg_9_). (C26-59)
 Warning: Clock rstn used as data is different than capture clock clk for inputs CLK/D of stable DFF (u_framer/u_ctrl/bits_left_reg_8_). (C26-60)
 Warning: Clock rstn used as data is different than capture clock clk for inputs CLK/D of stable DFF (u_framer/u_ctrl/bits_left_reg_7_). (C26-61)
 Warning: Clock rstn used as data is different than capture clock clk for inputs CLK/D of stable DFF (u_framer/u_ctrl/bits_left_reg_6_). (C26-62)
 Warning: Clock rstn used as data is different than capture clock clk for inputs CLK/D of stable DFF (u_framer/u_ctrl/bits_left_reg_5_). (C26-63)
 Warning: Clock rstn used as data is different than capture clock clk for inputs CLK/D of stable DFF (u_framer/u_ctrl/state_reg_0_). (C26-64)
 Warning: Clock rstn used as data is different than capture clock clk for inputs CLK/D of stable DFF (u_framer/u_ctrl/state_reg_1_). (C26-65)
 Warning: Clock rstn used as data is different than capture clock clk for inputs CLK/D of stable DFF (u_framer/u_ctrl/byte_idx_reg_1_). (C26-66)
 Warning: Clock rstn used as data is different than capture clock clk for inputs CLK/D of stable DFF (u_framer/u_ctrl/k_reg_0_). (C26-67)
 Warning: Clock rstn used as data is different than capture clock clk for inputs CLK/D of stable DFF (u_framer/u_ctrl/shr_cnt_reg_4_). (C26-68)
 Warning: Clock rstn used as data is different than capture clock clk for inputs CLK/D of stable DFF (u_framer/u_ctrl/rate_q_reg). (C26-69)
 Warning: Clock rstn used as data is different than capture clock clk for inputs CLK/D of stable DFF (u_framer/u_ctrl/state_reg_2_). (C26-70)
 Warning: Clock rstn used as data is different than capture clock clk for inputs CLK/D of stable DFF (u_framer/u_payload_ram/we_q_reg). (C26-71)
 Warning: Clock rstn used as data is different than capture clock clk for inputs CLK/D of stable DFF (u_framer/u_payload_ram/waddr_q_reg_6_). (C26-72)
 Warning: Clock rstn used as data is different than capture clock clk for inputs CLK/D of stable DFF (u_framer/u_payload_ram/waddr_q_reg_5_). (C26-73)
 Warning: Clock rstn used as data is different than capture clock clk for inputs CLK/D of stable DFF (u_framer/u_payload_ram/waddr_q_reg_4_). (C26-74)
 Warning: Clock rstn used as data is different than capture clock clk for inputs CLK/D of stable DFF (u_framer/u_payload_ram/waddr_q_reg_3_). (C26-75)
 Warning: Clock rstn used as data is different than capture clock clk for inputs CLK/D of stable DFF (u_framer/u_payload_ram/waddr_q_reg_0_). (C26-76)
 Warning: Clock rstn used as data is different than capture clock clk for inputs CLK/D of stable DFF (u_framer/u_payload_ram/rdata_reg_7_). (C26-77)
 Warning: Clock rstn used as data is different than capture clock clk for inputs CLK/D of stable DFF (u_framer/u_payload_ram/rdata_reg_6_). (C26-78)
 Warning: Clock rstn used as data is different than capture clock clk for inputs CLK/D of stable DFF (u_framer/u_payload_ram/rdata_reg_0_). (C26-79)
 Warning: Clock rstn used as data is different than capture clock clk for inputs CLK/D of stable DFF (u_framer/u_payload_ram/waddr_q_reg_1_). (C26-80)
 Warning: Clock rstn used as data is different than capture clock clk for inputs CLK/D of stable DFF (u_framer/u_payload_ram/waddr_q_reg_2_). (C26-81)
 Warning: Clock rstn used as data is different than capture clock clk for inputs CLK/D of stable DFF (u_framer/u_payload_ram/wdata_q_reg_0_). (C26-82)
 Warning: Clock rstn used as data is different than capture clock clk for inputs CLK/D of stable DFF (u_framer/u_payload_ram/wdata_q_reg_1_). (C26-83)
 Warning: Clock rstn used as data is different than capture clock clk for inputs CLK/D of stable DFF (u_framer/u_payload_ram/wdata_q_reg_2_). (C26-84)
 Warning: Clock rstn used as data is different than capture clock clk for inputs CLK/D of stable DFF (u_framer/u_payload_ram/wdata_q_reg_3_). (C26-85)
 Warning: Clock rstn used as data is different than capture clock clk for inputs CLK/D of stable DFF (u_framer/u_payload_ram/wdata_q_reg_5_). (C26-86)
 Warning: Clock rstn used as data is different than capture clock clk for inputs CLK/D of stable DFF (u_framer/u_payload_ram/wdata_q_reg_7_). (C26-87)
 Warning: Clock rstn used as data is different than capture clock clk for inputs CLK/D of stable DFF (u_framer/u_payload_ram/wdata_q_reg_6_). (C26-88)
 Warning: Clock rstn used as data is different than capture clock clk for inputs CLK/D of stable DFF (u_framer/u_payload_ram/wdata_q_reg_4_). (C26-89)
 Warning: Clock rstn used as data is different than capture clock clk for inputs CLK/D of stable DFF (u_framer/u_payload_ram/rdata_reg_2_). (C26-90)
 Warning: Clock rstn used as data is different than capture clock clk for inputs CLK/D of stable DFF (u_framer/u_payload_ram/rdata_reg_5_). (C26-91)
 Warning: Clock rstn used as data is different than capture clock clk for inputs CLK/D of stable DFF (u_framer/u_payload_ram/rdata_reg_1_). (C26-92)
 Warning: Clock rstn used as data is different than capture clock clk for inputs CLK/D of stable DFF (u_framer/u_payload_ram/rdata_reg_4_). (C26-93)
 Warning: Clock rstn used as data is different than capture clock clk for inputs CLK/D of stable DFF (u_framer/u_payload_ram/rdata_reg_3_). (C26-94)
 Warning: Clock rstn used as data is different than capture clock clk for inputs CLK/D of stable DFF (u_framer/u_acc/acc_reg_11_). (C26-95)
 Warning: Clock rstn used as data is different than capture clock clk for inputs CLK/D of stable DFF (u_framer/u_acc/acc_reg_10_). (C26-96)
 Warning: Clock rstn used as data is different than capture clock clk for inputs CLK/D of stable DFF (u_framer/u_acc/acc_reg_9_). (C26-97)
 Warning: Clock rstn used as data is different than capture clock clk for inputs CLK/D of stable DFF (u_framer/u_acc/acc_reg_8_). (C26-98)
 Warning: Clock rstn used as data is different than capture clock clk for inputs CLK/D of stable DFF (u_framer/u_acc/acc_reg_7_). (C26-99)
 Warning: Clock rstn used as data is different than capture clock clk for inputs CLK/D of stable DFF (u_framer/u_acc/acc_reg_20_). (C26-100)
 Warning: Clock rstn used as data is different than capture clock clk for inputs CLK/D of stable DFF (u_framer/u_acc/acc_reg_23_). (C26-101)
 Warning: Clock rstn used as data is different than capture clock clk for inputs CLK/D of stable DFF (u_framer/u_acc/acc_reg_22_). (C26-102)
 Warning: Clock rstn used as data is different than capture clock clk for inputs CLK/D of stable DFF (u_framer/u_acc/acc_reg_19_). (C26-103)
 Warning: Clock rstn used as data is different than capture clock clk for inputs CLK/D of stable DFF (u_framer/u_acc/acc_reg_18_). (C26-104)
 Warning: Clock rstn used as data is different than capture clock clk for inputs CLK/D of stable DFF (u_framer/u_acc/acc_reg_21_). (C26-105)
 Warning: Clock rstn used as data is different than capture clock clk for inputs CLK/D of stable DFF (u_framer/u_acc/acc_reg_0_). (C26-106)
 Warning: Clock rstn used as data is different than capture clock clk for inputs CLK/D of stable DFF (u_framer/u_acc/acc_reg_17_). (C26-107)
 Warning: Clock rstn used as data is different than capture clock clk for inputs CLK/D of stable DFF (u_framer/u_acc/acc_reg_14_). (C26-108)
 Warning: Clock rstn used as data is different than capture clock clk for inputs CLK/D of stable DFF (u_framer/u_acc/acc_reg_6_). (C26-109)
 Warning: Clock rstn used as data is different than capture clock clk for inputs CLK/D of stable DFF (u_framer/u_acc/acc_reg_2_). (C26-110)
 Warning: Clock rstn used as data is different than capture clock clk for inputs CLK/D of stable DFF (u_framer/u_acc/acc_reg_3_). (C26-111)
 Warning: Clock rstn used as data is different than capture clock clk for inputs CLK/D of stable DFF (u_framer/u_acc/acc_reg_5_). (C26-112)
 Warning: Clock rstn used as data is different than capture clock clk for inputs CLK/D of stable DFF (u_framer/u_acc/acc_reg_1_). (C26-113)
 Warning: Clock rstn used as data is different than capture clock clk for inputs CLK/D of stable DFF (u_framer/u_acc/acc_reg_16_). (C26-114)
 Warning: Clock rstn used as data is different than capture clock clk for inputs CLK/D of stable DFF (u_framer/u_acc/acc_reg_15_). (C26-115)
 Warning: Clock rstn used as data is different than capture clock clk for inputs CLK/D of stable DFF (u_framer/u_acc/acc_reg_13_). (C26-116)
 Warning: Clock rstn used as data is different than capture clock clk for inputs CLK/D of stable DFF (u_framer/u_acc/acc_reg_12_). (C26-117)
 Warning: Clock rstn used as data is different than capture clock clk for inputs CLK/D of stable DFF (u_framer/u_acc/acc_reg_4_). (C26-118)
 Warning: Clock rstn used as data is different than capture clock clk for inputs CLK/D of stable DFF (u_framer/u_il/hold_q_reg_31_). (C26-119)
 Warning: Clock rstn used as data is different than capture clock clk for inputs CLK/D of stable DFF (u_framer/u_il/hold_q_reg_30_). (C26-120)
 Warning: Clock rstn used as data is different than capture clock clk for inputs CLK/D of stable DFF (u_framer/u_il/hold_q_reg_29_). (C26-121)
 Warning: Clock rstn used as data is different than capture clock clk for inputs CLK/D of stable DFF (u_framer/u_il/hold_q_reg_28_). (C26-122)
 Warning: Clock rstn used as data is different than capture clock clk for inputs CLK/D of stable DFF (u_framer/u_il/hold_q_reg_27_). (C26-123)
 Warning: Clock rstn used as data is different than capture clock clk for inputs CLK/D of stable DFF (u_framer/u_il/hold_q_reg_26_). (C26-124)
 Warning: Clock rstn used as data is different than capture clock clk for inputs CLK/D of stable DFF (u_framer/u_il/hold_q_reg_25_). (C26-125)
 Warning: Clock rstn used as data is different than capture clock clk for inputs CLK/D of stable DFF (u_framer/u_il/hold_q_reg_24_). (C26-126)
 Warning: Clock rstn used as data is different than capture clock clk for inputs CLK/D of stable DFF (u_framer/u_il/hold_q_reg_23_). (C26-127)
 Warning: Clock rstn used as data is different than capture clock clk for inputs CLK/D of stable DFF (u_framer/u_il/hold_q_reg_22_). (C26-128)
 Warning: Clock rstn used as data is different than capture clock clk for inputs CLK/D of stable DFF (u_framer/u_il/hold_q_reg_21_). (C26-129)
 Warning: Clock rstn used as data is different than capture clock clk for inputs CLK/D of stable DFF (u_framer/u_il/hold_q_reg_20_). (C26-130)
 Warning: Clock rstn used as data is different than capture clock clk for inputs CLK/D of stable DFF (u_framer/u_il/hold_q_reg_19_). (C26-131)
 Warning: Clock rstn used as data is different than capture clock clk for inputs CLK/D of stable DFF (u_framer/u_il/hold_q_reg_18_). (C26-132)
 Warning: Clock rstn used as data is different than capture clock clk for inputs CLK/D of stable DFF (u_framer/u_il/hold_q_reg_17_). (C26-133)
 Warning: Clock rstn used as data is different than capture clock clk for inputs CLK/D of stable DFF (u_framer/u_il/hold_q_reg_16_). (C26-134)
 Warning: Clock rstn used as data is different than capture clock clk for inputs CLK/D of stable DFF (u_framer/u_il/hold_q_reg_15_). (C26-135)
 Warning: Clock rstn used as data is different than capture clock clk for inputs CLK/D of stable DFF (u_framer/u_il/hold_q_reg_14_). (C26-136)
 Warning: Clock rstn used as data is different than capture clock clk for inputs CLK/D of stable DFF (u_framer/u_il/hold_q_reg_13_). (C26-137)
 Warning: Clock rstn used as data is different than capture clock clk for inputs CLK/D of stable DFF (u_framer/u_il/hold_q_reg_12_). (C26-138)
 Warning: Clock rstn used as data is different than capture clock clk for inputs CLK/D of stable DFF (u_framer/u_il/hold_q_reg_10_). (C26-139)
 Warning: Clock rstn used as data is different than capture clock clk for inputs CLK/D of stable DFF (u_framer/u_il/hold_q_reg_9_). (C26-140)
 Warning: Clock rstn used as data is different than capture clock clk for inputs CLK/D of stable DFF (u_framer/u_il/hold_q_reg_7_). (C26-141)
 Warning: Clock rstn used as data is different than capture clock clk for inputs CLK/D of stable DFF (u_framer/u_il/hold_q_reg_6_). (C26-142)
 Warning: Clock rstn used as data is different than capture clock clk for inputs CLK/D of stable DFF (u_framer/u_il/hold_q_reg_5_). (C26-143)
 Warning: Clock rstn used as data is different than capture clock clk for inputs CLK/D of stable DFF (u_framer/u_il/hold_q_reg_4_). (C26-144)
 Warning: Clock rstn used as data is different than capture clock clk for inputs CLK/D of stable DFF (u_framer/u_il/hold_q_reg_3_). (C26-145)
 Warning: Clock rstn used as data is different than capture clock clk for inputs CLK/D of stable DFF (u_framer/u_il/hold_q_reg_2_). (C26-146)
 Warning: Clock rstn used as data is different than capture clock clk for inputs CLK/D of stable DFF (u_framer/u_il/hold_q_reg_1_). (C26-147)
 Warning: Clock rstn used as data is different than capture clock clk for inputs CLK/D of stable DFF (u_framer/u_il/hold_q_reg_0_). (C26-148)
 Warning: Clock rstn used as data is different than capture clock clk for inputs CLK/D of stable DFF (u_framer/u_il/hold_i_reg_31_). (C26-149)
 Warning: Clock rstn used as data is different than capture clock clk for inputs CLK/D of stable DFF (u_framer/u_il/hold_i_reg_30_). (C26-150)
 Warning: Clock rstn used as data is different than capture clock clk for inputs CLK/D of stable DFF (u_framer/u_il/hold_i_reg_29_). (C26-151)
 Warning: Clock rstn used as data is different than capture clock clk for inputs CLK/D of stable DFF (u_framer/u_il/hold_i_reg_28_). (C26-152)
 Warning: Clock rstn used as data is different than capture clock clk for inputs CLK/D of stable DFF (u_framer/u_il/hold_i_reg_27_). (C26-153)
 Warning: Clock rstn used as data is different than capture clock clk for inputs CLK/D of stable DFF (u_framer/u_il/hold_i_reg_26_). (C26-154)
 Warning: Clock rstn used as data is different than capture clock clk for inputs CLK/D of stable DFF (u_framer/u_il/hold_i_reg_25_). (C26-155)
 Warning: Clock rstn used as data is different than capture clock clk for inputs CLK/D of stable DFF (u_framer/u_il/hold_i_reg_24_). (C26-156)
 Warning: Clock rstn used as data is different than capture clock clk for inputs CLK/D of stable DFF (u_framer/u_il/hold_i_reg_23_). (C26-157)
 Warning: Clock rstn used as data is different than capture clock clk for inputs CLK/D of stable DFF (u_framer/u_il/hold_i_reg_22_). (C26-158)
 Warning: Clock rstn used as data is different than capture clock clk for inputs CLK/D of stable DFF (u_framer/u_il/hold_i_reg_21_). (C26-159)
 Warning: Clock rstn used as data is different than capture clock clk for inputs CLK/D of stable DFF (u_framer/u_il/hold_i_reg_20_). (C26-160)
 Warning: Clock rstn used as data is different than capture clock clk for inputs CLK/D of stable DFF (u_framer/u_il/hold_i_reg_19_). (C26-161)
 Warning: Clock rstn used as data is different than capture clock clk for inputs CLK/D of stable DFF (u_framer/u_il/hold_i_reg_18_). (C26-162)
 Warning: Clock rstn used as data is different than capture clock clk for inputs CLK/D of stable DFF (u_framer/u_il/hold_i_reg_17_). (C26-163)
 Warning: Clock rstn used as data is different than capture clock clk for inputs CLK/D of stable DFF (u_framer/u_il/hold_i_reg_16_). (C26-164)
 Warning: Clock rstn used as data is different than capture clock clk for inputs CLK/D of stable DFF (u_framer/u_il/hold_i_reg_15_). (C26-165)
 Warning: Clock rstn used as data is different than capture clock clk for inputs CLK/D of stable DFF (u_framer/u_il/hold_i_reg_14_). (C26-166)
 Warning: Clock rstn used as data is different than capture clock clk for inputs CLK/D of stable DFF (u_framer/u_il/hold_i_reg_13_). (C26-167)
 Warning: Clock rstn used as data is different than capture clock clk for inputs CLK/D of stable DFF (u_framer/u_il/hold_i_reg_12_). (C26-168)
 Warning: Clock rstn used as data is different than capture clock clk for inputs CLK/D of stable DFF (u_framer/u_il/hold_i_reg_11_). (C26-169)
 Warning: Clock rstn used as data is different than capture clock clk for inputs CLK/D of stable DFF (u_framer/u_il/hold_i_reg_10_). (C26-170)
 Warning: Clock rstn used as data is different than capture clock clk for inputs CLK/D of stable DFF (u_framer/u_il/hold_i_reg_9_). (C26-171)
 Warning: Clock rstn used as data is different than capture clock clk for inputs CLK/D of stable DFF (u_framer/u_il/hold_i_reg_8_). (C26-172)
 Warning: Clock rstn used as data is different than capture clock clk for inputs CLK/D of stable DFF (u_framer/u_il/hold_i_reg_7_). (C26-173)
 Warning: Clock rstn used as data is different than capture clock clk for inputs CLK/D of stable DFF (u_framer/u_il/hold_i_reg_6_). (C26-174)
 Warning: Clock rstn used as data is different than capture clock clk for inputs CLK/D of stable DFF (u_framer/u_il/hold_i_reg_5_). (C26-175)
 Warning: Clock rstn used as data is different than capture clock clk for inputs CLK/D of stable DFF (u_framer/u_il/hold_i_reg_4_). (C26-176)
 Warning: Clock rstn used as data is different than capture clock clk for inputs CLK/D of stable DFF (u_framer/u_il/hold_i_reg_3_). (C26-177)
 Warning: Clock rstn used as data is different than capture clock clk for inputs CLK/D of stable DFF (u_framer/u_il/hold_i_reg_2_). (C26-178)
 Warning: Clock rstn used as data is different than capture clock clk for inputs CLK/D of stable DFF (u_framer/u_il/hold_i_reg_1_). (C26-179)
 Warning: Clock rstn used as data is different than capture clock clk for inputs CLK/D of stable DFF (u_framer/u_il/hold_i_reg_0_). (C26-180)
 Warning: Clock rstn used as data is different than capture clock clk for inputs CLK/D of stable DFF (u_framer/u_il/hold_q_reg_11_). (C26-181)
 Warning: Clock rstn used as data is different than capture clock clk for inputs CLK/D of stable DFF (u_framer/u_il/hold_q_reg_8_). (C26-182)

Clock violations completed...
-----------------------------------------------------------------

-----------------------------------------------------------------
  DRC Report

  Total violations: 182

-----------------------------------------------------------------

182 CLOCK VIOLATIONS
   182 Clock as data different from capture clock for stable cell violations (C26)


Warning: Violations occurred during test design rule checking. (TEST-124)

-----------------------------------------------------------------
  Sequential Cell Report

  0 out of 1321 sequential cells have violations

-----------------------------------------------------------------

SEQUENTIAL CELLS WITHOUT VIOLATIONS
      *1321 cells are valid scan cells
         u_framer/u_ctrl/busy_prev_reg
         u_framer/u_ctrl/start_prev_reg
         u_framer/u_ctrl/len_err_reg
         u_framer/u_ctrl/wptr_reg_0_
         u_framer/u_ctrl/wptr_reg_1_
         u_framer/u_ctrl/wptr_reg_2_
         u_framer/u_ctrl/wptr_reg_3_
         u_framer/u_ctrl/wptr_reg_4_
         u_framer/u_ctrl/wptr_reg_5_
         u_framer/u_ctrl/wptr_reg_6_
         u_framer/u_ctrl/wptr_reg_7_
         u_framer/u_ctrl/wptr_reg_8_
         u_framer/u_ctrl/wptr_reg_9_
         u_framer/u_ctrl/shr_cnt_reg_0_
         u_framer/u_ctrl/shr_cnt_reg_1_
         u_framer/u_ctrl/shr_cnt_reg_2_
         u_framer/u_ctrl/shr_cnt_reg_3_
         u_framer/u_ctrl/byte_idx_reg_0_
         u_framer/u_ctrl/byte_idx_reg_2_
         u_framer/u_ctrl/byte_idx_reg_3_
         u_framer/u_ctrl/byte_idx_reg_4_
         u_framer/u_ctrl/byte_idx_reg_5_
         u_framer/u_ctrl/byte_idx_reg_6_
         u_framer/u_ctrl/byte_idx_reg_7_
         u_framer/u_ctrl/load_cnt_reg_1_
         u_framer/u_ctrl/load_cnt_reg_0_
         u_framer/u_ctrl/phr_blk_reg
         u_framer/u_ctrl/ppdu_done_reg
         u_framer/u_ctrl/ppdu_nibbles_reg_9_
         u_framer/u_ctrl/ppdu_nibbles_reg_8_
         u_framer/u_ctrl/ppdu_nibbles_reg_7_
         u_framer/u_ctrl/ppdu_nibbles_reg_6_
         u_framer/u_ctrl/ppdu_nibbles_reg_5_
         u_framer/u_ctrl/ppdu_nibbles_reg_4_
         u_framer/u_ctrl/ppdu_nibbles_reg_3_
         u_framer/u_ctrl/ppdu_nibbles_reg_2_
         u_framer/u_ctrl/ppdu_nibbles_reg_1_
         u_framer/u_ctrl/ppdu_nibbles_reg_0_
         u_framer/u_ctrl/win_reg_1_
         u_framer/u_ctrl/len_q_reg_6_
         u_framer/u_ctrl/len_q_reg_5_
         u_framer/u_ctrl/len_q_reg_4_
         u_framer/u_ctrl/len_q_reg_3_
         u_framer/u_ctrl/len_q_reg_2_
         u_framer/u_ctrl/len_q_reg_1_
         u_framer/u_ctrl/len_q_reg_0_
         u_framer/u_ctrl/half_reg
         u_framer/u_ctrl/win_reg_0_
         u_framer/u_ctrl/k_reg_1_
         u_framer/u_ctrl/k_reg_2_
         u_framer/u_ctrl/k_reg_3_
         u_framer/u_ctrl/bits_left_reg_2_
         u_framer/u_ctrl/bits_left_reg_1_
         u_framer/u_ctrl/bits_left_reg_3_
         u_framer/u_ctrl/bits_left_reg_11_
         u_framer/u_ctrl/bits_left_reg_0_
         u_framer/u_ctrl/bits_left_reg_10_
         u_framer/u_ctrl/bits_left_reg_4_
         u_framer/u_ctrl/bits_left_reg_9_
         u_framer/u_ctrl/bits_left_reg_8_
         u_framer/u_ctrl/bits_left_reg_7_
         u_framer/u_ctrl/bits_left_reg_6_
         u_framer/u_ctrl/bits_left_reg_5_
         u_framer/u_ctrl/state_reg_0_
         u_framer/u_ctrl/state_reg_1_
         u_framer/u_ctrl/byte_idx_reg_1_
         u_framer/u_ctrl/k_reg_0_
         u_framer/u_ctrl/shr_cnt_reg_4_
         u_framer/u_ctrl/rate_q_reg
         u_framer/u_ctrl/state_reg_2_
         u_framer/u_payload_ram/we_q_reg
         u_framer/u_payload_ram/waddr_q_reg_6_
         u_framer/u_payload_ram/waddr_q_reg_5_
         u_framer/u_payload_ram/waddr_q_reg_4_
         u_framer/u_payload_ram/waddr_q_reg_3_
         u_framer/u_payload_ram/waddr_q_reg_0_
         u_framer/u_payload_ram/rdata_reg_7_
         u_framer/u_payload_ram/rdata_reg_6_
         u_framer/u_payload_ram/rdata_reg_0_
         u_framer/u_payload_ram/waddr_q_reg_1_
         u_framer/u_payload_ram/waddr_q_reg_2_
         u_framer/u_payload_ram/wdata_q_reg_0_
         u_framer/u_payload_ram/wdata_q_reg_1_
         u_framer/u_payload_ram/wdata_q_reg_2_
         u_framer/u_payload_ram/wdata_q_reg_3_
         u_framer/u_payload_ram/wdata_q_reg_5_
         u_framer/u_payload_ram/wdata_q_reg_7_
         u_framer/u_payload_ram/wdata_q_reg_6_
         u_framer/u_payload_ram/wdata_q_reg_4_
         u_framer/u_payload_ram/rdata_reg_2_
         u_framer/u_payload_ram/rdata_reg_5_
         u_framer/u_payload_ram/rdata_reg_1_
         u_framer/u_payload_ram/rdata_reg_4_
         u_framer/u_payload_ram/rdata_reg_3_
         u_framer/u_acc/acc_reg_11_
         u_framer/u_acc/acc_reg_10_
         u_framer/u_acc/acc_reg_9_
         u_framer/u_acc/acc_reg_8_
         u_framer/u_acc/acc_reg_7_
         u_framer/u_acc/acc_reg_20_
         u_framer/u_acc/acc_reg_23_
         u_framer/u_acc/acc_reg_22_
         u_framer/u_acc/acc_reg_19_
         u_framer/u_acc/acc_reg_18_
         u_framer/u_acc/acc_reg_21_
         u_framer/u_acc/acc_reg_0_
         u_framer/u_acc/acc_reg_17_
         u_framer/u_acc/acc_reg_14_
         u_framer/u_acc/acc_reg_6_
         u_framer/u_acc/acc_reg_2_
         u_framer/u_acc/acc_reg_3_
         u_framer/u_acc/acc_reg_5_
         u_framer/u_acc/acc_reg_1_
         u_framer/u_acc/acc_reg_16_
         u_framer/u_acc/acc_reg_15_
         u_framer/u_acc/acc_reg_13_
         u_framer/u_acc/acc_reg_12_
         u_framer/u_acc/acc_reg_4_
         u_framer/u_il/hold_q_reg_31_
         u_framer/u_il/hold_q_reg_30_
         u_framer/u_il/hold_q_reg_29_
         u_framer/u_il/hold_q_reg_28_
         u_framer/u_il/hold_q_reg_27_
         u_framer/u_il/hold_q_reg_26_
         u_framer/u_il/hold_q_reg_25_
         u_framer/u_il/hold_q_reg_24_
         u_framer/u_il/hold_q_reg_23_
         u_framer/u_il/hold_q_reg_22_
         u_framer/u_il/hold_q_reg_21_
         u_framer/u_il/hold_q_reg_20_
         u_framer/u_il/hold_q_reg_19_
         u_framer/u_il/hold_q_reg_18_
         u_framer/u_il/hold_q_reg_17_
         u_framer/u_il/hold_q_reg_16_
         u_framer/u_il/hold_q_reg_15_
         u_framer/u_il/hold_q_reg_14_
         u_framer/u_il/hold_q_reg_13_
         u_framer/u_il/hold_q_reg_12_
         u_framer/u_il/hold_q_reg_10_
         u_framer/u_il/hold_q_reg_9_
         u_framer/u_il/hold_q_reg_7_
         u_framer/u_il/hold_q_reg_6_
         u_framer/u_il/hold_q_reg_5_
         u_framer/u_il/hold_q_reg_4_
         u_framer/u_il/hold_q_reg_3_
         u_framer/u_il/hold_q_reg_2_
         u_framer/u_il/hold_q_reg_1_
         u_framer/u_il/hold_q_reg_0_
         u_framer/u_il/hold_i_reg_31_
         u_framer/u_il/hold_i_reg_30_
         u_framer/u_il/hold_i_reg_29_
         u_framer/u_il/hold_i_reg_28_
         u_framer/u_il/hold_i_reg_27_
         u_framer/u_il/hold_i_reg_26_
         u_framer/u_il/hold_i_reg_25_
         u_framer/u_il/hold_i_reg_24_
         u_framer/u_il/hold_i_reg_23_
         u_framer/u_il/hold_i_reg_22_
         u_framer/u_il/hold_i_reg_21_
         u_framer/u_il/hold_i_reg_20_
         u_framer/u_il/hold_i_reg_19_
         u_framer/u_il/hold_i_reg_18_
         u_framer/u_il/hold_i_reg_17_
         u_framer/u_il/hold_i_reg_16_
         u_framer/u_il/hold_i_reg_15_
         u_framer/u_il/hold_i_reg_14_
         u_framer/u_il/hold_i_reg_13_
         u_framer/u_il/hold_i_reg_12_
         u_framer/u_il/hold_i_reg_11_
         u_framer/u_il/hold_i_reg_10_
         u_framer/u_il/hold_i_reg_9_
         u_framer/u_il/hold_i_reg_8_
         u_framer/u_il/hold_i_reg_7_
         u_framer/u_il/hold_i_reg_6_
         u_framer/u_il/hold_i_reg_5_
         u_framer/u_il/hold_i_reg_4_
         u_framer/u_il/hold_i_reg_3_
         u_framer/u_il/hold_i_reg_2_
         u_framer/u_il/hold_i_reg_1_
         u_framer/u_il/hold_i_reg_0_
         u_framer/u_il/hold_q_reg_11_
         u_framer/u_il/hold_q_reg_8_
         u_modulator/DeLAY_REG/dataout_reg_0_
         u_modulator/Address_A/address_reg_0_
         u_modulator/Address_A/address_reg_1_
         u_modulator/Address_A/address_reg_2_
         u_modulator/I_bit_RAM/mem_reg_2_
         u_modulator/I_bit_RAM/mem_reg_1_
         u_modulator/I_bit_RAM/mem_reg_0_
         u_modulator/I_bit_RAM/mem_reg_3_
         u_modulator/Q_bit_RAM/mem_reg_2_
         u_modulator/Q_bit_RAM/mem_reg_1_
         u_modulator/Q_bit_RAM/mem_reg_3_
         u_modulator/Q_bit_RAM/mem_reg_0_
         u_modulator/feedback_memory/mem_reg_0__11_
         u_modulator/feedback_memory/mem_reg_0__10_
         u_modulator/feedback_memory/mem_reg_0__9_
         u_modulator/feedback_memory/mem_reg_0__8_
         u_modulator/feedback_memory/mem_reg_0__7_
         u_modulator/feedback_memory/mem_reg_0__6_
         u_modulator/feedback_memory/mem_reg_0__5_
         u_modulator/feedback_memory/mem_reg_0__4_
         u_modulator/feedback_memory/mem_reg_0__3_
         u_modulator/feedback_memory/mem_reg_0__2_
         u_modulator/feedback_memory/mem_reg_0__1_
         u_modulator/feedback_memory/mem_reg_0__0_
         u_modulator/feedback_memory/mem_reg_1__11_
         u_modulator/feedback_memory/mem_reg_1__10_
         u_modulator/feedback_memory/mem_reg_1__9_
         u_modulator/feedback_memory/mem_reg_1__8_
         u_modulator/feedback_memory/mem_reg_1__7_
         u_modulator/feedback_memory/mem_reg_1__6_
         u_modulator/feedback_memory/mem_reg_1__5_
         u_modulator/feedback_memory/mem_reg_1__4_
         u_modulator/feedback_memory/mem_reg_1__3_
         u_modulator/feedback_memory/mem_reg_1__2_
         u_modulator/feedback_memory/mem_reg_1__1_
         u_modulator/feedback_memory/mem_reg_1__0_
         u_modulator/feedback_memory/mem_reg_2__11_
         u_modulator/feedback_memory/mem_reg_2__10_
         u_modulator/feedback_memory/mem_reg_2__9_
         u_modulator/feedback_memory/mem_reg_2__8_
         u_modulator/feedback_memory/mem_reg_2__7_
         u_modulator/feedback_memory/mem_reg_2__6_
         u_modulator/feedback_memory/mem_reg_2__5_
         u_modulator/feedback_memory/mem_reg_2__4_
         u_modulator/feedback_memory/mem_reg_2__3_
         u_modulator/feedback_memory/mem_reg_2__2_
         u_modulator/feedback_memory/mem_reg_2__1_
         u_modulator/feedback_memory/mem_reg_2__0_
         u_modulator/feedback_memory/mem_reg_3__11_
         u_modulator/feedback_memory/mem_reg_3__10_
         u_modulator/feedback_memory/mem_reg_3__9_
         u_modulator/feedback_memory/mem_reg_3__8_
         u_modulator/feedback_memory/mem_reg_3__7_
         u_modulator/feedback_memory/mem_reg_3__6_
         u_modulator/feedback_memory/mem_reg_3__5_
         u_modulator/feedback_memory/mem_reg_3__4_
         u_modulator/feedback_memory/mem_reg_3__3_
         u_modulator/feedback_memory/mem_reg_3__2_
         u_modulator/feedback_memory/mem_reg_3__1_
         u_modulator/feedback_memory/mem_reg_3__0_
         u_modulator/Address_C/address_reg_0_
         u_modulator/Address_C/address_reg_4_
         u_modulator/Address_C/address_reg_3_
         u_modulator/Address_C/address_reg_2_
         u_modulator/Address_C/address_reg_1_
         u_modulator/delay_timer/trig_reg
         u_modulator/delay_timer/count_reg_6_
         u_modulator/delay_timer/count_reg_5_
         u_modulator/delay_timer/count_reg_4_
         u_modulator/delay_timer/count_reg_3_
         u_modulator/delay_timer/count_reg_2_
         u_modulator/delay_timer/count_reg_1_
         u_modulator/delay_timer/count_reg_0_
         u_modulator/Address_D/address_reg_0_
         u_modulator/Address_D/address_reg_2_
         u_modulator/Address_D/address_reg_3_
         u_modulator/Address_D/address_reg_1_
         u_modulator/control_unit/state_reg_reg_1_
         u_modulator/control_unit/state_reg_reg_0_
         u_framer/u_payload_ram/b00/mem_reg_0__7_
         u_framer/u_payload_ram/b00/mem_reg_0__6_
         u_framer/u_payload_ram/b00/mem_reg_0__5_
         u_framer/u_payload_ram/b00/mem_reg_0__4_
         u_framer/u_payload_ram/b00/mem_reg_0__3_
         u_framer/u_payload_ram/b00/mem_reg_0__2_
         u_framer/u_payload_ram/b00/mem_reg_0__1_
         u_framer/u_payload_ram/b00/mem_reg_0__0_
         u_framer/u_payload_ram/b00/mem_reg_1__7_
         u_framer/u_payload_ram/b00/mem_reg_1__6_
         u_framer/u_payload_ram/b00/mem_reg_1__5_
         u_framer/u_payload_ram/b00/mem_reg_1__4_
         u_framer/u_payload_ram/b00/mem_reg_1__3_
         u_framer/u_payload_ram/b00/mem_reg_1__2_
         u_framer/u_payload_ram/b00/mem_reg_1__1_
         u_framer/u_payload_ram/b00/mem_reg_1__0_
         u_framer/u_payload_ram/b00/mem_reg_2__7_
         u_framer/u_payload_ram/b00/mem_reg_2__6_
         u_framer/u_payload_ram/b00/mem_reg_2__5_
         u_framer/u_payload_ram/b00/mem_reg_2__4_
         u_framer/u_payload_ram/b00/mem_reg_2__3_
         u_framer/u_payload_ram/b00/mem_reg_2__2_
         u_framer/u_payload_ram/b00/mem_reg_2__1_
         u_framer/u_payload_ram/b00/mem_reg_2__0_
         u_framer/u_payload_ram/b00/mem_reg_3__7_
         u_framer/u_payload_ram/b00/mem_reg_3__6_
         u_framer/u_payload_ram/b00/mem_reg_3__5_
         u_framer/u_payload_ram/b00/mem_reg_3__4_
         u_framer/u_payload_ram/b00/mem_reg_3__3_
         u_framer/u_payload_ram/b00/mem_reg_3__2_
         u_framer/u_payload_ram/b00/mem_reg_3__1_
         u_framer/u_payload_ram/b00/mem_reg_3__0_
         u_framer/u_payload_ram/b00/mem_reg_4__7_
         u_framer/u_payload_ram/b00/mem_reg_4__6_
         u_framer/u_payload_ram/b00/mem_reg_4__5_
         u_framer/u_payload_ram/b00/mem_reg_4__4_
         u_framer/u_payload_ram/b00/mem_reg_4__3_
         u_framer/u_payload_ram/b00/mem_reg_4__2_
         u_framer/u_payload_ram/b00/mem_reg_4__1_
         u_framer/u_payload_ram/b00/mem_reg_4__0_
         u_framer/u_payload_ram/b00/mem_reg_5__7_
         u_framer/u_payload_ram/b00/mem_reg_5__6_
         u_framer/u_payload_ram/b00/mem_reg_5__5_
         u_framer/u_payload_ram/b00/mem_reg_5__4_
         u_framer/u_payload_ram/b00/mem_reg_5__3_
         u_framer/u_payload_ram/b00/mem_reg_5__2_
         u_framer/u_payload_ram/b00/mem_reg_5__1_
         u_framer/u_payload_ram/b00/mem_reg_5__0_
         u_framer/u_payload_ram/b00/mem_reg_6__7_
         u_framer/u_payload_ram/b00/mem_reg_6__6_
         u_framer/u_payload_ram/b00/mem_reg_6__5_
         u_framer/u_payload_ram/b00/mem_reg_6__4_
         u_framer/u_payload_ram/b00/mem_reg_6__3_
         u_framer/u_payload_ram/b00/mem_reg_6__2_
         u_framer/u_payload_ram/b00/mem_reg_6__1_
         u_framer/u_payload_ram/b00/mem_reg_6__0_
         u_framer/u_payload_ram/b00/mem_reg_7__7_
         u_framer/u_payload_ram/b00/mem_reg_7__6_
         u_framer/u_payload_ram/b00/mem_reg_7__5_
         u_framer/u_payload_ram/b00/mem_reg_7__4_
         u_framer/u_payload_ram/b00/mem_reg_7__3_
         u_framer/u_payload_ram/b00/mem_reg_7__2_
         u_framer/u_payload_ram/b00/mem_reg_7__1_
         u_framer/u_payload_ram/b00/mem_reg_7__0_
         u_framer/u_payload_ram/b01/mem_reg_0__7_
         u_framer/u_payload_ram/b01/mem_reg_0__6_
         u_framer/u_payload_ram/b01/mem_reg_0__5_
         u_framer/u_payload_ram/b01/mem_reg_0__4_
         u_framer/u_payload_ram/b01/mem_reg_0__3_
         u_framer/u_payload_ram/b01/mem_reg_0__2_
         u_framer/u_payload_ram/b01/mem_reg_0__1_
         u_framer/u_payload_ram/b01/mem_reg_0__0_
         u_framer/u_payload_ram/b01/mem_reg_1__7_
         u_framer/u_payload_ram/b01/mem_reg_1__6_
         u_framer/u_payload_ram/b01/mem_reg_1__5_
         u_framer/u_payload_ram/b01/mem_reg_1__4_
         u_framer/u_payload_ram/b01/mem_reg_1__3_
         u_framer/u_payload_ram/b01/mem_reg_1__2_
         u_framer/u_payload_ram/b01/mem_reg_1__1_
         u_framer/u_payload_ram/b01/mem_reg_1__0_
         u_framer/u_payload_ram/b01/mem_reg_2__7_
         u_framer/u_payload_ram/b01/mem_reg_2__6_
         u_framer/u_payload_ram/b01/mem_reg_2__5_
         u_framer/u_payload_ram/b01/mem_reg_2__4_
         u_framer/u_payload_ram/b01/mem_reg_2__3_
         u_framer/u_payload_ram/b01/mem_reg_2__2_
         u_framer/u_payload_ram/b01/mem_reg_2__1_
         u_framer/u_payload_ram/b01/mem_reg_2__0_
         u_framer/u_payload_ram/b01/mem_reg_3__7_
         u_framer/u_payload_ram/b01/mem_reg_3__6_
         u_framer/u_payload_ram/b01/mem_reg_3__5_
         u_framer/u_payload_ram/b01/mem_reg_3__4_
         u_framer/u_payload_ram/b01/mem_reg_3__3_
         u_framer/u_payload_ram/b01/mem_reg_3__2_
         u_framer/u_payload_ram/b01/mem_reg_3__1_
         u_framer/u_payload_ram/b01/mem_reg_3__0_
         u_framer/u_payload_ram/b01/mem_reg_4__7_
         u_framer/u_payload_ram/b01/mem_reg_4__6_
         u_framer/u_payload_ram/b01/mem_reg_4__5_
         u_framer/u_payload_ram/b01/mem_reg_4__4_
         u_framer/u_payload_ram/b01/mem_reg_4__3_
         u_framer/u_payload_ram/b01/mem_reg_4__2_
         u_framer/u_payload_ram/b01/mem_reg_4__1_
         u_framer/u_payload_ram/b01/mem_reg_4__0_
         u_framer/u_payload_ram/b01/mem_reg_5__7_
         u_framer/u_payload_ram/b01/mem_reg_5__6_
         u_framer/u_payload_ram/b01/mem_reg_5__5_
         u_framer/u_payload_ram/b01/mem_reg_5__4_
         u_framer/u_payload_ram/b01/mem_reg_5__3_
         u_framer/u_payload_ram/b01/mem_reg_5__2_
         u_framer/u_payload_ram/b01/mem_reg_5__1_
         u_framer/u_payload_ram/b01/mem_reg_5__0_
         u_framer/u_payload_ram/b01/mem_reg_6__7_
         u_framer/u_payload_ram/b01/mem_reg_6__6_
         u_framer/u_payload_ram/b01/mem_reg_6__5_
         u_framer/u_payload_ram/b01/mem_reg_6__4_
         u_framer/u_payload_ram/b01/mem_reg_6__3_
         u_framer/u_payload_ram/b01/mem_reg_6__2_
         u_framer/u_payload_ram/b01/mem_reg_6__1_
         u_framer/u_payload_ram/b01/mem_reg_6__0_
         u_framer/u_payload_ram/b01/mem_reg_7__7_
         u_framer/u_payload_ram/b01/mem_reg_7__6_
         u_framer/u_payload_ram/b01/mem_reg_7__5_
         u_framer/u_payload_ram/b01/mem_reg_7__4_
         u_framer/u_payload_ram/b01/mem_reg_7__3_
         u_framer/u_payload_ram/b01/mem_reg_7__2_
         u_framer/u_payload_ram/b01/mem_reg_7__1_
         u_framer/u_payload_ram/b01/mem_reg_7__0_
         u_framer/u_payload_ram/b02/mem_reg_0__7_
         u_framer/u_payload_ram/b02/mem_reg_0__6_
         u_framer/u_payload_ram/b02/mem_reg_0__5_
         u_framer/u_payload_ram/b02/mem_reg_0__4_
         u_framer/u_payload_ram/b02/mem_reg_0__3_
         u_framer/u_payload_ram/b02/mem_reg_0__2_
         u_framer/u_payload_ram/b02/mem_reg_0__1_
         u_framer/u_payload_ram/b02/mem_reg_0__0_
         u_framer/u_payload_ram/b02/mem_reg_1__7_
         u_framer/u_payload_ram/b02/mem_reg_1__6_
         u_framer/u_payload_ram/b02/mem_reg_1__5_
         u_framer/u_payload_ram/b02/mem_reg_1__4_
         u_framer/u_payload_ram/b02/mem_reg_1__3_
         u_framer/u_payload_ram/b02/mem_reg_1__2_
         u_framer/u_payload_ram/b02/mem_reg_1__1_
         u_framer/u_payload_ram/b02/mem_reg_1__0_
         u_framer/u_payload_ram/b02/mem_reg_2__7_
         u_framer/u_payload_ram/b02/mem_reg_2__6_
         u_framer/u_payload_ram/b02/mem_reg_2__5_
         u_framer/u_payload_ram/b02/mem_reg_2__4_
         u_framer/u_payload_ram/b02/mem_reg_2__3_
         u_framer/u_payload_ram/b02/mem_reg_2__2_
         u_framer/u_payload_ram/b02/mem_reg_2__1_
         u_framer/u_payload_ram/b02/mem_reg_2__0_
         u_framer/u_payload_ram/b02/mem_reg_3__7_
         u_framer/u_payload_ram/b02/mem_reg_3__6_
         u_framer/u_payload_ram/b02/mem_reg_3__5_
         u_framer/u_payload_ram/b02/mem_reg_3__4_
         u_framer/u_payload_ram/b02/mem_reg_3__3_
         u_framer/u_payload_ram/b02/mem_reg_3__2_
         u_framer/u_payload_ram/b02/mem_reg_3__1_
         u_framer/u_payload_ram/b02/mem_reg_3__0_
         u_framer/u_payload_ram/b02/mem_reg_4__7_
         u_framer/u_payload_ram/b02/mem_reg_4__6_
         u_framer/u_payload_ram/b02/mem_reg_4__5_
         u_framer/u_payload_ram/b02/mem_reg_4__4_
         u_framer/u_payload_ram/b02/mem_reg_4__3_
         u_framer/u_payload_ram/b02/mem_reg_4__2_
         u_framer/u_payload_ram/b02/mem_reg_4__1_
         u_framer/u_payload_ram/b02/mem_reg_4__0_
         u_framer/u_payload_ram/b02/mem_reg_5__7_
         u_framer/u_payload_ram/b02/mem_reg_5__6_
         u_framer/u_payload_ram/b02/mem_reg_5__5_
         u_framer/u_payload_ram/b02/mem_reg_5__4_
         u_framer/u_payload_ram/b02/mem_reg_5__3_
         u_framer/u_payload_ram/b02/mem_reg_5__2_
         u_framer/u_payload_ram/b02/mem_reg_5__1_
         u_framer/u_payload_ram/b02/mem_reg_5__0_
         u_framer/u_payload_ram/b02/mem_reg_6__7_
         u_framer/u_payload_ram/b02/mem_reg_6__6_
         u_framer/u_payload_ram/b02/mem_reg_6__5_
         u_framer/u_payload_ram/b02/mem_reg_6__4_
         u_framer/u_payload_ram/b02/mem_reg_6__3_
         u_framer/u_payload_ram/b02/mem_reg_6__2_
         u_framer/u_payload_ram/b02/mem_reg_6__1_
         u_framer/u_payload_ram/b02/mem_reg_6__0_
         u_framer/u_payload_ram/b02/mem_reg_7__7_
         u_framer/u_payload_ram/b02/mem_reg_7__6_
         u_framer/u_payload_ram/b02/mem_reg_7__5_
         u_framer/u_payload_ram/b02/mem_reg_7__4_
         u_framer/u_payload_ram/b02/mem_reg_7__3_
         u_framer/u_payload_ram/b02/mem_reg_7__2_
         u_framer/u_payload_ram/b02/mem_reg_7__1_
         u_framer/u_payload_ram/b02/mem_reg_7__0_
         u_framer/u_payload_ram/b03/mem_reg_0__7_
         u_framer/u_payload_ram/b03/mem_reg_0__6_
         u_framer/u_payload_ram/b03/mem_reg_0__5_
         u_framer/u_payload_ram/b03/mem_reg_0__4_
         u_framer/u_payload_ram/b03/mem_reg_0__3_
         u_framer/u_payload_ram/b03/mem_reg_0__2_
         u_framer/u_payload_ram/b03/mem_reg_0__1_
         u_framer/u_payload_ram/b03/mem_reg_0__0_
         u_framer/u_payload_ram/b03/mem_reg_1__7_
         u_framer/u_payload_ram/b03/mem_reg_1__6_
         u_framer/u_payload_ram/b03/mem_reg_1__5_
         u_framer/u_payload_ram/b03/mem_reg_1__4_
         u_framer/u_payload_ram/b03/mem_reg_1__3_
         u_framer/u_payload_ram/b03/mem_reg_1__2_
         u_framer/u_payload_ram/b03/mem_reg_1__1_
         u_framer/u_payload_ram/b03/mem_reg_1__0_
         u_framer/u_payload_ram/b03/mem_reg_2__7_
         u_framer/u_payload_ram/b03/mem_reg_2__6_
         u_framer/u_payload_ram/b03/mem_reg_2__5_
         u_framer/u_payload_ram/b03/mem_reg_2__4_
         u_framer/u_payload_ram/b03/mem_reg_2__3_
         u_framer/u_payload_ram/b03/mem_reg_2__2_
         u_framer/u_payload_ram/b03/mem_reg_2__1_
         u_framer/u_payload_ram/b03/mem_reg_2__0_
         u_framer/u_payload_ram/b03/mem_reg_3__7_
         u_framer/u_payload_ram/b03/mem_reg_3__6_
         u_framer/u_payload_ram/b03/mem_reg_3__5_
         u_framer/u_payload_ram/b03/mem_reg_3__4_
         u_framer/u_payload_ram/b03/mem_reg_3__3_
         u_framer/u_payload_ram/b03/mem_reg_3__2_
         u_framer/u_payload_ram/b03/mem_reg_3__1_
         u_framer/u_payload_ram/b03/mem_reg_3__0_
         u_framer/u_payload_ram/b03/mem_reg_4__7_
         u_framer/u_payload_ram/b03/mem_reg_4__6_
         u_framer/u_payload_ram/b03/mem_reg_4__5_
         u_framer/u_payload_ram/b03/mem_reg_4__4_
         u_framer/u_payload_ram/b03/mem_reg_4__3_
         u_framer/u_payload_ram/b03/mem_reg_4__2_
         u_framer/u_payload_ram/b03/mem_reg_4__1_
         u_framer/u_payload_ram/b03/mem_reg_4__0_
         u_framer/u_payload_ram/b03/mem_reg_5__7_
         u_framer/u_payload_ram/b03/mem_reg_5__6_
         u_framer/u_payload_ram/b03/mem_reg_5__5_
         u_framer/u_payload_ram/b03/mem_reg_5__4_
         u_framer/u_payload_ram/b03/mem_reg_5__3_
         u_framer/u_payload_ram/b03/mem_reg_5__2_
         u_framer/u_payload_ram/b03/mem_reg_5__1_
         u_framer/u_payload_ram/b03/mem_reg_5__0_
         u_framer/u_payload_ram/b03/mem_reg_6__7_
         u_framer/u_payload_ram/b03/mem_reg_6__6_
         u_framer/u_payload_ram/b03/mem_reg_6__5_
         u_framer/u_payload_ram/b03/mem_reg_6__4_
         u_framer/u_payload_ram/b03/mem_reg_6__3_
         u_framer/u_payload_ram/b03/mem_reg_6__2_
         u_framer/u_payload_ram/b03/mem_reg_6__1_
         u_framer/u_payload_ram/b03/mem_reg_6__0_
         u_framer/u_payload_ram/b03/mem_reg_7__7_
         u_framer/u_payload_ram/b03/mem_reg_7__6_
         u_framer/u_payload_ram/b03/mem_reg_7__5_
         u_framer/u_payload_ram/b03/mem_reg_7__4_
         u_framer/u_payload_ram/b03/mem_reg_7__3_
         u_framer/u_payload_ram/b03/mem_reg_7__2_
         u_framer/u_payload_ram/b03/mem_reg_7__1_
         u_framer/u_payload_ram/b03/mem_reg_7__0_
         u_framer/u_payload_ram/b04/mem_reg_0__7_
         u_framer/u_payload_ram/b04/mem_reg_0__6_
         u_framer/u_payload_ram/b04/mem_reg_0__5_
         u_framer/u_payload_ram/b04/mem_reg_0__4_
         u_framer/u_payload_ram/b04/mem_reg_0__3_
         u_framer/u_payload_ram/b04/mem_reg_0__2_
         u_framer/u_payload_ram/b04/mem_reg_0__1_
         u_framer/u_payload_ram/b04/mem_reg_0__0_
         u_framer/u_payload_ram/b04/mem_reg_1__7_
         u_framer/u_payload_ram/b04/mem_reg_1__6_
         u_framer/u_payload_ram/b04/mem_reg_1__5_
         u_framer/u_payload_ram/b04/mem_reg_1__4_
         u_framer/u_payload_ram/b04/mem_reg_1__3_
         u_framer/u_payload_ram/b04/mem_reg_1__2_
         u_framer/u_payload_ram/b04/mem_reg_1__1_
         u_framer/u_payload_ram/b04/mem_reg_1__0_
         u_framer/u_payload_ram/b04/mem_reg_2__7_
         u_framer/u_payload_ram/b04/mem_reg_2__6_
         u_framer/u_payload_ram/b04/mem_reg_2__5_
         u_framer/u_payload_ram/b04/mem_reg_2__4_
         u_framer/u_payload_ram/b04/mem_reg_2__3_
         u_framer/u_payload_ram/b04/mem_reg_2__2_
         u_framer/u_payload_ram/b04/mem_reg_2__1_
         u_framer/u_payload_ram/b04/mem_reg_2__0_
         u_framer/u_payload_ram/b04/mem_reg_3__7_
         u_framer/u_payload_ram/b04/mem_reg_3__6_
         u_framer/u_payload_ram/b04/mem_reg_3__5_
         u_framer/u_payload_ram/b04/mem_reg_3__4_
         u_framer/u_payload_ram/b04/mem_reg_3__3_
         u_framer/u_payload_ram/b04/mem_reg_3__2_
         u_framer/u_payload_ram/b04/mem_reg_3__1_
         u_framer/u_payload_ram/b04/mem_reg_3__0_
         u_framer/u_payload_ram/b04/mem_reg_4__7_
         u_framer/u_payload_ram/b04/mem_reg_4__6_
         u_framer/u_payload_ram/b04/mem_reg_4__5_
         u_framer/u_payload_ram/b04/mem_reg_4__4_
         u_framer/u_payload_ram/b04/mem_reg_4__3_
         u_framer/u_payload_ram/b04/mem_reg_4__2_
         u_framer/u_payload_ram/b04/mem_reg_4__1_
         u_framer/u_payload_ram/b04/mem_reg_4__0_
         u_framer/u_payload_ram/b04/mem_reg_5__7_
         u_framer/u_payload_ram/b04/mem_reg_5__6_
         u_framer/u_payload_ram/b04/mem_reg_5__5_
         u_framer/u_payload_ram/b04/mem_reg_5__4_
         u_framer/u_payload_ram/b04/mem_reg_5__3_
         u_framer/u_payload_ram/b04/mem_reg_5__2_
         u_framer/u_payload_ram/b04/mem_reg_5__1_
         u_framer/u_payload_ram/b04/mem_reg_5__0_
         u_framer/u_payload_ram/b04/mem_reg_6__7_
         u_framer/u_payload_ram/b04/mem_reg_6__6_
         u_framer/u_payload_ram/b04/mem_reg_6__5_
         u_framer/u_payload_ram/b04/mem_reg_6__4_
         u_framer/u_payload_ram/b04/mem_reg_6__3_
         u_framer/u_payload_ram/b04/mem_reg_6__2_
         u_framer/u_payload_ram/b04/mem_reg_6__1_
         u_framer/u_payload_ram/b04/mem_reg_6__0_
         u_framer/u_payload_ram/b04/mem_reg_7__7_
         u_framer/u_payload_ram/b04/mem_reg_7__6_
         u_framer/u_payload_ram/b04/mem_reg_7__5_
         u_framer/u_payload_ram/b04/mem_reg_7__4_
         u_framer/u_payload_ram/b04/mem_reg_7__3_
         u_framer/u_payload_ram/b04/mem_reg_7__2_
         u_framer/u_payload_ram/b04/mem_reg_7__1_
         u_framer/u_payload_ram/b04/mem_reg_7__0_
         u_framer/u_payload_ram/b05/mem_reg_0__7_
         u_framer/u_payload_ram/b05/mem_reg_0__6_
         u_framer/u_payload_ram/b05/mem_reg_0__5_
         u_framer/u_payload_ram/b05/mem_reg_0__4_
         u_framer/u_payload_ram/b05/mem_reg_0__3_
         u_framer/u_payload_ram/b05/mem_reg_0__2_
         u_framer/u_payload_ram/b05/mem_reg_0__1_
         u_framer/u_payload_ram/b05/mem_reg_0__0_
         u_framer/u_payload_ram/b05/mem_reg_1__7_
         u_framer/u_payload_ram/b05/mem_reg_1__6_
         u_framer/u_payload_ram/b05/mem_reg_1__5_
         u_framer/u_payload_ram/b05/mem_reg_1__4_
         u_framer/u_payload_ram/b05/mem_reg_1__3_
         u_framer/u_payload_ram/b05/mem_reg_1__2_
         u_framer/u_payload_ram/b05/mem_reg_1__1_
         u_framer/u_payload_ram/b05/mem_reg_1__0_
         u_framer/u_payload_ram/b05/mem_reg_2__7_
         u_framer/u_payload_ram/b05/mem_reg_2__6_
         u_framer/u_payload_ram/b05/mem_reg_2__5_
         u_framer/u_payload_ram/b05/mem_reg_2__4_
         u_framer/u_payload_ram/b05/mem_reg_2__3_
         u_framer/u_payload_ram/b05/mem_reg_2__2_
         u_framer/u_payload_ram/b05/mem_reg_2__1_
         u_framer/u_payload_ram/b05/mem_reg_2__0_
         u_framer/u_payload_ram/b05/mem_reg_3__7_
         u_framer/u_payload_ram/b05/mem_reg_3__6_
         u_framer/u_payload_ram/b05/mem_reg_3__5_
         u_framer/u_payload_ram/b05/mem_reg_3__4_
         u_framer/u_payload_ram/b05/mem_reg_3__3_
         u_framer/u_payload_ram/b05/mem_reg_3__2_
         u_framer/u_payload_ram/b05/mem_reg_3__1_
         u_framer/u_payload_ram/b05/mem_reg_3__0_
         u_framer/u_payload_ram/b05/mem_reg_4__7_
         u_framer/u_payload_ram/b05/mem_reg_4__6_
         u_framer/u_payload_ram/b05/mem_reg_4__5_
         u_framer/u_payload_ram/b05/mem_reg_4__4_
         u_framer/u_payload_ram/b05/mem_reg_4__3_
         u_framer/u_payload_ram/b05/mem_reg_4__2_
         u_framer/u_payload_ram/b05/mem_reg_4__1_
         u_framer/u_payload_ram/b05/mem_reg_4__0_
         u_framer/u_payload_ram/b05/mem_reg_5__7_
         u_framer/u_payload_ram/b05/mem_reg_5__6_
         u_framer/u_payload_ram/b05/mem_reg_5__5_
         u_framer/u_payload_ram/b05/mem_reg_5__4_
         u_framer/u_payload_ram/b05/mem_reg_5__3_
         u_framer/u_payload_ram/b05/mem_reg_5__2_
         u_framer/u_payload_ram/b05/mem_reg_5__1_
         u_framer/u_payload_ram/b05/mem_reg_5__0_
         u_framer/u_payload_ram/b05/mem_reg_6__7_
         u_framer/u_payload_ram/b05/mem_reg_6__6_
         u_framer/u_payload_ram/b05/mem_reg_6__5_
         u_framer/u_payload_ram/b05/mem_reg_6__4_
         u_framer/u_payload_ram/b05/mem_reg_6__3_
         u_framer/u_payload_ram/b05/mem_reg_6__2_
         u_framer/u_payload_ram/b05/mem_reg_6__1_
         u_framer/u_payload_ram/b05/mem_reg_6__0_
         u_framer/u_payload_ram/b05/mem_reg_7__7_
         u_framer/u_payload_ram/b05/mem_reg_7__6_
         u_framer/u_payload_ram/b05/mem_reg_7__5_
         u_framer/u_payload_ram/b05/mem_reg_7__4_
         u_framer/u_payload_ram/b05/mem_reg_7__3_
         u_framer/u_payload_ram/b05/mem_reg_7__2_
         u_framer/u_payload_ram/b05/mem_reg_7__1_
         u_framer/u_payload_ram/b05/mem_reg_7__0_
         u_framer/u_payload_ram/b06/mem_reg_0__7_
         u_framer/u_payload_ram/b06/mem_reg_0__6_
         u_framer/u_payload_ram/b06/mem_reg_0__5_
         u_framer/u_payload_ram/b06/mem_reg_0__4_
         u_framer/u_payload_ram/b06/mem_reg_0__3_
         u_framer/u_payload_ram/b06/mem_reg_0__2_
         u_framer/u_payload_ram/b06/mem_reg_0__1_
         u_framer/u_payload_ram/b06/mem_reg_0__0_
         u_framer/u_payload_ram/b06/mem_reg_1__7_
         u_framer/u_payload_ram/b06/mem_reg_1__6_
         u_framer/u_payload_ram/b06/mem_reg_1__5_
         u_framer/u_payload_ram/b06/mem_reg_1__4_
         u_framer/u_payload_ram/b06/mem_reg_1__3_
         u_framer/u_payload_ram/b06/mem_reg_1__2_
         u_framer/u_payload_ram/b06/mem_reg_1__1_
         u_framer/u_payload_ram/b06/mem_reg_1__0_
         u_framer/u_payload_ram/b06/mem_reg_2__7_
         u_framer/u_payload_ram/b06/mem_reg_2__6_
         u_framer/u_payload_ram/b06/mem_reg_2__5_
         u_framer/u_payload_ram/b06/mem_reg_2__4_
         u_framer/u_payload_ram/b06/mem_reg_2__3_
         u_framer/u_payload_ram/b06/mem_reg_2__2_
         u_framer/u_payload_ram/b06/mem_reg_2__1_
         u_framer/u_payload_ram/b06/mem_reg_2__0_
         u_framer/u_payload_ram/b06/mem_reg_3__7_
         u_framer/u_payload_ram/b06/mem_reg_3__6_
         u_framer/u_payload_ram/b06/mem_reg_3__5_
         u_framer/u_payload_ram/b06/mem_reg_3__4_
         u_framer/u_payload_ram/b06/mem_reg_3__3_
         u_framer/u_payload_ram/b06/mem_reg_3__2_
         u_framer/u_payload_ram/b06/mem_reg_3__1_
         u_framer/u_payload_ram/b06/mem_reg_3__0_
         u_framer/u_payload_ram/b06/mem_reg_4__7_
         u_framer/u_payload_ram/b06/mem_reg_4__6_
         u_framer/u_payload_ram/b06/mem_reg_4__5_
         u_framer/u_payload_ram/b06/mem_reg_4__4_
         u_framer/u_payload_ram/b06/mem_reg_4__3_
         u_framer/u_payload_ram/b06/mem_reg_4__2_
         u_framer/u_payload_ram/b06/mem_reg_4__1_
         u_framer/u_payload_ram/b06/mem_reg_4__0_
         u_framer/u_payload_ram/b06/mem_reg_5__7_
         u_framer/u_payload_ram/b06/mem_reg_5__6_
         u_framer/u_payload_ram/b06/mem_reg_5__5_
         u_framer/u_payload_ram/b06/mem_reg_5__4_
         u_framer/u_payload_ram/b06/mem_reg_5__3_
         u_framer/u_payload_ram/b06/mem_reg_5__2_
         u_framer/u_payload_ram/b06/mem_reg_5__1_
         u_framer/u_payload_ram/b06/mem_reg_5__0_
         u_framer/u_payload_ram/b06/mem_reg_6__7_
         u_framer/u_payload_ram/b06/mem_reg_6__6_
         u_framer/u_payload_ram/b06/mem_reg_6__5_
         u_framer/u_payload_ram/b06/mem_reg_6__4_
         u_framer/u_payload_ram/b06/mem_reg_6__3_
         u_framer/u_payload_ram/b06/mem_reg_6__2_
         u_framer/u_payload_ram/b06/mem_reg_6__1_
         u_framer/u_payload_ram/b06/mem_reg_6__0_
         u_framer/u_payload_ram/b06/mem_reg_7__7_
         u_framer/u_payload_ram/b06/mem_reg_7__6_
         u_framer/u_payload_ram/b06/mem_reg_7__5_
         u_framer/u_payload_ram/b06/mem_reg_7__4_
         u_framer/u_payload_ram/b06/mem_reg_7__3_
         u_framer/u_payload_ram/b06/mem_reg_7__2_
         u_framer/u_payload_ram/b06/mem_reg_7__1_
         u_framer/u_payload_ram/b06/mem_reg_7__0_
         u_framer/u_payload_ram/b07/mem_reg_0__7_
         u_framer/u_payload_ram/b07/mem_reg_0__6_
         u_framer/u_payload_ram/b07/mem_reg_0__5_
         u_framer/u_payload_ram/b07/mem_reg_0__4_
         u_framer/u_payload_ram/b07/mem_reg_0__3_
         u_framer/u_payload_ram/b07/mem_reg_0__2_
         u_framer/u_payload_ram/b07/mem_reg_0__1_
         u_framer/u_payload_ram/b07/mem_reg_0__0_
         u_framer/u_payload_ram/b07/mem_reg_1__7_
         u_framer/u_payload_ram/b07/mem_reg_1__6_
         u_framer/u_payload_ram/b07/mem_reg_1__5_
         u_framer/u_payload_ram/b07/mem_reg_1__4_
         u_framer/u_payload_ram/b07/mem_reg_1__3_
         u_framer/u_payload_ram/b07/mem_reg_1__2_
         u_framer/u_payload_ram/b07/mem_reg_1__1_
         u_framer/u_payload_ram/b07/mem_reg_1__0_
         u_framer/u_payload_ram/b07/mem_reg_2__7_
         u_framer/u_payload_ram/b07/mem_reg_2__6_
         u_framer/u_payload_ram/b07/mem_reg_2__5_
         u_framer/u_payload_ram/b07/mem_reg_2__4_
         u_framer/u_payload_ram/b07/mem_reg_2__3_
         u_framer/u_payload_ram/b07/mem_reg_2__2_
         u_framer/u_payload_ram/b07/mem_reg_2__1_
         u_framer/u_payload_ram/b07/mem_reg_2__0_
         u_framer/u_payload_ram/b07/mem_reg_3__7_
         u_framer/u_payload_ram/b07/mem_reg_3__6_
         u_framer/u_payload_ram/b07/mem_reg_3__5_
         u_framer/u_payload_ram/b07/mem_reg_3__4_
         u_framer/u_payload_ram/b07/mem_reg_3__3_
         u_framer/u_payload_ram/b07/mem_reg_3__2_
         u_framer/u_payload_ram/b07/mem_reg_3__1_
         u_framer/u_payload_ram/b07/mem_reg_3__0_
         u_framer/u_payload_ram/b07/mem_reg_4__7_
         u_framer/u_payload_ram/b07/mem_reg_4__6_
         u_framer/u_payload_ram/b07/mem_reg_4__5_
         u_framer/u_payload_ram/b07/mem_reg_4__4_
         u_framer/u_payload_ram/b07/mem_reg_4__3_
         u_framer/u_payload_ram/b07/mem_reg_4__2_
         u_framer/u_payload_ram/b07/mem_reg_4__1_
         u_framer/u_payload_ram/b07/mem_reg_4__0_
         u_framer/u_payload_ram/b07/mem_reg_5__7_
         u_framer/u_payload_ram/b07/mem_reg_5__6_
         u_framer/u_payload_ram/b07/mem_reg_5__5_
         u_framer/u_payload_ram/b07/mem_reg_5__4_
         u_framer/u_payload_ram/b07/mem_reg_5__3_
         u_framer/u_payload_ram/b07/mem_reg_5__2_
         u_framer/u_payload_ram/b07/mem_reg_5__1_
         u_framer/u_payload_ram/b07/mem_reg_5__0_
         u_framer/u_payload_ram/b07/mem_reg_6__7_
         u_framer/u_payload_ram/b07/mem_reg_6__6_
         u_framer/u_payload_ram/b07/mem_reg_6__5_
         u_framer/u_payload_ram/b07/mem_reg_6__4_
         u_framer/u_payload_ram/b07/mem_reg_6__3_
         u_framer/u_payload_ram/b07/mem_reg_6__2_
         u_framer/u_payload_ram/b07/mem_reg_6__1_
         u_framer/u_payload_ram/b07/mem_reg_6__0_
         u_framer/u_payload_ram/b07/mem_reg_7__7_
         u_framer/u_payload_ram/b07/mem_reg_7__6_
         u_framer/u_payload_ram/b07/mem_reg_7__5_
         u_framer/u_payload_ram/b07/mem_reg_7__4_
         u_framer/u_payload_ram/b07/mem_reg_7__3_
         u_framer/u_payload_ram/b07/mem_reg_7__2_
         u_framer/u_payload_ram/b07/mem_reg_7__1_
         u_framer/u_payload_ram/b07/mem_reg_7__0_
         u_framer/u_payload_ram/b08/mem_reg_0__7_
         u_framer/u_payload_ram/b08/mem_reg_0__6_
         u_framer/u_payload_ram/b08/mem_reg_0__5_
         u_framer/u_payload_ram/b08/mem_reg_0__4_
         u_framer/u_payload_ram/b08/mem_reg_0__3_
         u_framer/u_payload_ram/b08/mem_reg_0__2_
         u_framer/u_payload_ram/b08/mem_reg_0__1_
         u_framer/u_payload_ram/b08/mem_reg_0__0_
         u_framer/u_payload_ram/b08/mem_reg_1__7_
         u_framer/u_payload_ram/b08/mem_reg_1__6_
         u_framer/u_payload_ram/b08/mem_reg_1__5_
         u_framer/u_payload_ram/b08/mem_reg_1__4_
         u_framer/u_payload_ram/b08/mem_reg_1__3_
         u_framer/u_payload_ram/b08/mem_reg_1__2_
         u_framer/u_payload_ram/b08/mem_reg_1__1_
         u_framer/u_payload_ram/b08/mem_reg_1__0_
         u_framer/u_payload_ram/b08/mem_reg_2__7_
         u_framer/u_payload_ram/b08/mem_reg_2__6_
         u_framer/u_payload_ram/b08/mem_reg_2__5_
         u_framer/u_payload_ram/b08/mem_reg_2__4_
         u_framer/u_payload_ram/b08/mem_reg_2__3_
         u_framer/u_payload_ram/b08/mem_reg_2__2_
         u_framer/u_payload_ram/b08/mem_reg_2__1_
         u_framer/u_payload_ram/b08/mem_reg_2__0_
         u_framer/u_payload_ram/b08/mem_reg_3__7_
         u_framer/u_payload_ram/b08/mem_reg_3__6_
         u_framer/u_payload_ram/b08/mem_reg_3__5_
         u_framer/u_payload_ram/b08/mem_reg_3__4_
         u_framer/u_payload_ram/b08/mem_reg_3__3_
         u_framer/u_payload_ram/b08/mem_reg_3__2_
         u_framer/u_payload_ram/b08/mem_reg_3__1_
         u_framer/u_payload_ram/b08/mem_reg_3__0_
         u_framer/u_payload_ram/b08/mem_reg_4__7_
         u_framer/u_payload_ram/b08/mem_reg_4__6_
         u_framer/u_payload_ram/b08/mem_reg_4__5_
         u_framer/u_payload_ram/b08/mem_reg_4__4_
         u_framer/u_payload_ram/b08/mem_reg_4__3_
         u_framer/u_payload_ram/b08/mem_reg_4__2_
         u_framer/u_payload_ram/b08/mem_reg_4__1_
         u_framer/u_payload_ram/b08/mem_reg_4__0_
         u_framer/u_payload_ram/b08/mem_reg_5__7_
         u_framer/u_payload_ram/b08/mem_reg_5__6_
         u_framer/u_payload_ram/b08/mem_reg_5__5_
         u_framer/u_payload_ram/b08/mem_reg_5__4_
         u_framer/u_payload_ram/b08/mem_reg_5__3_
         u_framer/u_payload_ram/b08/mem_reg_5__2_
         u_framer/u_payload_ram/b08/mem_reg_5__1_
         u_framer/u_payload_ram/b08/mem_reg_5__0_
         u_framer/u_payload_ram/b08/mem_reg_6__7_
         u_framer/u_payload_ram/b08/mem_reg_6__6_
         u_framer/u_payload_ram/b08/mem_reg_6__5_
         u_framer/u_payload_ram/b08/mem_reg_6__4_
         u_framer/u_payload_ram/b08/mem_reg_6__3_
         u_framer/u_payload_ram/b08/mem_reg_6__2_
         u_framer/u_payload_ram/b08/mem_reg_6__1_
         u_framer/u_payload_ram/b08/mem_reg_6__0_
         u_framer/u_payload_ram/b08/mem_reg_7__7_
         u_framer/u_payload_ram/b08/mem_reg_7__6_
         u_framer/u_payload_ram/b08/mem_reg_7__5_
         u_framer/u_payload_ram/b08/mem_reg_7__4_
         u_framer/u_payload_ram/b08/mem_reg_7__3_
         u_framer/u_payload_ram/b08/mem_reg_7__2_
         u_framer/u_payload_ram/b08/mem_reg_7__1_
         u_framer/u_payload_ram/b08/mem_reg_7__0_
         u_framer/u_payload_ram/b09/mem_reg_0__7_
         u_framer/u_payload_ram/b09/mem_reg_0__6_
         u_framer/u_payload_ram/b09/mem_reg_0__5_
         u_framer/u_payload_ram/b09/mem_reg_0__4_
         u_framer/u_payload_ram/b09/mem_reg_0__3_
         u_framer/u_payload_ram/b09/mem_reg_0__2_
         u_framer/u_payload_ram/b09/mem_reg_0__1_
         u_framer/u_payload_ram/b09/mem_reg_0__0_
         u_framer/u_payload_ram/b09/mem_reg_1__7_
         u_framer/u_payload_ram/b09/mem_reg_1__6_
         u_framer/u_payload_ram/b09/mem_reg_1__5_
         u_framer/u_payload_ram/b09/mem_reg_1__4_
         u_framer/u_payload_ram/b09/mem_reg_1__3_
         u_framer/u_payload_ram/b09/mem_reg_1__2_
         u_framer/u_payload_ram/b09/mem_reg_1__1_
         u_framer/u_payload_ram/b09/mem_reg_1__0_
         u_framer/u_payload_ram/b09/mem_reg_2__7_
         u_framer/u_payload_ram/b09/mem_reg_2__6_
         u_framer/u_payload_ram/b09/mem_reg_2__5_
         u_framer/u_payload_ram/b09/mem_reg_2__4_
         u_framer/u_payload_ram/b09/mem_reg_2__3_
         u_framer/u_payload_ram/b09/mem_reg_2__2_
         u_framer/u_payload_ram/b09/mem_reg_2__1_
         u_framer/u_payload_ram/b09/mem_reg_2__0_
         u_framer/u_payload_ram/b09/mem_reg_3__7_
         u_framer/u_payload_ram/b09/mem_reg_3__6_
         u_framer/u_payload_ram/b09/mem_reg_3__5_
         u_framer/u_payload_ram/b09/mem_reg_3__4_
         u_framer/u_payload_ram/b09/mem_reg_3__3_
         u_framer/u_payload_ram/b09/mem_reg_3__2_
         u_framer/u_payload_ram/b09/mem_reg_3__1_
         u_framer/u_payload_ram/b09/mem_reg_3__0_
         u_framer/u_payload_ram/b09/mem_reg_4__7_
         u_framer/u_payload_ram/b09/mem_reg_4__6_
         u_framer/u_payload_ram/b09/mem_reg_4__5_
         u_framer/u_payload_ram/b09/mem_reg_4__4_
         u_framer/u_payload_ram/b09/mem_reg_4__3_
         u_framer/u_payload_ram/b09/mem_reg_4__2_
         u_framer/u_payload_ram/b09/mem_reg_4__1_
         u_framer/u_payload_ram/b09/mem_reg_4__0_
         u_framer/u_payload_ram/b09/mem_reg_5__7_
         u_framer/u_payload_ram/b09/mem_reg_5__6_
         u_framer/u_payload_ram/b09/mem_reg_5__5_
         u_framer/u_payload_ram/b09/mem_reg_5__4_
         u_framer/u_payload_ram/b09/mem_reg_5__3_
         u_framer/u_payload_ram/b09/mem_reg_5__2_
         u_framer/u_payload_ram/b09/mem_reg_5__1_
         u_framer/u_payload_ram/b09/mem_reg_5__0_
         u_framer/u_payload_ram/b09/mem_reg_6__7_
         u_framer/u_payload_ram/b09/mem_reg_6__6_
         u_framer/u_payload_ram/b09/mem_reg_6__5_
         u_framer/u_payload_ram/b09/mem_reg_6__4_
         u_framer/u_payload_ram/b09/mem_reg_6__3_
         u_framer/u_payload_ram/b09/mem_reg_6__2_
         u_framer/u_payload_ram/b09/mem_reg_6__1_
         u_framer/u_payload_ram/b09/mem_reg_6__0_
         u_framer/u_payload_ram/b09/mem_reg_7__7_
         u_framer/u_payload_ram/b09/mem_reg_7__6_
         u_framer/u_payload_ram/b09/mem_reg_7__5_
         u_framer/u_payload_ram/b09/mem_reg_7__4_
         u_framer/u_payload_ram/b09/mem_reg_7__3_
         u_framer/u_payload_ram/b09/mem_reg_7__2_
         u_framer/u_payload_ram/b09/mem_reg_7__1_
         u_framer/u_payload_ram/b09/mem_reg_7__0_
         u_framer/u_payload_ram/b10/mem_reg_0__7_
         u_framer/u_payload_ram/b10/mem_reg_0__6_
         u_framer/u_payload_ram/b10/mem_reg_0__5_
         u_framer/u_payload_ram/b10/mem_reg_0__4_
         u_framer/u_payload_ram/b10/mem_reg_0__3_
         u_framer/u_payload_ram/b10/mem_reg_0__2_
         u_framer/u_payload_ram/b10/mem_reg_0__1_
         u_framer/u_payload_ram/b10/mem_reg_0__0_
         u_framer/u_payload_ram/b10/mem_reg_1__7_
         u_framer/u_payload_ram/b10/mem_reg_1__6_
         u_framer/u_payload_ram/b10/mem_reg_1__5_
         u_framer/u_payload_ram/b10/mem_reg_1__4_
         u_framer/u_payload_ram/b10/mem_reg_1__3_
         u_framer/u_payload_ram/b10/mem_reg_1__2_
         u_framer/u_payload_ram/b10/mem_reg_1__1_
         u_framer/u_payload_ram/b10/mem_reg_1__0_
         u_framer/u_payload_ram/b10/mem_reg_2__7_
         u_framer/u_payload_ram/b10/mem_reg_2__6_
         u_framer/u_payload_ram/b10/mem_reg_2__5_
         u_framer/u_payload_ram/b10/mem_reg_2__4_
         u_framer/u_payload_ram/b10/mem_reg_2__3_
         u_framer/u_payload_ram/b10/mem_reg_2__2_
         u_framer/u_payload_ram/b10/mem_reg_2__1_
         u_framer/u_payload_ram/b10/mem_reg_2__0_
         u_framer/u_payload_ram/b10/mem_reg_3__7_
         u_framer/u_payload_ram/b10/mem_reg_3__6_
         u_framer/u_payload_ram/b10/mem_reg_3__5_
         u_framer/u_payload_ram/b10/mem_reg_3__4_
         u_framer/u_payload_ram/b10/mem_reg_3__3_
         u_framer/u_payload_ram/b10/mem_reg_3__2_
         u_framer/u_payload_ram/b10/mem_reg_3__1_
         u_framer/u_payload_ram/b10/mem_reg_3__0_
         u_framer/u_payload_ram/b10/mem_reg_4__7_
         u_framer/u_payload_ram/b10/mem_reg_4__6_
         u_framer/u_payload_ram/b10/mem_reg_4__5_
         u_framer/u_payload_ram/b10/mem_reg_4__4_
         u_framer/u_payload_ram/b10/mem_reg_4__3_
         u_framer/u_payload_ram/b10/mem_reg_4__2_
         u_framer/u_payload_ram/b10/mem_reg_4__1_
         u_framer/u_payload_ram/b10/mem_reg_4__0_
         u_framer/u_payload_ram/b10/mem_reg_5__7_
         u_framer/u_payload_ram/b10/mem_reg_5__6_
         u_framer/u_payload_ram/b10/mem_reg_5__5_
         u_framer/u_payload_ram/b10/mem_reg_5__4_
         u_framer/u_payload_ram/b10/mem_reg_5__3_
         u_framer/u_payload_ram/b10/mem_reg_5__2_
         u_framer/u_payload_ram/b10/mem_reg_5__1_
         u_framer/u_payload_ram/b10/mem_reg_5__0_
         u_framer/u_payload_ram/b10/mem_reg_6__7_
         u_framer/u_payload_ram/b10/mem_reg_6__6_
         u_framer/u_payload_ram/b10/mem_reg_6__5_
         u_framer/u_payload_ram/b10/mem_reg_6__4_
         u_framer/u_payload_ram/b10/mem_reg_6__3_
         u_framer/u_payload_ram/b10/mem_reg_6__2_
         u_framer/u_payload_ram/b10/mem_reg_6__1_
         u_framer/u_payload_ram/b10/mem_reg_6__0_
         u_framer/u_payload_ram/b10/mem_reg_7__7_
         u_framer/u_payload_ram/b10/mem_reg_7__6_
         u_framer/u_payload_ram/b10/mem_reg_7__5_
         u_framer/u_payload_ram/b10/mem_reg_7__4_
         u_framer/u_payload_ram/b10/mem_reg_7__3_
         u_framer/u_payload_ram/b10/mem_reg_7__2_
         u_framer/u_payload_ram/b10/mem_reg_7__1_
         u_framer/u_payload_ram/b10/mem_reg_7__0_
         u_framer/u_payload_ram/b11/mem_reg_0__7_
         u_framer/u_payload_ram/b11/mem_reg_0__6_
         u_framer/u_payload_ram/b11/mem_reg_0__5_
         u_framer/u_payload_ram/b11/mem_reg_0__4_
         u_framer/u_payload_ram/b11/mem_reg_0__3_
         u_framer/u_payload_ram/b11/mem_reg_0__2_
         u_framer/u_payload_ram/b11/mem_reg_0__1_
         u_framer/u_payload_ram/b11/mem_reg_0__0_
         u_framer/u_payload_ram/b11/mem_reg_1__7_
         u_framer/u_payload_ram/b11/mem_reg_1__6_
         u_framer/u_payload_ram/b11/mem_reg_1__5_
         u_framer/u_payload_ram/b11/mem_reg_1__4_
         u_framer/u_payload_ram/b11/mem_reg_1__3_
         u_framer/u_payload_ram/b11/mem_reg_1__2_
         u_framer/u_payload_ram/b11/mem_reg_1__1_
         u_framer/u_payload_ram/b11/mem_reg_1__0_
         u_framer/u_payload_ram/b11/mem_reg_2__7_
         u_framer/u_payload_ram/b11/mem_reg_2__6_
         u_framer/u_payload_ram/b11/mem_reg_2__5_
         u_framer/u_payload_ram/b11/mem_reg_2__4_
         u_framer/u_payload_ram/b11/mem_reg_2__3_
         u_framer/u_payload_ram/b11/mem_reg_2__2_
         u_framer/u_payload_ram/b11/mem_reg_2__1_
         u_framer/u_payload_ram/b11/mem_reg_2__0_
         u_framer/u_payload_ram/b11/mem_reg_3__7_
         u_framer/u_payload_ram/b11/mem_reg_3__6_
         u_framer/u_payload_ram/b11/mem_reg_3__5_
         u_framer/u_payload_ram/b11/mem_reg_3__4_
         u_framer/u_payload_ram/b11/mem_reg_3__3_
         u_framer/u_payload_ram/b11/mem_reg_3__2_
         u_framer/u_payload_ram/b11/mem_reg_3__1_
         u_framer/u_payload_ram/b11/mem_reg_3__0_
         u_framer/u_payload_ram/b11/mem_reg_4__7_
         u_framer/u_payload_ram/b11/mem_reg_4__6_
         u_framer/u_payload_ram/b11/mem_reg_4__5_
         u_framer/u_payload_ram/b11/mem_reg_4__4_
         u_framer/u_payload_ram/b11/mem_reg_4__3_
         u_framer/u_payload_ram/b11/mem_reg_4__2_
         u_framer/u_payload_ram/b11/mem_reg_4__1_
         u_framer/u_payload_ram/b11/mem_reg_4__0_
         u_framer/u_payload_ram/b11/mem_reg_5__7_
         u_framer/u_payload_ram/b11/mem_reg_5__6_
         u_framer/u_payload_ram/b11/mem_reg_5__5_
         u_framer/u_payload_ram/b11/mem_reg_5__4_
         u_framer/u_payload_ram/b11/mem_reg_5__3_
         u_framer/u_payload_ram/b11/mem_reg_5__2_
         u_framer/u_payload_ram/b11/mem_reg_5__1_
         u_framer/u_payload_ram/b11/mem_reg_5__0_
         u_framer/u_payload_ram/b11/mem_reg_6__7_
         u_framer/u_payload_ram/b11/mem_reg_6__6_
         u_framer/u_payload_ram/b11/mem_reg_6__5_
         u_framer/u_payload_ram/b11/mem_reg_6__4_
         u_framer/u_payload_ram/b11/mem_reg_6__3_
         u_framer/u_payload_ram/b11/mem_reg_6__2_
         u_framer/u_payload_ram/b11/mem_reg_6__1_
         u_framer/u_payload_ram/b11/mem_reg_6__0_
         u_framer/u_payload_ram/b11/mem_reg_7__7_
         u_framer/u_payload_ram/b11/mem_reg_7__6_
         u_framer/u_payload_ram/b11/mem_reg_7__5_
         u_framer/u_payload_ram/b11/mem_reg_7__4_
         u_framer/u_payload_ram/b11/mem_reg_7__3_
         u_framer/u_payload_ram/b11/mem_reg_7__2_
         u_framer/u_payload_ram/b11/mem_reg_7__1_
         u_framer/u_payload_ram/b11/mem_reg_7__0_
         u_framer/u_payload_ram/b12/mem_reg_0__7_
         u_framer/u_payload_ram/b12/mem_reg_0__6_
         u_framer/u_payload_ram/b12/mem_reg_0__5_
         u_framer/u_payload_ram/b12/mem_reg_0__4_
         u_framer/u_payload_ram/b12/mem_reg_0__3_
         u_framer/u_payload_ram/b12/mem_reg_0__2_
         u_framer/u_payload_ram/b12/mem_reg_0__1_
         u_framer/u_payload_ram/b12/mem_reg_0__0_
         u_framer/u_payload_ram/b12/mem_reg_1__7_
         u_framer/u_payload_ram/b12/mem_reg_1__6_
         u_framer/u_payload_ram/b12/mem_reg_1__5_
         u_framer/u_payload_ram/b12/mem_reg_1__4_
         u_framer/u_payload_ram/b12/mem_reg_1__3_
         u_framer/u_payload_ram/b12/mem_reg_1__2_
         u_framer/u_payload_ram/b12/mem_reg_1__1_
         u_framer/u_payload_ram/b12/mem_reg_1__0_
         u_framer/u_payload_ram/b12/mem_reg_2__7_
         u_framer/u_payload_ram/b12/mem_reg_2__6_
         u_framer/u_payload_ram/b12/mem_reg_2__5_
         u_framer/u_payload_ram/b12/mem_reg_2__4_
         u_framer/u_payload_ram/b12/mem_reg_2__3_
         u_framer/u_payload_ram/b12/mem_reg_2__2_
         u_framer/u_payload_ram/b12/mem_reg_2__1_
         u_framer/u_payload_ram/b12/mem_reg_2__0_
         u_framer/u_payload_ram/b12/mem_reg_3__7_
         u_framer/u_payload_ram/b12/mem_reg_3__6_
         u_framer/u_payload_ram/b12/mem_reg_3__5_
         u_framer/u_payload_ram/b12/mem_reg_3__4_
         u_framer/u_payload_ram/b12/mem_reg_3__3_
         u_framer/u_payload_ram/b12/mem_reg_3__2_
         u_framer/u_payload_ram/b12/mem_reg_3__1_
         u_framer/u_payload_ram/b12/mem_reg_3__0_
         u_framer/u_payload_ram/b12/mem_reg_4__7_
         u_framer/u_payload_ram/b12/mem_reg_4__6_
         u_framer/u_payload_ram/b12/mem_reg_4__5_
         u_framer/u_payload_ram/b12/mem_reg_4__4_
         u_framer/u_payload_ram/b12/mem_reg_4__3_
         u_framer/u_payload_ram/b12/mem_reg_4__2_
         u_framer/u_payload_ram/b12/mem_reg_4__1_
         u_framer/u_payload_ram/b12/mem_reg_4__0_
         u_framer/u_payload_ram/b12/mem_reg_5__7_
         u_framer/u_payload_ram/b12/mem_reg_5__6_
         u_framer/u_payload_ram/b12/mem_reg_5__5_
         u_framer/u_payload_ram/b12/mem_reg_5__4_
         u_framer/u_payload_ram/b12/mem_reg_5__3_
         u_framer/u_payload_ram/b12/mem_reg_5__2_
         u_framer/u_payload_ram/b12/mem_reg_5__1_
         u_framer/u_payload_ram/b12/mem_reg_5__0_
         u_framer/u_payload_ram/b12/mem_reg_6__7_
         u_framer/u_payload_ram/b12/mem_reg_6__6_
         u_framer/u_payload_ram/b12/mem_reg_6__5_
         u_framer/u_payload_ram/b12/mem_reg_6__4_
         u_framer/u_payload_ram/b12/mem_reg_6__3_
         u_framer/u_payload_ram/b12/mem_reg_6__2_
         u_framer/u_payload_ram/b12/mem_reg_6__1_
         u_framer/u_payload_ram/b12/mem_reg_6__0_
         u_framer/u_payload_ram/b12/mem_reg_7__7_
         u_framer/u_payload_ram/b12/mem_reg_7__6_
         u_framer/u_payload_ram/b12/mem_reg_7__5_
         u_framer/u_payload_ram/b12/mem_reg_7__4_
         u_framer/u_payload_ram/b12/mem_reg_7__3_
         u_framer/u_payload_ram/b12/mem_reg_7__2_
         u_framer/u_payload_ram/b12/mem_reg_7__1_
         u_framer/u_payload_ram/b12/mem_reg_7__0_
         u_framer/u_payload_ram/b13/mem_reg_0__7_
         u_framer/u_payload_ram/b13/mem_reg_0__6_
         u_framer/u_payload_ram/b13/mem_reg_0__5_
         u_framer/u_payload_ram/b13/mem_reg_0__4_
         u_framer/u_payload_ram/b13/mem_reg_0__3_
         u_framer/u_payload_ram/b13/mem_reg_0__2_
         u_framer/u_payload_ram/b13/mem_reg_0__1_
         u_framer/u_payload_ram/b13/mem_reg_0__0_
         u_framer/u_payload_ram/b13/mem_reg_1__7_
         u_framer/u_payload_ram/b13/mem_reg_1__6_
         u_framer/u_payload_ram/b13/mem_reg_1__5_
         u_framer/u_payload_ram/b13/mem_reg_1__4_
         u_framer/u_payload_ram/b13/mem_reg_1__3_
         u_framer/u_payload_ram/b13/mem_reg_1__2_
         u_framer/u_payload_ram/b13/mem_reg_1__1_
         u_framer/u_payload_ram/b13/mem_reg_1__0_
         u_framer/u_payload_ram/b13/mem_reg_2__7_
         u_framer/u_payload_ram/b13/mem_reg_2__6_
         u_framer/u_payload_ram/b13/mem_reg_2__5_
         u_framer/u_payload_ram/b13/mem_reg_2__4_
         u_framer/u_payload_ram/b13/mem_reg_2__3_
         u_framer/u_payload_ram/b13/mem_reg_2__2_
         u_framer/u_payload_ram/b13/mem_reg_2__1_
         u_framer/u_payload_ram/b13/mem_reg_2__0_
         u_framer/u_payload_ram/b13/mem_reg_3__7_
         u_framer/u_payload_ram/b13/mem_reg_3__6_
         u_framer/u_payload_ram/b13/mem_reg_3__5_
         u_framer/u_payload_ram/b13/mem_reg_3__4_
         u_framer/u_payload_ram/b13/mem_reg_3__3_
         u_framer/u_payload_ram/b13/mem_reg_3__2_
         u_framer/u_payload_ram/b13/mem_reg_3__1_
         u_framer/u_payload_ram/b13/mem_reg_3__0_
         u_framer/u_payload_ram/b13/mem_reg_4__7_
         u_framer/u_payload_ram/b13/mem_reg_4__6_
         u_framer/u_payload_ram/b13/mem_reg_4__5_
         u_framer/u_payload_ram/b13/mem_reg_4__4_
         u_framer/u_payload_ram/b13/mem_reg_4__3_
         u_framer/u_payload_ram/b13/mem_reg_4__2_
         u_framer/u_payload_ram/b13/mem_reg_4__1_
         u_framer/u_payload_ram/b13/mem_reg_4__0_
         u_framer/u_payload_ram/b13/mem_reg_5__7_
         u_framer/u_payload_ram/b13/mem_reg_5__5_
         u_framer/u_payload_ram/b13/mem_reg_5__4_
         u_framer/u_payload_ram/b13/mem_reg_5__3_
         u_framer/u_payload_ram/b13/mem_reg_5__2_
         u_framer/u_payload_ram/b13/mem_reg_5__1_
         u_framer/u_payload_ram/b13/mem_reg_5__0_
         u_framer/u_payload_ram/b13/mem_reg_6__7_
         u_framer/u_payload_ram/b13/mem_reg_6__6_
         u_framer/u_payload_ram/b13/mem_reg_6__5_
         u_framer/u_payload_ram/b13/mem_reg_6__4_
         u_framer/u_payload_ram/b13/mem_reg_6__3_
         u_framer/u_payload_ram/b13/mem_reg_6__2_
         u_framer/u_payload_ram/b13/mem_reg_6__1_
         u_framer/u_payload_ram/b13/mem_reg_6__0_
         u_framer/u_payload_ram/b13/mem_reg_7__7_
         u_framer/u_payload_ram/b13/mem_reg_7__6_
         u_framer/u_payload_ram/b13/mem_reg_7__5_
         u_framer/u_payload_ram/b13/mem_reg_7__4_
         u_framer/u_payload_ram/b13/mem_reg_7__3_
         u_framer/u_payload_ram/b13/mem_reg_7__2_
         u_framer/u_payload_ram/b13/mem_reg_7__1_
         u_framer/u_payload_ram/b13/mem_reg_7__0_
         u_framer/u_payload_ram/b13/mem_reg_5__6_
         u_framer/u_payload_ram/b14/mem_reg_0__7_
         u_framer/u_payload_ram/b14/mem_reg_0__6_
         u_framer/u_payload_ram/b14/mem_reg_0__5_
         u_framer/u_payload_ram/b14/mem_reg_0__4_
         u_framer/u_payload_ram/b14/mem_reg_0__3_
         u_framer/u_payload_ram/b14/mem_reg_0__2_
         u_framer/u_payload_ram/b14/mem_reg_0__1_
         u_framer/u_payload_ram/b14/mem_reg_0__0_
         u_framer/u_payload_ram/b14/mem_reg_1__7_
         u_framer/u_payload_ram/b14/mem_reg_1__6_
         u_framer/u_payload_ram/b14/mem_reg_1__5_
         u_framer/u_payload_ram/b14/mem_reg_1__4_
         u_framer/u_payload_ram/b14/mem_reg_1__3_
         u_framer/u_payload_ram/b14/mem_reg_1__2_
         u_framer/u_payload_ram/b14/mem_reg_1__1_
         u_framer/u_payload_ram/b14/mem_reg_1__0_
         u_framer/u_payload_ram/b14/mem_reg_2__7_
         u_framer/u_payload_ram/b14/mem_reg_2__6_
         u_framer/u_payload_ram/b14/mem_reg_2__5_
         u_framer/u_payload_ram/b14/mem_reg_2__4_
         u_framer/u_payload_ram/b14/mem_reg_2__3_
         u_framer/u_payload_ram/b14/mem_reg_2__2_
         u_framer/u_payload_ram/b14/mem_reg_2__1_
         u_framer/u_payload_ram/b14/mem_reg_2__0_
         u_framer/u_payload_ram/b14/mem_reg_3__7_
         u_framer/u_payload_ram/b14/mem_reg_3__6_
         u_framer/u_payload_ram/b14/mem_reg_3__5_
         u_framer/u_payload_ram/b14/mem_reg_3__4_
         u_framer/u_payload_ram/b14/mem_reg_3__3_
         u_framer/u_payload_ram/b14/mem_reg_3__2_
         u_framer/u_payload_ram/b14/mem_reg_3__1_
         u_framer/u_payload_ram/b14/mem_reg_3__0_
         u_framer/u_payload_ram/b14/mem_reg_4__7_
         u_framer/u_payload_ram/b14/mem_reg_4__6_
         u_framer/u_payload_ram/b14/mem_reg_4__5_
         u_framer/u_payload_ram/b14/mem_reg_4__4_
         u_framer/u_payload_ram/b14/mem_reg_4__3_
         u_framer/u_payload_ram/b14/mem_reg_4__2_
         u_framer/u_payload_ram/b14/mem_reg_4__1_
         u_framer/u_payload_ram/b14/mem_reg_4__0_
         u_framer/u_payload_ram/b14/mem_reg_5__7_
         u_framer/u_payload_ram/b14/mem_reg_5__6_
         u_framer/u_payload_ram/b14/mem_reg_5__5_
         u_framer/u_payload_ram/b14/mem_reg_5__4_
         u_framer/u_payload_ram/b14/mem_reg_5__3_
         u_framer/u_payload_ram/b14/mem_reg_5__2_
         u_framer/u_payload_ram/b14/mem_reg_5__1_
         u_framer/u_payload_ram/b14/mem_reg_5__0_
         u_framer/u_payload_ram/b14/mem_reg_6__7_
         u_framer/u_payload_ram/b14/mem_reg_6__6_
         u_framer/u_payload_ram/b14/mem_reg_6__5_
         u_framer/u_payload_ram/b14/mem_reg_6__4_
         u_framer/u_payload_ram/b14/mem_reg_6__3_
         u_framer/u_payload_ram/b14/mem_reg_6__2_
         u_framer/u_payload_ram/b14/mem_reg_6__1_
         u_framer/u_payload_ram/b14/mem_reg_6__0_
         u_framer/u_payload_ram/b14/mem_reg_7__7_
         u_framer/u_payload_ram/b14/mem_reg_7__6_
         u_framer/u_payload_ram/b14/mem_reg_7__5_
         u_framer/u_payload_ram/b14/mem_reg_7__4_
         u_framer/u_payload_ram/b14/mem_reg_7__3_
         u_framer/u_payload_ram/b14/mem_reg_7__2_
         u_framer/u_payload_ram/b14/mem_reg_7__1_
         u_framer/u_payload_ram/b14/mem_reg_7__0_
         u_framer/u_payload_ram/b15/mem_reg_0__7_
         u_framer/u_payload_ram/b15/mem_reg_0__6_
         u_framer/u_payload_ram/b15/mem_reg_0__5_
         u_framer/u_payload_ram/b15/mem_reg_0__4_
         u_framer/u_payload_ram/b15/mem_reg_0__3_
         u_framer/u_payload_ram/b15/mem_reg_0__2_
         u_framer/u_payload_ram/b15/mem_reg_0__1_
         u_framer/u_payload_ram/b15/mem_reg_0__0_
         u_framer/u_payload_ram/b15/mem_reg_1__7_
         u_framer/u_payload_ram/b15/mem_reg_1__6_
         u_framer/u_payload_ram/b15/mem_reg_1__5_
         u_framer/u_payload_ram/b15/mem_reg_1__4_
         u_framer/u_payload_ram/b15/mem_reg_1__3_
         u_framer/u_payload_ram/b15/mem_reg_1__2_
         u_framer/u_payload_ram/b15/mem_reg_1__1_
         u_framer/u_payload_ram/b15/mem_reg_1__0_
         u_framer/u_payload_ram/b15/mem_reg_2__7_
         u_framer/u_payload_ram/b15/mem_reg_2__6_
         u_framer/u_payload_ram/b15/mem_reg_2__5_
         u_framer/u_payload_ram/b15/mem_reg_2__4_
         u_framer/u_payload_ram/b15/mem_reg_2__3_
         u_framer/u_payload_ram/b15/mem_reg_2__2_
         u_framer/u_payload_ram/b15/mem_reg_2__1_
         u_framer/u_payload_ram/b15/mem_reg_2__0_
         u_framer/u_payload_ram/b15/mem_reg_3__7_
         u_framer/u_payload_ram/b15/mem_reg_3__6_
         u_framer/u_payload_ram/b15/mem_reg_3__5_
         u_framer/u_payload_ram/b15/mem_reg_3__4_
         u_framer/u_payload_ram/b15/mem_reg_3__3_
         u_framer/u_payload_ram/b15/mem_reg_3__2_
         u_framer/u_payload_ram/b15/mem_reg_3__1_
         u_framer/u_payload_ram/b15/mem_reg_3__0_
         u_framer/u_payload_ram/b15/mem_reg_4__7_
         u_framer/u_payload_ram/b15/mem_reg_4__6_
         u_framer/u_payload_ram/b15/mem_reg_4__5_
         u_framer/u_payload_ram/b15/mem_reg_4__4_
         u_framer/u_payload_ram/b15/mem_reg_4__3_
         u_framer/u_payload_ram/b15/mem_reg_4__2_
         u_framer/u_payload_ram/b15/mem_reg_4__1_
         u_framer/u_payload_ram/b15/mem_reg_4__0_
         u_framer/u_payload_ram/b15/mem_reg_5__7_
         u_framer/u_payload_ram/b15/mem_reg_5__6_
         u_framer/u_payload_ram/b15/mem_reg_5__5_
         u_framer/u_payload_ram/b15/mem_reg_5__4_
         u_framer/u_payload_ram/b15/mem_reg_5__3_
         u_framer/u_payload_ram/b15/mem_reg_5__2_
         u_framer/u_payload_ram/b15/mem_reg_5__1_
         u_framer/u_payload_ram/b15/mem_reg_5__0_
         u_framer/u_payload_ram/b15/mem_reg_6__7_
         u_framer/u_payload_ram/b15/mem_reg_6__6_
         u_framer/u_payload_ram/b15/mem_reg_6__5_
         u_framer/u_payload_ram/b15/mem_reg_6__4_
         u_framer/u_payload_ram/b15/mem_reg_6__3_
         u_framer/u_payload_ram/b15/mem_reg_6__2_
         u_framer/u_payload_ram/b15/mem_reg_6__1_
         u_framer/u_payload_ram/b15/mem_reg_6__0_
         u_framer/u_payload_ram/b15/mem_reg_7__7_
         u_framer/u_payload_ram/b15/mem_reg_7__6_
         u_framer/u_payload_ram/b15/mem_reg_7__5_
         u_framer/u_payload_ram/b15/mem_reg_7__4_
         u_framer/u_payload_ram/b15/mem_reg_7__3_
         u_framer/u_payload_ram/b15/mem_reg_7__2_
         u_framer/u_payload_ram/b15/mem_reg_7__1_
         u_framer/u_payload_ram/b15/mem_reg_7__0_
         u_modulator/CSK_GEN/Phase_integrator/OUT_reg_0_
         u_modulator/CSK_GEN/Phase_integrator/OUT_reg_9_
         u_modulator/CSK_GEN/Phase_integrator/OUT_reg_7_
         u_modulator/CSK_GEN/Phase_integrator/OUT_reg_3_
         u_modulator/CSK_GEN/Phase_integrator/OUT_reg_1_
         u_modulator/CSK_GEN/Phase_integrator/OUT_reg_8_
         u_modulator/CSK_GEN/Phase_integrator/OUT_reg_6_
         u_modulator/CSK_GEN/Phase_integrator/OUT_reg_4_
         u_modulator/CSK_GEN/Phase_integrator/OUT_reg_2_
         u_modulator/CSK_GEN/Phase_integrator/OUT_reg_11_
         u_modulator/CSK_GEN/Phase_integrator/OUT_reg_10_
         u_modulator/CSK_GEN/Phase_integrator/OUT_reg_5_
         u_modulator/CSK_GEN/complex_exp_LUT/cos_reg_0_
         u_modulator/CSK_GEN/complex_exp_LUT/cos_reg_1_
         u_modulator/CSK_GEN/complex_exp_LUT/sin_reg_0_
         u_modulator/CSK_GEN/complex_exp_LUT/cos_reg_2_
         u_modulator/CSK_GEN/complex_exp_LUT/sin_reg_1_
         u_modulator/CSK_GEN/complex_exp_LUT/cos_reg_3_
         u_modulator/CSK_GEN/complex_exp_LUT/cos_reg_4_
         u_modulator/CSK_GEN/complex_exp_LUT/sin_reg_2_
         u_modulator/CSK_GEN/complex_exp_LUT/cos_reg_5_
         u_modulator/CSK_GEN/complex_exp_LUT/sin_reg_3_
         u_modulator/CSK_GEN/complex_exp_LUT/sin_reg_4_
         u_modulator/CSK_GEN/complex_exp_LUT/sin_reg_5_
         u_modulator/CSK_GEN/Frequency_integrator/OUT_reg_0_
         u_modulator/CSK_GEN/Frequency_integrator/OUT_reg_7_
         u_modulator/CSK_GEN/Frequency_integrator/OUT_reg_4_
         u_modulator/CSK_GEN/Frequency_integrator/OUT_reg_1_
         u_modulator/CSK_GEN/Frequency_integrator/OUT_reg_9_
         u_modulator/CSK_GEN/Frequency_integrator/OUT_reg_11_
         u_modulator/CSK_GEN/Frequency_integrator/OUT_reg_2_
         u_modulator/CSK_GEN/Frequency_integrator/OUT_reg_10_
         u_modulator/CSK_GEN/Frequency_integrator/OUT_reg_8_
         u_modulator/CSK_GEN/Frequency_integrator/OUT_reg_6_
         u_modulator/CSK_GEN/Frequency_integrator/OUT_reg_5_
         u_modulator/CSK_GEN/Frequency_integrator/OUT_reg_3_

....Inferring feed-through connections....
Information: Test design rule checking completed. (TEST-123)
1
