Warning: Design 'CSS_Transmitter_Top' contains 1 high-fanout nets. A fanout number of 1000 will be used for delay calculations involving these nets. (TIM-134)

Information: Starting test design rule checking. (TEST-222)
Warning: Violations occurred during test design rule checking. (TEST-124)
Information: Test design rule checking completed. (TEST-123)
  Architecting Scan Chains

****************************************
Preview_dft report
For    : 'Insert_dft' command
Design : CSS_Transmitter_Top
Version: O-2018.06-SP1
Date   : Fri Sep 18 13:24:06 2026
****************************************

Number of chains: 1
Scan methodology: full_scan
Scan style: multiplexed_flip_flop
Clock domain: no_mix


Scan chain '1' (Scan_Data_In --> Scan_Data_Out) contains 1321 cells



************ Test Point Plan Report ************
Total number of test points  : 0
Number of Autofix test points: 0
Number of Wrapper test points: 0
Number of test modes         : 0
Number of test point enables : 0
Number of data sources       : 0
Number of data sinks         : 0
**************************************************

1
