 
****************************************
Report : qor
Design : CSS_Transmitter_Top
Version: O-2018.06-SP1
Date   : Fri Sep 18 13:24:17 2026
****************************************


  Timing Path Group 'SYS_CLK'
  -----------------------------------
  Levels of Logic:               5.00
  Critical Path Length:         30.33
  Critical Path Slack:           0.01
  Critical Path Clk Period:     31.25
  Total Negative Slack:          0.00
  No. of Violating Paths:        0.00
  Worst Hold Violation:          0.00
  Total Hold Violation:          0.00
  No. of Hold Violations:        0.00
  -----------------------------------


  Cell Count
  -----------------------------------
  Hierarchical Cell Count:         56
  Hierarchical Port Count:       1482
  Leaf Cell Count:               6606
  Buf/Inv Cell Count:            1908
  Buf Cell Count:                 517
  Inv Cell Count:                1391
  CT Buf/Inv Cell Count:            0
  Combinational Cell Count:      5285
  Sequential Cell Count:         1321
  Macro Count:                      0
  -----------------------------------


  Area
  -----------------------------------
  Combinational Area:    49150.771160
  Noncombinational Area: 41022.258858
  Buf/Inv Area:          11671.142659
  Total Buffer Area:          3935.23
  Total Inverter Area:        7735.91
  Macro/Black Box Area:      0.000000
  Net Area:               6621.723122
  -----------------------------------
  Cell Area:             90173.030018
  Design Area:           96794.753140


  Design Rules
  -----------------------------------
  Total Number of Nets:          8044
  Nets With Violations:             0
  Max Trans Violations:             0
  Max Cap Violations:               0
  -----------------------------------


  Hostname: IC_EDA

  Compile CPU Statistics
  -----------------------------------------
  Resource Sharing:                    0.19
  Logic Optimization:                  0.10
  Mapping Optimization:                0.71
  -----------------------------------------
  Overall Compile Time:                1.79
  Overall Compile Wall Clock Time:     2.04

  --------------------------------------------------------------------

  Design  WNS: 0.00  TNS: 0.00  Number of Violating Paths: 0


  Design (Hold)  WNS: 0.00  TNS: 0.00  Number of Violating Paths: 0

  --------------------------------------------------------------------


1
